
C:\Users\hedra\.gemini\antigravity\brain\6c23d2b7-4c57-4765-9a24-a56fe056dfb6\.system_generated\tasks\task-7.log:455:  
⨯ ai model execute returns response structure                                                                  0.12s  
C:\Users\hedra\.gemini\antigravity\brain\6c23d2b7-4c57-4765-9a24-a56fe056dfb6\.system_generated\tasks\task-7.log:456:  
⨯ ai model execute with fallback chain                                                                         1.45s  
C:\Users\hedra\.gemini\antigravity\brain\6c23d2b7-4c57-4765-9a24-a56fe056dfb6\.system_generated\tasks\task-7.log:457:  
⨯ ai model select by criteria                                                                                  0.13s  
C:\Users\hedra\.gemini\antigravity\brain\6c23d2b7-4c57-4765-9a24-a56fe056dfb6\.system_generated\tasks\task-7.log:458:  
⨯ ai model cost optimization                                                                                   0.10s  
C:\Users\hedra\.gemini\antigravity\brain\6c23d2b7-4c57-4765-9a24-a56fe056dfb6\.system_generated\tasks\task-7.log:459:  
⨯ ai model quality routing                                                                                     0.17s  
C:\Users\hedra\.gemini\antigravity\brain\6c23d2b7-4c57-4765-9a24-a56fe056dfb6\.system_generated\tasks\task-7.log:460:  
⨯ ai model speed routing                                                                                       0.11s  
C:\Users\hedra\.gemini\antigravity\brain\6c23d2b7-4c57-4765-9a24-a56fe056dfb6\.system_generated\tasks\task-7.log:461:  
⨯ agent execute with ai model                                                                                  0.12s  
C:\Users\hedra\.gemini\antigravity\brain\6c23d2b7-4c57-4765-9a24-a56fe056dfb6\.system_generated\tasks\task-7.log:464:  
⨯ agent update merges settings                                                                                 0.17s  
C:\Users\hedra\.gemini\antigravity\brain\6c23d2b7-4c57-4765-9a24-a56fe056dfb6\.system_generated\tasks\task-7.log:485:  
⨯ api paginates index responses                                                                                0.14s  
C:\Users\hedra\.gemini\antigravity\brain\6c23d2b7-4c57-4765-9a24-a56fe056dfb6\.system_generated\tasks\task-7.log:488:  
⨯ api searches contacts by name                                                                                0.19s  
C:\Users\hedra\.gemini\antigravity\brain\6c23d2b7-4c57-4765-9a24-a56fe056dfb6\.system_generated\tasks\task-7.log:491:  
⨯ api health endpoint returns status                                                                           0.08s  
C:\Users\hedra\.gemini\antigravity\brain\6c23d2b7-4c57-4765-9a24-a56fe056dfb6\.system_generated\tasks\task-7.log:494:  
⨯ webhook endpoint dispatches ai inference job                                                                 0.49s  
C:\Users\hedra\.gemini\antigravity\brain\6c23d2b7-4c57-4765-9a24-a56fe056dfb6\.system_generated\tasks\task-7.log:504:  
⨯ monitor reverb health command returns success when reverb is healthy                                         2.63s  
C:\Users\hedra\.gemini\antigravity\brain\6c23d2b7-4c57-4765-9a24-a56fe056dfb6\.system_generated\tasks\task-7.log:505:  
⨯ monitor reverb health command reports failure when reverb is unhealthy                                       2.18s  
C:\Users\hedra\.gemini\antigravity\brain\6c23d2b7-4c57-4765-9a24-a56fe056dfb6\.system_generated\tasks\task-7.log:510:  
⨯ settings health check is scheduled                                                                           0.10s  
C:\Users\hedra\.gemini\antigravity\brain\6c23d2b7-4c57-4765-9a24-a56fe056dfb6\.system_generated\tasks\task-7.log:513:  
⨯ contact analytics returns time series and counts                                                             0.09s  
C:\Users\hedra\.gemini\antigravity\brain\6c23d2b7-4c57-4765-9a24-a56fe056dfb6\.system_generated\tasks\task-7.log:516:  
⨯ whatsapp txt preview and commit create messages                                                              0.44s  
C:\Users\hedra\.gemini\antigravity\brain\6c23d2b7-4c57-4765-9a24-a56fe056dfb6\.system_generated\tasks\task-7.log:517:  
⨯ message routes filter search and source specific views                                                       0.13s  
C:\Users\hedra\.gemini\antigravity\brain\6c23d2b7-4c57-4765-9a24-a56fe056dfb6\.system_generated\tasks\task-7.log:518:  
⨯ facebook import and rollback                                                                                 0.13s  
C:\Users\hedra\.gemini\antigravity\brain\6c23d2b7-4c57-4765-9a24-a56fe056dfb6\.system_generated\tasks\task-7.log:519:  
⨯ contacthub supporting vnext endpoints                                                                        1.02s  
C:\Users\hedra\.gemini\antigravity\brain\6c23d2b7-4c57-4765-9a24-a56fe056dfb6\.system_generated\tasks\task-7.log:522:  
⨯ successful analysis populates evidence references and source message ids                                     0.10s  
C:\Users\hedra\.gemini\antigravity\brain\6c23d2b7-4c57-4765-9a24-a56fe056dfb6\.system_generated\tasks\task-7.log:523:  
⨯ ai failure marks run failed without writing findings                                                         0.08s  
C:\Users\hedra\.gemini\antigravity\brain\6c23d2b7-4c57-4765-9a24-a56fe056dfb6\.system_generated\tasks\task-7.log:524:  
⨯ evidence references include message details                                                                  0.08s  
C:\Users\hedra\.gemini\antigravity\brain\6c23d2b7-4c57-4765-9a24-a56fe056dfb6\.system_generated\tasks\task-7.log:525:  
⨯ all finding types have independent evidence                                                                  0.10s  
C:\Users\hedra\.gemini\antigravity\brain\6c23d2b7-4c57-4765-9a24-a56fe056dfb6\.system_generated\tasks\task-7.log:526:  
⨯ empty message body excludes from evidence                                                                    0.09s  
C:\Users\hedra\.gemini\antigravity\brain\6c23d2b7-4c57-4765-9a24-a56fe056dfb6\.system_generated\tasks\task-7.log:527:  
⨯ one finding failure does not abort entire run                                                                0.10s  
C:\Users\hedra\.gemini\antigravity\brain\6c23d2b7-4c57-4765-9a24-a56fe056dfb6\.system_generated\tasks\task-7.log:550:  
⨯ contact merge and erase and enrich workflows                                                                 0.28s  
C:\Users\hedra\.gemini\antigravity\brain\6c23d2b7-4c57-4765-9a24-a56fe056dfb6\.system_generated\tasks\task-7.log:555:  
⨯ agent controller index returns paginated results                                                             0.17s  
C:\Users\hedra\.gemini\antigravity\brain\6c23d2b7-4c57-4765-9a24-a56fe056dfb6\.system_generated\tasks\task-7.log:557:  
⨯ agent controller execute starts agent                                                                        0.10s  
C:\Users\hedra\.gemini\antigravity\brain\6c23d2b7-4c57-4765-9a24-a56fe056dfb6\.system_generated\tasks\task-7.log:559:  
⨯ workflow controller execute runs workflow                                                                    0.15s  
C:\Users\hedra\.gemini\antigravity\brain\6c23d2b7-4c57-4765-9a24-a56fe056dfb6\.system_generated\tasks\task-7.log:560:  
⨯ task controller store creates and enqueues task                                                              0.38s  
C:\Users\hedra\.gemini\antigravity\brain\6c23d2b7-4c57-4765-9a24-a56fe056dfb6\.system_generated\tasks\task-7.log:562:  
⨯ memory controller store working memory                                                                       0.17s  
C:\Users\hedra\.gemini\antigravity\brain\6c23d2b7-4c57-4765-9a24-a56fe056dfb6\.system_generated\tasks\task-7.log:564:  
⨯ setting controller store creates setting                                                                     0.16s  
C:\Users\hedra\.gemini\antigravity\brain\6c23d2b7-4c57-4765-9a24-a56fe056dfb6\.system_generated\tasks\task-7.log:565:  
⨯ log controller stats returns statistics                                                                      0.09s  
C:\Users\hedra\.gemini\antigravity\brain\6c23d2b7-4c57-4765-9a24-a56fe056dfb6\.system_generated\tasks\task-7.log:570:  
⨯ conversation messages payload contains channel thread and metadata                                           0.29s  
C:\Users\hedra\.gemini\antigravity\brain\6c23d2b7-4c57-4765-9a24-a56fe056dfb6\.system_generated\tasks\task-7.log:571:  
⨯ send message accepts channel thread and metadata                                                             0.14s  
C:\Users\hedra\.gemini\antigravity\brain\6c23d2b7-4c57-4765-9a24-a56fe056dfb6\.system_generated\tasks\task-7.log:581:  
⨯ dashboard stats endpoint returns aggregated data                                                             0.14s  
C:\Users\hedra\.gemini\antigravity\brain\6c23d2b7-4c57-4765-9a24-a56fe056dfb6\.system_generated\tasks\task-7.log:585:  
⨯ job retry endpoint requeues job                                                                              0.16s  
C:\Users\hedra\.gemini\antigravity\brain\6c23d2b7-4c57-4765-9a24-a56fe056dfb6\.system_generated\tasks\task-7.log:586:  
⨯ proactive ai suggestions actions                                                                             0.12s  
C:\Users\hedra\.gemini\antigravity\brain\6c23d2b7-4c57-4765-9a24-a56fe056dfb6\.system_generated\tasks\task-7.log:593:  
⨯ agent creation validates required fields                                                                     0.09s  
C:\Users\hedra\.gemini\antigravity\brain\6c23d2b7-4c57-4765-9a24-a56fe056dfb6\.system_generated\tasks\task-7.log:594:  
⨯ workflow creation validates required steps                                                                   0.11s  
C:\Users\hedra\.gemini\antigravity\brain\6c23d2b7-4c57-4765-9a24-a56fe056dfb6\.system_generated\tasks\task-7.log:595:  
⨯ memory creation validates type                                                                               0.08s  
C:\Users\hedra\.gemini\antigravity\brain\6c23d2b7-4c57-4765-9a24-a56fe056dfb6\.system_generated\tasks\task-7.log:596:  
⨯ agent not found returns 404                                                                                  0.08s  
C:\Users\hedra\.gemini\antigravity\brain\6c23d2b7-4c57-4765-9a24-a56fe056dfb6\.system_generated\tasks\task-7.log:597:  
⨯ workflow not found returns 404                                                                               0.08s  
C:\Users\hedra\.gemini\antigravity\brain\6c23d2b7-4c57-4765-9a24-a56fe056dfb6\.system_generated\tasks\task-7.log:598:  
⨯ contact not found returns 404                                                                                0.12s  
C:\Users\hedra\.gemini\antigravity\brain\6c23d2b7-4c57-4765-9a24-a56fe056dfb6\.system_generated\tasks\task-7.log:599:  
⨯ agent already running returns conflict                                                                       0.15s  
C:\Users\hedra\.gemini\antigravity\brain\6c23d2b7-4c57-4765-9a24-a56fe056dfb6\.system_generated\tasks\task-7.log:600:  
⨯ workflow already running returns conflict                                                                    0.10s  
C:\Users\hedra\.gemini\antigravity\brain\6c23d2b7-4c57-4765-9a24-a56fe056dfb6\.system_generated\tasks\task-7.log:601:  
⨯ invalid json returns 400                                                                                     0.08s  
C:\Users\hedra\.gemini\antigravity\brain\6c23d2b7-4c57-4765-9a24-a56fe056dfb6\.system_generated\tasks\task-7.log:602:  
⨯ memory service unavailable returns error                                                                     0.08s  
C:\Users\hedra\.gemini\antigravity\brain\6c23d2b7-4c57-4765-9a24-a56fe056dfb6\.system_generated\tasks\task-7.log:603:  
⨯ error responses have consistent format                                                                       0.10s  
C:\Users\hedra\.gemini\antigravity\brain\6c23d2b7-4c57-4765-9a24-a56fe056dfb6\.system_generated\tasks\task-7.log:607:  
⨯ contact created event is dispatched                                                                          0.14s  
C:\Users\hedra\.gemini\antigravity\brain\6c23d2b7-4c57-4765-9a24-a56fe056dfb6\.system_generated\tasks\task-7.log:608:  
⨯ message received event is dispatched                                                                         0.09s  
C:\Users\hedra\.gemini\antigravity\brain\6c23d2b7-4c57-4765-9a24-a56fe056dfb6\.system_generated\tasks\task-7.log:609:  
⨯ memory indexed event is dispatched after episodic memory store                                               0.13s  
C:\Users\hedra\.gemini\antigravity\brain\6c23d2b7-4c57-4765-9a24-a56fe056dfb6\.system_generated\tasks\task-7.log:610:  
⨯ workflow started event is dispatched                                                                         0.09s  
C:\Users\hedra\.gemini\antigravity\brain\6c23d2b7-4c57-4765-9a24-a56fe056dfb6\.system_generated\tasks\task-7.log:611:  
⨯ workflow completed event is dispatched                                                                       0.09s  
C:\Users\hedra\.gemini\antigravity\brain\6c23d2b7-4c57-4765-9a24-a56fe056dfb6\.system_generated\tasks\task-7.log:612:  
⨯ agent executed event is dispatched                                                                           0.11s  
C:\Users\hedra\.gemini\antigravity\brain\6c23d2b7-4c57-4765-9a24-a56fe056dfb6\.system_generated\tasks\task-7.log:615:  
⨯ the application returns a successful response                                                                2.22s  
C:\Users\hedra\.gemini\antigravity\brain\6c23d2b7-4c57-4765-9a24-a56fe056dfb6\.system_generated\tasks\task-7.log:618:  
⨯ it can get current session                                                                                   0.09s  
C:\Users\hedra\.gemini\antigravity\brain\6c23d2b7-4c57-4765-9a24-a56fe056dfb6\.system_generated\tasks\task-7.log:619:  
⨯ it can post a message                                                                                        0.09s  
C:\Users\hedra\.gemini\antigravity\brain\6c23d2b7-4c57-4765-9a24-a56fe056dfb6\.system_generated\tasks\task-7.log:622:  
⨯ post approve sets approved status and metadata                                                               0.13s  
C:\Users\hedra\.gemini\antigravity\brain\6c23d2b7-4c57-4765-9a24-a56fe056dfb6\.system_generated\tasks\task-7.log:623:  
⨯ execute souly command job is dispatched on approve                                                           0.08s  
C:\Users\hedra\.gemini\antigravity\brain\6c23d2b7-4c57-4765-9a24-a56fe056dfb6\.system_generated\tasks\task-7.log:624:  
⨯ post reject sets rejected status no job dispatch                                                             0.08s  
C:\Users\hedra\.gemini\antigravity\brain\6c23d2b7-4c57-4765-9a24-a56fe056dfb6\.system_generated\tasks\task-7.log:625:  
⨯ post defer sets deferred status                                                                              0.07s  
C:\Users\hedra\.gemini\antigravity\brain\6c23d2b7-4c57-4765-9a24-a56fe056dfb6\.system_generated\tasks\task-7.log:626:  
⨯ dispatch approval reminder job is scheduled on defer                                                         0.08s  
C:\Users\hedra\.gemini\antigravity\brain\6c23d2b7-4c57-4765-9a24-a56fe056dfb6\.system_generated\tasks\task-7.log:627:  
⨯ get approvals returns list with status filter                                                                0.08s  
C:\Users\hedra\.gemini\antigravity\brain\6c23d2b7-4c57-4765-9a24-a56fe056dfb6\.system_generated\tasks\task-7.log:628:  
⨯ get approvals returns full list                                                                              0.11s  
C:\Users\hedra\.gemini\antigravity\brain\6c23d2b7-4c57-4765-9a24-a56fe056dfb6\.system_generated\tasks\task-7.log:629:  
⨯ get approval detail returns full data                                                                        0.08s  
C:\Users\hedra\.gemini\antigravity\brain\6c23d2b7-4c57-4765-9a24-a56fe056dfb6\.system_generated\tasks\task-7.log:630:  
⨯ post approve returns 401 without auth                                                                        0.09s  
C:\Users\hedra\.gemini\antigravity\brain\6c23d2b7-4c57-4765-9a24-a56fe056dfb6\.system_generated\tasks\task-7.log:631:  
⨯ post reject returns 401 without auth                                                                         0.08s  
C:\Users\hedra\.gemini\antigravity\brain\6c23d2b7-4c57-4765-9a24-a56fe056dfb6\.system_generated\tasks\task-7.log:632:  
⨯ post defer returns 401 without auth                                                                          0.09s  
C:\Users\hedra\.gemini\antigravity\brain\6c23d2b7-4c57-4765-9a24-a56fe056dfb6\.system_generated\tasks\task-7.log:633:  
⨯ get approvals returns 401 without auth                                                                       0.15s  
C:\Users\hedra\.gemini\antigravity\brain\6c23d2b7-4c57-4765-9a24-a56fe056dfb6\.system_generated\tasks\task-7.log:634:  
⨯ get approval detail returns 401 without auth                                                                 0.10s  
C:\Users\hedra\.gemini\antigravity\brain\6c23d2b7-4c57-4765-9a24-a56fe056dfb6\.system_generated\tasks\task-7.log:637:  
⨯ post instructions creates draft and returns 201                                                              0.12s  
C:\Users\hedra\.gemini\antigravity\brain\6c23d2b7-4c57-4765-9a24-a56fe056dfb6\.system_generated\tasks\task-7.log:638:  
⨯ post activate sets active and archives previous                                                              0.09s  
C:\Users\hedra\.gemini\antigravity\brain\6c23d2b7-4c57-4765-9a24-a56fe056dfb6\.system_generated\tasks\task-7.log:639:  
⨯ post activate returns 202 when autonomy expands                                                              0.12s  
C:\Users\hedra\.gemini\antigravity\brain\6c23d2b7-4c57-4765-9a24-a56fe056dfb6\.system_generated\tasks\task-7.log:640:  
⨯ post rollback restores prior version                                                                         0.08s  
C:\Users\hedra\.gemini\antigravity\brain\6c23d2b7-4c57-4765-9a24-a56fe056dfb6\.system_generated\tasks\task-7.log:641:  
⨯ post test returns response no side effects                                                                   0.08s  
C:\Users\hedra\.gemini\antigravity\brain\6c23d2b7-4c57-4765-9a24-a56fe056dfb6\.system_generated\tasks\task-7.log:642:  
⨯ get instructions returns list                                                                                0.08s  
C:\Users\hedra\.gemini\antigravity\brain\6c23d2b7-4c57-4765-9a24-a56fe056dfb6\.system_generated\tasks\task-7.log:643:  
⨯ get instruction by id returns version and diff                                                               0.07s  
C:\Users\hedra\.gemini\antigravity\brain\6c23d2b7-4c57-4765-9a24-a56fe056dfb6\.system_generated\tasks\task-7.log:644:  
⨯ patch instruction updates draft                                                                              0.08s  
C:\Users\hedra\.gemini\antigravity\brain\6c23d2b7-4c57-4765-9a24-a56fe056dfb6\.system_generated\tasks\task-7.log:645:  
⨯ patch instruction cannot update active version                                                               0.11s  
C:\Users\hedra\.gemini\antigravity\brain\6c23d2b7-4c57-4765-9a24-a56fe056dfb6\.system_generated\tasks\task-7.log:646:  
⨯ instructions endpoints return 401 without auth                                                               0.08s  
C:\Users\hedra\.gemini\antigravity\brain\6c23d2b7-4c57-4765-9a24-a56fe056dfb6\.system_generated\tasks\task-7.log:649:  
⨯ post memory approve sets approved status                                                                     0.10s  
C:\Users\hedra\.gemini\antigravity\brain\6c23d2b7-4c57-4765-9a24-a56fe056dfb6\.system_generated\tasks\task-7.log:650:  
⨯ post memory approve creates profile fact                                                                     0.08s  
C:\Users\hedra\.gemini\antigravity\brain\6c23d2b7-4c57-4765-9a24-a56fe056dfb6\.system_generated\tasks\task-7.log:651:  
⨯ post memory reject sets rejected status                                                                      0.08s  
C:\Users\hedra\.gemini\antigravity\brain\6c23d2b7-4c57-4765-9a24-a56fe056dfb6\.system_generated\tasks\task-7.log:652:  
⨯ post memory reject creates no fact                                                                           0.11s  
C:\Users\hedra\.gemini\antigravity\brain\6c23d2b7-4c57-4765-9a24-a56fe056dfb6\.system_generated\tasks\task-7.log:653:  
⨯ get memories returns facts and suggestions                                                                   0.09s  
C:\Users\hedra\.gemini\antigravity\brain\6c23d2b7-4c57-4765-9a24-a56fe056dfb6\.system_generated\tasks\task-7.log:654:  
⨯ get memories supports status filter                                                                          0.07s  
C:\Users\hedra\.gemini\antigravity\brain\6c23d2b7-4c57-4765-9a24-a56fe056dfb6\.system_generated\tasks\task-7.log:655:  
⨯ get memories supports type filter                                                                            0.08s  
C:\Users\hedra\.gemini\antigravity\brain\6c23d2b7-4c57-4765-9a24-a56fe056dfb6\.system_generated\tasks\task-7.log:656:  
⨯ post memory creates fact directly and returns 201                                                            0.09s  
C:\Users\hedra\.gemini\antigravity\brain\6c23d2b7-4c57-4765-9a24-a56fe056dfb6\.system_generated\tasks\task-7.log:657:  
⨯ patch memory updates fact                                                                                    0.11s  
C:\Users\hedra\.gemini\antigravity\brain\6c23d2b7-4c57-4765-9a24-a56fe056dfb6\.system_generated\tasks\task-7.log:658:  
⨯ post memory maintenance rebuild embeddings                                                                   0.14s  
C:\Users\hedra\.gemini\antigravity\brain\6c23d2b7-4c57-4765-9a24-a56fe056dfb6\.system_generated\tasks\task-7.log:659:  
⨯ post memory maintenance prune stale                                                                          0.09s  
C:\Users\hedra\.gemini\antigravity\brain\6c23d2b7-4c57-4765-9a24-a56fe056dfb6\.system_generated\tasks\task-7.log:660:  
⨯ post memory approve returns 401 without auth                                                                 0.10s  
C:\Users\hedra\.gemini\antigravity\brain\6c23d2b7-4c57-4765-9a24-a56fe056dfb6\.system_generated\tasks\task-7.log:661:  
⨯ post memory reject returns 401 without auth                                                                  0.08s  
C:\Users\hedra\.gemini\antigravity\brain\6c23d2b7-4c57-4765-9a24-a56fe056dfb6\.system_generated\tasks\task-7.log:662:  
⨯ get memories returns 401 without auth                                                                        0.09s  
C:\Users\hedra\.gemini\antigravity\brain\6c23d2b7-4c57-4765-9a24-a56fe056dfb6\.system_generated\tasks\task-7.log:663:  
⨯ post memory returns 401 without auth                                                                         0.10s  
C:\Users\hedra\.gemini\antigravity\brain\6c23d2b7-4c57-4765-9a24-a56fe056dfb6\.system_generated\tasks\task-7.log:664:  
⨯ patch memory returns 401 without auth                                                                        0.13s  
C:\Users\hedra\.gemini\antigravity\brain\6c23d2b7-4c57-4765-9a24-a56fe056dfb6\.system_generated\tasks\task-7.log:665:  
⨯ post memory maintenance returns 401 without auth                                                             0.11s  
C:\Users\hedra\.gemini\antigravity\brain\6c23d2b7-4c57-4765-9a24-a56fe056dfb6\.system_generated\tasks\task-7.log:668:  
⨯ post message saves record and returns 202
C:\Users\hedra\.gemini\antigravity\brain\6c23d2b7-4c57-4765-9a24-a56fe056dfb6\.system_generated\tasks\task-7.log:669:  
⨯ process hedrasoul message job is dispatched
C:\Users\hedra\.gemini\antigravity\brain\6c23d2b7-4c57-4765-9a24-a56fe056dfb6\.system_generated\tasks\task-7.log:670:  
⨯ get session messages returns paginated messages
C:\Users\hedra\.gemini\antigravity\brain\6c23d2b7-4c57-4765-9a24-a56fe056dfb6\.system_generated\tasks\task-7.log:671:  
⨯ get message trace returns trace or 404
C:\Users\hedra\.gemini\antigravity\brain\6c23d2b7-4c57-4765-9a24-a56fe056dfb6\.system_generated\tasks\task-7.log:672:  
⨯ get message trace returns 404 when trace not found
C:\Users\hedra\.gemini\antigravity\brain\6c23d2b7-4c57-4765-9a24-a56fe056dfb6\.system_generated\tasks\task-7.log:673:  
⨯ get message context returns context snapshot or 404
C:\Users\hedra\.gemini\antigravity\brain\6c23d2b7-4c57-4765-9a24-a56fe056dfb6\.system_generated\tasks\task-7.log:674:  
⨯ get message context returns 404 when context not found
C:\Users\hedra\.gemini\antigravity\brain\6c23d2b7-4c57-4765-9a24-a56fe056dfb6\.system_generated\tasks\task-7.log:675:  
⨯ post message returns 401 without auth
C:\Users\hedra\.gemini\antigravity\brain\6c23d2b7-4c57-4765-9a24-a56fe056dfb6\.system_generated\tasks\task-7.log:676:  
⨯ get session messages returns 401 without auth
C:\Users\hedra\.gemini\antigravity\brain\6c23d2b7-4c57-4765-9a24-a56fe056dfb6\.system_generated\tasks\task-7.log:677:  
⨯ get message trace returns 401 without auth
C:\Users\hedra\.gemini\antigravity\brain\6c23d2b7-4c57-4765-9a24-a56fe056dfb6\.system_generated\tasks\task-7.log:678:  
⨯ get message context returns 401 without auth
C:\Users\hedra\.gemini\antigravity\brain\6c23d2b7-4c57-4765-9a24-a56fe056dfb6\.system_generated\tasks\task-7.log:681:  
⨯ post hedrasoul sessions creates session and returns 201                                                      0.11s  
C:\Users\hedra\.gemini\antigravity\brain\6c23d2b7-4c57-4765-9a24-a56fe056dfb6\.system_generated\tasks\task-7.log:682:  
⨯ get hedrasoul sessions returns paginated list for user                                                       0.10s  
C:\Users\hedra\.gemini\antigravity\brain\6c23d2b7-4c57-4765-9a24-a56fe056dfb6\.system_generated\tasks\task-7.log:683:  
⨯ get hedrasoul session by id returns data or 404                                                              0.08s  
C:\Users\hedra\.gemini\antigravity\brain\6c23d2b7-4c57-4765-9a24-a56fe056dfb6\.system_generated\tasks\task-7.log:685:  
⨯ patch hedrasoul session updates title and returns 200                                                        0.07s  
C:\Users\hedra\.gemini\antigravity\brain\6c23d2b7-4c57-4765-9a24-a56fe056dfb6\.system_generated\tasks\task-7.log:686:  
⨯ post hedrasoul session archive sets status archived and returns 200                                          0.07s  
C:\Users\hedra\.gemini\antigravity\brain\6c23d2b7-4c57-4765-9a24-a56fe056dfb6\.system_generated\tasks\task-7.log:687:  
⨯ get hedrasoul sessions returns 401 without auth                                                              0.10s  
C:\Users\hedra\.gemini\antigravity\brain\6c23d2b7-4c57-4765-9a24-a56fe056dfb6\.system_generated\tasks\task-7.log:688:  
⨯ post hedrasoul sessions returns 401 without auth                                                             0.08s  
C:\Users\hedra\.gemini\antigravity\brain\6c23d2b7-4c57-4765-9a24-a56fe056dfb6\.system_generated\tasks\task-7.log:689:  
⨯ get hedrasoul session by id returns 401 without auth                                                         0.07s  
C:\Users\hedra\.gemini\antigravity\brain\6c23d2b7-4c57-4765-9a24-a56fe056dfb6\.system_generated\tasks\task-7.log:690:  
⨯ patch hedrasoul session returns 401 without auth                                                             0.07s  
C:\Users\hedra\.gemini\antigravity\brain\6c23d2b7-4c57-4765-9a24-a56fe056dfb6\.system_generated\tasks\task-7.log:691:  
⨯ post hedrasoul session archive returns 401 without auth                                                      0.10s  
C:\Users\hedra\.gemini\antigravity\brain\6c23d2b7-4c57-4765-9a24-a56fe056dfb6\.system_generated\tasks\task-7.log:694:  
⨯ post quarantine sets quarantine true returns 200                                                             0.09s  
C:\Users\hedra\.gemini\antigravity\brain\6c23d2b7-4c57-4765-9a24-a56fe056dfb6\.system_generated\tasks\task-7.log:695:  
⨯ post resume sets quarantine false returns 200                                                                0.07s  
C:\Users\hedra\.gemini\antigravity\brain\6c23d2b7-4c57-4765-9a24-a56fe056dfb6\.system_generated\tasks\task-7.log:696:  
⨯ patch autonomy updates mode                                                                                  0.07s  
C:\Users\hedra\.gemini\antigravity\brain\6c23d2b7-4c57-4765-9a24-a56fe056dfb6\.system_generated\tasks\task-7.log:697:  
⨯ patch autonomy broadcasts event                                                                              0.08s  
C:\Users\hedra\.gemini\antigravity\brain\6c23d2b7-4c57-4765-9a24-a56fe056dfb6\.system_generated\tasks\task-7.log:698:  
⨯ patch model with valid id updates and returns 200                                                            0.09s  
C:\Users\hedra\.gemini\antigravity\brain\6c23d2b7-4c57-4765-9a24-a56fe056dfb6\.system_generated\tasks\task-7.log:699:  
⨯ patch model with invalid id returns 422                                                                      0.06s  
C:\Users\hedra\.gemini\antigravity\brain\6c23d2b7-4c57-4765-9a24-a56fe056dfb6\.system_generated\tasks\task-7.log:700:  
⨯ get status returns runtime profile 200                                                                       0.06s  
C:\Users\hedra\.gemini\antigravity\brain\6c23d2b7-4c57-4765-9a24-a56fe056dfb6\.system_generated\tasks\task-7.log:701:  
⨯ post simulate returns result without side effects                                                            0.06s  
C:\Users\hedra\.gemini\antigravity\brain\6c23d2b7-4c57-4765-9a24-a56fe056dfb6\.system_generated\tasks\task-7.log:702:  
⨯ post quarantine returns 401 without auth                                                                     0.07s  
C:\Users\hedra\.gemini\antigravity\brain\6c23d2b7-4c57-4765-9a24-a56fe056dfb6\.system_generated\tasks\task-7.log:703:  
⨯ post resume returns 401 without auth                                                                         0.10s  
C:\Users\hedra\.gemini\antigravity\brain\6c23d2b7-4c57-4765-9a24-a56fe056dfb6\.system_generated\tasks\task-7.log:704:  
⨯ patch autonomy returns 401 without auth                                                                      0.07s  
C:\Users\hedra\.gemini\antigravity\brain\6c23d2b7-4c57-4765-9a24-a56fe056dfb6\.system_generated\tasks\task-7.log:705:  
⨯ patch model returns 401 without auth                                                                         0.11s  
C:\Users\hedra\.gemini\antigravity\brain\6c23d2b7-4c57-4765-9a24-a56fe056dfb6\.system_generated\tasks\task-7.log:706:  
⨯ get status returns 401 without auth                                                                          0.08s  
C:\Users\hedra\.gemini\antigravity\brain\6c23d2b7-4c57-4765-9a24-a56fe056dfb6\.system_generated\tasks\task-7.log:707:  
⨯ post simulate returns 401 without auth                                                                       0.07s  
C:\Users\hedra\.gemini\antigravity\brain\6c23d2b7-4c57-4765-9a24-a56fe056dfb6\.system_generated\tasks\task-7.log:708:  
⨯ patch autonomy with invalid mode returns 422                                                                 0.07s  
C:\Users\hedra\.gemini\antigravity\brain\6c23d2b7-4c57-4765-9a24-a56fe056dfb6\.system_generated\tasks\task-7.log:709:  
⨯ patch autonomy accepts all valid modes                                                                       0.07s  
C:\Users\hedra\.gemini\antigravity\brain\6c23d2b7-4c57-4765-9a24-a56fe056dfb6\.system_generated\tasks\task-7.log:727:  
⨯ status reflects execution count                                                                              0.12s  
C:\Users\hedra\.gemini\antigravity\brain\6c23d2b7-4c57-4765-9a24-a56fe056dfb6\.system_generated\tasks\task-7.log:728:  
⨯ quarantine sets agent status                                                                                 0.21s  
C:\Users\hedra\.gemini\antigravity\brain\6c23d2b7-4c57-4765-9a24-a56fe056dfb6\.system_generated\tasks\task-7.log:730:  
⨯ unquarantine restores agent to active                                                                        0.08s  
C:\Users\hedra\.gemini\antigravity\brain\6c23d2b7-4c57-4765-9a24-a56fe056dfb6\.system_generated\tasks\task-7.log:731:  
⨯ simulate returns thought process                                                                             0.08s  
C:\Users\hedra\.gemini\antigravity\brain\6c23d2b7-4c57-4765-9a24-a56fe056dfb6\.system_generated\tasks\task-7.log:732:  
⨯ simulate logs runtime trace                                                                                  0.08s  
C:\Users\hedra\.gemini\antigravity\brain\6c23d2b7-4c57-4765-9a24-a56fe056dfb6\.system_generated\tasks\task-7.log:735:  
⨯ run dispatches async and returns trace id                                                                    0.14s  
C:\Users\hedra\.gemini\antigravity\brain\6c23d2b7-4c57-4765-9a24-a56fe056dfb6\.system_generated\tasks\task-7.log:737:  
⨯ logs returns paginated runtime logs                                                                          0.10s  
C:\Users\hedra\.gemini\antigravity\brain\6c23d2b7-4c57-4765-9a24-a56fe056dfb6\.system_generated\tasks\task-7.log:744:  
⨯ validate credential endpoint validates single setting                                                        0.23s  
C:\Users\hedra\.gemini\antigravity\brain\6c23d2b7-4c57-4765-9a24-a56fe056dfb6\.system_generated\tasks\task-7.log:745:  
⨯ validate all credentials endpoint                                                                            0.13s  
C:\Users\hedra\.gemini\antigravity\brain\6c23d2b7-4c57-4765-9a24-a56fe056dfb6\.system_generated\tasks\task-7.log:746:  
⨯ health status endpoint                                                                                       0.10s  
C:\Users\hedra\.gemini\antigravity\brain\6c23d2b7-4c57-4765-9a24-a56fe056dfb6\.system_generated\tasks\task-7.log:747:  
⨯ validate credential with inline data                                                                         0.15s  
C:\Users\hedra\.gemini\antigravity\brain\6c23d2b7-4c57-4765-9a24-a56fe056dfb6\.system_generated\tasks\task-7.log:749:  
⨯ health check includes reverb status                                                                          0.09s  
C:\Users\hedra\.gemini\antigravity\brain\6c23d2b7-4c57-4765-9a24-a56fe056dfb6\.system_generated\tasks\task-7.log:750:  
⨯ health check includes credential summary                                                                     0.11s  
C:\Users\hedra\.gemini\antigravity\brain\6c23d2b7-4c57-4765-9a24-a56fe056dfb6\.system_generated\tasks\task-7.log:753:  
⨯ dashboard overview returns statistics
C:\Users\hedra\.gemini\antigravity\brain\6c23d2b7-4c57-4765-9a24-a56fe056dfb6\.system_generated\tasks\task-7.log:754:  
⨯ dashboard overview requires authorization
C:\Users\hedra\.gemini\antigravity\brain\6c23d2b7-4c57-4765-9a24-a56fe056dfb6\.system_generated\tasks\task-7.log:755:  
⨯ audit trail returns logs
C:\Users\hedra\.gemini\antigravity\brain\6c23d2b7-4c57-4765-9a24-a56fe056dfb6\.system_generated\tasks\task-7.log:756:  
⨯ audit trail filters by type
C:\Users\hedra\.gemini\antigravity\brain\6c23d2b7-4c57-4765-9a24-a56fe056dfb6\.system_generated\tasks\task-7.log:757:  
⨯ compliance status checks critical settings
C:\Users\hedra\.gemini\antigravity\brain\6c23d2b7-4c57-4765-9a24-a56fe056dfb6\.system_generated\tasks\task-7.log:758:  
⨯ multi tenancy status shows distribution
C:\Users\hedra\.gemini\antigravity\brain\6c23d2b7-4c57-4765-9a24-a56fe056dfb6\.system_generated\tasks\task-7.log:759:  
⨯ performance metrics returns stats
C:\Users\hedra\.gemini\antigravity\brain\6c23d2b7-4c57-4765-9a24-a56fe056dfb6\.system_generated\tasks\task-7.log:760:  
⨯ export settings as json
C:\Users\hedra\.gemini\antigravity\brain\6c23d2b7-4c57-4765-9a24-a56fe056dfb6\.system_generated\tasks\task-7.log:761:  
⨯ export settings as csv
C:\Users\hedra\.gemini\antigravity\brain\6c23d2b7-4c57-4765-9a24-a56fe056dfb6\.system_generated\tasks\task-7.log:762:  
⨯ export settings by scope
C:\Users\hedra\.gemini\antigravity\brain\6c23d2b7-4c57-4765-9a24-a56fe056dfb6\.system_generated\tasks\task-7.log:763:  
⨯ export settings masks encrypted by default
C:\Users\hedra\.gemini\antigravity\brain\6c23d2b7-4c57-4765-9a24-a56fe056dfb6\.system_generated\tasks\task-7.log:764:  
⨯ export settings includes encrypted when requested
C:\Users\hedra\.gemini\antigravity\brain\6c23d2b7-4c57-4765-9a24-a56fe056dfb6\.system_generated\tasks\task-7.log:765:  
⨯ all admin routes require authorization
C:\Users\hedra\.gemini\antigravity\brain\6c23d2b7-4c57-4765-9a24-a56fe056dfb6\.system_generated\tasks\task-7.log:768:  
⨯ waha webhook receives and stores message                                                                     0.11s  
C:\Users\hedra\.gemini\antigravity\brain\6c23d2b7-4c57-4765-9a24-a56fe056dfb6\.system_generated\tasks\task-7.log:769:  
⨯ waha webhook creates contact if not exists                                                                   0.08s  
C:\Users\hedra\.gemini\antigravity\brain\6c23d2b7-4c57-4765-9a24-a56fe056dfb6\.system_generated\tasks\task-7.log:770:  
⨯ semantic memory stores embeddings                                                                            0.09s  
C:\Users\hedra\.gemini\antigravity\brain\6c23d2b7-4c57-4765-9a24-a56fe056dfb6\.system_generated\tasks\task-7.log:771:  
⨯ ai model execute with openai provider                                                                        0.12s  
C:\Users\hedra\.gemini\antigravity\brain\6c23d2b7-4c57-4765-9a24-a56fe056dfb6\.system_generated\tasks\task-7.log:772:  
⨯ ai model execute with gemini provider                                                                        0.07s  
C:\Users\hedra\.gemini\antigravity\brain\6c23d2b7-4c57-4765-9a24-a56fe056dfb6\.system_generated\tasks\task-7.log:773:  
⨯ full conversation flow from webhook to response                                                              0.09s  
C:\Users\hedra\.gemini\antigravity\brain\6c23d2b7-4c57-4765-9a24-a56fe056dfb6\.system_generated\tasks\task-7.log:774:  
⨯ memory sync job syncs to external stores                                                                     0.09s  
C:\Users\hedra\.gemini\antigravity\brain\6c23d2b7-4c57-4765-9a24-a56fe056dfb6\.system_generated\tasks\task-7.log:788:  
⨯ clear removes old logs                                                                                       0.09s  
C:\Users\hedra\.gemini\antigravity\brain\6c23d2b7-4c57-4765-9a24-a56fe056dfb6\.system_generated\tasks\task-7.log:793:  
⨯ structured memories has confidence column with default 080                                                   0.14s  
C:\Users\hedra\.gemini\antigravity\brain\6c23d2b7-4c57-4765-9a24-a56fe056dfb6\.system_generated\tasks\task-7.log:794:  
⨯ contact memory versions table exists with all required columns                                               0.10s  
C:\Users\hedra\.gemini\antigravity\brain\6c23d2b7-4c57-4765-9a24-a56fe056dfb6\.system_generated\tasks\task-7.log:795:  
⨯ memories table has extraction fields                                                                         0.08s  
C:\Users\hedra\.gemini\antigravity\brain\6c23d2b7-4c57-4765-9a24-a56fe056dfb6\.system_generated\tasks\task-7.log:796:  
⨯ structured memories has required indexes                                                                     0.09s  
C:\Users\hedra\.gemini\antigravity\brain\6c23d2b7-4c57-4765-9a24-a56fe056dfb6\.system_generated\tasks\task-7.log:797:  
⨯ contact memory versions has required indexes                                                                 0.12s  
C:\Users\hedra\.gemini\antigravity\brain\6c23d2b7-4c57-4765-9a24-a56fe056dfb6\.system_generated\tasks\task-7.log:798:  
⨯ memories table has extraction indexes                                                                        0.08s  
C:\Users\hedra\.gemini\antigravity\brain\6c23d2b7-4c57-4765-9a24-a56fe056dfb6\.system_generated\tasks\task-7.log:799:  
⨯ all memory migrations applied successfully                                                                   0.07s  
C:\Users\hedra\.gemini\antigravity\brain\6c23d2b7-4c57-4765-9a24-a56fe056dfb6\.system_generated\tasks\task-7.log:802:  
⨯ monitoring health endpoint reports healthy when checks pass                                                  2.17s  
C:\Users\hedra\.gemini\antigravity\brain\6c23d2b7-4c57-4765-9a24-a56fe056dfb6\.system_generated\tasks\task-7.log:815:  
⨯ idempotency property for deduplication                                                                       0.10s  
C:\Users\hedra\.gemini\antigravity\brain\6c23d2b7-4c57-4765-9a24-a56fe056dfb6\.system_generated\tasks\task-7.log:819:  
⨯ safety blocks on rate limit                                                                                  0.13s  
C:\Users\hedra\.gemini\antigravity\brain\6c23d2b7-4c57-4765-9a24-a56fe056dfb6\.system_generated\tasks\task-7.log:831:  
⨯ agent index response time under 200ms                                                                        0.13s  
C:\Users\hedra\.gemini\antigravity\brain\6c23d2b7-4c57-4765-9a24-a56fe056dfb6\.system_generated\tasks\task-7.log:832:  
⨯ contact index response time under 200ms                                                                      0.12s  
C:\Users\hedra\.gemini\antigravity\brain\6c23d2b7-4c57-4765-9a24-a56fe056dfb6\.system_generated\tasks\task-7.log:833:  
⨯ workflow index response time under 200ms                                                                     0.12s  
C:\Users\hedra\.gemini\antigravity\brain\6c23d2b7-4c57-4765-9a24-a56fe056dfb6\.system_generated\tasks\task-7.log:834:  
⨯ database queries use eager loading                                                                           0.14s  
C:\Users\hedra\.gemini\antigravity\brain\6c23d2b7-4c57-4765-9a24-a56fe056dfb6\.system_generated\tasks\task-7.log:835:  
⨯ pagination limits results per page                                                                           0.16s  
C:\Users\hedra\.gemini\antigravity\brain\6c23d2b7-4c57-4765-9a24-a56fe056dfb6\.system_generated\tasks\task-7.log:839:  
⨯ sync memory job is dispatched on memory create                                                               0.14s  
C:\Users\hedra\.gemini\antigravity\brain\6c23d2b7-4c57-4765-9a24-a56fe056dfb6\.system_generated\tasks\task-7.log:840:  
⨯ sync memory job handles failure gracefully                                                                   0.09s  
C:\Users\hedra\.gemini\antigravity\brain\6c23d2b7-4c57-4765-9a24-a56fe056dfb6\.system_generated\tasks\task-7.log:842:  
⨯ job can be pushed to queue                                                                                   0.09s  
C:\Users\hedra\.gemini\antigravity\brain\6c23d2b7-4c57-4765-9a24-a56fe056dfb6\.system_generated\tasks\task-7.log:845:  
⨯ reverb monitoring command is scheduled                                                                       0.11s  
C:\Users\hedra\.gemini\antigravity\brain\6c23d2b7-4c57-4765-9a24-a56fe056dfb6\.system_generated\tasks\task-7.log:858:  
⨯ workflow execution flow                                                                                      0.12s  
C:\Users\hedra\.gemini\antigravity\brain\6c23d2b7-4c57-4765-9a24-a56fe056dfb6\.system_generated\tasks\task-7.log:860:  
⨯ memory management flow                                                                                       0.15s  
C:\Users\hedra\.gemini\antigravity\brain\6c23d2b7-4c57-4765-9a24-a56fe056dfb6\.system_generated\tasks\task-7.log:861:  
⨯ settings management flow                                                                                     0.14s  


