PHPUnit 11.5.55 by Sebastian Bergmann and contributors.

Runtime:       PHP 8.4.22
Configuration: C:\Users\hedra\Desktop\Sourcecode\NexusV2\Nexus-backend\phpunit.xml

...............................................................  63 / 619 ( 10%)
.....................................R......................... 126 / 619 ( 20%)
............................................................... 189 / 619 ( 30%)
............................................................... 252 / 619 ( 40%)
......................................................EFFFFFFF. 315 / 619 ( 50%)
.............F..E..FF.....FF..EEFFFFEEEEEE................F..F. 378 / 619 ( 61%)
F.FF.F.FF..FF.....E...EE..FFFFFFFFFFFRFFFFFFFEEEEEEEEEEEEEFEFEE 441 / 619 ( 71%)
EEEEEEEEEEEEEEFEFFEEFFEFEEEEEEEEEEEFEE.EEFFEEEEEEEEEEEFFFFFFEE. 504 / 619 ( 81%)
..............FF.FFF..F.E....FFFF.FFEEEEEEEEEEEEEFFFEEFE....... 567 / 619 ( 91%)
....F..FFFFFFFF......E.F.......FFFFF.FE.EE......F.FF            619 / 619 (100%)

Time: 00:52.642, Memory: 104.00 MB

There were 96 errors:

1) Tests\Feature\AIInteractionTest::test_ai_model_execute_returns_response_structure
Illuminate\Database\QueryException: SQLSTATE[HY000]: General error: 1 table ai_models has no column named provider (Connection: sqlite, Database: :memory:, SQL: insert into "ai_models" ("name", "provider_id", "context_window", "input_cost_per_m", "output_cost_per_m", "last_synced_at", "provider", "model", "api_key", "id", "updated_at", "created_at") values (deserunt Model, ?, ?, ?, 0.082036, ?, openai, gpt-4, test-key, 6384c9de-ed0c-4897-9087-029881d5e798, 2026-06-24 04:28:27, 2026-06-24 04:28:27))

C:\Users\hedra\Desktop\Sourcecode\NexusV2\Nexus-backend\vendor\laravel\framework\src\Illuminate\Database\Connection.php:857
C:\Users\hedra\Desktop\Sourcecode\NexusV2\Nexus-backend\vendor\laravel\framework\src\Illuminate\Database\Connection.php:813
C:\Users\hedra\Desktop\Sourcecode\NexusV2\Nexus-backend\vendor\laravel\framework\src\Illuminate\Database\Connection.php:590
C:\Users\hedra\Desktop\Sourcecode\NexusV2\Nexus-backend\vendor\laravel\framework\src\Illuminate\Database\Connection.php:554
C:\Users\hedra\Desktop\Sourcecode\NexusV2\Nexus-backend\vendor\laravel\framework\src\Illuminate\Database\Query\Builder.php:4164
C:\Users\hedra\Desktop\Sourcecode\NexusV2\Nexus-backend\vendor\laravel\framework\src\Illuminate\Database\Eloquent\Builder.php:2271
C:\Users\hedra\Desktop\Sourcecode\NexusV2\Nexus-backend\vendor\laravel\framework\src\Illuminate\Database\Eloquent\Model.php:1589
C:\Users\hedra\Desktop\Sourcecode\NexusV2\Nexus-backend\vendor\laravel\framework\src\Illuminate\Database\Eloquent\Model.php:1382
C:\Users\hedra\Desktop\Sourcecode\NexusV2\Nexus-backend\vendor\laravel\framework\src\Illuminate\Database\Eloquent\Factories\Factory.php:379
C:\Users\hedra\Desktop\Sourcecode\NexusV2\Nexus-backend\vendor\laravel\framework\src\Illuminate\Collections\Traits\EnumeratesValues.php:275
C:\Users\hedra\Desktop\Sourcecode\NexusV2\Nexus-backend\vendor\laravel\framework\src\Illuminate\Database\Eloquent\Factories\Factory.php:374
C:\Users\hedra\Desktop\Sourcecode\NexusV2\Nexus-backend\vendor\laravel\framework\src\Illuminate\Database\Eloquent\Factories\Factory.php:330
C:\Users\hedra\Desktop\Sourcecode\NexusV2\Nexus-backend\vendor\laravel\framework\src\Illuminate\Database\Eloquent\Factories\Factory.php:324
C:\Users\hedra\Desktop\Sourcecode\NexusV2\Nexus-backend\tests\Feature\AIInteractionTest.php:16

Caused by
PDOException: SQLSTATE[HY000]: General error: 1 table ai_models has no column named provider

C:\Users\hedra\Desktop\Sourcecode\NexusV2\Nexus-backend\vendor\laravel\framework\src\Illuminate\Database\Connection.php:595
C:\Users\hedra\Desktop\Sourcecode\NexusV2\Nexus-backend\vendor\laravel\framework\src\Illuminate\Database\Connection.php:846
C:\Users\hedra\Desktop\Sourcecode\NexusV2\Nexus-backend\vendor\laravel\framework\src\Illuminate\Database\Connection.php:813
C:\Users\hedra\Desktop\Sourcecode\NexusV2\Nexus-backend\vendor\laravel\framework\src\Illuminate\Database\Connection.php:590
C:\Users\hedra\Desktop\Sourcecode\NexusV2\Nexus-backend\vendor\laravel\framework\src\Illuminate\Database\Connection.php:554
C:\Users\hedra\Desktop\Sourcecode\NexusV2\Nexus-backend\vendor\laravel\framework\src\Illuminate\Database\Query\Builder.php:4164
C:\Users\hedra\Desktop\Sourcecode\NexusV2\Nexus-backend\vendor\laravel\framework\src\Illuminate\Database\Eloquent\Builder.php:2271
C:\Users\hedra\Desktop\Sourcecode\NexusV2\Nexus-backend\vendor\laravel\framework\src\Illuminate\Database\Eloquent\Model.php:1589
C:\Users\hedra\Desktop\Sourcecode\NexusV2\Nexus-backend\vendor\laravel\framework\src\Illuminate\Database\Eloquent\Model.php:1382
C:\Users\hedra\Desktop\Sourcecode\NexusV2\Nexus-backend\vendor\laravel\framework\src\Illuminate\Database\Eloquent\Factories\Factory.php:379
C:\Users\hedra\Desktop\Sourcecode\NexusV2\Nexus-backend\vendor\laravel\framework\src\Illuminate\Collections\Traits\EnumeratesValues.php:275
C:\Users\hedra\Desktop\Sourcecode\NexusV2\Nexus-backend\vendor\laravel\framework\src\Illuminate\Database\Eloquent\Factories\Factory.php:374
C:\Users\hedra\Desktop\Sourcecode\NexusV2\Nexus-backend\vendor\laravel\framework\src\Illuminate\Database\Eloquent\Factories\Factory.php:330
C:\Users\hedra\Desktop\Sourcecode\NexusV2\Nexus-backend\vendor\laravel\framework\src\Illuminate\Database\Eloquent\Factories\Factory.php:324
C:\Users\hedra\Desktop\Sourcecode\NexusV2\Nexus-backend\tests\Feature\AIInteractionTest.php:16

2) Tests\Feature\ApiTest::test_api_searches_contacts_by_name
TypeError: PHPUnit\Framework\Assert::assertCount(): Argument #2 ($haystack) must be of type Countable|Traversable|array, null given, called in C:\Users\hedra\Desktop\Sourcecode\NexusV2\Nexus-backend\vendor\laravel\framework\src\Illuminate\Testing\AssertableJsonString.php on line 74

C:\Users\hedra\Desktop\Sourcecode\NexusV2\Nexus-backend\vendor\laravel\framework\src\Illuminate\Testing\AssertableJsonString.php:74
C:\Users\hedra\Desktop\Sourcecode\NexusV2\Nexus-backend\vendor\laravel\framework\src\Illuminate\Testing\TestResponse.php:1067
C:\Users\hedra\Desktop\Sourcecode\NexusV2\Nexus-backend\tests\Feature\ApiTest.php:135

3) Tests\Feature\Console\MonitorSettingsHealthCommandTest::test_settings_health_check_is_scheduled
Illuminate\Contracts\Container\BindingResolutionException: Target class [App\Console\Kernel] does not exist.

C:\Users\hedra\Desktop\Sourcecode\NexusV2\Nexus-backend\vendor\laravel\framework\src\Illuminate\Container\Container.php:1127
C:\Users\hedra\Desktop\Sourcecode\NexusV2\Nexus-backend\vendor\laravel\framework\src\Illuminate\Container\Container.php:936
C:\Users\hedra\Desktop\Sourcecode\NexusV2\Nexus-backend\vendor\laravel\framework\src\Illuminate\Foundation\Application.php:1078
C:\Users\hedra\Desktop\Sourcecode\NexusV2\Nexus-backend\vendor\laravel\framework\src\Illuminate\Container\Container.php:864
C:\Users\hedra\Desktop\Sourcecode\NexusV2\Nexus-backend\vendor\laravel\framework\src\Illuminate\Foundation\Application.php:1058
C:\Users\hedra\Desktop\Sourcecode\NexusV2\Nexus-backend\tests\Feature\Console\MonitorSettingsHealthCommandTest.php:36

Caused by
ReflectionException: Class "App\Console\Kernel" does not exist

C:\Users\hedra\Desktop\Sourcecode\NexusV2\Nexus-backend\vendor\laravel\framework\src\Illuminate\Container\Container.php:1125
C:\Users\hedra\Desktop\Sourcecode\NexusV2\Nexus-backend\vendor\laravel\framework\src\Illuminate\Container\Container.php:936
C:\Users\hedra\Desktop\Sourcecode\NexusV2\Nexus-backend\vendor\laravel\framework\src\Illuminate\Foundation\Application.php:1078
C:\Users\hedra\Desktop\Sourcecode\NexusV2\Nexus-backend\vendor\laravel\framework\src\Illuminate\Container\Container.php:864
C:\Users\hedra\Desktop\Sourcecode\NexusV2\Nexus-backend\vendor\laravel\framework\src\Illuminate\Foundation\Application.php:1058
C:\Users\hedra\Desktop\Sourcecode\NexusV2\Nexus-backend\tests\Feature\Console\MonitorSettingsHealthCommandTest.php:36

4) Tests\Feature\ContactAnalyticsTest::test_contact_analytics_returns_time_series_and_counts
BadMethodCallException: Call to undefined method App\Models\Contact::user()

C:\Users\hedra\Desktop\Sourcecode\NexusV2\Nexus-backend\vendor\laravel\framework\src\Illuminate\Support\Traits\ForwardsCalls.php:67
C:\Users\hedra\Desktop\Sourcecode\NexusV2\Nexus-backend\vendor\laravel\framework\src\Illuminate\Support\Traits\ForwardsCalls.php:36
C:\Users\hedra\Desktop\Sourcecode\NexusV2\Nexus-backend\vendor\laravel\framework\src\Illuminate\Database\Eloquent\Model.php:2809
C:\Users\hedra\Desktop\Sourcecode\NexusV2\Nexus-backend\vendor\laravel\framework\src\Illuminate\Database\Eloquent\Factories\BelongsToRelationship.php:51
C:\Users\hedra\Desktop\Sourcecode\NexusV2\Nexus-backend\vendor\laravel\framework\src\Illuminate\Database\Eloquent\Factories\Factory.php:570
C:\Users\hedra\Desktop\Sourcecode\NexusV2\Nexus-backend\vendor\laravel\framework\src\Illuminate\Collections\Arr.php:842
C:\Users\hedra\Desktop\Sourcecode\NexusV2\Nexus-backend\vendor\laravel\framework\src\Illuminate\Collections\Collection.php:827
C:\Users\hedra\Desktop\Sourcecode\NexusV2\Nexus-backend\vendor\laravel\framework\src\Illuminate\Database\Eloquent\Factories\Factory.php:570
C:\Users\hedra\Desktop\Sourcecode\NexusV2\Nexus-backend\vendor\laravel\framework\src\Illuminate\Database\Eloquent\Factories\Factory.php:551
C:\Users\hedra\Desktop\Sourcecode\NexusV2\Nexus-backend\vendor\laravel\framework\src\Illuminate\Database\Eloquent\Factories\Factory.php:558
C:\Users\hedra\Desktop\Sourcecode\NexusV2\Nexus-backend\vendor\laravel\framework\src\Illuminate\Collections\Traits\EnumeratesValues.php:854
C:\Users\hedra\Desktop\Sourcecode\NexusV2\Nexus-backend\vendor\laravel\framework\src\Illuminate\Database\Eloquent\Factories\Factory.php:553
C:\Users\hedra\Desktop\Sourcecode\NexusV2\Nexus-backend\vendor\laravel\framework\src\Illuminate\Database\Eloquent\Factories\Factory.php:538
C:\Users\hedra\Desktop\Sourcecode\NexusV2\Nexus-backend\vendor\laravel\framework\src\Illuminate\Database\Eloquent\Factories\Factory.php:522
C:\Users\hedra\Desktop\Sourcecode\NexusV2\Nexus-backend\vendor\laravel\framework\src\Illuminate\Database\Eloquent\Concerns\GuardsAttributes.php:185
C:\Users\hedra\Desktop\Sourcecode\NexusV2\Nexus-backend\vendor\laravel\framework\src\Illuminate\Database\Eloquent\Factories\Factory.php:521
C:\Users\hedra\Desktop\Sourcecode\NexusV2\Nexus-backend\vendor\laravel\framework\src\Illuminate\Database\Eloquent\Factories\Factory.php:438
C:\Users\hedra\Desktop\Sourcecode\NexusV2\Nexus-backend\vendor\laravel\framework\src\Illuminate\Database\Eloquent\Factories\Factory.php:327
C:\Users\hedra\Desktop\Sourcecode\NexusV2\Nexus-backend\tests\Feature\ContactAnalyticsTest.php:20

5) Tests\Feature\ContactIntelligenceTest::test_successful_analysis_populates_evidence_references_and_source_message_ids
BadMethodCallException: Call to undefined method App\Models\ContactMessage::factory()

C:\Users\hedra\Desktop\Sourcecode\NexusV2\Nexus-backend\vendor\laravel\framework\src\Illuminate\Support\Traits\ForwardsCalls.php:67
C:\Users\hedra\Desktop\Sourcecode\NexusV2\Nexus-backend\vendor\laravel\framework\src\Illuminate\Support\Traits\ForwardsCalls.php:36
C:\Users\hedra\Desktop\Sourcecode\NexusV2\Nexus-backend\vendor\laravel\framework\src\Illuminate\Database\Eloquent\Model.php:2809
C:\Users\hedra\Desktop\Sourcecode\NexusV2\Nexus-backend\vendor\laravel\framework\src\Illuminate\Database\Eloquent\Model.php:2825
C:\Users\hedra\Desktop\Sourcecode\NexusV2\Nexus-backend\tests\Feature\ContactIntelligenceTest.php:49

6) Tests\Feature\ContactIntelligenceTest::test_ai_failure_marks_run_failed_without_writing_findings
BadMethodCallException: Call to undefined method App\Models\ContactMessage::factory()

C:\Users\hedra\Desktop\Sourcecode\NexusV2\Nexus-backend\vendor\laravel\framework\src\Illuminate\Support\Traits\ForwardsCalls.php:67
C:\Users\hedra\Desktop\Sourcecode\NexusV2\Nexus-backend\vendor\laravel\framework\src\Illuminate\Support\Traits\ForwardsCalls.php:36
C:\Users\hedra\Desktop\Sourcecode\NexusV2\Nexus-backend\vendor\laravel\framework\src\Illuminate\Database\Eloquent\Model.php:2809
C:\Users\hedra\Desktop\Sourcecode\NexusV2\Nexus-backend\vendor\laravel\framework\src\Illuminate\Database\Eloquent\Model.php:2825
C:\Users\hedra\Desktop\Sourcecode\NexusV2\Nexus-backend\tests\Feature\ContactIntelligenceTest.php:126

7) Tests\Feature\ContactIntelligenceTest::test_evidence_references_include_message_details
BadMethodCallException: Call to undefined method App\Models\ContactMessage::factory()

C:\Users\hedra\Desktop\Sourcecode\NexusV2\Nexus-backend\vendor\laravel\framework\src\Illuminate\Support\Traits\ForwardsCalls.php:67
C:\Users\hedra\Desktop\Sourcecode\NexusV2\Nexus-backend\vendor\laravel\framework\src\Illuminate\Support\Traits\ForwardsCalls.php:36
C:\Users\hedra\Desktop\Sourcecode\NexusV2\Nexus-backend\vendor\laravel\framework\src\Illuminate\Database\Eloquent\Model.php:2809
C:\Users\hedra\Desktop\Sourcecode\NexusV2\Nexus-backend\vendor\laravel\framework\src\Illuminate\Database\Eloquent\Model.php:2825
C:\Users\hedra\Desktop\Sourcecode\NexusV2\Nexus-backend\tests\Feature\ContactIntelligenceTest.php:181

8) Tests\Feature\ContactIntelligenceTest::test_all_finding_types_have_independent_evidence
BadMethodCallException: Call to undefined method App\Models\ContactMessage::factory()

C:\Users\hedra\Desktop\Sourcecode\NexusV2\Nexus-backend\vendor\laravel\framework\src\Illuminate\Support\Traits\ForwardsCalls.php:67
C:\Users\hedra\Desktop\Sourcecode\NexusV2\Nexus-backend\vendor\laravel\framework\src\Illuminate\Support\Traits\ForwardsCalls.php:36
C:\Users\hedra\Desktop\Sourcecode\NexusV2\Nexus-backend\vendor\laravel\framework\src\Illuminate\Database\Eloquent\Model.php:2809
C:\Users\hedra\Desktop\Sourcecode\NexusV2\Nexus-backend\vendor\laravel\framework\src\Illuminate\Database\Eloquent\Model.php:2825
C:\Users\hedra\Desktop\Sourcecode\NexusV2\Nexus-backend\tests\Feature\ContactIntelligenceTest.php:236

9) Tests\Feature\ContactIntelligenceTest::test_empty_message_body_excludes_from_evidence
BadMethodCallException: Call to undefined method App\Models\ContactMessage::factory()

C:\Users\hedra\Desktop\Sourcecode\NexusV2\Nexus-backend\vendor\laravel\framework\src\Illuminate\Support\Traits\ForwardsCalls.php:67
C:\Users\hedra\Desktop\Sourcecode\NexusV2\Nexus-backend\vendor\laravel\framework\src\Illuminate\Support\Traits\ForwardsCalls.php:36
C:\Users\hedra\Desktop\Sourcecode\NexusV2\Nexus-backend\vendor\laravel\framework\src\Illuminate\Database\Eloquent\Model.php:2809
C:\Users\hedra\Desktop\Sourcecode\NexusV2\Nexus-backend\vendor\laravel\framework\src\Illuminate\Database\Eloquent\Model.php:2825
C:\Users\hedra\Desktop\Sourcecode\NexusV2\Nexus-backend\tests\Feature\ContactIntelligenceTest.php:281

10) Tests\Feature\ContactIntelligenceTest::test_one_finding_failure_does_not_abort_entire_run
BadMethodCallException: Call to undefined method App\Models\ContactMessage::factory()

C:\Users\hedra\Desktop\Sourcecode\NexusV2\Nexus-backend\vendor\laravel\framework\src\Illuminate\Support\Traits\ForwardsCalls.php:67
C:\Users\hedra\Desktop\Sourcecode\NexusV2\Nexus-backend\vendor\laravel\framework\src\Illuminate\Support\Traits\ForwardsCalls.php:36
C:\Users\hedra\Desktop\Sourcecode\NexusV2\Nexus-backend\vendor\laravel\framework\src\Illuminate\Database\Eloquent\Model.php:2809
C:\Users\hedra\Desktop\Sourcecode\NexusV2\Nexus-backend\vendor\laravel\framework\src\Illuminate\Database\Eloquent\Model.php:2825
C:\Users\hedra\Desktop\Sourcecode\NexusV2\Nexus-backend\tests\Feature\ContactIntelligenceTest.php:325

11) Tests\Feature\DashboardTest::test_dashboard_stats_endpoint_returns_aggregated_data
Illuminate\Database\QueryException: SQLSTATE[HY000]: General error: 1 table conversations has no column named user_id (Connection: sqlite, Database: :memory:, SQL: insert into "conversations" ("user_id", "status", "created_at", "updated_at") values (1, active, 2026-06-24 04:28:39, 2026-06-24 04:28:39))

C:\Users\hedra\Desktop\Sourcecode\NexusV2\Nexus-backend\vendor\laravel\framework\src\Illuminate\Database\Connection.php:857
C:\Users\hedra\Desktop\Sourcecode\NexusV2\Nexus-backend\vendor\laravel\framework\src\Illuminate\Database\Connection.php:813
C:\Users\hedra\Desktop\Sourcecode\NexusV2\Nexus-backend\vendor\laravel\framework\src\Illuminate\Database\Connection.php:590
C:\Users\hedra\Desktop\Sourcecode\NexusV2\Nexus-backend\vendor\laravel\framework\src\Illuminate\Database\Connection.php:554
C:\Users\hedra\Desktop\Sourcecode\NexusV2\Nexus-backend\vendor\laravel\framework\src\Illuminate\Database\Query\Builder.php:4164
C:\Users\hedra\Desktop\Sourcecode\NexusV2\Nexus-backend\tests\Feature\DashboardTest.php:38

Caused by
PDOException: SQLSTATE[HY000]: General error: 1 table conversations has no column named user_id

C:\Users\hedra\Desktop\Sourcecode\NexusV2\Nexus-backend\vendor\laravel\framework\src\Illuminate\Database\Connection.php:595
C:\Users\hedra\Desktop\Sourcecode\NexusV2\Nexus-backend\vendor\laravel\framework\src\Illuminate\Database\Connection.php:846
C:\Users\hedra\Desktop\Sourcecode\NexusV2\Nexus-backend\vendor\laravel\framework\src\Illuminate\Database\Connection.php:813
C:\Users\hedra\Desktop\Sourcecode\NexusV2\Nexus-backend\vendor\laravel\framework\src\Illuminate\Database\Connection.php:590
C:\Users\hedra\Desktop\Sourcecode\NexusV2\Nexus-backend\vendor\laravel\framework\src\Illuminate\Database\Connection.php:554
C:\Users\hedra\Desktop\Sourcecode\NexusV2\Nexus-backend\vendor\laravel\framework\src\Illuminate\Database\Query\Builder.php:4164
C:\Users\hedra\Desktop\Sourcecode\NexusV2\Nexus-backend\tests\Feature\DashboardTest.php:38

12) Tests\Feature\DashboardTest::test_job_retry_endpoint_requeues_job
Illuminate\Database\QueryException: SQLSTATE[23000]: Integrity constraint violation: 19 NOT NULL constraint failed: failed_jobs.uuid (Connection: sqlite, Database: :memory:, SQL: insert into "failed_jobs" ("connection", "queue", "payload", "exception", "failed_at") values (redis, default, {"displayName":"TestJob"}, SomeException, 2026-06-24 04:28:39))

C:\Users\hedra\Desktop\Sourcecode\NexusV2\Nexus-backend\vendor\laravel\framework\src\Illuminate\Database\Connection.php:857
C:\Users\hedra\Desktop\Sourcecode\NexusV2\Nexus-backend\vendor\laravel\framework\src\Illuminate\Database\Connection.php:813
C:\Users\hedra\Desktop\Sourcecode\NexusV2\Nexus-backend\vendor\laravel\framework\src\Illuminate\Database\Connection.php:590
C:\Users\hedra\Desktop\Sourcecode\NexusV2\Nexus-backend\vendor\laravel\framework\src\Illuminate\Database\Connection.php:554
C:\Users\hedra\Desktop\Sourcecode\NexusV2\Nexus-backend\vendor\laravel\framework\src\Illuminate\Database\Query\Processors\Processor.php:32
C:\Users\hedra\Desktop\Sourcecode\NexusV2\Nexus-backend\vendor\laravel\framework\src\Illuminate\Database\Query\Builder.php:4257
C:\Users\hedra\Desktop\Sourcecode\NexusV2\Nexus-backend\tests\Feature\DashboardTest.php:187

Caused by
PDOException: SQLSTATE[23000]: Integrity constraint violation: 19 NOT NULL constraint failed: failed_jobs.uuid

C:\Users\hedra\Desktop\Sourcecode\NexusV2\Nexus-backend\vendor\laravel\framework\src\Illuminate\Database\Connection.php:601
C:\Users\hedra\Desktop\Sourcecode\NexusV2\Nexus-backend\vendor\laravel\framework\src\Illuminate\Database\Connection.php:846
C:\Users\hedra\Desktop\Sourcecode\NexusV2\Nexus-backend\vendor\laravel\framework\src\Illuminate\Database\Connection.php:813
C:\Users\hedra\Desktop\Sourcecode\NexusV2\Nexus-backend\vendor\laravel\framework\src\Illuminate\Database\Connection.php:590
C:\Users\hedra\Desktop\Sourcecode\NexusV2\Nexus-backend\vendor\laravel\framework\src\Illuminate\Database\Connection.php:554
C:\Users\hedra\Desktop\Sourcecode\NexusV2\Nexus-backend\vendor\laravel\framework\src\Illuminate\Database\Query\Processors\Processor.php:32
C:\Users\hedra\Desktop\Sourcecode\NexusV2\Nexus-backend\vendor\laravel\framework\src\Illuminate\Database\Query\Builder.php:4257
C:\Users\hedra\Desktop\Sourcecode\NexusV2\Nexus-backend\tests\Feature\DashboardTest.php:187

13) Tests\Feature\DashboardTest::test_proactive_ai_suggestions_actions
Illuminate\Database\QueryException: SQLSTATE[HY000]: General error: 1 no such table: proactive_logs (Connection: sqlite, Database: :memory:, SQL: insert into "proactive_logs" ("user_id", "title", "body", "category", "status", "created_at", "updated_at") values (1, Optimize Prompt, Make agent faster, contact_insight, pending, 2026-06-24 04:28:39, 2026-06-24 04:28:39))

C:\Users\hedra\Desktop\Sourcecode\NexusV2\Nexus-backend\vendor\laravel\framework\src\Illuminate\Database\Connection.php:857
C:\Users\hedra\Desktop\Sourcecode\NexusV2\Nexus-backend\vendor\laravel\framework\src\Illuminate\Database\Connection.php:813
C:\Users\hedra\Desktop\Sourcecode\NexusV2\Nexus-backend\vendor\laravel\framework\src\Illuminate\Database\Connection.php:590
C:\Users\hedra\Desktop\Sourcecode\NexusV2\Nexus-backend\vendor\laravel\framework\src\Illuminate\Database\Connection.php:554
C:\Users\hedra\Desktop\Sourcecode\NexusV2\Nexus-backend\vendor\laravel\framework\src\Illuminate\Database\Query\Processors\Processor.php:32
C:\Users\hedra\Desktop\Sourcecode\NexusV2\Nexus-backend\vendor\laravel\framework\src\Illuminate\Database\Query\Builder.php:4257
C:\Users\hedra\Desktop\Sourcecode\NexusV2\Nexus-backend\tests\Feature\DashboardTest.php:218

Caused by
PDOException: SQLSTATE[HY000]: General error: 1 no such table: proactive_logs

C:\Users\hedra\Desktop\Sourcecode\NexusV2\Nexus-backend\vendor\laravel\framework\src\Illuminate\Database\Connection.php:595
C:\Users\hedra\Desktop\Sourcecode\NexusV2\Nexus-backend\vendor\laravel\framework\src\Illuminate\Database\Connection.php:846
C:\Users\hedra\Desktop\Sourcecode\NexusV2\Nexus-backend\vendor\laravel\framework\src\Illuminate\Database\Connection.php:813
C:\Users\hedra\Desktop\Sourcecode\NexusV2\Nexus-backend\vendor\laravel\framework\src\Illuminate\Database\Connection.php:590
C:\Users\hedra\Desktop\Sourcecode\NexusV2\Nexus-backend\vendor\laravel\framework\src\Illuminate\Database\Connection.php:554
C:\Users\hedra\Desktop\Sourcecode\NexusV2\Nexus-backend\vendor\laravel\framework\src\Illuminate\Database\Query\Processors\Processor.php:32
C:\Users\hedra\Desktop\Sourcecode\NexusV2\Nexus-backend\vendor\laravel\framework\src\Illuminate\Database\Query\Builder.php:4257
C:\Users\hedra\Desktop\Sourcecode\NexusV2\Nexus-backend\tests\Feature\DashboardTest.php:218

14) Tests\Feature\HedraSoul\HedraSoulApiTest::test_it_can_get_current_session
Illuminate\Database\QueryException: SQLSTATE[23000]: Integrity constraint violation: 19 NOT NULL constraint failed: hedrasoul_context_snapshots.session_id (Connection: sqlite, Database: :memory:, SQL: insert into "hedrasoul_context_snapshots" ("created_at") values (2026-06-24 04:28:40))

C:\Users\hedra\Desktop\Sourcecode\NexusV2\Nexus-backend\vendor\laravel\framework\src\Illuminate\Database\Connection.php:857
C:\Users\hedra\Desktop\Sourcecode\NexusV2\Nexus-backend\vendor\laravel\framework\src\Illuminate\Database\Connection.php:813
C:\Users\hedra\Desktop\Sourcecode\NexusV2\Nexus-backend\vendor\laravel\framework\src\Illuminate\Database\Connection.php:590
C:\Users\hedra\Desktop\Sourcecode\NexusV2\Nexus-backend\vendor\laravel\framework\src\Illuminate\Database\Connection.php:554
C:\Users\hedra\Desktop\Sourcecode\NexusV2\Nexus-backend\vendor\laravel\framework\src\Illuminate\Database\Query\Processors\Processor.php:32
C:\Users\hedra\Desktop\Sourcecode\NexusV2\Nexus-backend\vendor\laravel\framework\src\Illuminate\Database\Query\Builder.php:4257
C:\Users\hedra\Desktop\Sourcecode\NexusV2\Nexus-backend\vendor\laravel\framework\src\Illuminate\Database\Eloquent\Builder.php:2271
C:\Users\hedra\Desktop\Sourcecode\NexusV2\Nexus-backend\vendor\laravel\framework\src\Illuminate\Database\Eloquent\Model.php:1662
C:\Users\hedra\Desktop\Sourcecode\NexusV2\Nexus-backend\vendor\laravel\framework\src\Illuminate\Database\Eloquent\Model.php:1578
C:\Users\hedra\Desktop\Sourcecode\NexusV2\Nexus-backend\vendor\laravel\framework\src\Illuminate\Database\Eloquent\Model.php:1382
C:\Users\hedra\Desktop\Sourcecode\NexusV2\Nexus-backend\vendor\laravel\framework\src\Illuminate\Database\Eloquent\Builder.php:1225
C:\Users\hedra\Desktop\Sourcecode\NexusV2\Nexus-backend\vendor\laravel\framework\src\Illuminate\Support\helpers.php:393
C:\Users\hedra\Desktop\Sourcecode\NexusV2\Nexus-backend\vendor\laravel\framework\src\Illuminate\Database\Eloquent\Builder.php:1224
C:\Users\hedra\Desktop\Sourcecode\NexusV2\Nexus-backend\vendor\laravel\framework\src\Illuminate\Support\Traits\ForwardsCalls.php:23
C:\Users\hedra\Desktop\Sourcecode\NexusV2\Nexus-backend\vendor\laravel\framework\src\Illuminate\Database\Eloquent\Model.php:2809
C:\Users\hedra\Desktop\Sourcecode\NexusV2\Nexus-backend\vendor\laravel\framework\src\Illuminate\Database\Eloquent\Model.php:2825
C:\Users\hedra\Desktop\Sourcecode\NexusV2\Nexus-backend\tests\Feature\HedraSoul\HedraSoulApiTest.php:18

Caused by
PDOException: SQLSTATE[23000]: Integrity constraint violation: 19 NOT NULL constraint failed: hedrasoul_context_snapshots.session_id

C:\Users\hedra\Desktop\Sourcecode\NexusV2\Nexus-backend\vendor\laravel\framework\src\Illuminate\Database\Connection.php:601
C:\Users\hedra\Desktop\Sourcecode\NexusV2\Nexus-backend\vendor\laravel\framework\src\Illuminate\Database\Connection.php:846
C:\Users\hedra\Desktop\Sourcecode\NexusV2\Nexus-backend\vendor\laravel\framework\src\Illuminate\Database\Connection.php:813
C:\Users\hedra\Desktop\Sourcecode\NexusV2\Nexus-backend\vendor\laravel\framework\src\Illuminate\Database\Connection.php:590
C:\Users\hedra\Desktop\Sourcecode\NexusV2\Nexus-backend\vendor\laravel\framework\src\Illuminate\Database\Connection.php:554
C:\Users\hedra\Desktop\Sourcecode\NexusV2\Nexus-backend\vendor\laravel\framework\src\Illuminate\Database\Query\Processors\Processor.php:32
C:\Users\hedra\Desktop\Sourcecode\NexusV2\Nexus-backend\vendor\laravel\framework\src\Illuminate\Database\Query\Builder.php:4257
C:\Users\hedra\Desktop\Sourcecode\NexusV2\Nexus-backend\vendor\laravel\framework\src\Illuminate\Database\Eloquent\Builder.php:2271
C:\Users\hedra\Desktop\Sourcecode\NexusV2\Nexus-backend\vendor\laravel\framework\src\Illuminate\Database\Eloquent\Model.php:1662
C:\Users\hedra\Desktop\Sourcecode\NexusV2\Nexus-backend\vendor\laravel\framework\src\Illuminate\Database\Eloquent\Model.php:1578
C:\Users\hedra\Desktop\Sourcecode\NexusV2\Nexus-backend\vendor\laravel\framework\src\Illuminate\Database\Eloquent\Model.php:1382
C:\Users\hedra\Desktop\Sourcecode\NexusV2\Nexus-backend\vendor\laravel\framework\src\Illuminate\Database\Eloquent\Builder.php:1225
C:\Users\hedra\Desktop\Sourcecode\NexusV2\Nexus-backend\vendor\laravel\framework\src\Illuminate\Support\helpers.php:393
C:\Users\hedra\Desktop\Sourcecode\NexusV2\Nexus-backend\vendor\laravel\framework\src\Illuminate\Database\Eloquent\Builder.php:1224
C:\Users\hedra\Desktop\Sourcecode\NexusV2\Nexus-backend\vendor\laravel\framework\src\Illuminate\Support\Traits\ForwardsCalls.php:23
C:\Users\hedra\Desktop\Sourcecode\NexusV2\Nexus-backend\vendor\laravel\framework\src\Illuminate\Database\Eloquent\Model.php:2809
C:\Users\hedra\Desktop\Sourcecode\NexusV2\Nexus-backend\vendor\laravel\framework\src\Illuminate\Database\Eloquent\Model.php:2825
C:\Users\hedra\Desktop\Sourcecode\NexusV2\Nexus-backend\tests\Feature\HedraSoul\HedraSoulApiTest.php:18

15) Tests\Feature\HedraSoul\HedraSoulApiTest::test_it_can_post_a_message
Illuminate\Database\QueryException: SQLSTATE[23000]: Integrity constraint violation: 19 NOT NULL constraint failed: hedrasoul_context_snapshots.session_id (Connection: sqlite, Database: :memory:, SQL: insert into "hedrasoul_context_snapshots" ("created_at") values (2026-06-24 04:28:41))

C:\Users\hedra\Desktop\Sourcecode\NexusV2\Nexus-backend\vendor\laravel\framework\src\Illuminate\Database\Connection.php:857
C:\Users\hedra\Desktop\Sourcecode\NexusV2\Nexus-backend\vendor\laravel\framework\src\Illuminate\Database\Connection.php:813
C:\Users\hedra\Desktop\Sourcecode\NexusV2\Nexus-backend\vendor\laravel\framework\src\Illuminate\Database\Connection.php:590
C:\Users\hedra\Desktop\Sourcecode\NexusV2\Nexus-backend\vendor\laravel\framework\src\Illuminate\Database\Connection.php:554
C:\Users\hedra\Desktop\Sourcecode\NexusV2\Nexus-backend\vendor\laravel\framework\src\Illuminate\Database\Query\Processors\Processor.php:32
C:\Users\hedra\Desktop\Sourcecode\NexusV2\Nexus-backend\vendor\laravel\framework\src\Illuminate\Database\Query\Builder.php:4257
C:\Users\hedra\Desktop\Sourcecode\NexusV2\Nexus-backend\vendor\laravel\framework\src\Illuminate\Database\Eloquent\Builder.php:2271
C:\Users\hedra\Desktop\Sourcecode\NexusV2\Nexus-backend\vendor\laravel\framework\src\Illuminate\Database\Eloquent\Model.php:1662
C:\Users\hedra\Desktop\Sourcecode\NexusV2\Nexus-backend\vendor\laravel\framework\src\Illuminate\Database\Eloquent\Model.php:1578
C:\Users\hedra\Desktop\Sourcecode\NexusV2\Nexus-backend\vendor\laravel\framework\src\Illuminate\Database\Eloquent\Model.php:1382
C:\Users\hedra\Desktop\Sourcecode\NexusV2\Nexus-backend\vendor\laravel\framework\src\Illuminate\Database\Eloquent\Builder.php:1225
C:\Users\hedra\Desktop\Sourcecode\NexusV2\Nexus-backend\vendor\laravel\framework\src\Illuminate\Support\helpers.php:393
C:\Users\hedra\Desktop\Sourcecode\NexusV2\Nexus-backend\vendor\laravel\framework\src\Illuminate\Database\Eloquent\Builder.php:1224
C:\Users\hedra\Desktop\Sourcecode\NexusV2\Nexus-backend\vendor\laravel\framework\src\Illuminate\Support\Traits\ForwardsCalls.php:23
C:\Users\hedra\Desktop\Sourcecode\NexusV2\Nexus-backend\vendor\laravel\framework\src\Illuminate\Database\Eloquent\Model.php:2809
C:\Users\hedra\Desktop\Sourcecode\NexusV2\Nexus-backend\vendor\laravel\framework\src\Illuminate\Database\Eloquent\Model.php:2825
C:\Users\hedra\Desktop\Sourcecode\NexusV2\Nexus-backend\tests\Feature\HedraSoul\HedraSoulApiTest.php:34

Caused by
PDOException: SQLSTATE[23000]: Integrity constraint violation: 19 NOT NULL constraint failed: hedrasoul_context_snapshots.session_id

C:\Users\hedra\Desktop\Sourcecode\NexusV2\Nexus-backend\vendor\laravel\framework\src\Illuminate\Database\Connection.php:601
C:\Users\hedra\Desktop\Sourcecode\NexusV2\Nexus-backend\vendor\laravel\framework\src\Illuminate\Database\Connection.php:846
C:\Users\hedra\Desktop\Sourcecode\NexusV2\Nexus-backend\vendor\laravel\framework\src\Illuminate\Database\Connection.php:813
C:\Users\hedra\Desktop\Sourcecode\NexusV2\Nexus-backend\vendor\laravel\framework\src\Illuminate\Database\Connection.php:590
C:\Users\hedra\Desktop\Sourcecode\NexusV2\Nexus-backend\vendor\laravel\framework\src\Illuminate\Database\Connection.php:554
C:\Users\hedra\Desktop\Sourcecode\NexusV2\Nexus-backend\vendor\laravel\framework\src\Illuminate\Database\Query\Processors\Processor.php:32
C:\Users\hedra\Desktop\Sourcecode\NexusV2\Nexus-backend\vendor\laravel\framework\src\Illuminate\Database\Query\Builder.php:4257
C:\Users\hedra\Desktop\Sourcecode\NexusV2\Nexus-backend\vendor\laravel\framework\src\Illuminate\Database\Eloquent\Builder.php:2271
C:\Users\hedra\Desktop\Sourcecode\NexusV2\Nexus-backend\vendor\laravel\framework\src\Illuminate\Database\Eloquent\Model.php:1662
C:\Users\hedra\Desktop\Sourcecode\NexusV2\Nexus-backend\vendor\laravel\framework\src\Illuminate\Database\Eloquent\Model.php:1578
C:\Users\hedra\Desktop\Sourcecode\NexusV2\Nexus-backend\vendor\laravel\framework\src\Illuminate\Database\Eloquent\Model.php:1382
C:\Users\hedra\Desktop\Sourcecode\NexusV2\Nexus-backend\vendor\laravel\framework\src\Illuminate\Database\Eloquent\Builder.php:1225
C:\Users\hedra\Desktop\Sourcecode\NexusV2\Nexus-backend\vendor\laravel\framework\src\Illuminate\Support\helpers.php:393
C:\Users\hedra\Desktop\Sourcecode\NexusV2\Nexus-backend\vendor\laravel\framework\src\Illuminate\Database\Eloquent\Builder.php:1224
C:\Users\hedra\Desktop\Sourcecode\NexusV2\Nexus-backend\vendor\laravel\framework\src\Illuminate\Support\Traits\ForwardsCalls.php:23
C:\Users\hedra\Desktop\Sourcecode\NexusV2\Nexus-backend\vendor\laravel\framework\src\Illuminate\Database\Eloquent\Model.php:2809
C:\Users\hedra\Desktop\Sourcecode\NexusV2\Nexus-backend\vendor\laravel\framework\src\Illuminate\Database\Eloquent\Model.php:2825
C:\Users\hedra\Desktop\Sourcecode\NexusV2\Nexus-backend\tests\Feature\HedraSoul\HedraSoulApiTest.php:34

16) Tests\Feature\HedraSoul\HedraSoulApprovalsApiTest::test_post_approve_sets_approved_status_and_metadata
BadMethodCallException: Call to undefined method App\Models\HedrasoulApprovalRequest::factory()

C:\Users\hedra\Desktop\Sourcecode\NexusV2\Nexus-backend\vendor\laravel\framework\src\Illuminate\Support\Traits\ForwardsCalls.php:67
C:\Users\hedra\Desktop\Sourcecode\NexusV2\Nexus-backend\vendor\laravel\framework\src\Illuminate\Support\Traits\ForwardsCalls.php:36
C:\Users\hedra\Desktop\Sourcecode\NexusV2\Nexus-backend\vendor\laravel\framework\src\Illuminate\Database\Eloquent\Model.php:2809
C:\Users\hedra\Desktop\Sourcecode\NexusV2\Nexus-backend\vendor\laravel\framework\src\Illuminate\Database\Eloquent\Model.php:2825
C:\Users\hedra\Desktop\Sourcecode\NexusV2\Nexus-backend\tests\Feature\HedraSoul\HedraSoulApprovalsApiTest.php:30

17) Tests\Feature\HedraSoul\HedraSoulApprovalsApiTest::test_execute_souly_command_job_is_dispatched_on_approve
BadMethodCallException: Call to undefined method App\Models\HedrasoulApprovalRequest::factory()

C:\Users\hedra\Desktop\Sourcecode\NexusV2\Nexus-backend\vendor\laravel\framework\src\Illuminate\Support\Traits\ForwardsCalls.php:67
C:\Users\hedra\Desktop\Sourcecode\NexusV2\Nexus-backend\vendor\laravel\framework\src\Illuminate\Support\Traits\ForwardsCalls.php:36
C:\Users\hedra\Desktop\Sourcecode\NexusV2\Nexus-backend\vendor\laravel\framework\src\Illuminate\Database\Eloquent\Model.php:2809
C:\Users\hedra\Desktop\Sourcecode\NexusV2\Nexus-backend\vendor\laravel\framework\src\Illuminate\Database\Eloquent\Model.php:2825
C:\Users\hedra\Desktop\Sourcecode\NexusV2\Nexus-backend\tests\Feature\HedraSoul\HedraSoulApprovalsApiTest.php:59

18) Tests\Feature\HedraSoul\HedraSoulApprovalsApiTest::test_post_reject_sets_rejected_status_no_job_dispatch
BadMethodCallException: Call to undefined method App\Models\HedrasoulApprovalRequest::factory()

C:\Users\hedra\Desktop\Sourcecode\NexusV2\Nexus-backend\vendor\laravel\framework\src\Illuminate\Support\Traits\ForwardsCalls.php:67
C:\Users\hedra\Desktop\Sourcecode\NexusV2\Nexus-backend\vendor\laravel\framework\src\Illuminate\Support\Traits\ForwardsCalls.php:36
C:\Users\hedra\Desktop\Sourcecode\NexusV2\Nexus-backend\vendor\laravel\framework\src\Illuminate\Database\Eloquent\Model.php:2809
C:\Users\hedra\Desktop\Sourcecode\NexusV2\Nexus-backend\vendor\laravel\framework\src\Illuminate\Database\Eloquent\Model.php:2825
C:\Users\hedra\Desktop\Sourcecode\NexusV2\Nexus-backend\tests\Feature\HedraSoul\HedraSoulApprovalsApiTest.php:76

19) Tests\Feature\HedraSoul\HedraSoulApprovalsApiTest::test_post_defer_sets_deferred_status
BadMethodCallException: Call to undefined method App\Models\HedrasoulApprovalRequest::factory()

C:\Users\hedra\Desktop\Sourcecode\NexusV2\Nexus-backend\vendor\laravel\framework\src\Illuminate\Support\Traits\ForwardsCalls.php:67
C:\Users\hedra\Desktop\Sourcecode\NexusV2\Nexus-backend\vendor\laravel\framework\src\Illuminate\Support\Traits\ForwardsCalls.php:36
C:\Users\hedra\Desktop\Sourcecode\NexusV2\Nexus-backend\vendor\laravel\framework\src\Illuminate\Database\Eloquent\Model.php:2809
C:\Users\hedra\Desktop\Sourcecode\NexusV2\Nexus-backend\vendor\laravel\framework\src\Illuminate\Database\Eloquent\Model.php:2825
C:\Users\hedra\Desktop\Sourcecode\NexusV2\Nexus-backend\tests\Feature\HedraSoul\HedraSoulApprovalsApiTest.php:101

20) Tests\Feature\HedraSoul\HedraSoulApprovalsApiTest::test_dispatch_approval_reminder_job_is_scheduled_on_defer
BadMethodCallException: Call to undefined method App\Models\HedrasoulApprovalRequest::factory()

C:\Users\hedra\Desktop\Sourcecode\NexusV2\Nexus-backend\vendor\laravel\framework\src\Illuminate\Support\Traits\ForwardsCalls.php:67
C:\Users\hedra\Desktop\Sourcecode\NexusV2\Nexus-backend\vendor\laravel\framework\src\Illuminate\Support\Traits\ForwardsCalls.php:36
C:\Users\hedra\Desktop\Sourcecode\NexusV2\Nexus-backend\vendor\laravel\framework\src\Illuminate\Database\Eloquent\Model.php:2809
C:\Users\hedra\Desktop\Sourcecode\NexusV2\Nexus-backend\vendor\laravel\framework\src\Illuminate\Database\Eloquent\Model.php:2825
C:\Users\hedra\Desktop\Sourcecode\NexusV2\Nexus-backend\tests\Feature\HedraSoul\HedraSoulApprovalsApiTest.php:126

21) Tests\Feature\HedraSoul\HedraSoulApprovalsApiTest::test_get_approvals_returns_list_with_status_filter
BadMethodCallException: Call to undefined method App\Models\HedrasoulApprovalRequest::factory()

C:\Users\hedra\Desktop\Sourcecode\NexusV2\Nexus-backend\vendor\laravel\framework\src\Illuminate\Support\Traits\ForwardsCalls.php:67
C:\Users\hedra\Desktop\Sourcecode\NexusV2\Nexus-backend\vendor\laravel\framework\src\Illuminate\Support\Traits\ForwardsCalls.php:36
C:\Users\hedra\Desktop\Sourcecode\NexusV2\Nexus-backend\vendor\laravel\framework\src\Illuminate\Database\Eloquent\Model.php:2809
C:\Users\hedra\Desktop\Sourcecode\NexusV2\Nexus-backend\vendor\laravel\framework\src\Illuminate\Database\Eloquent\Model.php:2825
C:\Users\hedra\Desktop\Sourcecode\NexusV2\Nexus-backend\tests\Feature\HedraSoul\HedraSoulApprovalsApiTest.php:143

22) Tests\Feature\HedraSoul\HedraSoulApprovalsApiTest::test_get_approvals_returns_full_list
BadMethodCallException: Call to undefined method App\Models\HedrasoulApprovalRequest::factory()

C:\Users\hedra\Desktop\Sourcecode\NexusV2\Nexus-backend\vendor\laravel\framework\src\Illuminate\Support\Traits\ForwardsCalls.php:67
C:\Users\hedra\Desktop\Sourcecode\NexusV2\Nexus-backend\vendor\laravel\framework\src\Illuminate\Support\Traits\ForwardsCalls.php:36
C:\Users\hedra\Desktop\Sourcecode\NexusV2\Nexus-backend\vendor\laravel\framework\src\Illuminate\Database\Eloquent\Model.php:2809
C:\Users\hedra\Desktop\Sourcecode\NexusV2\Nexus-backend\vendor\laravel\framework\src\Illuminate\Database\Eloquent\Model.php:2825
C:\Users\hedra\Desktop\Sourcecode\NexusV2\Nexus-backend\tests\Feature\HedraSoul\HedraSoulApprovalsApiTest.php:162

23) Tests\Feature\HedraSoul\HedraSoulApprovalsApiTest::test_get_approval_detail_returns_full_data
BadMethodCallException: Call to undefined method App\Models\HedrasoulApprovalRequest::factory()

C:\Users\hedra\Desktop\Sourcecode\NexusV2\Nexus-backend\vendor\laravel\framework\src\Illuminate\Support\Traits\ForwardsCalls.php:67
C:\Users\hedra\Desktop\Sourcecode\NexusV2\Nexus-backend\vendor\laravel\framework\src\Illuminate\Support\Traits\ForwardsCalls.php:36
C:\Users\hedra\Desktop\Sourcecode\NexusV2\Nexus-backend\vendor\laravel\framework\src\Illuminate\Database\Eloquent\Model.php:2809
C:\Users\hedra\Desktop\Sourcecode\NexusV2\Nexus-backend\vendor\laravel\framework\src\Illuminate\Database\Eloquent\Model.php:2825
C:\Users\hedra\Desktop\Sourcecode\NexusV2\Nexus-backend\tests\Feature\HedraSoul\HedraSoulApprovalsApiTest.php:179

24) Tests\Feature\HedraSoul\HedraSoulApprovalsApiTest::test_post_approve_returns_401_without_auth
BadMethodCallException: Call to undefined method App\Models\HedrasoulApprovalRequest::factory()

C:\Users\hedra\Desktop\Sourcecode\NexusV2\Nexus-backend\vendor\laravel\framework\src\Illuminate\Support\Traits\ForwardsCalls.php:67
C:\Users\hedra\Desktop\Sourcecode\NexusV2\Nexus-backend\vendor\laravel\framework\src\Illuminate\Support\Traits\ForwardsCalls.php:36
C:\Users\hedra\Desktop\Sourcecode\NexusV2\Nexus-backend\vendor\laravel\framework\src\Illuminate\Database\Eloquent\Model.php:2809
C:\Users\hedra\Desktop\Sourcecode\NexusV2\Nexus-backend\vendor\laravel\framework\src\Illuminate\Database\Eloquent\Model.php:2825
C:\Users\hedra\Desktop\Sourcecode\NexusV2\Nexus-backend\tests\Feature\HedraSoul\HedraSoulApprovalsApiTest.php:193

25) Tests\Feature\HedraSoul\HedraSoulApprovalsApiTest::test_post_reject_returns_401_without_auth
BadMethodCallException: Call to undefined method App\Models\HedrasoulApprovalRequest::factory()

C:\Users\hedra\Desktop\Sourcecode\NexusV2\Nexus-backend\vendor\laravel\framework\src\Illuminate\Support\Traits\ForwardsCalls.php:67
C:\Users\hedra\Desktop\Sourcecode\NexusV2\Nexus-backend\vendor\laravel\framework\src\Illuminate\Support\Traits\ForwardsCalls.php:36
C:\Users\hedra\Desktop\Sourcecode\NexusV2\Nexus-backend\vendor\laravel\framework\src\Illuminate\Database\Eloquent\Model.php:2809
C:\Users\hedra\Desktop\Sourcecode\NexusV2\Nexus-backend\vendor\laravel\framework\src\Illuminate\Database\Eloquent\Model.php:2825
C:\Users\hedra\Desktop\Sourcecode\NexusV2\Nexus-backend\tests\Feature\HedraSoul\HedraSoulApprovalsApiTest.php:205

26) Tests\Feature\HedraSoul\HedraSoulApprovalsApiTest::test_post_defer_returns_401_without_auth
BadMethodCallException: Call to undefined method App\Models\HedrasoulApprovalRequest::factory()

C:\Users\hedra\Desktop\Sourcecode\NexusV2\Nexus-backend\vendor\laravel\framework\src\Illuminate\Support\Traits\ForwardsCalls.php:67
C:\Users\hedra\Desktop\Sourcecode\NexusV2\Nexus-backend\vendor\laravel\framework\src\Illuminate\Support\Traits\ForwardsCalls.php:36
C:\Users\hedra\Desktop\Sourcecode\NexusV2\Nexus-backend\vendor\laravel\framework\src\Illuminate\Database\Eloquent\Model.php:2809
C:\Users\hedra\Desktop\Sourcecode\NexusV2\Nexus-backend\vendor\laravel\framework\src\Illuminate\Database\Eloquent\Model.php:2825
C:\Users\hedra\Desktop\Sourcecode\NexusV2\Nexus-backend\tests\Feature\HedraSoul\HedraSoulApprovalsApiTest.php:217

27) Tests\Feature\HedraSoul\HedraSoulApprovalsApiTest::test_get_approval_detail_returns_401_without_auth
BadMethodCallException: Call to undefined method App\Models\HedrasoulApprovalRequest::factory()

C:\Users\hedra\Desktop\Sourcecode\NexusV2\Nexus-backend\vendor\laravel\framework\src\Illuminate\Support\Traits\ForwardsCalls.php:67
C:\Users\hedra\Desktop\Sourcecode\NexusV2\Nexus-backend\vendor\laravel\framework\src\Illuminate\Support\Traits\ForwardsCalls.php:36
C:\Users\hedra\Desktop\Sourcecode\NexusV2\Nexus-backend\vendor\laravel\framework\src\Illuminate\Database\Eloquent\Model.php:2809
C:\Users\hedra\Desktop\Sourcecode\NexusV2\Nexus-backend\vendor\laravel\framework\src\Illuminate\Database\Eloquent\Model.php:2825
C:\Users\hedra\Desktop\Sourcecode\NexusV2\Nexus-backend\tests\Feature\HedraSoul\HedraSoulApprovalsApiTest.php:241

28) Tests\Feature\HedraSoul\HedraSoulInstructionsApiTest::test_post_activate_sets_active_and_archives_previous
BadMethodCallException: Call to undefined method App\Models\SoulyInstructionVersion::factory()

C:\Users\hedra\Desktop\Sourcecode\NexusV2\Nexus-backend\vendor\laravel\framework\src\Illuminate\Support\Traits\ForwardsCalls.php:67
C:\Users\hedra\Desktop\Sourcecode\NexusV2\Nexus-backend\vendor\laravel\framework\src\Illuminate\Support\Traits\ForwardsCalls.php:36
C:\Users\hedra\Desktop\Sourcecode\NexusV2\Nexus-backend\vendor\laravel\framework\src\Illuminate\Database\Eloquent\Model.php:2809
C:\Users\hedra\Desktop\Sourcecode\NexusV2\Nexus-backend\vendor\laravel\framework\src\Illuminate\Database\Eloquent\Model.php:2825
C:\Users\hedra\Desktop\Sourcecode\NexusV2\Nexus-backend\tests\Feature\HedraSoul\HedraSoulInstructionsApiTest.php:48

29) Tests\Feature\HedraSoul\HedraSoulInstructionsApiTest::test_post_activate_returns_202_when_autonomy_expands
BadMethodCallException: Call to undefined method App\Models\SoulyInstructionVersion::factory()

C:\Users\hedra\Desktop\Sourcecode\NexusV2\Nexus-backend\vendor\laravel\framework\src\Illuminate\Support\Traits\ForwardsCalls.php:67
C:\Users\hedra\Desktop\Sourcecode\NexusV2\Nexus-backend\vendor\laravel\framework\src\Illuminate\Support\Traits\ForwardsCalls.php:36
C:\Users\hedra\Desktop\Sourcecode\NexusV2\Nexus-backend\vendor\laravel\framework\src\Illuminate\Database\Eloquent\Model.php:2809
C:\Users\hedra\Desktop\Sourcecode\NexusV2\Nexus-backend\vendor\laravel\framework\src\Illuminate\Database\Eloquent\Model.php:2825
C:\Users\hedra\Desktop\Sourcecode\NexusV2\Nexus-backend\tests\Feature\HedraSoul\HedraSoulInstructionsApiTest.php:82

30) Tests\Feature\HedraSoul\HedraSoulInstructionsApiTest::test_post_rollback_restores_prior_version
BadMethodCallException: Call to undefined method App\Models\SoulyInstructionVersion::factory()

C:\Users\hedra\Desktop\Sourcecode\NexusV2\Nexus-backend\vendor\laravel\framework\src\Illuminate\Support\Traits\ForwardsCalls.php:67
C:\Users\hedra\Desktop\Sourcecode\NexusV2\Nexus-backend\vendor\laravel\framework\src\Illuminate\Support\Traits\ForwardsCalls.php:36
C:\Users\hedra\Desktop\Sourcecode\NexusV2\Nexus-backend\vendor\laravel\framework\src\Illuminate\Database\Eloquent\Model.php:2809
C:\Users\hedra\Desktop\Sourcecode\NexusV2\Nexus-backend\vendor\laravel\framework\src\Illuminate\Database\Eloquent\Model.php:2825
C:\Users\hedra\Desktop\Sourcecode\NexusV2\Nexus-backend\tests\Feature\HedraSoul\HedraSoulInstructionsApiTest.php:99

31) Tests\Feature\HedraSoul\HedraSoulInstructionsApiTest::test_post_test_returns_response_no_side_effects
BadMethodCallException: Call to undefined method App\Models\SoulyInstructionVersion::factory()

C:\Users\hedra\Desktop\Sourcecode\NexusV2\Nexus-backend\vendor\laravel\framework\src\Illuminate\Support\Traits\ForwardsCalls.php:67
C:\Users\hedra\Desktop\Sourcecode\NexusV2\Nexus-backend\vendor\laravel\framework\src\Illuminate\Support\Traits\ForwardsCalls.php:36
C:\Users\hedra\Desktop\Sourcecode\NexusV2\Nexus-backend\vendor\laravel\framework\src\Illuminate\Database\Eloquent\Model.php:2809
C:\Users\hedra\Desktop\Sourcecode\NexusV2\Nexus-backend\vendor\laravel\framework\src\Illuminate\Database\Eloquent\Model.php:2825
C:\Users\hedra\Desktop\Sourcecode\NexusV2\Nexus-backend\tests\Feature\HedraSoul\HedraSoulInstructionsApiTest.php:126

32) Tests\Feature\HedraSoul\HedraSoulInstructionsApiTest::test_get_instructions_returns_list
BadMethodCallException: Call to undefined method App\Models\SoulyInstructionVersion::factory()

C:\Users\hedra\Desktop\Sourcecode\NexusV2\Nexus-backend\vendor\laravel\framework\src\Illuminate\Support\Traits\ForwardsCalls.php:67
C:\Users\hedra\Desktop\Sourcecode\NexusV2\Nexus-backend\vendor\laravel\framework\src\Illuminate\Support\Traits\ForwardsCalls.php:36
C:\Users\hedra\Desktop\Sourcecode\NexusV2\Nexus-backend\vendor\laravel\framework\src\Illuminate\Database\Eloquent\Model.php:2809
C:\Users\hedra\Desktop\Sourcecode\NexusV2\Nexus-backend\vendor\laravel\framework\src\Illuminate\Database\Eloquent\Model.php:2825
C:\Users\hedra\Desktop\Sourcecode\NexusV2\Nexus-backend\tests\Feature\HedraSoul\HedraSoulInstructionsApiTest.php:153

33) Tests\Feature\HedraSoul\HedraSoulInstructionsApiTest::test_get_instruction_by_id_returns_version_and_diff
BadMethodCallException: Call to undefined method App\Models\SoulyInstructionVersion::factory()

C:\Users\hedra\Desktop\Sourcecode\NexusV2\Nexus-backend\vendor\laravel\framework\src\Illuminate\Support\Traits\ForwardsCalls.php:67
C:\Users\hedra\Desktop\Sourcecode\NexusV2\Nexus-backend\vendor\laravel\framework\src\Illuminate\Support\Traits\ForwardsCalls.php:36
C:\Users\hedra\Desktop\Sourcecode\NexusV2\Nexus-backend\vendor\laravel\framework\src\Illuminate\Database\Eloquent\Model.php:2809
C:\Users\hedra\Desktop\Sourcecode\NexusV2\Nexus-backend\vendor\laravel\framework\src\Illuminate\Database\Eloquent\Model.php:2825
C:\Users\hedra\Desktop\Sourcecode\NexusV2\Nexus-backend\tests\Feature\HedraSoul\HedraSoulInstructionsApiTest.php:170

34) Tests\Feature\HedraSoul\HedraSoulInstructionsApiTest::test_patch_instruction_updates_draft
BadMethodCallException: Call to undefined method App\Models\SoulyInstructionVersion::factory()

C:\Users\hedra\Desktop\Sourcecode\NexusV2\Nexus-backend\vendor\laravel\framework\src\Illuminate\Support\Traits\ForwardsCalls.php:67
C:\Users\hedra\Desktop\Sourcecode\NexusV2\Nexus-backend\vendor\laravel\framework\src\Illuminate\Support\Traits\ForwardsCalls.php:36
C:\Users\hedra\Desktop\Sourcecode\NexusV2\Nexus-backend\vendor\laravel\framework\src\Illuminate\Database\Eloquent\Model.php:2809
C:\Users\hedra\Desktop\Sourcecode\NexusV2\Nexus-backend\vendor\laravel\framework\src\Illuminate\Database\Eloquent\Model.php:2825
C:\Users\hedra\Desktop\Sourcecode\NexusV2\Nexus-backend\tests\Feature\HedraSoul\HedraSoulInstructionsApiTest.php:187

35) Tests\Feature\HedraSoul\HedraSoulInstructionsApiTest::test_patch_instruction_cannot_update_active_version
BadMethodCallException: Call to undefined method App\Models\SoulyInstructionVersion::factory()

C:\Users\hedra\Desktop\Sourcecode\NexusV2\Nexus-backend\vendor\laravel\framework\src\Illuminate\Support\Traits\ForwardsCalls.php:67
C:\Users\hedra\Desktop\Sourcecode\NexusV2\Nexus-backend\vendor\laravel\framework\src\Illuminate\Support\Traits\ForwardsCalls.php:36
C:\Users\hedra\Desktop\Sourcecode\NexusV2\Nexus-backend\vendor\laravel\framework\src\Illuminate\Database\Eloquent\Model.php:2809
C:\Users\hedra\Desktop\Sourcecode\NexusV2\Nexus-backend\vendor\laravel\framework\src\Illuminate\Database\Eloquent\Model.php:2825
C:\Users\hedra\Desktop\Sourcecode\NexusV2\Nexus-backend\tests\Feature\HedraSoul\HedraSoulInstructionsApiTest.php:210

36) Tests\Feature\HedraSoul\HedraSoulInstructionsApiTest::test_instructions_endpoints_return_401_without_auth
BadMethodCallException: Call to undefined method App\Models\SoulyInstructionVersion::factory()

C:\Users\hedra\Desktop\Sourcecode\NexusV2\Nexus-backend\vendor\laravel\framework\src\Illuminate\Support\Traits\ForwardsCalls.php:67
C:\Users\hedra\Desktop\Sourcecode\NexusV2\Nexus-backend\vendor\laravel\framework\src\Illuminate\Support\Traits\ForwardsCalls.php:36
C:\Users\hedra\Desktop\Sourcecode\NexusV2\Nexus-backend\vendor\laravel\framework\src\Illuminate\Database\Eloquent\Model.php:2809
C:\Users\hedra\Desktop\Sourcecode\NexusV2\Nexus-backend\vendor\laravel\framework\src\Illuminate\Database\Eloquent\Model.php:2825
C:\Users\hedra\Desktop\Sourcecode\NexusV2\Nexus-backend\tests\Feature\HedraSoul\HedraSoulInstructionsApiTest.php:227

37) Tests\Feature\HedraSoul\HedraSoulMemoriesApiTest::test_post_memory_approve_sets_approved_status
BadMethodCallException: Call to undefined method App\Models\HedraMemorySuggestion::factory()

C:\Users\hedra\Desktop\Sourcecode\NexusV2\Nexus-backend\vendor\laravel\framework\src\Illuminate\Support\Traits\ForwardsCalls.php:67
C:\Users\hedra\Desktop\Sourcecode\NexusV2\Nexus-backend\vendor\laravel\framework\src\Illuminate\Support\Traits\ForwardsCalls.php:36
C:\Users\hedra\Desktop\Sourcecode\NexusV2\Nexus-backend\vendor\laravel\framework\src\Illuminate\Database\Eloquent\Model.php:2809
C:\Users\hedra\Desktop\Sourcecode\NexusV2\Nexus-backend\vendor\laravel\framework\src\Illuminate\Database\Eloquent\Model.php:2825
C:\Users\hedra\Desktop\Sourcecode\NexusV2\Nexus-backend\tests\Feature\HedraSoul\HedraSoulMemoriesApiTest.php:28

38) Tests\Feature\HedraSoul\HedraSoulMemoriesApiTest::test_post_memory_approve_creates_profile_fact
BadMethodCallException: Call to undefined method App\Models\HedraMemorySuggestion::factory()

C:\Users\hedra\Desktop\Sourcecode\NexusV2\Nexus-backend\vendor\laravel\framework\src\Illuminate\Support\Traits\ForwardsCalls.php:67
C:\Users\hedra\Desktop\Sourcecode\NexusV2\Nexus-backend\vendor\laravel\framework\src\Illuminate\Support\Traits\ForwardsCalls.php:36
C:\Users\hedra\Desktop\Sourcecode\NexusV2\Nexus-backend\vendor\laravel\framework\src\Illuminate\Database\Eloquent\Model.php:2809
C:\Users\hedra\Desktop\Sourcecode\NexusV2\Nexus-backend\vendor\laravel\framework\src\Illuminate\Database\Eloquent\Model.php:2825
C:\Users\hedra\Desktop\Sourcecode\NexusV2\Nexus-backend\tests\Feature\HedraSoul\HedraSoulMemoriesApiTest.php:49

39) Tests\Feature\HedraSoul\HedraSoulMemoriesApiTest::test_post_memory_reject_sets_rejected_status
BadMethodCallException: Call to undefined method App\Models\HedraMemorySuggestion::factory()

C:\Users\hedra\Desktop\Sourcecode\NexusV2\Nexus-backend\vendor\laravel\framework\src\Illuminate\Support\Traits\ForwardsCalls.php:67
C:\Users\hedra\Desktop\Sourcecode\NexusV2\Nexus-backend\vendor\laravel\framework\src\Illuminate\Support\Traits\ForwardsCalls.php:36
C:\Users\hedra\Desktop\Sourcecode\NexusV2\Nexus-backend\vendor\laravel\framework\src\Illuminate\Database\Eloquent\Model.php:2809
C:\Users\hedra\Desktop\Sourcecode\NexusV2\Nexus-backend\vendor\laravel\framework\src\Illuminate\Database\Eloquent\Model.php:2825
C:\Users\hedra\Desktop\Sourcecode\NexusV2\Nexus-backend\tests\Feature\HedraSoul\HedraSoulMemoriesApiTest.php:70

40) Tests\Feature\HedraSoul\HedraSoulMemoriesApiTest::test_post_memory_reject_creates_no_fact
BadMethodCallException: Call to undefined method App\Models\HedraMemorySuggestion::factory()

C:\Users\hedra\Desktop\Sourcecode\NexusV2\Nexus-backend\vendor\laravel\framework\src\Illuminate\Support\Traits\ForwardsCalls.php:67
C:\Users\hedra\Desktop\Sourcecode\NexusV2\Nexus-backend\vendor\laravel\framework\src\Illuminate\Support\Traits\ForwardsCalls.php:36
C:\Users\hedra\Desktop\Sourcecode\NexusV2\Nexus-backend\vendor\laravel\framework\src\Illuminate\Database\Eloquent\Model.php:2809
C:\Users\hedra\Desktop\Sourcecode\NexusV2\Nexus-backend\vendor\laravel\framework\src\Illuminate\Database\Eloquent\Model.php:2825
C:\Users\hedra\Desktop\Sourcecode\NexusV2\Nexus-backend\tests\Feature\HedraSoul\HedraSoulMemoriesApiTest.php:91

41) Tests\Feature\HedraSoul\HedraSoulMemoriesApiTest::test_get_memories_returns_facts_and_suggestions
BadMethodCallException: Call to undefined method App\Models\HedraProfileFact::factory()

C:\Users\hedra\Desktop\Sourcecode\NexusV2\Nexus-backend\vendor\laravel\framework\src\Illuminate\Support\Traits\ForwardsCalls.php:67
C:\Users\hedra\Desktop\Sourcecode\NexusV2\Nexus-backend\vendor\laravel\framework\src\Illuminate\Support\Traits\ForwardsCalls.php:36
C:\Users\hedra\Desktop\Sourcecode\NexusV2\Nexus-backend\vendor\laravel\framework\src\Illuminate\Database\Eloquent\Model.php:2809
C:\Users\hedra\Desktop\Sourcecode\NexusV2\Nexus-backend\vendor\laravel\framework\src\Illuminate\Database\Eloquent\Model.php:2825
C:\Users\hedra\Desktop\Sourcecode\NexusV2\Nexus-backend\tests\Feature\HedraSoul\HedraSoulMemoriesApiTest.php:110

42) Tests\Feature\HedraSoul\HedraSoulMemoriesApiTest::test_get_memories_supports_status_filter
BadMethodCallException: Call to undefined method App\Models\HedraProfileFact::factory()

C:\Users\hedra\Desktop\Sourcecode\NexusV2\Nexus-backend\vendor\laravel\framework\src\Illuminate\Support\Traits\ForwardsCalls.php:67
C:\Users\hedra\Desktop\Sourcecode\NexusV2\Nexus-backend\vendor\laravel\framework\src\Illuminate\Support\Traits\ForwardsCalls.php:36
C:\Users\hedra\Desktop\Sourcecode\NexusV2\Nexus-backend\vendor\laravel\framework\src\Illuminate\Database\Eloquent\Model.php:2809
C:\Users\hedra\Desktop\Sourcecode\NexusV2\Nexus-backend\vendor\laravel\framework\src\Illuminate\Database\Eloquent\Model.php:2825
C:\Users\hedra\Desktop\Sourcecode\NexusV2\Nexus-backend\tests\Feature\HedraSoul\HedraSoulMemoriesApiTest.php:128

43) Tests\Feature\HedraSoul\HedraSoulMemoriesApiTest::test_get_memories_supports_type_filter
BadMethodCallException: Call to undefined method App\Models\HedraProfileFact::factory()

C:\Users\hedra\Desktop\Sourcecode\NexusV2\Nexus-backend\vendor\laravel\framework\src\Illuminate\Support\Traits\ForwardsCalls.php:67
C:\Users\hedra\Desktop\Sourcecode\NexusV2\Nexus-backend\vendor\laravel\framework\src\Illuminate\Support\Traits\ForwardsCalls.php:36
C:\Users\hedra\Desktop\Sourcecode\NexusV2\Nexus-backend\vendor\laravel\framework\src\Illuminate\Database\Eloquent\Model.php:2809
C:\Users\hedra\Desktop\Sourcecode\NexusV2\Nexus-backend\vendor\laravel\framework\src\Illuminate\Database\Eloquent\Model.php:2825
C:\Users\hedra\Desktop\Sourcecode\NexusV2\Nexus-backend\tests\Feature\HedraSoul\HedraSoulMemoriesApiTest.php:143

44) Tests\Feature\HedraSoul\HedraSoulMemoriesApiTest::test_patch_memory_updates_fact
BadMethodCallException: Call to undefined method App\Models\HedraProfileFact::factory()

C:\Users\hedra\Desktop\Sourcecode\NexusV2\Nexus-backend\vendor\laravel\framework\src\Illuminate\Support\Traits\ForwardsCalls.php:67
C:\Users\hedra\Desktop\Sourcecode\NexusV2\Nexus-backend\vendor\laravel\framework\src\Illuminate\Support\Traits\ForwardsCalls.php:36
C:\Users\hedra\Desktop\Sourcecode\NexusV2\Nexus-backend\vendor\laravel\framework\src\Illuminate\Database\Eloquent\Model.php:2809
C:\Users\hedra\Desktop\Sourcecode\NexusV2\Nexus-backend\vendor\laravel\framework\src\Illuminate\Database\Eloquent\Model.php:2825
C:\Users\hedra\Desktop\Sourcecode\NexusV2\Nexus-backend\tests\Feature\HedraSoul\HedraSoulMemoriesApiTest.php:182

45) Tests\Feature\HedraSoul\HedraSoulMemoriesApiTest::test_post_memory_approve_returns_401_without_auth
BadMethodCallException: Call to undefined method App\Models\HedraMemorySuggestion::factory()

C:\Users\hedra\Desktop\Sourcecode\NexusV2\Nexus-backend\vendor\laravel\framework\src\Illuminate\Support\Traits\ForwardsCalls.php:67
C:\Users\hedra\Desktop\Sourcecode\NexusV2\Nexus-backend\vendor\laravel\framework\src\Illuminate\Support\Traits\ForwardsCalls.php:36
C:\Users\hedra\Desktop\Sourcecode\NexusV2\Nexus-backend\vendor\laravel\framework\src\Illuminate\Database\Eloquent\Model.php:2809
C:\Users\hedra\Desktop\Sourcecode\NexusV2\Nexus-backend\vendor\laravel\framework\src\Illuminate\Database\Eloquent\Model.php:2825
C:\Users\hedra\Desktop\Sourcecode\NexusV2\Nexus-backend\tests\Feature\HedraSoul\HedraSoulMemoriesApiTest.php:231

46) Tests\Feature\HedraSoul\HedraSoulMemoriesApiTest::test_post_memory_reject_returns_401_without_auth
BadMethodCallException: Call to undefined method App\Models\HedraMemorySuggestion::factory()

C:\Users\hedra\Desktop\Sourcecode\NexusV2\Nexus-backend\vendor\laravel\framework\src\Illuminate\Support\Traits\ForwardsCalls.php:67
C:\Users\hedra\Desktop\Sourcecode\NexusV2\Nexus-backend\vendor\laravel\framework\src\Illuminate\Support\Traits\ForwardsCalls.php:36
C:\Users\hedra\Desktop\Sourcecode\NexusV2\Nexus-backend\vendor\laravel\framework\src\Illuminate\Database\Eloquent\Model.php:2809
C:\Users\hedra\Desktop\Sourcecode\NexusV2\Nexus-backend\vendor\laravel\framework\src\Illuminate\Database\Eloquent\Model.php:2825
C:\Users\hedra\Desktop\Sourcecode\NexusV2\Nexus-backend\tests\Feature\HedraSoul\HedraSoulMemoriesApiTest.php:243

47) Tests\Feature\HedraSoul\HedraSoulMemoriesApiTest::test_patch_memory_returns_401_without_auth
BadMethodCallException: Call to undefined method App\Models\HedraProfileFact::factory()

C:\Users\hedra\Desktop\Sourcecode\NexusV2\Nexus-backend\vendor\laravel\framework\src\Illuminate\Support\Traits\ForwardsCalls.php:67
C:\Users\hedra\Desktop\Sourcecode\NexusV2\Nexus-backend\vendor\laravel\framework\src\Illuminate\Support\Traits\ForwardsCalls.php:36
C:\Users\hedra\Desktop\Sourcecode\NexusV2\Nexus-backend\vendor\laravel\framework\src\Illuminate\Database\Eloquent\Model.php:2809
C:\Users\hedra\Desktop\Sourcecode\NexusV2\Nexus-backend\vendor\laravel\framework\src\Illuminate\Database\Eloquent\Model.php:2825
C:\Users\hedra\Desktop\Sourcecode\NexusV2\Nexus-backend\tests\Feature\HedraSoul\HedraSoulMemoriesApiTest.php:279

48) Tests\Feature\HedraSoul\HedraSoulMessageApiTest::test_post_message_saves_record_and_returns_202
BadMethodCallException: Call to undefined method App\Models\HedrasoulSession::factory()

C:\Users\hedra\Desktop\Sourcecode\NexusV2\Nexus-backend\vendor\laravel\framework\src\Illuminate\Support\Traits\ForwardsCalls.php:67
C:\Users\hedra\Desktop\Sourcecode\NexusV2\Nexus-backend\vendor\laravel\framework\src\Illuminate\Support\Traits\ForwardsCalls.php:36
C:\Users\hedra\Desktop\Sourcecode\NexusV2\Nexus-backend\vendor\laravel\framework\src\Illuminate\Database\Eloquent\Model.php:2809
C:\Users\hedra\Desktop\Sourcecode\NexusV2\Nexus-backend\vendor\laravel\framework\src\Illuminate\Database\Eloquent\Model.php:2825
C:\Users\hedra\Desktop\Sourcecode\NexusV2\Nexus-backend\tests\Feature\HedraSoul\HedraSoulMessageApiTest.php:26

49) Tests\Feature\HedraSoul\HedraSoulMessageApiTest::test_process_hedrasoul_message_job_is_dispatched
BadMethodCallException: Call to undefined method App\Models\HedrasoulSession::factory()

C:\Users\hedra\Desktop\Sourcecode\NexusV2\Nexus-backend\vendor\laravel\framework\src\Illuminate\Support\Traits\ForwardsCalls.php:67
C:\Users\hedra\Desktop\Sourcecode\NexusV2\Nexus-backend\vendor\laravel\framework\src\Illuminate\Support\Traits\ForwardsCalls.php:36
C:\Users\hedra\Desktop\Sourcecode\NexusV2\Nexus-backend\vendor\laravel\framework\src\Illuminate\Database\Eloquent\Model.php:2809
C:\Users\hedra\Desktop\Sourcecode\NexusV2\Nexus-backend\vendor\laravel\framework\src\Illuminate\Database\Eloquent\Model.php:2825
C:\Users\hedra\Desktop\Sourcecode\NexusV2\Nexus-backend\tests\Feature\HedraSoul\HedraSoulMessageApiTest.php:26

50) Tests\Feature\HedraSoul\HedraSoulMessageApiTest::test_get_session_messages_returns_paginated_messages
BadMethodCallException: Call to undefined method App\Models\HedrasoulSession::factory()

C:\Users\hedra\Desktop\Sourcecode\NexusV2\Nexus-backend\vendor\laravel\framework\src\Illuminate\Support\Traits\ForwardsCalls.php:67
C:\Users\hedra\Desktop\Sourcecode\NexusV2\Nexus-backend\vendor\laravel\framework\src\Illuminate\Support\Traits\ForwardsCalls.php:36
C:\Users\hedra\Desktop\Sourcecode\NexusV2\Nexus-backend\vendor\laravel\framework\src\Illuminate\Database\Eloquent\Model.php:2809
C:\Users\hedra\Desktop\Sourcecode\NexusV2\Nexus-backend\vendor\laravel\framework\src\Illuminate\Database\Eloquent\Model.php:2825
C:\Users\hedra\Desktop\Sourcecode\NexusV2\Nexus-backend\tests\Feature\HedraSoul\HedraSoulMessageApiTest.php:26

51) Tests\Feature\HedraSoul\HedraSoulMessageApiTest::test_get_message_trace_returns_trace_or_404
BadMethodCallException: Call to undefined method App\Models\HedrasoulSession::factory()

C:\Users\hedra\Desktop\Sourcecode\NexusV2\Nexus-backend\vendor\laravel\framework\src\Illuminate\Support\Traits\ForwardsCalls.php:67
C:\Users\hedra\Desktop\Sourcecode\NexusV2\Nexus-backend\vendor\laravel\framework\src\Illuminate\Support\Traits\ForwardsCalls.php:36
C:\Users\hedra\Desktop\Sourcecode\NexusV2\Nexus-backend\vendor\laravel\framework\src\Illuminate\Database\Eloquent\Model.php:2809
C:\Users\hedra\Desktop\Sourcecode\NexusV2\Nexus-backend\vendor\laravel\framework\src\Illuminate\Database\Eloquent\Model.php:2825
C:\Users\hedra\Desktop\Sourcecode\NexusV2\Nexus-backend\tests\Feature\HedraSoul\HedraSoulMessageApiTest.php:26

52) Tests\Feature\HedraSoul\HedraSoulMessageApiTest::test_get_message_trace_returns_404_when_trace_not_found
BadMethodCallException: Call to undefined method App\Models\HedrasoulSession::factory()

C:\Users\hedra\Desktop\Sourcecode\NexusV2\Nexus-backend\vendor\laravel\framework\src\Illuminate\Support\Traits\ForwardsCalls.php:67
C:\Users\hedra\Desktop\Sourcecode\NexusV2\Nexus-backend\vendor\laravel\framework\src\Illuminate\Support\Traits\ForwardsCalls.php:36
C:\Users\hedra\Desktop\Sourcecode\NexusV2\Nexus-backend\vendor\laravel\framework\src\Illuminate\Database\Eloquent\Model.php:2809
C:\Users\hedra\Desktop\Sourcecode\NexusV2\Nexus-backend\vendor\laravel\framework\src\Illuminate\Database\Eloquent\Model.php:2825
C:\Users\hedra\Desktop\Sourcecode\NexusV2\Nexus-backend\tests\Feature\HedraSoul\HedraSoulMessageApiTest.php:26

53) Tests\Feature\HedraSoul\HedraSoulMessageApiTest::test_get_message_context_returns_context_snapshot_or_404
BadMethodCallException: Call to undefined method App\Models\HedrasoulSession::factory()

C:\Users\hedra\Desktop\Sourcecode\NexusV2\Nexus-backend\vendor\laravel\framework\src\Illuminate\Support\Traits\ForwardsCalls.php:67
C:\Users\hedra\Desktop\Sourcecode\NexusV2\Nexus-backend\vendor\laravel\framework\src\Illuminate\Support\Traits\ForwardsCalls.php:36
C:\Users\hedra\Desktop\Sourcecode\NexusV2\Nexus-backend\vendor\laravel\framework\src\Illuminate\Database\Eloquent\Model.php:2809
C:\Users\hedra\Desktop\Sourcecode\NexusV2\Nexus-backend\vendor\laravel\framework\src\Illuminate\Database\Eloquent\Model.php:2825
C:\Users\hedra\Desktop\Sourcecode\NexusV2\Nexus-backend\tests\Feature\HedraSoul\HedraSoulMessageApiTest.php:26

54) Tests\Feature\HedraSoul\HedraSoulMessageApiTest::test_get_message_context_returns_404_when_context_not_found
BadMethodCallException: Call to undefined method App\Models\HedrasoulSession::factory()

C:\Users\hedra\Desktop\Sourcecode\NexusV2\Nexus-backend\vendor\laravel\framework\src\Illuminate\Support\Traits\ForwardsCalls.php:67
C:\Users\hedra\Desktop\Sourcecode\NexusV2\Nexus-backend\vendor\laravel\framework\src\Illuminate\Support\Traits\ForwardsCalls.php:36
C:\Users\hedra\Desktop\Sourcecode\NexusV2\Nexus-backend\vendor\laravel\framework\src\Illuminate\Database\Eloquent\Model.php:2809
C:\Users\hedra\Desktop\Sourcecode\NexusV2\Nexus-backend\vendor\laravel\framework\src\Illuminate\Database\Eloquent\Model.php:2825
C:\Users\hedra\Desktop\Sourcecode\NexusV2\Nexus-backend\tests\Feature\HedraSoul\HedraSoulMessageApiTest.php:26

55) Tests\Feature\HedraSoul\HedraSoulMessageApiTest::test_post_message_returns_401_without_auth
BadMethodCallException: Call to undefined method App\Models\HedrasoulSession::factory()

C:\Users\hedra\Desktop\Sourcecode\NexusV2\Nexus-backend\vendor\laravel\framework\src\Illuminate\Support\Traits\ForwardsCalls.php:67
C:\Users\hedra\Desktop\Sourcecode\NexusV2\Nexus-backend\vendor\laravel\framework\src\Illuminate\Support\Traits\ForwardsCalls.php:36
C:\Users\hedra\Desktop\Sourcecode\NexusV2\Nexus-backend\vendor\laravel\framework\src\Illuminate\Database\Eloquent\Model.php:2809
C:\Users\hedra\Desktop\Sourcecode\NexusV2\Nexus-backend\vendor\laravel\framework\src\Illuminate\Database\Eloquent\Model.php:2825
C:\Users\hedra\Desktop\Sourcecode\NexusV2\Nexus-backend\tests\Feature\HedraSoul\HedraSoulMessageApiTest.php:26

56) Tests\Feature\HedraSoul\HedraSoulMessageApiTest::test_get_session_messages_returns_401_without_auth
BadMethodCallException: Call to undefined method App\Models\HedrasoulSession::factory()

C:\Users\hedra\Desktop\Sourcecode\NexusV2\Nexus-backend\vendor\laravel\framework\src\Illuminate\Support\Traits\ForwardsCalls.php:67
C:\Users\hedra\Desktop\Sourcecode\NexusV2\Nexus-backend\vendor\laravel\framework\src\Illuminate\Support\Traits\ForwardsCalls.php:36
C:\Users\hedra\Desktop\Sourcecode\NexusV2\Nexus-backend\vendor\laravel\framework\src\Illuminate\Database\Eloquent\Model.php:2809
C:\Users\hedra\Desktop\Sourcecode\NexusV2\Nexus-backend\vendor\laravel\framework\src\Illuminate\Database\Eloquent\Model.php:2825
C:\Users\hedra\Desktop\Sourcecode\NexusV2\Nexus-backend\tests\Feature\HedraSoul\HedraSoulMessageApiTest.php:26

57) Tests\Feature\HedraSoul\HedraSoulMessageApiTest::test_get_message_trace_returns_401_without_auth
BadMethodCallException: Call to undefined method App\Models\HedrasoulSession::factory()

C:\Users\hedra\Desktop\Sourcecode\NexusV2\Nexus-backend\vendor\laravel\framework\src\Illuminate\Support\Traits\ForwardsCalls.php:67
C:\Users\hedra\Desktop\Sourcecode\NexusV2\Nexus-backend\vendor\laravel\framework\src\Illuminate\Support\Traits\ForwardsCalls.php:36
C:\Users\hedra\Desktop\Sourcecode\NexusV2\Nexus-backend\vendor\laravel\framework\src\Illuminate\Database\Eloquent\Model.php:2809
C:\Users\hedra\Desktop\Sourcecode\NexusV2\Nexus-backend\vendor\laravel\framework\src\Illuminate\Database\Eloquent\Model.php:2825
C:\Users\hedra\Desktop\Sourcecode\NexusV2\Nexus-backend\tests\Feature\HedraSoul\HedraSoulMessageApiTest.php:26

58) Tests\Feature\HedraSoul\HedraSoulMessageApiTest::test_get_message_context_returns_401_without_auth
BadMethodCallException: Call to undefined method App\Models\HedrasoulSession::factory()

C:\Users\hedra\Desktop\Sourcecode\NexusV2\Nexus-backend\vendor\laravel\framework\src\Illuminate\Support\Traits\ForwardsCalls.php:67
C:\Users\hedra\Desktop\Sourcecode\NexusV2\Nexus-backend\vendor\laravel\framework\src\Illuminate\Support\Traits\ForwardsCalls.php:36
C:\Users\hedra\Desktop\Sourcecode\NexusV2\Nexus-backend\vendor\laravel\framework\src\Illuminate\Database\Eloquent\Model.php:2809
C:\Users\hedra\Desktop\Sourcecode\NexusV2\Nexus-backend\vendor\laravel\framework\src\Illuminate\Database\Eloquent\Model.php:2825
C:\Users\hedra\Desktop\Sourcecode\NexusV2\Nexus-backend\tests\Feature\HedraSoul\HedraSoulMessageApiTest.php:26

59) Tests\Feature\HedraSoul\HedraSoulSessionApiTest::test_get_hedrasoul_sessions_returns_paginated_list_for_user
BadMethodCallException: Call to undefined method App\Models\HedrasoulSession::factory()

C:\Users\hedra\Desktop\Sourcecode\NexusV2\Nexus-backend\vendor\laravel\framework\src\Illuminate\Support\Traits\ForwardsCalls.php:67
C:\Users\hedra\Desktop\Sourcecode\NexusV2\Nexus-backend\vendor\laravel\framework\src\Illuminate\Support\Traits\ForwardsCalls.php:36
C:\Users\hedra\Desktop\Sourcecode\NexusV2\Nexus-backend\vendor\laravel\framework\src\Illuminate\Database\Eloquent\Model.php:2809
C:\Users\hedra\Desktop\Sourcecode\NexusV2\Nexus-backend\vendor\laravel\framework\src\Illuminate\Database\Eloquent\Model.php:2825
C:\Users\hedra\Desktop\Sourcecode\NexusV2\Nexus-backend\tests\Feature\HedraSoul\HedraSoulSessionApiTest.php:49

60) Tests\Feature\HedraSoul\HedraSoulSessionApiTest::test_get_hedrasoul_session_by_id_returns_data_or_404
BadMethodCallException: Call to undefined method App\Models\HedrasoulSession::factory()

C:\Users\hedra\Desktop\Sourcecode\NexusV2\Nexus-backend\vendor\laravel\framework\src\Illuminate\Support\Traits\ForwardsCalls.php:67
C:\Users\hedra\Desktop\Sourcecode\NexusV2\Nexus-backend\vendor\laravel\framework\src\Illuminate\Support\Traits\ForwardsCalls.php:36
C:\Users\hedra\Desktop\Sourcecode\NexusV2\Nexus-backend\vendor\laravel\framework\src\Illuminate\Database\Eloquent\Model.php:2809
C:\Users\hedra\Desktop\Sourcecode\NexusV2\Nexus-backend\vendor\laravel\framework\src\Illuminate\Database\Eloquent\Model.php:2825
C:\Users\hedra\Desktop\Sourcecode\NexusV2\Nexus-backend\tests\Feature\HedraSoul\HedraSoulSessionApiTest.php:66

61) Tests\Feature\HedraSoul\HedraSoulSessionApiTest::test_patch_hedrasoul_session_updates_title_and_returns_200
BadMethodCallException: Call to undefined method App\Models\HedrasoulSession::factory()

C:\Users\hedra\Desktop\Sourcecode\NexusV2\Nexus-backend\vendor\laravel\framework\src\Illuminate\Support\Traits\ForwardsCalls.php:67
C:\Users\hedra\Desktop\Sourcecode\NexusV2\Nexus-backend\vendor\laravel\framework\src\Illuminate\Support\Traits\ForwardsCalls.php:36
C:\Users\hedra\Desktop\Sourcecode\NexusV2\Nexus-backend\vendor\laravel\framework\src\Illuminate\Database\Eloquent\Model.php:2809
C:\Users\hedra\Desktop\Sourcecode\NexusV2\Nexus-backend\vendor\laravel\framework\src\Illuminate\Database\Eloquent\Model.php:2825
C:\Users\hedra\Desktop\Sourcecode\NexusV2\Nexus-backend\tests\Feature\HedraSoul\HedraSoulSessionApiTest.php:91

62) Tests\Feature\HedraSoul\HedraSoulSessionApiTest::test_post_hedrasoul_session_archive_sets_status_archived_and_returns_200
BadMethodCallException: Call to undefined method App\Models\HedrasoulSession::factory()

C:\Users\hedra\Desktop\Sourcecode\NexusV2\Nexus-backend\vendor\laravel\framework\src\Illuminate\Support\Traits\ForwardsCalls.php:67
C:\Users\hedra\Desktop\Sourcecode\NexusV2\Nexus-backend\vendor\laravel\framework\src\Illuminate\Support\Traits\ForwardsCalls.php:36
C:\Users\hedra\Desktop\Sourcecode\NexusV2\Nexus-backend\vendor\laravel\framework\src\Illuminate\Database\Eloquent\Model.php:2809
C:\Users\hedra\Desktop\Sourcecode\NexusV2\Nexus-backend\vendor\laravel\framework\src\Illuminate\Database\Eloquent\Model.php:2825
C:\Users\hedra\Desktop\Sourcecode\NexusV2\Nexus-backend\tests\Feature\HedraSoul\HedraSoulSessionApiTest.php:115

63) Tests\Feature\HedraSoul\HedraSoulSessionApiTest::test_get_hedrasoul_session_by_id_returns_401_without_auth
BadMethodCallException: Call to undefined method App\Models\HedrasoulSession::factory()

C:\Users\hedra\Desktop\Sourcecode\NexusV2\Nexus-backend\vendor\laravel\framework\src\Illuminate\Support\Traits\ForwardsCalls.php:67
C:\Users\hedra\Desktop\Sourcecode\NexusV2\Nexus-backend\vendor\laravel\framework\src\Illuminate\Support\Traits\ForwardsCalls.php:36
C:\Users\hedra\Desktop\Sourcecode\NexusV2\Nexus-backend\vendor\laravel\framework\src\Illuminate\Database\Eloquent\Model.php:2809
C:\Users\hedra\Desktop\Sourcecode\NexusV2\Nexus-backend\vendor\laravel\framework\src\Illuminate\Database\Eloquent\Model.php:2825
C:\Users\hedra\Desktop\Sourcecode\NexusV2\Nexus-backend\tests\Feature\HedraSoul\HedraSoulSessionApiTest.php:158

64) Tests\Feature\HedraSoul\HedraSoulSessionApiTest::test_patch_hedrasoul_session_returns_401_without_auth
BadMethodCallException: Call to undefined method App\Models\HedrasoulSession::factory()

C:\Users\hedra\Desktop\Sourcecode\NexusV2\Nexus-backend\vendor\laravel\framework\src\Illuminate\Support\Traits\ForwardsCalls.php:67
C:\Users\hedra\Desktop\Sourcecode\NexusV2\Nexus-backend\vendor\laravel\framework\src\Illuminate\Support\Traits\ForwardsCalls.php:36
C:\Users\hedra\Desktop\Sourcecode\NexusV2\Nexus-backend\vendor\laravel\framework\src\Illuminate\Database\Eloquent\Model.php:2809
C:\Users\hedra\Desktop\Sourcecode\NexusV2\Nexus-backend\vendor\laravel\framework\src\Illuminate\Database\Eloquent\Model.php:2825
C:\Users\hedra\Desktop\Sourcecode\NexusV2\Nexus-backend\tests\Feature\HedraSoul\HedraSoulSessionApiTest.php:170

65) Tests\Feature\HedraSoul\HedraSoulSessionApiTest::test_post_hedrasoul_session_archive_returns_401_without_auth
BadMethodCallException: Call to undefined method App\Models\HedrasoulSession::factory()

C:\Users\hedra\Desktop\Sourcecode\NexusV2\Nexus-backend\vendor\laravel\framework\src\Illuminate\Support\Traits\ForwardsCalls.php:67
C:\Users\hedra\Desktop\Sourcecode\NexusV2\Nexus-backend\vendor\laravel\framework\src\Illuminate\Support\Traits\ForwardsCalls.php:36
C:\Users\hedra\Desktop\Sourcecode\NexusV2\Nexus-backend\vendor\laravel\framework\src\Illuminate\Database\Eloquent\Model.php:2809
C:\Users\hedra\Desktop\Sourcecode\NexusV2\Nexus-backend\vendor\laravel\framework\src\Illuminate\Database\Eloquent\Model.php:2825
C:\Users\hedra\Desktop\Sourcecode\NexusV2\Nexus-backend\tests\Feature\HedraSoul\HedraSoulSessionApiTest.php:184

66) Tests\Feature\HedraSoul\HedraSoulSoulyControlApiTest::test_post_quarantine_sets_quarantine_true_returns_200
BadMethodCallException: Call to undefined method App\Models\SoulyRuntimeProfile::factory()

C:\Users\hedra\Desktop\Sourcecode\NexusV2\Nexus-backend\vendor\laravel\framework\src\Illuminate\Support\Traits\ForwardsCalls.php:67
C:\Users\hedra\Desktop\Sourcecode\NexusV2\Nexus-backend\vendor\laravel\framework\src\Illuminate\Support\Traits\ForwardsCalls.php:36
C:\Users\hedra\Desktop\Sourcecode\NexusV2\Nexus-backend\vendor\laravel\framework\src\Illuminate\Database\Eloquent\Model.php:2809
C:\Users\hedra\Desktop\Sourcecode\NexusV2\Nexus-backend\vendor\laravel\framework\src\Illuminate\Database\Eloquent\Model.php:2825
C:\Users\hedra\Desktop\Sourcecode\NexusV2\Nexus-backend\tests\Feature\HedraSoul\HedraSoulSoulyControlApiTest.php:30

67) Tests\Feature\HedraSoul\HedraSoulSoulyControlApiTest::test_post_resume_sets_quarantine_false_returns_200
BadMethodCallException: Call to undefined method App\Models\SoulyRuntimeProfile::factory()

C:\Users\hedra\Desktop\Sourcecode\NexusV2\Nexus-backend\vendor\laravel\framework\src\Illuminate\Support\Traits\ForwardsCalls.php:67
C:\Users\hedra\Desktop\Sourcecode\NexusV2\Nexus-backend\vendor\laravel\framework\src\Illuminate\Support\Traits\ForwardsCalls.php:36
C:\Users\hedra\Desktop\Sourcecode\NexusV2\Nexus-backend\vendor\laravel\framework\src\Illuminate\Database\Eloquent\Model.php:2809
C:\Users\hedra\Desktop\Sourcecode\NexusV2\Nexus-backend\vendor\laravel\framework\src\Illuminate\Database\Eloquent\Model.php:2825
C:\Users\hedra\Desktop\Sourcecode\NexusV2\Nexus-backend\tests\Feature\HedraSoul\HedraSoulSoulyControlApiTest.php:49

68) Tests\Feature\HedraSoul\HedraSoulSoulyControlApiTest::test_patch_autonomy_updates_mode
BadMethodCallException: Call to undefined method App\Models\SoulyRuntimeProfile::factory()

C:\Users\hedra\Desktop\Sourcecode\NexusV2\Nexus-backend\vendor\laravel\framework\src\Illuminate\Support\Traits\ForwardsCalls.php:67
C:\Users\hedra\Desktop\Sourcecode\NexusV2\Nexus-backend\vendor\laravel\framework\src\Illuminate\Support\Traits\ForwardsCalls.php:36
C:\Users\hedra\Desktop\Sourcecode\NexusV2\Nexus-backend\vendor\laravel\framework\src\Illuminate\Database\Eloquent\Model.php:2809
C:\Users\hedra\Desktop\Sourcecode\NexusV2\Nexus-backend\vendor\laravel\framework\src\Illuminate\Database\Eloquent\Model.php:2825
C:\Users\hedra\Desktop\Sourcecode\NexusV2\Nexus-backend\tests\Feature\HedraSoul\HedraSoulSoulyControlApiTest.php:68

69) Tests\Feature\HedraSoul\HedraSoulSoulyControlApiTest::test_patch_autonomy_broadcasts_event
BadMethodCallException: Call to undefined method App\Models\SoulyRuntimeProfile::factory()

C:\Users\hedra\Desktop\Sourcecode\NexusV2\Nexus-backend\vendor\laravel\framework\src\Illuminate\Support\Traits\ForwardsCalls.php:67
C:\Users\hedra\Desktop\Sourcecode\NexusV2\Nexus-backend\vendor\laravel\framework\src\Illuminate\Support\Traits\ForwardsCalls.php:36
C:\Users\hedra\Desktop\Sourcecode\NexusV2\Nexus-backend\vendor\laravel\framework\src\Illuminate\Database\Eloquent\Model.php:2809
C:\Users\hedra\Desktop\Sourcecode\NexusV2\Nexus-backend\vendor\laravel\framework\src\Illuminate\Database\Eloquent\Model.php:2825
C:\Users\hedra\Desktop\Sourcecode\NexusV2\Nexus-backend\tests\Feature\HedraSoul\HedraSoulSoulyControlApiTest.php:92

70) Tests\Feature\HedraSoul\HedraSoulSoulyControlApiTest::test_patch_model_with_valid_id_updates_and_returns_200
BadMethodCallException: Call to undefined method App\Models\SoulyRuntimeProfile::factory()

C:\Users\hedra\Desktop\Sourcecode\NexusV2\Nexus-backend\vendor\laravel\framework\src\Illuminate\Support\Traits\ForwardsCalls.php:67
C:\Users\hedra\Desktop\Sourcecode\NexusV2\Nexus-backend\vendor\laravel\framework\src\Illuminate\Support\Traits\ForwardsCalls.php:36
C:\Users\hedra\Desktop\Sourcecode\NexusV2\Nexus-backend\vendor\laravel\framework\src\Illuminate\Database\Eloquent\Model.php:2809
C:\Users\hedra\Desktop\Sourcecode\NexusV2\Nexus-backend\vendor\laravel\framework\src\Illuminate\Database\Eloquent\Model.php:2825
C:\Users\hedra\Desktop\Sourcecode\NexusV2\Nexus-backend\tests\Feature\HedraSoul\HedraSoulSoulyControlApiTest.php:109

71) Tests\Feature\HedraSoul\HedraSoulSoulyControlApiTest::test_patch_model_with_invalid_id_returns_422
BadMethodCallException: Call to undefined method App\Models\SoulyRuntimeProfile::factory()

C:\Users\hedra\Desktop\Sourcecode\NexusV2\Nexus-backend\vendor\laravel\framework\src\Illuminate\Support\Traits\ForwardsCalls.php:67
C:\Users\hedra\Desktop\Sourcecode\NexusV2\Nexus-backend\vendor\laravel\framework\src\Illuminate\Support\Traits\ForwardsCalls.php:36
C:\Users\hedra\Desktop\Sourcecode\NexusV2\Nexus-backend\vendor\laravel\framework\src\Illuminate\Database\Eloquent\Model.php:2809
C:\Users\hedra\Desktop\Sourcecode\NexusV2\Nexus-backend\vendor\laravel\framework\src\Illuminate\Database\Eloquent\Model.php:2825
C:\Users\hedra\Desktop\Sourcecode\NexusV2\Nexus-backend\tests\Feature\HedraSoul\HedraSoulSoulyControlApiTest.php:130

72) Tests\Feature\HedraSoul\HedraSoulSoulyControlApiTest::test_get_status_returns_runtime_profile_200
BadMethodCallException: Call to undefined method App\Models\SoulyRuntimeProfile::factory()

C:\Users\hedra\Desktop\Sourcecode\NexusV2\Nexus-backend\vendor\laravel\framework\src\Illuminate\Support\Traits\ForwardsCalls.php:67
C:\Users\hedra\Desktop\Sourcecode\NexusV2\Nexus-backend\vendor\laravel\framework\src\Illuminate\Support\Traits\ForwardsCalls.php:36
C:\Users\hedra\Desktop\Sourcecode\NexusV2\Nexus-backend\vendor\laravel\framework\src\Illuminate\Database\Eloquent\Model.php:2809
C:\Users\hedra\Desktop\Sourcecode\NexusV2\Nexus-backend\vendor\laravel\framework\src\Illuminate\Database\Eloquent\Model.php:2825
C:\Users\hedra\Desktop\Sourcecode\NexusV2\Nexus-backend\tests\Feature\HedraSoul\HedraSoulSoulyControlApiTest.php:145

73) Tests\Feature\HedraSoul\HedraSoulSoulyControlApiTest::test_post_simulate_returns_result_without_side_effects
BadMethodCallException: Call to undefined method App\Models\SoulyRuntimeProfile::factory()

C:\Users\hedra\Desktop\Sourcecode\NexusV2\Nexus-backend\vendor\laravel\framework\src\Illuminate\Support\Traits\ForwardsCalls.php:67
C:\Users\hedra\Desktop\Sourcecode\NexusV2\Nexus-backend\vendor\laravel\framework\src\Illuminate\Support\Traits\ForwardsCalls.php:36
C:\Users\hedra\Desktop\Sourcecode\NexusV2\Nexus-backend\vendor\laravel\framework\src\Illuminate\Database\Eloquent\Model.php:2809
C:\Users\hedra\Desktop\Sourcecode\NexusV2\Nexus-backend\vendor\laravel\framework\src\Illuminate\Database\Eloquent\Model.php:2825
C:\Users\hedra\Desktop\Sourcecode\NexusV2\Nexus-backend\tests\Feature\HedraSoul\HedraSoulSoulyControlApiTest.php:163

74) Tests\Feature\HedraSoul\HedraSoulSoulyControlApiTest::test_patch_autonomy_with_invalid_mode_returns_422
BadMethodCallException: Call to undefined method App\Models\SoulyRuntimeProfile::factory()

C:\Users\hedra\Desktop\Sourcecode\NexusV2\Nexus-backend\vendor\laravel\framework\src\Illuminate\Support\Traits\ForwardsCalls.php:67
C:\Users\hedra\Desktop\Sourcecode\NexusV2\Nexus-backend\vendor\laravel\framework\src\Illuminate\Support\Traits\ForwardsCalls.php:36
C:\Users\hedra\Desktop\Sourcecode\NexusV2\Nexus-backend\vendor\laravel\framework\src\Illuminate\Database\Eloquent\Model.php:2809
C:\Users\hedra\Desktop\Sourcecode\NexusV2\Nexus-backend\vendor\laravel\framework\src\Illuminate\Database\Eloquent\Model.php:2825
C:\Users\hedra\Desktop\Sourcecode\NexusV2\Nexus-backend\tests\Feature\HedraSoul\HedraSoulSoulyControlApiTest.php:257

75) Tests\Feature\HedraSoul\HedraSoulSoulyControlApiTest::test_patch_autonomy_accepts_all_valid_modes
BadMethodCallException: Call to undefined method App\Models\SoulyRuntimeProfile::factory()

C:\Users\hedra\Desktop\Sourcecode\NexusV2\Nexus-backend\vendor\laravel\framework\src\Illuminate\Support\Traits\ForwardsCalls.php:67
C:\Users\hedra\Desktop\Sourcecode\NexusV2\Nexus-backend\vendor\laravel\framework\src\Illuminate\Support\Traits\ForwardsCalls.php:36
C:\Users\hedra\Desktop\Sourcecode\NexusV2\Nexus-backend\vendor\laravel\framework\src\Illuminate\Database\Eloquent\Model.php:2809
C:\Users\hedra\Desktop\Sourcecode\NexusV2\Nexus-backend\vendor\laravel\framework\src\Illuminate\Database\Eloquent\Model.php:2825
C:\Users\hedra\Desktop\Sourcecode\NexusV2\Nexus-backend\tests\Feature\HedraSoul\HedraSoulSoulyControlApiTest.php:275

76) Tests\Feature\Http\AgentsHubTest::test_logs_returns_paginated_runtime_logs
Illuminate\Database\QueryException: SQLSTATE[23000]: Integrity constraint violation: 19 NOT NULL constraint failed: agent_runtime_logs.id (Connection: sqlite, Database: :memory:, SQL: insert into "agent_runtime_logs" ("agent_id", "trace_id", "step", "input", "output", "duration_ms", "updated_at", "created_at") values (1, c30bd070-e523-414c-a5da-83ee4c052f3f, completed, {"task":"test"}, {"result":"ok"}, 100, 2026-06-24 04:28:47, 2026-06-24 04:28:47))

C:\Users\hedra\Desktop\Sourcecode\NexusV2\Nexus-backend\vendor\laravel\framework\src\Illuminate\Database\Connection.php:857
C:\Users\hedra\Desktop\Sourcecode\NexusV2\Nexus-backend\vendor\laravel\framework\src\Illuminate\Database\Connection.php:813
C:\Users\hedra\Desktop\Sourcecode\NexusV2\Nexus-backend\vendor\laravel\framework\src\Illuminate\Database\Connection.php:590
C:\Users\hedra\Desktop\Sourcecode\NexusV2\Nexus-backend\vendor\laravel\framework\src\Illuminate\Database\Connection.php:554
C:\Users\hedra\Desktop\Sourcecode\NexusV2\Nexus-backend\vendor\laravel\framework\src\Illuminate\Database\Query\Processors\Processor.php:32
C:\Users\hedra\Desktop\Sourcecode\NexusV2\Nexus-backend\vendor\laravel\framework\src\Illuminate\Database\Query\Builder.php:4257
C:\Users\hedra\Desktop\Sourcecode\NexusV2\Nexus-backend\vendor\laravel\framework\src\Illuminate\Database\Eloquent\Builder.php:2271
C:\Users\hedra\Desktop\Sourcecode\NexusV2\Nexus-backend\vendor\laravel\framework\src\Illuminate\Database\Eloquent\Model.php:1662
C:\Users\hedra\Desktop\Sourcecode\NexusV2\Nexus-backend\vendor\laravel\framework\src\Illuminate\Database\Eloquent\Model.php:1578
C:\Users\hedra\Desktop\Sourcecode\NexusV2\Nexus-backend\vendor\laravel\framework\src\Illuminate\Database\Eloquent\Model.php:1382
C:\Users\hedra\Desktop\Sourcecode\NexusV2\Nexus-backend\vendor\laravel\framework\src\Illuminate\Database\Eloquent\Builder.php:1225
C:\Users\hedra\Desktop\Sourcecode\NexusV2\Nexus-backend\vendor\laravel\framework\src\Illuminate\Support\helpers.php:393
C:\Users\hedra\Desktop\Sourcecode\NexusV2\Nexus-backend\vendor\laravel\framework\src\Illuminate\Database\Eloquent\Builder.php:1224
C:\Users\hedra\Desktop\Sourcecode\NexusV2\Nexus-backend\vendor\laravel\framework\src\Illuminate\Support\Traits\ForwardsCalls.php:23
C:\Users\hedra\Desktop\Sourcecode\NexusV2\Nexus-backend\vendor\laravel\framework\src\Illuminate\Database\Eloquent\Model.php:2809
C:\Users\hedra\Desktop\Sourcecode\NexusV2\Nexus-backend\vendor\laravel\framework\src\Illuminate\Database\Eloquent\Model.php:2825
C:\Users\hedra\Desktop\Sourcecode\NexusV2\Nexus-backend\tests\Feature\Http\AgentsHubTest.php:397

Caused by
PDOException: SQLSTATE[23000]: Integrity constraint violation: 19 NOT NULL constraint failed: agent_runtime_logs.id

C:\Users\hedra\Desktop\Sourcecode\NexusV2\Nexus-backend\vendor\laravel\framework\src\Illuminate\Database\Connection.php:601
C:\Users\hedra\Desktop\Sourcecode\NexusV2\Nexus-backend\vendor\laravel\framework\src\Illuminate\Database\Connection.php:846
C:\Users\hedra\Desktop\Sourcecode\NexusV2\Nexus-backend\vendor\laravel\framework\src\Illuminate\Database\Connection.php:813
C:\Users\hedra\Desktop\Sourcecode\NexusV2\Nexus-backend\vendor\laravel\framework\src\Illuminate\Database\Connection.php:590
C:\Users\hedra\Desktop\Sourcecode\NexusV2\Nexus-backend\vendor\laravel\framework\src\Illuminate\Database\Connection.php:554
C:\Users\hedra\Desktop\Sourcecode\NexusV2\Nexus-backend\vendor\laravel\framework\src\Illuminate\Database\Query\Processors\Processor.php:32
C:\Users\hedra\Desktop\Sourcecode\NexusV2\Nexus-backend\vendor\laravel\framework\src\Illuminate\Database\Query\Builder.php:4257
C:\Users\hedra\Desktop\Sourcecode\NexusV2\Nexus-backend\vendor\laravel\framework\src\Illuminate\Database\Eloquent\Builder.php:2271
C:\Users\hedra\Desktop\Sourcecode\NexusV2\Nexus-backend\vendor\laravel\framework\src\Illuminate\Database\Eloquent\Model.php:1662
C:\Users\hedra\Desktop\Sourcecode\NexusV2\Nexus-backend\vendor\laravel\framework\src\Illuminate\Database\Eloquent\Model.php:1578
C:\Users\hedra\Desktop\Sourcecode\NexusV2\Nexus-backend\vendor\laravel\framework\src\Illuminate\Database\Eloquent\Model.php:1382
C:\Users\hedra\Desktop\Sourcecode\NexusV2\Nexus-backend\vendor\laravel\framework\src\Illuminate\Database\Eloquent\Builder.php:1225
C:\Users\hedra\Desktop\Sourcecode\NexusV2\Nexus-backend\vendor\laravel\framework\src\Illuminate\Support\helpers.php:393
C:\Users\hedra\Desktop\Sourcecode\NexusV2\Nexus-backend\vendor\laravel\framework\src\Illuminate\Database\Eloquent\Builder.php:1224
C:\Users\hedra\Desktop\Sourcecode\NexusV2\Nexus-backend\vendor\laravel\framework\src\Illuminate\Support\Traits\ForwardsCalls.php:23
C:\Users\hedra\Desktop\Sourcecode\NexusV2\Nexus-backend\vendor\laravel\framework\src\Illuminate\Database\Eloquent\Model.php:2809
C:\Users\hedra\Desktop\Sourcecode\NexusV2\Nexus-backend\vendor\laravel\framework\src\Illuminate\Database\Eloquent\Model.php:2825
C:\Users\hedra\Desktop\Sourcecode\NexusV2\Nexus-backend\tests\Feature\Http\AgentsHubTest.php:397

77) Tests\Feature\Http\Controllers\SettingsHubAdminControllerTest::test_dashboard_overview_returns_statistics
Illuminate\Database\QueryException: SQLSTATE[HY000]: General error: 1 table users has no column named role (Connection: sqlite, Database: :memory:, SQL: insert into "users" ("name", "email", "email_verified_at", "password", "remember_token", "role", "updated_at", "created_at") values (Haven Bahringer, ritchie.tate@example.com, 2026-06-24 04:28:48, $2y$04$nJRlDBFZ3IKxEF2J0UiRyuzaNsYlTzL1H4yHXjAygBEGAggoU9VqO, O8U7bnXU6z, super_admin, 2026-06-24 04:28:48, 2026-06-24 04:28:48))

C:\Users\hedra\Desktop\Sourcecode\NexusV2\Nexus-backend\vendor\laravel\framework\src\Illuminate\Database\Connection.php:857
C:\Users\hedra\Desktop\Sourcecode\NexusV2\Nexus-backend\vendor\laravel\framework\src\Illuminate\Database\Connection.php:813
C:\Users\hedra\Desktop\Sourcecode\NexusV2\Nexus-backend\vendor\laravel\framework\src\Illuminate\Database\Connection.php:590
C:\Users\hedra\Desktop\Sourcecode\NexusV2\Nexus-backend\vendor\laravel\framework\src\Illuminate\Database\Connection.php:554
C:\Users\hedra\Desktop\Sourcecode\NexusV2\Nexus-backend\vendor\laravel\framework\src\Illuminate\Database\Query\Processors\Processor.php:32
C:\Users\hedra\Desktop\Sourcecode\NexusV2\Nexus-backend\vendor\laravel\framework\src\Illuminate\Database\Query\Builder.php:4257
C:\Users\hedra\Desktop\Sourcecode\NexusV2\Nexus-backend\vendor\laravel\framework\src\Illuminate\Database\Eloquent\Builder.php:2271
C:\Users\hedra\Desktop\Sourcecode\NexusV2\Nexus-backend\vendor\laravel\framework\src\Illuminate\Database\Eloquent\Model.php:1662
C:\Users\hedra\Desktop\Sourcecode\NexusV2\Nexus-backend\vendor\laravel\framework\src\Illuminate\Database\Eloquent\Model.php:1578
C:\Users\hedra\Desktop\Sourcecode\NexusV2\Nexus-backend\vendor\laravel\framework\src\Illuminate\Database\Eloquent\Model.php:1382
C:\Users\hedra\Desktop\Sourcecode\NexusV2\Nexus-backend\vendor\laravel\framework\src\Illuminate\Database\Eloquent\Factories\Factory.php:379
C:\Users\hedra\Desktop\Sourcecode\NexusV2\Nexus-backend\vendor\laravel\framework\src\Illuminate\Collections\Traits\EnumeratesValues.php:275
C:\Users\hedra\Desktop\Sourcecode\NexusV2\Nexus-backend\vendor\laravel\framework\src\Illuminate\Database\Eloquent\Factories\Factory.php:374
C:\Users\hedra\Desktop\Sourcecode\NexusV2\Nexus-backend\vendor\laravel\framework\src\Illuminate\Database\Eloquent\Factories\Factory.php:330
C:\Users\hedra\Desktop\Sourcecode\NexusV2\Nexus-backend\vendor\laravel\framework\src\Illuminate\Database\Eloquent\Factories\Factory.php:324
C:\Users\hedra\Desktop\Sourcecode\NexusV2\Nexus-backend\tests\Feature\Http\Controllers\SettingsHubAdminControllerTest.php:25

Caused by
PDOException: SQLSTATE[HY000]: General error: 1 table users has no column named role

C:\Users\hedra\Desktop\Sourcecode\NexusV2\Nexus-backend\vendor\laravel\framework\src\Illuminate\Database\Connection.php:595
C:\Users\hedra\Desktop\Sourcecode\NexusV2\Nexus-backend\vendor\laravel\framework\src\Illuminate\Database\Connection.php:846
C:\Users\hedra\Desktop\Sourcecode\NexusV2\Nexus-backend\vendor\laravel\framework\src\Illuminate\Database\Connection.php:813
C:\Users\hedra\Desktop\Sourcecode\NexusV2\Nexus-backend\vendor\laravel\framework\src\Illuminate\Database\Connection.php:590
C:\Users\hedra\Desktop\Sourcecode\NexusV2\Nexus-backend\vendor\laravel\framework\src\Illuminate\Database\Connection.php:554
C:\Users\hedra\Desktop\Sourcecode\NexusV2\Nexus-backend\vendor\laravel\framework\src\Illuminate\Database\Query\Processors\Processor.php:32
C:\Users\hedra\Desktop\Sourcecode\NexusV2\Nexus-backend\vendor\laravel\framework\src\Illuminate\Database\Query\Builder.php:4257
C:\Users\hedra\Desktop\Sourcecode\NexusV2\Nexus-backend\vendor\laravel\framework\src\Illuminate\Database\Eloquent\Builder.php:2271
C:\Users\hedra\Desktop\Sourcecode\NexusV2\Nexus-backend\vendor\laravel\framework\src\Illuminate\Database\Eloquent\Model.php:1662
C:\Users\hedra\Desktop\Sourcecode\NexusV2\Nexus-backend\vendor\laravel\framework\src\Illuminate\Database\Eloquent\Model.php:1578
C:\Users\hedra\Desktop\Sourcecode\NexusV2\Nexus-backend\vendor\laravel\framework\src\Illuminate\Database\Eloquent\Model.php:1382
C:\Users\hedra\Desktop\Sourcecode\NexusV2\Nexus-backend\vendor\laravel\framework\src\Illuminate\Database\Eloquent\Factories\Factory.php:379
C:\Users\hedra\Desktop\Sourcecode\NexusV2\Nexus-backend\vendor\laravel\framework\src\Illuminate\Collections\Traits\EnumeratesValues.php:275
C:\Users\hedra\Desktop\Sourcecode\NexusV2\Nexus-backend\vendor\laravel\framework\src\Illuminate\Database\Eloquent\Factories\Factory.php:374
C:\Users\hedra\Desktop\Sourcecode\NexusV2\Nexus-backend\vendor\laravel\framework\src\Illuminate\Database\Eloquent\Factories\Factory.php:330
C:\Users\hedra\Desktop\Sourcecode\NexusV2\Nexus-backend\vendor\laravel\framework\src\Illuminate\Database\Eloquent\Factories\Factory.php:324
C:\Users\hedra\Desktop\Sourcecode\NexusV2\Nexus-backend\tests\Feature\Http\Controllers\SettingsHubAdminControllerTest.php:25

78) Tests\Feature\Http\Controllers\SettingsHubAdminControllerTest::test_dashboard_overview_requires_authorization
Illuminate\Database\QueryException: SQLSTATE[HY000]: General error: 1 table users has no column named role (Connection: sqlite, Database: :memory:, SQL: insert into "users" ("name", "email", "email_verified_at", "password", "remember_token", "role", "updated_at", "created_at") values (Emile Kuphal, rice.gordon@example.net, 2026-06-24 04:28:49, $2y$04$nJRlDBFZ3IKxEF2J0UiRyuzaNsYlTzL1H4yHXjAygBEGAggoU9VqO, WLQwxWubbC, super_admin, 2026-06-24 04:28:49, 2026-06-24 04:28:49))

C:\Users\hedra\Desktop\Sourcecode\NexusV2\Nexus-backend\vendor\laravel\framework\src\Illuminate\Database\Connection.php:857
C:\Users\hedra\Desktop\Sourcecode\NexusV2\Nexus-backend\vendor\laravel\framework\src\Illuminate\Database\Connection.php:813
C:\Users\hedra\Desktop\Sourcecode\NexusV2\Nexus-backend\vendor\laravel\framework\src\Illuminate\Database\Connection.php:590
C:\Users\hedra\Desktop\Sourcecode\NexusV2\Nexus-backend\vendor\laravel\framework\src\Illuminate\Database\Connection.php:554
C:\Users\hedra\Desktop\Sourcecode\NexusV2\Nexus-backend\vendor\laravel\framework\src\Illuminate\Database\Query\Processors\Processor.php:32
C:\Users\hedra\Desktop\Sourcecode\NexusV2\Nexus-backend\vendor\laravel\framework\src\Illuminate\Database\Query\Builder.php:4257
C:\Users\hedra\Desktop\Sourcecode\NexusV2\Nexus-backend\vendor\laravel\framework\src\Illuminate\Database\Eloquent\Builder.php:2271
C:\Users\hedra\Desktop\Sourcecode\NexusV2\Nexus-backend\vendor\laravel\framework\src\Illuminate\Database\Eloquent\Model.php:1662
C:\Users\hedra\Desktop\Sourcecode\NexusV2\Nexus-backend\vendor\laravel\framework\src\Illuminate\Database\Eloquent\Model.php:1578
C:\Users\hedra\Desktop\Sourcecode\NexusV2\Nexus-backend\vendor\laravel\framework\src\Illuminate\Database\Eloquent\Model.php:1382
C:\Users\hedra\Desktop\Sourcecode\NexusV2\Nexus-backend\vendor\laravel\framework\src\Illuminate\Database\Eloquent\Factories\Factory.php:379
C:\Users\hedra\Desktop\Sourcecode\NexusV2\Nexus-backend\vendor\laravel\framework\src\Illuminate\Collections\Traits\EnumeratesValues.php:275
C:\Users\hedra\Desktop\Sourcecode\NexusV2\Nexus-backend\vendor\laravel\framework\src\Illuminate\Database\Eloquent\Factories\Factory.php:374
C:\Users\hedra\Desktop\Sourcecode\NexusV2\Nexus-backend\vendor\laravel\framework\src\Illuminate\Database\Eloquent\Factories\Factory.php:330
C:\Users\hedra\Desktop\Sourcecode\NexusV2\Nexus-backend\vendor\laravel\framework\src\Illuminate\Database\Eloquent\Factories\Factory.php:324
C:\Users\hedra\Desktop\Sourcecode\NexusV2\Nexus-backend\tests\Feature\Http\Controllers\SettingsHubAdminControllerTest.php:25

Caused by
PDOException: SQLSTATE[HY000]: General error: 1 table users has no column named role

C:\Users\hedra\Desktop\Sourcecode\NexusV2\Nexus-backend\vendor\laravel\framework\src\Illuminate\Database\Connection.php:595
C:\Users\hedra\Desktop\Sourcecode\NexusV2\Nexus-backend\vendor\laravel\framework\src\Illuminate\Database\Connection.php:846
C:\Users\hedra\Desktop\Sourcecode\NexusV2\Nexus-backend\vendor\laravel\framework\src\Illuminate\Database\Connection.php:813
C:\Users\hedra\Desktop\Sourcecode\NexusV2\Nexus-backend\vendor\laravel\framework\src\Illuminate\Database\Connection.php:590
C:\Users\hedra\Desktop\Sourcecode\NexusV2\Nexus-backend\vendor\laravel\framework\src\Illuminate\Database\Connection.php:554
C:\Users\hedra\Desktop\Sourcecode\NexusV2\Nexus-backend\vendor\laravel\framework\src\Illuminate\Database\Query\Processors\Processor.php:32
C:\Users\hedra\Desktop\Sourcecode\NexusV2\Nexus-backend\vendor\laravel\framework\src\Illuminate\Database\Query\Builder.php:4257
C:\Users\hedra\Desktop\Sourcecode\NexusV2\Nexus-backend\vendor\laravel\framework\src\Illuminate\Database\Eloquent\Builder.php:2271
C:\Users\hedra\Desktop\Sourcecode\NexusV2\Nexus-backend\vendor\laravel\framework\src\Illuminate\Database\Eloquent\Model.php:1662
C:\Users\hedra\Desktop\Sourcecode\NexusV2\Nexus-backend\vendor\laravel\framework\src\Illuminate\Database\Eloquent\Model.php:1578
C:\Users\hedra\Desktop\Sourcecode\NexusV2\Nexus-backend\vendor\laravel\framework\src\Illuminate\Database\Eloquent\Model.php:1382
C:\Users\hedra\Desktop\Sourcecode\NexusV2\Nexus-backend\vendor\laravel\framework\src\Illuminate\Database\Eloquent\Factories\Factory.php:379
C:\Users\hedra\Desktop\Sourcecode\NexusV2\Nexus-backend\vendor\laravel\framework\src\Illuminate\Collections\Traits\EnumeratesValues.php:275
C:\Users\hedra\Desktop\Sourcecode\NexusV2\Nexus-backend\vendor\laravel\framework\src\Illuminate\Database\Eloquent\Factories\Factory.php:374
C:\Users\hedra\Desktop\Sourcecode\NexusV2\Nexus-backend\vendor\laravel\framework\src\Illuminate\Database\Eloquent\Factories\Factory.php:330
C:\Users\hedra\Desktop\Sourcecode\NexusV2\Nexus-backend\vendor\laravel\framework\src\Illuminate\Database\Eloquent\Factories\Factory.php:324
C:\Users\hedra\Desktop\Sourcecode\NexusV2\Nexus-backend\tests\Feature\Http\Controllers\SettingsHubAdminControllerTest.php:25

79) Tests\Feature\Http\Controllers\SettingsHubAdminControllerTest::test_audit_trail_returns_logs
Illuminate\Database\QueryException: SQLSTATE[HY000]: General error: 1 table users has no column named role (Connection: sqlite, Database: :memory:, SQL: insert into "users" ("name", "email", "email_verified_at", "password", "remember_token", "role", "updated_at", "created_at") values (Prof. Mazie Boyle PhD, yohara@example.org, 2026-06-24 04:28:49, $2y$04$nJRlDBFZ3IKxEF2J0UiRyuzaNsYlTzL1H4yHXjAygBEGAggoU9VqO, D94UI2TQRl, super_admin, 2026-06-24 04:28:49, 2026-06-24 04:28:49))

C:\Users\hedra\Desktop\Sourcecode\NexusV2\Nexus-backend\vendor\laravel\framework\src\Illuminate\Database\Connection.php:857
C:\Users\hedra\Desktop\Sourcecode\NexusV2\Nexus-backend\vendor\laravel\framework\src\Illuminate\Database\Connection.php:813
C:\Users\hedra\Desktop\Sourcecode\NexusV2\Nexus-backend\vendor\laravel\framework\src\Illuminate\Database\Connection.php:590
C:\Users\hedra\Desktop\Sourcecode\NexusV2\Nexus-backend\vendor\laravel\framework\src\Illuminate\Database\Connection.php:554
C:\Users\hedra\Desktop\Sourcecode\NexusV2\Nexus-backend\vendor\laravel\framework\src\Illuminate\Database\Query\Processors\Processor.php:32
C:\Users\hedra\Desktop\Sourcecode\NexusV2\Nexus-backend\vendor\laravel\framework\src\Illuminate\Database\Query\Builder.php:4257
C:\Users\hedra\Desktop\Sourcecode\NexusV2\Nexus-backend\vendor\laravel\framework\src\Illuminate\Database\Eloquent\Builder.php:2271
C:\Users\hedra\Desktop\Sourcecode\NexusV2\Nexus-backend\vendor\laravel\framework\src\Illuminate\Database\Eloquent\Model.php:1662
C:\Users\hedra\Desktop\Sourcecode\NexusV2\Nexus-backend\vendor\laravel\framework\src\Illuminate\Database\Eloquent\Model.php:1578
C:\Users\hedra\Desktop\Sourcecode\NexusV2\Nexus-backend\vendor\laravel\framework\src\Illuminate\Database\Eloquent\Model.php:1382
C:\Users\hedra\Desktop\Sourcecode\NexusV2\Nexus-backend\vendor\laravel\framework\src\Illuminate\Database\Eloquent\Factories\Factory.php:379
C:\Users\hedra\Desktop\Sourcecode\NexusV2\Nexus-backend\vendor\laravel\framework\src\Illuminate\Collections\Traits\EnumeratesValues.php:275
C:\Users\hedra\Desktop\Sourcecode\NexusV2\Nexus-backend\vendor\laravel\framework\src\Illuminate\Database\Eloquent\Factories\Factory.php:374
C:\Users\hedra\Desktop\Sourcecode\NexusV2\Nexus-backend\vendor\laravel\framework\src\Illuminate\Database\Eloquent\Factories\Factory.php:330
C:\Users\hedra\Desktop\Sourcecode\NexusV2\Nexus-backend\vendor\laravel\framework\src\Illuminate\Database\Eloquent\Factories\Factory.php:324
C:\Users\hedra\Desktop\Sourcecode\NexusV2\Nexus-backend\tests\Feature\Http\Controllers\SettingsHubAdminControllerTest.php:25

Caused by
PDOException: SQLSTATE[HY000]: General error: 1 table users has no column named role

C:\Users\hedra\Desktop\Sourcecode\NexusV2\Nexus-backend\vendor\laravel\framework\src\Illuminate\Database\Connection.php:595
C:\Users\hedra\Desktop\Sourcecode\NexusV2\Nexus-backend\vendor\laravel\framework\src\Illuminate\Database\Connection.php:846
C:\Users\hedra\Desktop\Sourcecode\NexusV2\Nexus-backend\vendor\laravel\framework\src\Illuminate\Database\Connection.php:813
C:\Users\hedra\Desktop\Sourcecode\NexusV2\Nexus-backend\vendor\laravel\framework\src\Illuminate\Database\Connection.php:590
C:\Users\hedra\Desktop\Sourcecode\NexusV2\Nexus-backend\vendor\laravel\framework\src\Illuminate\Database\Connection.php:554
C:\Users\hedra\Desktop\Sourcecode\NexusV2\Nexus-backend\vendor\laravel\framework\src\Illuminate\Database\Query\Processors\Processor.php:32
C:\Users\hedra\Desktop\Sourcecode\NexusV2\Nexus-backend\vendor\laravel\framework\src\Illuminate\Database\Query\Builder.php:4257
C:\Users\hedra\Desktop\Sourcecode\NexusV2\Nexus-backend\vendor\laravel\framework\src\Illuminate\Database\Eloquent\Builder.php:2271
C:\Users\hedra\Desktop\Sourcecode\NexusV2\Nexus-backend\vendor\laravel\framework\src\Illuminate\Database\Eloquent\Model.php:1662
C:\Users\hedra\Desktop\Sourcecode\NexusV2\Nexus-backend\vendor\laravel\framework\src\Illuminate\Database\Eloquent\Model.php:1578
C:\Users\hedra\Desktop\Sourcecode\NexusV2\Nexus-backend\vendor\laravel\framework\src\Illuminate\Database\Eloquent\Model.php:1382
C:\Users\hedra\Desktop\Sourcecode\NexusV2\Nexus-backend\vendor\laravel\framework\src\Illuminate\Database\Eloquent\Factories\Factory.php:379
C:\Users\hedra\Desktop\Sourcecode\NexusV2\Nexus-backend\vendor\laravel\framework\src\Illuminate\Collections\Traits\EnumeratesValues.php:275
C:\Users\hedra\Desktop\Sourcecode\NexusV2\Nexus-backend\vendor\laravel\framework\src\Illuminate\Database\Eloquent\Factories\Factory.php:374
C:\Users\hedra\Desktop\Sourcecode\NexusV2\Nexus-backend\vendor\laravel\framework\src\Illuminate\Database\Eloquent\Factories\Factory.php:330
C:\Users\hedra\Desktop\Sourcecode\NexusV2\Nexus-backend\vendor\laravel\framework\src\Illuminate\Database\Eloquent\Factories\Factory.php:324
C:\Users\hedra\Desktop\Sourcecode\NexusV2\Nexus-backend\tests\Feature\Http\Controllers\SettingsHubAdminControllerTest.php:25

80) Tests\Feature\Http\Controllers\SettingsHubAdminControllerTest::test_audit_trail_filters_by_type
Illuminate\Database\QueryException: SQLSTATE[HY000]: General error: 1 table users has no column named role (Connection: sqlite, Database: :memory:, SQL: insert into "users" ("name", "email", "email_verified_at", "password", "remember_token", "role", "updated_at", "created_at") values (Isaiah Crona, katrine23@example.org, 2026-06-24 04:28:49, $2y$04$nJRlDBFZ3IKxEF2J0UiRyuzaNsYlTzL1H4yHXjAygBEGAggoU9VqO, 3ZGOWSrkeV, super_admin, 2026-06-24 04:28:49, 2026-06-24 04:28:49))

C:\Users\hedra\Desktop\Sourcecode\NexusV2\Nexus-backend\vendor\laravel\framework\src\Illuminate\Database\Connection.php:857
C:\Users\hedra\Desktop\Sourcecode\NexusV2\Nexus-backend\vendor\laravel\framework\src\Illuminate\Database\Connection.php:813
C:\Users\hedra\Desktop\Sourcecode\NexusV2\Nexus-backend\vendor\laravel\framework\src\Illuminate\Database\Connection.php:590
C:\Users\hedra\Desktop\Sourcecode\NexusV2\Nexus-backend\vendor\laravel\framework\src\Illuminate\Database\Connection.php:554
C:\Users\hedra\Desktop\Sourcecode\NexusV2\Nexus-backend\vendor\laravel\framework\src\Illuminate\Database\Query\Processors\Processor.php:32
C:\Users\hedra\Desktop\Sourcecode\NexusV2\Nexus-backend\vendor\laravel\framework\src\Illuminate\Database\Query\Builder.php:4257
C:\Users\hedra\Desktop\Sourcecode\NexusV2\Nexus-backend\vendor\laravel\framework\src\Illuminate\Database\Eloquent\Builder.php:2271
C:\Users\hedra\Desktop\Sourcecode\NexusV2\Nexus-backend\vendor\laravel\framework\src\Illuminate\Database\Eloquent\Model.php:1662
C:\Users\hedra\Desktop\Sourcecode\NexusV2\Nexus-backend\vendor\laravel\framework\src\Illuminate\Database\Eloquent\Model.php:1578
C:\Users\hedra\Desktop\Sourcecode\NexusV2\Nexus-backend\vendor\laravel\framework\src\Illuminate\Database\Eloquent\Model.php:1382
C:\Users\hedra\Desktop\Sourcecode\NexusV2\Nexus-backend\vendor\laravel\framework\src\Illuminate\Database\Eloquent\Factories\Factory.php:379
C:\Users\hedra\Desktop\Sourcecode\NexusV2\Nexus-backend\vendor\laravel\framework\src\Illuminate\Collections\Traits\EnumeratesValues.php:275
C:\Users\hedra\Desktop\Sourcecode\NexusV2\Nexus-backend\vendor\laravel\framework\src\Illuminate\Database\Eloquent\Factories\Factory.php:374
C:\Users\hedra\Desktop\Sourcecode\NexusV2\Nexus-backend\vendor\laravel\framework\src\Illuminate\Database\Eloquent\Factories\Factory.php:330
C:\Users\hedra\Desktop\Sourcecode\NexusV2\Nexus-backend\vendor\laravel\framework\src\Illuminate\Database\Eloquent\Factories\Factory.php:324
C:\Users\hedra\Desktop\Sourcecode\NexusV2\Nexus-backend\tests\Feature\Http\Controllers\SettingsHubAdminControllerTest.php:25

Caused by
PDOException: SQLSTATE[HY000]: General error: 1 table users has no column named role

C:\Users\hedra\Desktop\Sourcecode\NexusV2\Nexus-backend\vendor\laravel\framework\src\Illuminate\Database\Connection.php:595
C:\Users\hedra\Desktop\Sourcecode\NexusV2\Nexus-backend\vendor\laravel\framework\src\Illuminate\Database\Connection.php:846
C:\Users\hedra\Desktop\Sourcecode\NexusV2\Nexus-backend\vendor\laravel\framework\src\Illuminate\Database\Connection.php:813
C:\Users\hedra\Desktop\Sourcecode\NexusV2\Nexus-backend\vendor\laravel\framework\src\Illuminate\Database\Connection.php:590
C:\Users\hedra\Desktop\Sourcecode\NexusV2\Nexus-backend\vendor\laravel\framework\src\Illuminate\Database\Connection.php:554
C:\Users\hedra\Desktop\Sourcecode\NexusV2\Nexus-backend\vendor\laravel\framework\src\Illuminate\Database\Query\Processors\Processor.php:32
C:\Users\hedra\Desktop\Sourcecode\NexusV2\Nexus-backend\vendor\laravel\framework\src\Illuminate\Database\Query\Builder.php:4257
C:\Users\hedra\Desktop\Sourcecode\NexusV2\Nexus-backend\vendor\laravel\framework\src\Illuminate\Database\Eloquent\Builder.php:2271
C:\Users\hedra\Desktop\Sourcecode\NexusV2\Nexus-backend\vendor\laravel\framework\src\Illuminate\Database\Eloquent\Model.php:1662
C:\Users\hedra\Desktop\Sourcecode\NexusV2\Nexus-backend\vendor\laravel\framework\src\Illuminate\Database\Eloquent\Model.php:1578
C:\Users\hedra\Desktop\Sourcecode\NexusV2\Nexus-backend\vendor\laravel\framework\src\Illuminate\Database\Eloquent\Model.php:1382
C:\Users\hedra\Desktop\Sourcecode\NexusV2\Nexus-backend\vendor\laravel\framework\src\Illuminate\Database\Eloquent\Factories\Factory.php:379
C:\Users\hedra\Desktop\Sourcecode\NexusV2\Nexus-backend\vendor\laravel\framework\src\Illuminate\Collections\Traits\EnumeratesValues.php:275
C:\Users\hedra\Desktop\Sourcecode\NexusV2\Nexus-backend\vendor\laravel\framework\src\Illuminate\Database\Eloquent\Factories\Factory.php:374
C:\Users\hedra\Desktop\Sourcecode\NexusV2\Nexus-backend\vendor\laravel\framework\src\Illuminate\Database\Eloquent\Factories\Factory.php:330
C:\Users\hedra\Desktop\Sourcecode\NexusV2\Nexus-backend\vendor\laravel\framework\src\Illuminate\Database\Eloquent\Factories\Factory.php:324
C:\Users\hedra\Desktop\Sourcecode\NexusV2\Nexus-backend\tests\Feature\Http\Controllers\SettingsHubAdminControllerTest.php:25

81) Tests\Feature\Http\Controllers\SettingsHubAdminControllerTest::test_compliance_status_checks_critical_settings
Illuminate\Database\QueryException: SQLSTATE[HY000]: General error: 1 table users has no column named role (Connection: sqlite, Database: :memory:, SQL: insert into "users" ("name", "email", "email_verified_at", "password", "remember_token", "role", "updated_at", "created_at") values (Amani Huel, ufadel@example.net, 2026-06-24 04:28:49, $2y$04$nJRlDBFZ3IKxEF2J0UiRyuzaNsYlTzL1H4yHXjAygBEGAggoU9VqO, Ju2NrqJQmW, super_admin, 2026-06-24 04:28:49, 2026-06-24 04:28:49))

C:\Users\hedra\Desktop\Sourcecode\NexusV2\Nexus-backend\vendor\laravel\framework\src\Illuminate\Database\Connection.php:857
C:\Users\hedra\Desktop\Sourcecode\NexusV2\Nexus-backend\vendor\laravel\framework\src\Illuminate\Database\Connection.php:813
C:\Users\hedra\Desktop\Sourcecode\NexusV2\Nexus-backend\vendor\laravel\framework\src\Illuminate\Database\Connection.php:590
C:\Users\hedra\Desktop\Sourcecode\NexusV2\Nexus-backend\vendor\laravel\framework\src\Illuminate\Database\Connection.php:554
C:\Users\hedra\Desktop\Sourcecode\NexusV2\Nexus-backend\vendor\laravel\framework\src\Illuminate\Database\Query\Processors\Processor.php:32
C:\Users\hedra\Desktop\Sourcecode\NexusV2\Nexus-backend\vendor\laravel\framework\src\Illuminate\Database\Query\Builder.php:4257
C:\Users\hedra\Desktop\Sourcecode\NexusV2\Nexus-backend\vendor\laravel\framework\src\Illuminate\Database\Eloquent\Builder.php:2271
C:\Users\hedra\Desktop\Sourcecode\NexusV2\Nexus-backend\vendor\laravel\framework\src\Illuminate\Database\Eloquent\Model.php:1662
C:\Users\hedra\Desktop\Sourcecode\NexusV2\Nexus-backend\vendor\laravel\framework\src\Illuminate\Database\Eloquent\Model.php:1578
C:\Users\hedra\Desktop\Sourcecode\NexusV2\Nexus-backend\vendor\laravel\framework\src\Illuminate\Database\Eloquent\Model.php:1382
C:\Users\hedra\Desktop\Sourcecode\NexusV2\Nexus-backend\vendor\laravel\framework\src\Illuminate\Database\Eloquent\Factories\Factory.php:379
C:\Users\hedra\Desktop\Sourcecode\NexusV2\Nexus-backend\vendor\laravel\framework\src\Illuminate\Collections\Traits\EnumeratesValues.php:275
C:\Users\hedra\Desktop\Sourcecode\NexusV2\Nexus-backend\vendor\laravel\framework\src\Illuminate\Database\Eloquent\Factories\Factory.php:374
C:\Users\hedra\Desktop\Sourcecode\NexusV2\Nexus-backend\vendor\laravel\framework\src\Illuminate\Database\Eloquent\Factories\Factory.php:330
C:\Users\hedra\Desktop\Sourcecode\NexusV2\Nexus-backend\vendor\laravel\framework\src\Illuminate\Database\Eloquent\Factories\Factory.php:324
C:\Users\hedra\Desktop\Sourcecode\NexusV2\Nexus-backend\tests\Feature\Http\Controllers\SettingsHubAdminControllerTest.php:25

Caused by
PDOException: SQLSTATE[HY000]: General error: 1 table users has no column named role

C:\Users\hedra\Desktop\Sourcecode\NexusV2\Nexus-backend\vendor\laravel\framework\src\Illuminate\Database\Connection.php:595
C:\Users\hedra\Desktop\Sourcecode\NexusV2\Nexus-backend\vendor\laravel\framework\src\Illuminate\Database\Connection.php:846
C:\Users\hedra\Desktop\Sourcecode\NexusV2\Nexus-backend\vendor\laravel\framework\src\Illuminate\Database\Connection.php:813
C:\Users\hedra\Desktop\Sourcecode\NexusV2\Nexus-backend\vendor\laravel\framework\src\Illuminate\Database\Connection.php:590
C:\Users\hedra\Desktop\Sourcecode\NexusV2\Nexus-backend\vendor\laravel\framework\src\Illuminate\Database\Connection.php:554
C:\Users\hedra\Desktop\Sourcecode\NexusV2\Nexus-backend\vendor\laravel\framework\src\Illuminate\Database\Query\Processors\Processor.php:32
C:\Users\hedra\Desktop\Sourcecode\NexusV2\Nexus-backend\vendor\laravel\framework\src\Illuminate\Database\Query\Builder.php:4257
C:\Users\hedra\Desktop\Sourcecode\NexusV2\Nexus-backend\vendor\laravel\framework\src\Illuminate\Database\Eloquent\Builder.php:2271
C:\Users\hedra\Desktop\Sourcecode\NexusV2\Nexus-backend\vendor\laravel\framework\src\Illuminate\Database\Eloquent\Model.php:1662
C:\Users\hedra\Desktop\Sourcecode\NexusV2\Nexus-backend\vendor\laravel\framework\src\Illuminate\Database\Eloquent\Model.php:1578
C:\Users\hedra\Desktop\Sourcecode\NexusV2\Nexus-backend\vendor\laravel\framework\src\Illuminate\Database\Eloquent\Model.php:1382
C:\Users\hedra\Desktop\Sourcecode\NexusV2\Nexus-backend\vendor\laravel\framework\src\Illuminate\Database\Eloquent\Factories\Factory.php:379
C:\Users\hedra\Desktop\Sourcecode\NexusV2\Nexus-backend\vendor\laravel\framework\src\Illuminate\Collections\Traits\EnumeratesValues.php:275
C:\Users\hedra\Desktop\Sourcecode\NexusV2\Nexus-backend\vendor\laravel\framework\src\Illuminate\Database\Eloquent\Factories\Factory.php:374
C:\Users\hedra\Desktop\Sourcecode\NexusV2\Nexus-backend\vendor\laravel\framework\src\Illuminate\Database\Eloquent\Factories\Factory.php:330
C:\Users\hedra\Desktop\Sourcecode\NexusV2\Nexus-backend\vendor\laravel\framework\src\Illuminate\Database\Eloquent\Factories\Factory.php:324
C:\Users\hedra\Desktop\Sourcecode\NexusV2\Nexus-backend\tests\Feature\Http\Controllers\SettingsHubAdminControllerTest.php:25

82) Tests\Feature\Http\Controllers\SettingsHubAdminControllerTest::test_multi_tenancy_status_shows_distribution
Illuminate\Database\QueryException: SQLSTATE[HY000]: General error: 1 table users has no column named role (Connection: sqlite, Database: :memory:, SQL: insert into "users" ("name", "email", "email_verified_at", "password", "remember_token", "role", "updated_at", "created_at") values (Estefania Tremblay, tatum.corwin@example.net, 2026-06-24 04:28:49, $2y$04$nJRlDBFZ3IKxEF2J0UiRyuzaNsYlTzL1H4yHXjAygBEGAggoU9VqO, EsDc5hAOIo, super_admin, 2026-06-24 04:28:49, 2026-06-24 04:28:49))

C:\Users\hedra\Desktop\Sourcecode\NexusV2\Nexus-backend\vendor\laravel\framework\src\Illuminate\Database\Connection.php:857
C:\Users\hedra\Desktop\Sourcecode\NexusV2\Nexus-backend\vendor\laravel\framework\src\Illuminate\Database\Connection.php:813
C:\Users\hedra\Desktop\Sourcecode\NexusV2\Nexus-backend\vendor\laravel\framework\src\Illuminate\Database\Connection.php:590
C:\Users\hedra\Desktop\Sourcecode\NexusV2\Nexus-backend\vendor\laravel\framework\src\Illuminate\Database\Connection.php:554
C:\Users\hedra\Desktop\Sourcecode\NexusV2\Nexus-backend\vendor\laravel\framework\src\Illuminate\Database\Query\Processors\Processor.php:32
C:\Users\hedra\Desktop\Sourcecode\NexusV2\Nexus-backend\vendor\laravel\framework\src\Illuminate\Database\Query\Builder.php:4257
C:\Users\hedra\Desktop\Sourcecode\NexusV2\Nexus-backend\vendor\laravel\framework\src\Illuminate\Database\Eloquent\Builder.php:2271
C:\Users\hedra\Desktop\Sourcecode\NexusV2\Nexus-backend\vendor\laravel\framework\src\Illuminate\Database\Eloquent\Model.php:1662
C:\Users\hedra\Desktop\Sourcecode\NexusV2\Nexus-backend\vendor\laravel\framework\src\Illuminate\Database\Eloquent\Model.php:1578
C:\Users\hedra\Desktop\Sourcecode\NexusV2\Nexus-backend\vendor\laravel\framework\src\Illuminate\Database\Eloquent\Model.php:1382
C:\Users\hedra\Desktop\Sourcecode\NexusV2\Nexus-backend\vendor\laravel\framework\src\Illuminate\Database\Eloquent\Factories\Factory.php:379
C:\Users\hedra\Desktop\Sourcecode\NexusV2\Nexus-backend\vendor\laravel\framework\src\Illuminate\Collections\Traits\EnumeratesValues.php:275
C:\Users\hedra\Desktop\Sourcecode\NexusV2\Nexus-backend\vendor\laravel\framework\src\Illuminate\Database\Eloquent\Factories\Factory.php:374
C:\Users\hedra\Desktop\Sourcecode\NexusV2\Nexus-backend\vendor\laravel\framework\src\Illuminate\Database\Eloquent\Factories\Factory.php:330
C:\Users\hedra\Desktop\Sourcecode\NexusV2\Nexus-backend\vendor\laravel\framework\src\Illuminate\Database\Eloquent\Factories\Factory.php:324
C:\Users\hedra\Desktop\Sourcecode\NexusV2\Nexus-backend\tests\Feature\Http\Controllers\SettingsHubAdminControllerTest.php:25

Caused by
PDOException: SQLSTATE[HY000]: General error: 1 table users has no column named role

C:\Users\hedra\Desktop\Sourcecode\NexusV2\Nexus-backend\vendor\laravel\framework\src\Illuminate\Database\Connection.php:595
C:\Users\hedra\Desktop\Sourcecode\NexusV2\Nexus-backend\vendor\laravel\framework\src\Illuminate\Database\Connection.php:846
C:\Users\hedra\Desktop\Sourcecode\NexusV2\Nexus-backend\vendor\laravel\framework\src\Illuminate\Database\Connection.php:813
C:\Users\hedra\Desktop\Sourcecode\NexusV2\Nexus-backend\vendor\laravel\framework\src\Illuminate\Database\Connection.php:590
C:\Users\hedra\Desktop\Sourcecode\NexusV2\Nexus-backend\vendor\laravel\framework\src\Illuminate\Database\Connection.php:554
C:\Users\hedra\Desktop\Sourcecode\NexusV2\Nexus-backend\vendor\laravel\framework\src\Illuminate\Database\Query\Processors\Processor.php:32
C:\Users\hedra\Desktop\Sourcecode\NexusV2\Nexus-backend\vendor\laravel\framework\src\Illuminate\Database\Query\Builder.php:4257
C:\Users\hedra\Desktop\Sourcecode\NexusV2\Nexus-backend\vendor\laravel\framework\src\Illuminate\Database\Eloquent\Builder.php:2271
C:\Users\hedra\Desktop\Sourcecode\NexusV2\Nexus-backend\vendor\laravel\framework\src\Illuminate\Database\Eloquent\Model.php:1662
C:\Users\hedra\Desktop\Sourcecode\NexusV2\Nexus-backend\vendor\laravel\framework\src\Illuminate\Database\Eloquent\Model.php:1578
C:\Users\hedra\Desktop\Sourcecode\NexusV2\Nexus-backend\vendor\laravel\framework\src\Illuminate\Database\Eloquent\Model.php:1382
C:\Users\hedra\Desktop\Sourcecode\NexusV2\Nexus-backend\vendor\laravel\framework\src\Illuminate\Database\Eloquent\Factories\Factory.php:379
C:\Users\hedra\Desktop\Sourcecode\NexusV2\Nexus-backend\vendor\laravel\framework\src\Illuminate\Collections\Traits\EnumeratesValues.php:275
C:\Users\hedra\Desktop\Sourcecode\NexusV2\Nexus-backend\vendor\laravel\framework\src\Illuminate\Database\Eloquent\Factories\Factory.php:374
C:\Users\hedra\Desktop\Sourcecode\NexusV2\Nexus-backend\vendor\laravel\framework\src\Illuminate\Database\Eloquent\Factories\Factory.php:330
C:\Users\hedra\Desktop\Sourcecode\NexusV2\Nexus-backend\vendor\laravel\framework\src\Illuminate\Database\Eloquent\Factories\Factory.php:324
C:\Users\hedra\Desktop\Sourcecode\NexusV2\Nexus-backend\tests\Feature\Http\Controllers\SettingsHubAdminControllerTest.php:25

83) Tests\Feature\Http\Controllers\SettingsHubAdminControllerTest::test_performance_metrics_returns_stats
Illuminate\Database\QueryException: SQLSTATE[HY000]: General error: 1 table users has no column named role (Connection: sqlite, Database: :memory:, SQL: insert into "users" ("name", "email", "email_verified_at", "password", "remember_token", "role", "updated_at", "created_at") values (Eddie Gibson, gkreiger@example.org, 2026-06-24 04:28:49, $2y$04$nJRlDBFZ3IKxEF2J0UiRyuzaNsYlTzL1H4yHXjAygBEGAggoU9VqO, p2uj79Cgvo, super_admin, 2026-06-24 04:28:49, 2026-06-24 04:28:49))

C:\Users\hedra\Desktop\Sourcecode\NexusV2\Nexus-backend\vendor\laravel\framework\src\Illuminate\Database\Connection.php:857
C:\Users\hedra\Desktop\Sourcecode\NexusV2\Nexus-backend\vendor\laravel\framework\src\Illuminate\Database\Connection.php:813
C:\Users\hedra\Desktop\Sourcecode\NexusV2\Nexus-backend\vendor\laravel\framework\src\Illuminate\Database\Connection.php:590
C:\Users\hedra\Desktop\Sourcecode\NexusV2\Nexus-backend\vendor\laravel\framework\src\Illuminate\Database\Connection.php:554
C:\Users\hedra\Desktop\Sourcecode\NexusV2\Nexus-backend\vendor\laravel\framework\src\Illuminate\Database\Query\Processors\Processor.php:32
C:\Users\hedra\Desktop\Sourcecode\NexusV2\Nexus-backend\vendor\laravel\framework\src\Illuminate\Database\Query\Builder.php:4257
C:\Users\hedra\Desktop\Sourcecode\NexusV2\Nexus-backend\vendor\laravel\framework\src\Illuminate\Database\Eloquent\Builder.php:2271
C:\Users\hedra\Desktop\Sourcecode\NexusV2\Nexus-backend\vendor\laravel\framework\src\Illuminate\Database\Eloquent\Model.php:1662
C:\Users\hedra\Desktop\Sourcecode\NexusV2\Nexus-backend\vendor\laravel\framework\src\Illuminate\Database\Eloquent\Model.php:1578
C:\Users\hedra\Desktop\Sourcecode\NexusV2\Nexus-backend\vendor\laravel\framework\src\Illuminate\Database\Eloquent\Model.php:1382
C:\Users\hedra\Desktop\Sourcecode\NexusV2\Nexus-backend\vendor\laravel\framework\src\Illuminate\Database\Eloquent\Factories\Factory.php:379
C:\Users\hedra\Desktop\Sourcecode\NexusV2\Nexus-backend\vendor\laravel\framework\src\Illuminate\Collections\Traits\EnumeratesValues.php:275
C:\Users\hedra\Desktop\Sourcecode\NexusV2\Nexus-backend\vendor\laravel\framework\src\Illuminate\Database\Eloquent\Factories\Factory.php:374
C:\Users\hedra\Desktop\Sourcecode\NexusV2\Nexus-backend\vendor\laravel\framework\src\Illuminate\Database\Eloquent\Factories\Factory.php:330
C:\Users\hedra\Desktop\Sourcecode\NexusV2\Nexus-backend\vendor\laravel\framework\src\Illuminate\Database\Eloquent\Factories\Factory.php:324
C:\Users\hedra\Desktop\Sourcecode\NexusV2\Nexus-backend\tests\Feature\Http\Controllers\SettingsHubAdminControllerTest.php:25

Caused by
PDOException: SQLSTATE[HY000]: General error: 1 table users has no column named role

C:\Users\hedra\Desktop\Sourcecode\NexusV2\Nexus-backend\vendor\laravel\framework\src\Illuminate\Database\Connection.php:595
C:\Users\hedra\Desktop\Sourcecode\NexusV2\Nexus-backend\vendor\laravel\framework\src\Illuminate\Database\Connection.php:846
C:\Users\hedra\Desktop\Sourcecode\NexusV2\Nexus-backend\vendor\laravel\framework\src\Illuminate\Database\Connection.php:813
C:\Users\hedra\Desktop\Sourcecode\NexusV2\Nexus-backend\vendor\laravel\framework\src\Illuminate\Database\Connection.php:590
C:\Users\hedra\Desktop\Sourcecode\NexusV2\Nexus-backend\vendor\laravel\framework\src\Illuminate\Database\Connection.php:554
C:\Users\hedra\Desktop\Sourcecode\NexusV2\Nexus-backend\vendor\laravel\framework\src\Illuminate\Database\Query\Processors\Processor.php:32
C:\Users\hedra\Desktop\Sourcecode\NexusV2\Nexus-backend\vendor\laravel\framework\src\Illuminate\Database\Query\Builder.php:4257
C:\Users\hedra\Desktop\Sourcecode\NexusV2\Nexus-backend\vendor\laravel\framework\src\Illuminate\Database\Eloquent\Builder.php:2271
C:\Users\hedra\Desktop\Sourcecode\NexusV2\Nexus-backend\vendor\laravel\framework\src\Illuminate\Database\Eloquent\Model.php:1662
C:\Users\hedra\Desktop\Sourcecode\NexusV2\Nexus-backend\vendor\laravel\framework\src\Illuminate\Database\Eloquent\Model.php:1578
C:\Users\hedra\Desktop\Sourcecode\NexusV2\Nexus-backend\vendor\laravel\framework\src\Illuminate\Database\Eloquent\Model.php:1382
C:\Users\hedra\Desktop\Sourcecode\NexusV2\Nexus-backend\vendor\laravel\framework\src\Illuminate\Database\Eloquent\Factories\Factory.php:379
C:\Users\hedra\Desktop\Sourcecode\NexusV2\Nexus-backend\vendor\laravel\framework\src\Illuminate\Collections\Traits\EnumeratesValues.php:275
C:\Users\hedra\Desktop\Sourcecode\NexusV2\Nexus-backend\vendor\laravel\framework\src\Illuminate\Database\Eloquent\Factories\Factory.php:374
C:\Users\hedra\Desktop\Sourcecode\NexusV2\Nexus-backend\vendor\laravel\framework\src\Illuminate\Database\Eloquent\Factories\Factory.php:330
C:\Users\hedra\Desktop\Sourcecode\NexusV2\Nexus-backend\vendor\laravel\framework\src\Illuminate\Database\Eloquent\Factories\Factory.php:324
C:\Users\hedra\Desktop\Sourcecode\NexusV2\Nexus-backend\tests\Feature\Http\Controllers\SettingsHubAdminControllerTest.php:25

84) Tests\Feature\Http\Controllers\SettingsHubAdminControllerTest::test_export_settings_as_json
Illuminate\Database\QueryException: SQLSTATE[HY000]: General error: 1 table users has no column named role (Connection: sqlite, Database: :memory:, SQL: insert into "users" ("name", "email", "email_verified_at", "password", "remember_token", "role", "updated_at", "created_at") values (Brandi Bartell, lavina.mueller@example.net, 2026-06-24 04:28:49, $2y$04$nJRlDBFZ3IKxEF2J0UiRyuzaNsYlTzL1H4yHXjAygBEGAggoU9VqO, HC21wbZYBT, super_admin, 2026-06-24 04:28:49, 2026-06-24 04:28:49))

C:\Users\hedra\Desktop\Sourcecode\NexusV2\Nexus-backend\vendor\laravel\framework\src\Illuminate\Database\Connection.php:857
C:\Users\hedra\Desktop\Sourcecode\NexusV2\Nexus-backend\vendor\laravel\framework\src\Illuminate\Database\Connection.php:813
C:\Users\hedra\Desktop\Sourcecode\NexusV2\Nexus-backend\vendor\laravel\framework\src\Illuminate\Database\Connection.php:590
C:\Users\hedra\Desktop\Sourcecode\NexusV2\Nexus-backend\vendor\laravel\framework\src\Illuminate\Database\Connection.php:554
C:\Users\hedra\Desktop\Sourcecode\NexusV2\Nexus-backend\vendor\laravel\framework\src\Illuminate\Database\Query\Processors\Processor.php:32
C:\Users\hedra\Desktop\Sourcecode\NexusV2\Nexus-backend\vendor\laravel\framework\src\Illuminate\Database\Query\Builder.php:4257
C:\Users\hedra\Desktop\Sourcecode\NexusV2\Nexus-backend\vendor\laravel\framework\src\Illuminate\Database\Eloquent\Builder.php:2271
C:\Users\hedra\Desktop\Sourcecode\NexusV2\Nexus-backend\vendor\laravel\framework\src\Illuminate\Database\Eloquent\Model.php:1662
C:\Users\hedra\Desktop\Sourcecode\NexusV2\Nexus-backend\vendor\laravel\framework\src\Illuminate\Database\Eloquent\Model.php:1578
C:\Users\hedra\Desktop\Sourcecode\NexusV2\Nexus-backend\vendor\laravel\framework\src\Illuminate\Database\Eloquent\Model.php:1382
C:\Users\hedra\Desktop\Sourcecode\NexusV2\Nexus-backend\vendor\laravel\framework\src\Illuminate\Database\Eloquent\Factories\Factory.php:379
C:\Users\hedra\Desktop\Sourcecode\NexusV2\Nexus-backend\vendor\laravel\framework\src\Illuminate\Collections\Traits\EnumeratesValues.php:275
C:\Users\hedra\Desktop\Sourcecode\NexusV2\Nexus-backend\vendor\laravel\framework\src\Illuminate\Database\Eloquent\Factories\Factory.php:374
C:\Users\hedra\Desktop\Sourcecode\NexusV2\Nexus-backend\vendor\laravel\framework\src\Illuminate\Database\Eloquent\Factories\Factory.php:330
C:\Users\hedra\Desktop\Sourcecode\NexusV2\Nexus-backend\vendor\laravel\framework\src\Illuminate\Database\Eloquent\Factories\Factory.php:324
C:\Users\hedra\Desktop\Sourcecode\NexusV2\Nexus-backend\tests\Feature\Http\Controllers\SettingsHubAdminControllerTest.php:25

Caused by
PDOException: SQLSTATE[HY000]: General error: 1 table users has no column named role

C:\Users\hedra\Desktop\Sourcecode\NexusV2\Nexus-backend\vendor\laravel\framework\src\Illuminate\Database\Connection.php:595
C:\Users\hedra\Desktop\Sourcecode\NexusV2\Nexus-backend\vendor\laravel\framework\src\Illuminate\Database\Connection.php:846
C:\Users\hedra\Desktop\Sourcecode\NexusV2\Nexus-backend\vendor\laravel\framework\src\Illuminate\Database\Connection.php:813
C:\Users\hedra\Desktop\Sourcecode\NexusV2\Nexus-backend\vendor\laravel\framework\src\Illuminate\Database\Connection.php:590
C:\Users\hedra\Desktop\Sourcecode\NexusV2\Nexus-backend\vendor\laravel\framework\src\Illuminate\Database\Connection.php:554
C:\Users\hedra\Desktop\Sourcecode\NexusV2\Nexus-backend\vendor\laravel\framework\src\Illuminate\Database\Query\Processors\Processor.php:32
C:\Users\hedra\Desktop\Sourcecode\NexusV2\Nexus-backend\vendor\laravel\framework\src\Illuminate\Database\Query\Builder.php:4257
C:\Users\hedra\Desktop\Sourcecode\NexusV2\Nexus-backend\vendor\laravel\framework\src\Illuminate\Database\Eloquent\Builder.php:2271
C:\Users\hedra\Desktop\Sourcecode\NexusV2\Nexus-backend\vendor\laravel\framework\src\Illuminate\Database\Eloquent\Model.php:1662
C:\Users\hedra\Desktop\Sourcecode\NexusV2\Nexus-backend\vendor\laravel\framework\src\Illuminate\Database\Eloquent\Model.php:1578
C:\Users\hedra\Desktop\Sourcecode\NexusV2\Nexus-backend\vendor\laravel\framework\src\Illuminate\Database\Eloquent\Model.php:1382
C:\Users\hedra\Desktop\Sourcecode\NexusV2\Nexus-backend\vendor\laravel\framework\src\Illuminate\Database\Eloquent\Factories\Factory.php:379
C:\Users\hedra\Desktop\Sourcecode\NexusV2\Nexus-backend\vendor\laravel\framework\src\Illuminate\Collections\Traits\EnumeratesValues.php:275
C:\Users\hedra\Desktop\Sourcecode\NexusV2\Nexus-backend\vendor\laravel\framework\src\Illuminate\Database\Eloquent\Factories\Factory.php:374
C:\Users\hedra\Desktop\Sourcecode\NexusV2\Nexus-backend\vendor\laravel\framework\src\Illuminate\Database\Eloquent\Factories\Factory.php:330
C:\Users\hedra\Desktop\Sourcecode\NexusV2\Nexus-backend\vendor\laravel\framework\src\Illuminate\Database\Eloquent\Factories\Factory.php:324
C:\Users\hedra\Desktop\Sourcecode\NexusV2\Nexus-backend\tests\Feature\Http\Controllers\SettingsHubAdminControllerTest.php:25

85) Tests\Feature\Http\Controllers\SettingsHubAdminControllerTest::test_export_settings_as_csv
Illuminate\Database\QueryException: SQLSTATE[HY000]: General error: 1 table users has no column named role (Connection: sqlite, Database: :memory:, SQL: insert into "users" ("name", "email", "email_verified_at", "password", "remember_token", "role", "updated_at", "created_at") values (Arvel Kohler, clotilde58@example.net, 2026-06-24 04:28:49, $2y$04$nJRlDBFZ3IKxEF2J0UiRyuzaNsYlTzL1H4yHXjAygBEGAggoU9VqO, 0CviS8hNDE, super_admin, 2026-06-24 04:28:49, 2026-06-24 04:28:49))

C:\Users\hedra\Desktop\Sourcecode\NexusV2\Nexus-backend\vendor\laravel\framework\src\Illuminate\Database\Connection.php:857
C:\Users\hedra\Desktop\Sourcecode\NexusV2\Nexus-backend\vendor\laravel\framework\src\Illuminate\Database\Connection.php:813
C:\Users\hedra\Desktop\Sourcecode\NexusV2\Nexus-backend\vendor\laravel\framework\src\Illuminate\Database\Connection.php:590
C:\Users\hedra\Desktop\Sourcecode\NexusV2\Nexus-backend\vendor\laravel\framework\src\Illuminate\Database\Connection.php:554
C:\Users\hedra\Desktop\Sourcecode\NexusV2\Nexus-backend\vendor\laravel\framework\src\Illuminate\Database\Query\Processors\Processor.php:32
C:\Users\hedra\Desktop\Sourcecode\NexusV2\Nexus-backend\vendor\laravel\framework\src\Illuminate\Database\Query\Builder.php:4257
C:\Users\hedra\Desktop\Sourcecode\NexusV2\Nexus-backend\vendor\laravel\framework\src\Illuminate\Database\Eloquent\Builder.php:2271
C:\Users\hedra\Desktop\Sourcecode\NexusV2\Nexus-backend\vendor\laravel\framework\src\Illuminate\Database\Eloquent\Model.php:1662
C:\Users\hedra\Desktop\Sourcecode\NexusV2\Nexus-backend\vendor\laravel\framework\src\Illuminate\Database\Eloquent\Model.php:1578
C:\Users\hedra\Desktop\Sourcecode\NexusV2\Nexus-backend\vendor\laravel\framework\src\Illuminate\Database\Eloquent\Model.php:1382
C:\Users\hedra\Desktop\Sourcecode\NexusV2\Nexus-backend\vendor\laravel\framework\src\Illuminate\Database\Eloquent\Factories\Factory.php:379
C:\Users\hedra\Desktop\Sourcecode\NexusV2\Nexus-backend\vendor\laravel\framework\src\Illuminate\Collections\Traits\EnumeratesValues.php:275
C:\Users\hedra\Desktop\Sourcecode\NexusV2\Nexus-backend\vendor\laravel\framework\src\Illuminate\Database\Eloquent\Factories\Factory.php:374
C:\Users\hedra\Desktop\Sourcecode\NexusV2\Nexus-backend\vendor\laravel\framework\src\Illuminate\Database\Eloquent\Factories\Factory.php:330
C:\Users\hedra\Desktop\Sourcecode\NexusV2\Nexus-backend\vendor\laravel\framework\src\Illuminate\Database\Eloquent\Factories\Factory.php:324
C:\Users\hedra\Desktop\Sourcecode\NexusV2\Nexus-backend\tests\Feature\Http\Controllers\SettingsHubAdminControllerTest.php:25

Caused by
PDOException: SQLSTATE[HY000]: General error: 1 table users has no column named role

C:\Users\hedra\Desktop\Sourcecode\NexusV2\Nexus-backend\vendor\laravel\framework\src\Illuminate\Database\Connection.php:595
C:\Users\hedra\Desktop\Sourcecode\NexusV2\Nexus-backend\vendor\laravel\framework\src\Illuminate\Database\Connection.php:846
C:\Users\hedra\Desktop\Sourcecode\NexusV2\Nexus-backend\vendor\laravel\framework\src\Illuminate\Database\Connection.php:813
C:\Users\hedra\Desktop\Sourcecode\NexusV2\Nexus-backend\vendor\laravel\framework\src\Illuminate\Database\Connection.php:590
C:\Users\hedra\Desktop\Sourcecode\NexusV2\Nexus-backend\vendor\laravel\framework\src\Illuminate\Database\Connection.php:554
C:\Users\hedra\Desktop\Sourcecode\NexusV2\Nexus-backend\vendor\laravel\framework\src\Illuminate\Database\Query\Processors\Processor.php:32
C:\Users\hedra\Desktop\Sourcecode\NexusV2\Nexus-backend\vendor\laravel\framework\src\Illuminate\Database\Query\Builder.php:4257
C:\Users\hedra\Desktop\Sourcecode\NexusV2\Nexus-backend\vendor\laravel\framework\src\Illuminate\Database\Eloquent\Builder.php:2271
C:\Users\hedra\Desktop\Sourcecode\NexusV2\Nexus-backend\vendor\laravel\framework\src\Illuminate\Database\Eloquent\Model.php:1662
C:\Users\hedra\Desktop\Sourcecode\NexusV2\Nexus-backend\vendor\laravel\framework\src\Illuminate\Database\Eloquent\Model.php:1578
C:\Users\hedra\Desktop\Sourcecode\NexusV2\Nexus-backend\vendor\laravel\framework\src\Illuminate\Database\Eloquent\Model.php:1382
C:\Users\hedra\Desktop\Sourcecode\NexusV2\Nexus-backend\vendor\laravel\framework\src\Illuminate\Database\Eloquent\Factories\Factory.php:379
C:\Users\hedra\Desktop\Sourcecode\NexusV2\Nexus-backend\vendor\laravel\framework\src\Illuminate\Collections\Traits\EnumeratesValues.php:275
C:\Users\hedra\Desktop\Sourcecode\NexusV2\Nexus-backend\vendor\laravel\framework\src\Illuminate\Database\Eloquent\Factories\Factory.php:374
C:\Users\hedra\Desktop\Sourcecode\NexusV2\Nexus-backend\vendor\laravel\framework\src\Illuminate\Database\Eloquent\Factories\Factory.php:330
C:\Users\hedra\Desktop\Sourcecode\NexusV2\Nexus-backend\vendor\laravel\framework\src\Illuminate\Database\Eloquent\Factories\Factory.php:324
C:\Users\hedra\Desktop\Sourcecode\NexusV2\Nexus-backend\tests\Feature\Http\Controllers\SettingsHubAdminControllerTest.php:25

86) Tests\Feature\Http\Controllers\SettingsHubAdminControllerTest::test_export_settings_by_scope
Illuminate\Database\QueryException: SQLSTATE[HY000]: General error: 1 table users has no column named role (Connection: sqlite, Database: :memory:, SQL: insert into "users" ("name", "email", "email_verified_at", "password", "remember_token", "role", "updated_at", "created_at") values (Gladyce Fay, wkeebler@example.org, 2026-06-24 04:28:49, $2y$04$nJRlDBFZ3IKxEF2J0UiRyuzaNsYlTzL1H4yHXjAygBEGAggoU9VqO, yTiPuDkD7N, super_admin, 2026-06-24 04:28:49, 2026-06-24 04:28:49))

C:\Users\hedra\Desktop\Sourcecode\NexusV2\Nexus-backend\vendor\laravel\framework\src\Illuminate\Database\Connection.php:857
C:\Users\hedra\Desktop\Sourcecode\NexusV2\Nexus-backend\vendor\laravel\framework\src\Illuminate\Database\Connection.php:813
C:\Users\hedra\Desktop\Sourcecode\NexusV2\Nexus-backend\vendor\laravel\framework\src\Illuminate\Database\Connection.php:590
C:\Users\hedra\Desktop\Sourcecode\NexusV2\Nexus-backend\vendor\laravel\framework\src\Illuminate\Database\Connection.php:554
C:\Users\hedra\Desktop\Sourcecode\NexusV2\Nexus-backend\vendor\laravel\framework\src\Illuminate\Database\Query\Processors\Processor.php:32
C:\Users\hedra\Desktop\Sourcecode\NexusV2\Nexus-backend\vendor\laravel\framework\src\Illuminate\Database\Query\Builder.php:4257
C:\Users\hedra\Desktop\Sourcecode\NexusV2\Nexus-backend\vendor\laravel\framework\src\Illuminate\Database\Eloquent\Builder.php:2271
C:\Users\hedra\Desktop\Sourcecode\NexusV2\Nexus-backend\vendor\laravel\framework\src\Illuminate\Database\Eloquent\Model.php:1662
C:\Users\hedra\Desktop\Sourcecode\NexusV2\Nexus-backend\vendor\laravel\framework\src\Illuminate\Database\Eloquent\Model.php:1578
C:\Users\hedra\Desktop\Sourcecode\NexusV2\Nexus-backend\vendor\laravel\framework\src\Illuminate\Database\Eloquent\Model.php:1382
C:\Users\hedra\Desktop\Sourcecode\NexusV2\Nexus-backend\vendor\laravel\framework\src\Illuminate\Database\Eloquent\Factories\Factory.php:379
C:\Users\hedra\Desktop\Sourcecode\NexusV2\Nexus-backend\vendor\laravel\framework\src\Illuminate\Collections\Traits\EnumeratesValues.php:275
C:\Users\hedra\Desktop\Sourcecode\NexusV2\Nexus-backend\vendor\laravel\framework\src\Illuminate\Database\Eloquent\Factories\Factory.php:374
C:\Users\hedra\Desktop\Sourcecode\NexusV2\Nexus-backend\vendor\laravel\framework\src\Illuminate\Database\Eloquent\Factories\Factory.php:330
C:\Users\hedra\Desktop\Sourcecode\NexusV2\Nexus-backend\vendor\laravel\framework\src\Illuminate\Database\Eloquent\Factories\Factory.php:324
C:\Users\hedra\Desktop\Sourcecode\NexusV2\Nexus-backend\tests\Feature\Http\Controllers\SettingsHubAdminControllerTest.php:25

Caused by
PDOException: SQLSTATE[HY000]: General error: 1 table users has no column named role

C:\Users\hedra\Desktop\Sourcecode\NexusV2\Nexus-backend\vendor\laravel\framework\src\Illuminate\Database\Connection.php:595
C:\Users\hedra\Desktop\Sourcecode\NexusV2\Nexus-backend\vendor\laravel\framework\src\Illuminate\Database\Connection.php:846
C:\Users\hedra\Desktop\Sourcecode\NexusV2\Nexus-backend\vendor\laravel\framework\src\Illuminate\Database\Connection.php:813
C:\Users\hedra\Desktop\Sourcecode\NexusV2\Nexus-backend\vendor\laravel\framework\src\Illuminate\Database\Connection.php:590
C:\Users\hedra\Desktop\Sourcecode\NexusV2\Nexus-backend\vendor\laravel\framework\src\Illuminate\Database\Connection.php:554
C:\Users\hedra\Desktop\Sourcecode\NexusV2\Nexus-backend\vendor\laravel\framework\src\Illuminate\Database\Query\Processors\Processor.php:32
C:\Users\hedra\Desktop\Sourcecode\NexusV2\Nexus-backend\vendor\laravel\framework\src\Illuminate\Database\Query\Builder.php:4257
C:\Users\hedra\Desktop\Sourcecode\NexusV2\Nexus-backend\vendor\laravel\framework\src\Illuminate\Database\Eloquent\Builder.php:2271
C:\Users\hedra\Desktop\Sourcecode\NexusV2\Nexus-backend\vendor\laravel\framework\src\Illuminate\Database\Eloquent\Model.php:1662
C:\Users\hedra\Desktop\Sourcecode\NexusV2\Nexus-backend\vendor\laravel\framework\src\Illuminate\Database\Eloquent\Model.php:1578
C:\Users\hedra\Desktop\Sourcecode\NexusV2\Nexus-backend\vendor\laravel\framework\src\Illuminate\Database\Eloquent\Model.php:1382
C:\Users\hedra\Desktop\Sourcecode\NexusV2\Nexus-backend\vendor\laravel\framework\src\Illuminate\Database\Eloquent\Factories\Factory.php:379
C:\Users\hedra\Desktop\Sourcecode\NexusV2\Nexus-backend\vendor\laravel\framework\src\Illuminate\Collections\Traits\EnumeratesValues.php:275
C:\Users\hedra\Desktop\Sourcecode\NexusV2\Nexus-backend\vendor\laravel\framework\src\Illuminate\Database\Eloquent\Factories\Factory.php:374
C:\Users\hedra\Desktop\Sourcecode\NexusV2\Nexus-backend\vendor\laravel\framework\src\Illuminate\Database\Eloquent\Factories\Factory.php:330
C:\Users\hedra\Desktop\Sourcecode\NexusV2\Nexus-backend\vendor\laravel\framework\src\Illuminate\Database\Eloquent\Factories\Factory.php:324
C:\Users\hedra\Desktop\Sourcecode\NexusV2\Nexus-backend\tests\Feature\Http\Controllers\SettingsHubAdminControllerTest.php:25

87) Tests\Feature\Http\Controllers\SettingsHubAdminControllerTest::test_export_settings_masks_encrypted_by_default
Illuminate\Database\QueryException: SQLSTATE[HY000]: General error: 1 table users has no column named role (Connection: sqlite, Database: :memory:, SQL: insert into "users" ("name", "email", "email_verified_at", "password", "remember_token", "role", "updated_at", "created_at") values (Miss Concepcion Raynor, thoppe@example.com, 2026-06-24 04:28:49, $2y$04$nJRlDBFZ3IKxEF2J0UiRyuzaNsYlTzL1H4yHXjAygBEGAggoU9VqO, DthHbIDINX, super_admin, 2026-06-24 04:28:49, 2026-06-24 04:28:49))

C:\Users\hedra\Desktop\Sourcecode\NexusV2\Nexus-backend\vendor\laravel\framework\src\Illuminate\Database\Connection.php:857
C:\Users\hedra\Desktop\Sourcecode\NexusV2\Nexus-backend\vendor\laravel\framework\src\Illuminate\Database\Connection.php:813
C:\Users\hedra\Desktop\Sourcecode\NexusV2\Nexus-backend\vendor\laravel\framework\src\Illuminate\Database\Connection.php:590
C:\Users\hedra\Desktop\Sourcecode\NexusV2\Nexus-backend\vendor\laravel\framework\src\Illuminate\Database\Connection.php:554
C:\Users\hedra\Desktop\Sourcecode\NexusV2\Nexus-backend\vendor\laravel\framework\src\Illuminate\Database\Query\Processors\Processor.php:32
C:\Users\hedra\Desktop\Sourcecode\NexusV2\Nexus-backend\vendor\laravel\framework\src\Illuminate\Database\Query\Builder.php:4257
C:\Users\hedra\Desktop\Sourcecode\NexusV2\Nexus-backend\vendor\laravel\framework\src\Illuminate\Database\Eloquent\Builder.php:2271
C:\Users\hedra\Desktop\Sourcecode\NexusV2\Nexus-backend\vendor\laravel\framework\src\Illuminate\Database\Eloquent\Model.php:1662
C:\Users\hedra\Desktop\Sourcecode\NexusV2\Nexus-backend\vendor\laravel\framework\src\Illuminate\Database\Eloquent\Model.php:1578
C:\Users\hedra\Desktop\Sourcecode\NexusV2\Nexus-backend\vendor\laravel\framework\src\Illuminate\Database\Eloquent\Model.php:1382
C:\Users\hedra\Desktop\Sourcecode\NexusV2\Nexus-backend\vendor\laravel\framework\src\Illuminate\Database\Eloquent\Factories\Factory.php:379
C:\Users\hedra\Desktop\Sourcecode\NexusV2\Nexus-backend\vendor\laravel\framework\src\Illuminate\Collections\Traits\EnumeratesValues.php:275
C:\Users\hedra\Desktop\Sourcecode\NexusV2\Nexus-backend\vendor\laravel\framework\src\Illuminate\Database\Eloquent\Factories\Factory.php:374
C:\Users\hedra\Desktop\Sourcecode\NexusV2\Nexus-backend\vendor\laravel\framework\src\Illuminate\Database\Eloquent\Factories\Factory.php:330
C:\Users\hedra\Desktop\Sourcecode\NexusV2\Nexus-backend\vendor\laravel\framework\src\Illuminate\Database\Eloquent\Factories\Factory.php:324
C:\Users\hedra\Desktop\Sourcecode\NexusV2\Nexus-backend\tests\Feature\Http\Controllers\SettingsHubAdminControllerTest.php:25

Caused by
PDOException: SQLSTATE[HY000]: General error: 1 table users has no column named role

C:\Users\hedra\Desktop\Sourcecode\NexusV2\Nexus-backend\vendor\laravel\framework\src\Illuminate\Database\Connection.php:595
C:\Users\hedra\Desktop\Sourcecode\NexusV2\Nexus-backend\vendor\laravel\framework\src\Illuminate\Database\Connection.php:846
C:\Users\hedra\Desktop\Sourcecode\NexusV2\Nexus-backend\vendor\laravel\framework\src\Illuminate\Database\Connection.php:813
C:\Users\hedra\Desktop\Sourcecode\NexusV2\Nexus-backend\vendor\laravel\framework\src\Illuminate\Database\Connection.php:590
C:\Users\hedra\Desktop\Sourcecode\NexusV2\Nexus-backend\vendor\laravel\framework\src\Illuminate\Database\Connection.php:554
C:\Users\hedra\Desktop\Sourcecode\NexusV2\Nexus-backend\vendor\laravel\framework\src\Illuminate\Database\Query\Processors\Processor.php:32
C:\Users\hedra\Desktop\Sourcecode\NexusV2\Nexus-backend\vendor\laravel\framework\src\Illuminate\Database\Query\Builder.php:4257
C:\Users\hedra\Desktop\Sourcecode\NexusV2\Nexus-backend\vendor\laravel\framework\src\Illuminate\Database\Eloquent\Builder.php:2271
C:\Users\hedra\Desktop\Sourcecode\NexusV2\Nexus-backend\vendor\laravel\framework\src\Illuminate\Database\Eloquent\Model.php:1662
C:\Users\hedra\Desktop\Sourcecode\NexusV2\Nexus-backend\vendor\laravel\framework\src\Illuminate\Database\Eloquent\Model.php:1578
C:\Users\hedra\Desktop\Sourcecode\NexusV2\Nexus-backend\vendor\laravel\framework\src\Illuminate\Database\Eloquent\Model.php:1382
C:\Users\hedra\Desktop\Sourcecode\NexusV2\Nexus-backend\vendor\laravel\framework\src\Illuminate\Database\Eloquent\Factories\Factory.php:379
C:\Users\hedra\Desktop\Sourcecode\NexusV2\Nexus-backend\vendor\laravel\framework\src\Illuminate\Collections\Traits\EnumeratesValues.php:275
C:\Users\hedra\Desktop\Sourcecode\NexusV2\Nexus-backend\vendor\laravel\framework\src\Illuminate\Database\Eloquent\Factories\Factory.php:374
C:\Users\hedra\Desktop\Sourcecode\NexusV2\Nexus-backend\vendor\laravel\framework\src\Illuminate\Database\Eloquent\Factories\Factory.php:330
C:\Users\hedra\Desktop\Sourcecode\NexusV2\Nexus-backend\vendor\laravel\framework\src\Illuminate\Database\Eloquent\Factories\Factory.php:324
C:\Users\hedra\Desktop\Sourcecode\NexusV2\Nexus-backend\tests\Feature\Http\Controllers\SettingsHubAdminControllerTest.php:25

88) Tests\Feature\Http\Controllers\SettingsHubAdminControllerTest::test_export_settings_includes_encrypted_when_requested
Illuminate\Database\QueryException: SQLSTATE[HY000]: General error: 1 table users has no column named role (Connection: sqlite, Database: :memory:, SQL: insert into "users" ("name", "email", "email_verified_at", "password", "remember_token", "role", "updated_at", "created_at") values (Marquise Effertz II, mann.savannah@example.net, 2026-06-24 04:28:49, $2y$04$nJRlDBFZ3IKxEF2J0UiRyuzaNsYlTzL1H4yHXjAygBEGAggoU9VqO, mtnO3q2BE3, super_admin, 2026-06-24 04:28:49, 2026-06-24 04:28:49))

C:\Users\hedra\Desktop\Sourcecode\NexusV2\Nexus-backend\vendor\laravel\framework\src\Illuminate\Database\Connection.php:857
C:\Users\hedra\Desktop\Sourcecode\NexusV2\Nexus-backend\vendor\laravel\framework\src\Illuminate\Database\Connection.php:813
C:\Users\hedra\Desktop\Sourcecode\NexusV2\Nexus-backend\vendor\laravel\framework\src\Illuminate\Database\Connection.php:590
C:\Users\hedra\Desktop\Sourcecode\NexusV2\Nexus-backend\vendor\laravel\framework\src\Illuminate\Database\Connection.php:554
C:\Users\hedra\Desktop\Sourcecode\NexusV2\Nexus-backend\vendor\laravel\framework\src\Illuminate\Database\Query\Processors\Processor.php:32
C:\Users\hedra\Desktop\Sourcecode\NexusV2\Nexus-backend\vendor\laravel\framework\src\Illuminate\Database\Query\Builder.php:4257
C:\Users\hedra\Desktop\Sourcecode\NexusV2\Nexus-backend\vendor\laravel\framework\src\Illuminate\Database\Eloquent\Builder.php:2271
C:\Users\hedra\Desktop\Sourcecode\NexusV2\Nexus-backend\vendor\laravel\framework\src\Illuminate\Database\Eloquent\Model.php:1662
C:\Users\hedra\Desktop\Sourcecode\NexusV2\Nexus-backend\vendor\laravel\framework\src\Illuminate\Database\Eloquent\Model.php:1578
C:\Users\hedra\Desktop\Sourcecode\NexusV2\Nexus-backend\vendor\laravel\framework\src\Illuminate\Database\Eloquent\Model.php:1382
C:\Users\hedra\Desktop\Sourcecode\NexusV2\Nexus-backend\vendor\laravel\framework\src\Illuminate\Database\Eloquent\Factories\Factory.php:379
C:\Users\hedra\Desktop\Sourcecode\NexusV2\Nexus-backend\vendor\laravel\framework\src\Illuminate\Collections\Traits\EnumeratesValues.php:275
C:\Users\hedra\Desktop\Sourcecode\NexusV2\Nexus-backend\vendor\laravel\framework\src\Illuminate\Database\Eloquent\Factories\Factory.php:374
C:\Users\hedra\Desktop\Sourcecode\NexusV2\Nexus-backend\vendor\laravel\framework\src\Illuminate\Database\Eloquent\Factories\Factory.php:330
C:\Users\hedra\Desktop\Sourcecode\NexusV2\Nexus-backend\vendor\laravel\framework\src\Illuminate\Database\Eloquent\Factories\Factory.php:324
C:\Users\hedra\Desktop\Sourcecode\NexusV2\Nexus-backend\tests\Feature\Http\Controllers\SettingsHubAdminControllerTest.php:25

Caused by
PDOException: SQLSTATE[HY000]: General error: 1 table users has no column named role

C:\Users\hedra\Desktop\Sourcecode\NexusV2\Nexus-backend\vendor\laravel\framework\src\Illuminate\Database\Connection.php:595
C:\Users\hedra\Desktop\Sourcecode\NexusV2\Nexus-backend\vendor\laravel\framework\src\Illuminate\Database\Connection.php:846
C:\Users\hedra\Desktop\Sourcecode\NexusV2\Nexus-backend\vendor\laravel\framework\src\Illuminate\Database\Connection.php:813
C:\Users\hedra\Desktop\Sourcecode\NexusV2\Nexus-backend\vendor\laravel\framework\src\Illuminate\Database\Connection.php:590
C:\Users\hedra\Desktop\Sourcecode\NexusV2\Nexus-backend\vendor\laravel\framework\src\Illuminate\Database\Connection.php:554
C:\Users\hedra\Desktop\Sourcecode\NexusV2\Nexus-backend\vendor\laravel\framework\src\Illuminate\Database\Query\Processors\Processor.php:32
C:\Users\hedra\Desktop\Sourcecode\NexusV2\Nexus-backend\vendor\laravel\framework\src\Illuminate\Database\Query\Builder.php:4257
C:\Users\hedra\Desktop\Sourcecode\NexusV2\Nexus-backend\vendor\laravel\framework\src\Illuminate\Database\Eloquent\Builder.php:2271
C:\Users\hedra\Desktop\Sourcecode\NexusV2\Nexus-backend\vendor\laravel\framework\src\Illuminate\Database\Eloquent\Model.php:1662
C:\Users\hedra\Desktop\Sourcecode\NexusV2\Nexus-backend\vendor\laravel\framework\src\Illuminate\Database\Eloquent\Model.php:1578
C:\Users\hedra\Desktop\Sourcecode\NexusV2\Nexus-backend\vendor\laravel\framework\src\Illuminate\Database\Eloquent\Model.php:1382
C:\Users\hedra\Desktop\Sourcecode\NexusV2\Nexus-backend\vendor\laravel\framework\src\Illuminate\Database\Eloquent\Factories\Factory.php:379
C:\Users\hedra\Desktop\Sourcecode\NexusV2\Nexus-backend\vendor\laravel\framework\src\Illuminate\Collections\Traits\EnumeratesValues.php:275
C:\Users\hedra\Desktop\Sourcecode\NexusV2\Nexus-backend\vendor\laravel\framework\src\Illuminate\Database\Eloquent\Factories\Factory.php:374
C:\Users\hedra\Desktop\Sourcecode\NexusV2\Nexus-backend\vendor\laravel\framework\src\Illuminate\Database\Eloquent\Factories\Factory.php:330
C:\Users\hedra\Desktop\Sourcecode\NexusV2\Nexus-backend\vendor\laravel\framework\src\Illuminate\Database\Eloquent\Factories\Factory.php:324
C:\Users\hedra\Desktop\Sourcecode\NexusV2\Nexus-backend\tests\Feature\Http\Controllers\SettingsHubAdminControllerTest.php:25

89) Tests\Feature\Http\Controllers\SettingsHubAdminControllerTest::test_all_admin_routes_require_authorization
Illuminate\Database\QueryException: SQLSTATE[HY000]: General error: 1 table users has no column named role (Connection: sqlite, Database: :memory:, SQL: insert into "users" ("name", "email", "email_verified_at", "password", "remember_token", "role", "updated_at", "created_at") values (Mr. Andy Dickens, brown.jordyn@example.org, 2026-06-24 04:28:49, $2y$04$nJRlDBFZ3IKxEF2J0UiRyuzaNsYlTzL1H4yHXjAygBEGAggoU9VqO, y1uiHFBoCR, super_admin, 2026-06-24 04:28:49, 2026-06-24 04:28:49))

C:\Users\hedra\Desktop\Sourcecode\NexusV2\Nexus-backend\vendor\laravel\framework\src\Illuminate\Database\Connection.php:857
C:\Users\hedra\Desktop\Sourcecode\NexusV2\Nexus-backend\vendor\laravel\framework\src\Illuminate\Database\Connection.php:813
C:\Users\hedra\Desktop\Sourcecode\NexusV2\Nexus-backend\vendor\laravel\framework\src\Illuminate\Database\Connection.php:590
C:\Users\hedra\Desktop\Sourcecode\NexusV2\Nexus-backend\vendor\laravel\framework\src\Illuminate\Database\Connection.php:554
C:\Users\hedra\Desktop\Sourcecode\NexusV2\Nexus-backend\vendor\laravel\framework\src\Illuminate\Database\Query\Processors\Processor.php:32
C:\Users\hedra\Desktop\Sourcecode\NexusV2\Nexus-backend\vendor\laravel\framework\src\Illuminate\Database\Query\Builder.php:4257
C:\Users\hedra\Desktop\Sourcecode\NexusV2\Nexus-backend\vendor\laravel\framework\src\Illuminate\Database\Eloquent\Builder.php:2271
C:\Users\hedra\Desktop\Sourcecode\NexusV2\Nexus-backend\vendor\laravel\framework\src\Illuminate\Database\Eloquent\Model.php:1662
C:\Users\hedra\Desktop\Sourcecode\NexusV2\Nexus-backend\vendor\laravel\framework\src\Illuminate\Database\Eloquent\Model.php:1578
C:\Users\hedra\Desktop\Sourcecode\NexusV2\Nexus-backend\vendor\laravel\framework\src\Illuminate\Database\Eloquent\Model.php:1382
C:\Users\hedra\Desktop\Sourcecode\NexusV2\Nexus-backend\vendor\laravel\framework\src\Illuminate\Database\Eloquent\Factories\Factory.php:379
C:\Users\hedra\Desktop\Sourcecode\NexusV2\Nexus-backend\vendor\laravel\framework\src\Illuminate\Collections\Traits\EnumeratesValues.php:275
C:\Users\hedra\Desktop\Sourcecode\NexusV2\Nexus-backend\vendor\laravel\framework\src\Illuminate\Database\Eloquent\Factories\Factory.php:374
C:\Users\hedra\Desktop\Sourcecode\NexusV2\Nexus-backend\vendor\laravel\framework\src\Illuminate\Database\Eloquent\Factories\Factory.php:330
C:\Users\hedra\Desktop\Sourcecode\NexusV2\Nexus-backend\vendor\laravel\framework\src\Illuminate\Database\Eloquent\Factories\Factory.php:324
C:\Users\hedra\Desktop\Sourcecode\NexusV2\Nexus-backend\tests\Feature\Http\Controllers\SettingsHubAdminControllerTest.php:25

Caused by
PDOException: SQLSTATE[HY000]: General error: 1 table users has no column named role

C:\Users\hedra\Desktop\Sourcecode\NexusV2\Nexus-backend\vendor\laravel\framework\src\Illuminate\Database\Connection.php:595
C:\Users\hedra\Desktop\Sourcecode\NexusV2\Nexus-backend\vendor\laravel\framework\src\Illuminate\Database\Connection.php:846
C:\Users\hedra\Desktop\Sourcecode\NexusV2\Nexus-backend\vendor\laravel\framework\src\Illuminate\Database\Connection.php:813
C:\Users\hedra\Desktop\Sourcecode\NexusV2\Nexus-backend\vendor\laravel\framework\src\Illuminate\Database\Connection.php:590
C:\Users\hedra\Desktop\Sourcecode\NexusV2\Nexus-backend\vendor\laravel\framework\src\Illuminate\Database\Connection.php:554
C:\Users\hedra\Desktop\Sourcecode\NexusV2\Nexus-backend\vendor\laravel\framework\src\Illuminate\Database\Query\Processors\Processor.php:32
C:\Users\hedra\Desktop\Sourcecode\NexusV2\Nexus-backend\vendor\laravel\framework\src\Illuminate\Database\Query\Builder.php:4257
C:\Users\hedra\Desktop\Sourcecode\NexusV2\Nexus-backend\vendor\laravel\framework\src\Illuminate\Database\Eloquent\Builder.php:2271
C:\Users\hedra\Desktop\Sourcecode\NexusV2\Nexus-backend\vendor\laravel\framework\src\Illuminate\Database\Eloquent\Model.php:1662
C:\Users\hedra\Desktop\Sourcecode\NexusV2\Nexus-backend\vendor\laravel\framework\src\Illuminate\Database\Eloquent\Model.php:1578
C:\Users\hedra\Desktop\Sourcecode\NexusV2\Nexus-backend\vendor\laravel\framework\src\Illuminate\Database\Eloquent\Model.php:1382
C:\Users\hedra\Desktop\Sourcecode\NexusV2\Nexus-backend\vendor\laravel\framework\src\Illuminate\Database\Eloquent\Factories\Factory.php:379
C:\Users\hedra\Desktop\Sourcecode\NexusV2\Nexus-backend\vendor\laravel\framework\src\Illuminate\Collections\Traits\EnumeratesValues.php:275
C:\Users\hedra\Desktop\Sourcecode\NexusV2\Nexus-backend\vendor\laravel\framework\src\Illuminate\Database\Eloquent\Factories\Factory.php:374
C:\Users\hedra\Desktop\Sourcecode\NexusV2\Nexus-backend\vendor\laravel\framework\src\Illuminate\Database\Eloquent\Factories\Factory.php:330
C:\Users\hedra\Desktop\Sourcecode\NexusV2\Nexus-backend\vendor\laravel\framework\src\Illuminate\Database\Eloquent\Factories\Factory.php:324
C:\Users\hedra\Desktop\Sourcecode\NexusV2\Nexus-backend\tests\Feature\Http\Controllers\SettingsHubAdminControllerTest.php:25

90) Tests\Feature\IntegrationTest::test_ai_model_execute_with_openai_provider
Illuminate\Database\QueryException: SQLSTATE[HY000]: General error: 1 table ai_models has no column named provider (Connection: sqlite, Database: :memory:, SQL: insert into "ai_models" ("name", "provider_id", "context_window", "input_cost_per_m", "output_cost_per_m", "last_synced_at", "provider", "model", "api_key", "id", "updated_at", "created_at") values (minima Model, ?, ?, ?, 0.047611, ?, openai, gpt-4, test-key, cc80889a-5c55-4105-b5cd-fc0c550afd11, 2026-06-24 04:28:50, 2026-06-24 04:28:50))

C:\Users\hedra\Desktop\Sourcecode\NexusV2\Nexus-backend\vendor\laravel\framework\src\Illuminate\Database\Connection.php:857
C:\Users\hedra\Desktop\Sourcecode\NexusV2\Nexus-backend\vendor\laravel\framework\src\Illuminate\Database\Connection.php:813
C:\Users\hedra\Desktop\Sourcecode\NexusV2\Nexus-backend\vendor\laravel\framework\src\Illuminate\Database\Connection.php:590
C:\Users\hedra\Desktop\Sourcecode\NexusV2\Nexus-backend\vendor\laravel\framework\src\Illuminate\Database\Connection.php:554
C:\Users\hedra\Desktop\Sourcecode\NexusV2\Nexus-backend\vendor\laravel\framework\src\Illuminate\Database\Query\Builder.php:4164
C:\Users\hedra\Desktop\Sourcecode\NexusV2\Nexus-backend\vendor\laravel\framework\src\Illuminate\Database\Eloquent\Builder.php:2271
C:\Users\hedra\Desktop\Sourcecode\NexusV2\Nexus-backend\vendor\laravel\framework\src\Illuminate\Database\Eloquent\Model.php:1589
C:\Users\hedra\Desktop\Sourcecode\NexusV2\Nexus-backend\vendor\laravel\framework\src\Illuminate\Database\Eloquent\Model.php:1382
C:\Users\hedra\Desktop\Sourcecode\NexusV2\Nexus-backend\vendor\laravel\framework\src\Illuminate\Database\Eloquent\Factories\Factory.php:379
C:\Users\hedra\Desktop\Sourcecode\NexusV2\Nexus-backend\vendor\laravel\framework\src\Illuminate\Collections\Traits\EnumeratesValues.php:275
C:\Users\hedra\Desktop\Sourcecode\NexusV2\Nexus-backend\vendor\laravel\framework\src\Illuminate\Database\Eloquent\Factories\Factory.php:374
C:\Users\hedra\Desktop\Sourcecode\NexusV2\Nexus-backend\vendor\laravel\framework\src\Illuminate\Database\Eloquent\Factories\Factory.php:330
C:\Users\hedra\Desktop\Sourcecode\NexusV2\Nexus-backend\vendor\laravel\framework\src\Illuminate\Database\Eloquent\Factories\Factory.php:324
C:\Users\hedra\Desktop\Sourcecode\NexusV2\Nexus-backend\tests\Feature\IntegrationTest.php:66

Caused by
PDOException: SQLSTATE[HY000]: General error: 1 table ai_models has no column named provider

C:\Users\hedra\Desktop\Sourcecode\NexusV2\Nexus-backend\vendor\laravel\framework\src\Illuminate\Database\Connection.php:595
C:\Users\hedra\Desktop\Sourcecode\NexusV2\Nexus-backend\vendor\laravel\framework\src\Illuminate\Database\Connection.php:846
C:\Users\hedra\Desktop\Sourcecode\NexusV2\Nexus-backend\vendor\laravel\framework\src\Illuminate\Database\Connection.php:813
C:\Users\hedra\Desktop\Sourcecode\NexusV2\Nexus-backend\vendor\laravel\framework\src\Illuminate\Database\Connection.php:590
C:\Users\hedra\Desktop\Sourcecode\NexusV2\Nexus-backend\vendor\laravel\framework\src\Illuminate\Database\Connection.php:554
C:\Users\hedra\Desktop\Sourcecode\NexusV2\Nexus-backend\vendor\laravel\framework\src\Illuminate\Database\Query\Builder.php:4164
C:\Users\hedra\Desktop\Sourcecode\NexusV2\Nexus-backend\vendor\laravel\framework\src\Illuminate\Database\Eloquent\Builder.php:2271
C:\Users\hedra\Desktop\Sourcecode\NexusV2\Nexus-backend\vendor\laravel\framework\src\Illuminate\Database\Eloquent\Model.php:1589
C:\Users\hedra\Desktop\Sourcecode\NexusV2\Nexus-backend\vendor\laravel\framework\src\Illuminate\Database\Eloquent\Model.php:1382
C:\Users\hedra\Desktop\Sourcecode\NexusV2\Nexus-backend\vendor\laravel\framework\src\Illuminate\Database\Eloquent\Factories\Factory.php:379
C:\Users\hedra\Desktop\Sourcecode\NexusV2\Nexus-backend\vendor\laravel\framework\src\Illuminate\Collections\Traits\EnumeratesValues.php:275
C:\Users\hedra\Desktop\Sourcecode\NexusV2\Nexus-backend\vendor\laravel\framework\src\Illuminate\Database\Eloquent\Factories\Factory.php:374
C:\Users\hedra\Desktop\Sourcecode\NexusV2\Nexus-backend\vendor\laravel\framework\src\Illuminate\Database\Eloquent\Factories\Factory.php:330
C:\Users\hedra\Desktop\Sourcecode\NexusV2\Nexus-backend\vendor\laravel\framework\src\Illuminate\Database\Eloquent\Factories\Factory.php:324
C:\Users\hedra\Desktop\Sourcecode\NexusV2\Nexus-backend\tests\Feature\IntegrationTest.php:66

91) Tests\Feature\IntegrationTest::test_ai_model_execute_with_gemini_provider
Illuminate\Database\QueryException: SQLSTATE[HY000]: General error: 1 table ai_models has no column named provider (Connection: sqlite, Database: :memory:, SQL: insert into "ai_models" ("name", "provider_id", "context_window", "input_cost_per_m", "output_cost_per_m", "last_synced_at", "provider", "model", "api_key", "id", "updated_at", "created_at") values (adipisci Model, ?, 7416, ?, 0.020625, 2026-06-16 15:48:23, google, gemini-pro, test-key, 8ecd2f16-81c6-4215-be41-1eca2d7fbd70, 2026-06-24 04:28:50, 2026-06-24 04:28:50))

C:\Users\hedra\Desktop\Sourcecode\NexusV2\Nexus-backend\vendor\laravel\framework\src\Illuminate\Database\Connection.php:857
C:\Users\hedra\Desktop\Sourcecode\NexusV2\Nexus-backend\vendor\laravel\framework\src\Illuminate\Database\Connection.php:813
C:\Users\hedra\Desktop\Sourcecode\NexusV2\Nexus-backend\vendor\laravel\framework\src\Illuminate\Database\Connection.php:590
C:\Users\hedra\Desktop\Sourcecode\NexusV2\Nexus-backend\vendor\laravel\framework\src\Illuminate\Database\Connection.php:554
C:\Users\hedra\Desktop\Sourcecode\NexusV2\Nexus-backend\vendor\laravel\framework\src\Illuminate\Database\Query\Builder.php:4164
C:\Users\hedra\Desktop\Sourcecode\NexusV2\Nexus-backend\vendor\laravel\framework\src\Illuminate\Database\Eloquent\Builder.php:2271
C:\Users\hedra\Desktop\Sourcecode\NexusV2\Nexus-backend\vendor\laravel\framework\src\Illuminate\Database\Eloquent\Model.php:1589
C:\Users\hedra\Desktop\Sourcecode\NexusV2\Nexus-backend\vendor\laravel\framework\src\Illuminate\Database\Eloquent\Model.php:1382
C:\Users\hedra\Desktop\Sourcecode\NexusV2\Nexus-backend\vendor\laravel\framework\src\Illuminate\Database\Eloquent\Factories\Factory.php:379
C:\Users\hedra\Desktop\Sourcecode\NexusV2\Nexus-backend\vendor\laravel\framework\src\Illuminate\Collections\Traits\EnumeratesValues.php:275
C:\Users\hedra\Desktop\Sourcecode\NexusV2\Nexus-backend\vendor\laravel\framework\src\Illuminate\Database\Eloquent\Factories\Factory.php:374
C:\Users\hedra\Desktop\Sourcecode\NexusV2\Nexus-backend\vendor\laravel\framework\src\Illuminate\Database\Eloquent\Factories\Factory.php:330
C:\Users\hedra\Desktop\Sourcecode\NexusV2\Nexus-backend\vendor\laravel\framework\src\Illuminate\Database\Eloquent\Factories\Factory.php:324
C:\Users\hedra\Desktop\Sourcecode\NexusV2\Nexus-backend\tests\Feature\IntegrationTest.php:82

Caused by
PDOException: SQLSTATE[HY000]: General error: 1 table ai_models has no column named provider

C:\Users\hedra\Desktop\Sourcecode\NexusV2\Nexus-backend\vendor\laravel\framework\src\Illuminate\Database\Connection.php:595
C:\Users\hedra\Desktop\Sourcecode\NexusV2\Nexus-backend\vendor\laravel\framework\src\Illuminate\Database\Connection.php:846
C:\Users\hedra\Desktop\Sourcecode\NexusV2\Nexus-backend\vendor\laravel\framework\src\Illuminate\Database\Connection.php:813
C:\Users\hedra\Desktop\Sourcecode\NexusV2\Nexus-backend\vendor\laravel\framework\src\Illuminate\Database\Connection.php:590
C:\Users\hedra\Desktop\Sourcecode\NexusV2\Nexus-backend\vendor\laravel\framework\src\Illuminate\Database\Connection.php:554
C:\Users\hedra\Desktop\Sourcecode\NexusV2\Nexus-backend\vendor\laravel\framework\src\Illuminate\Database\Query\Builder.php:4164
C:\Users\hedra\Desktop\Sourcecode\NexusV2\Nexus-backend\vendor\laravel\framework\src\Illuminate\Database\Eloquent\Builder.php:2271
C:\Users\hedra\Desktop\Sourcecode\NexusV2\Nexus-backend\vendor\laravel\framework\src\Illuminate\Database\Eloquent\Model.php:1589
C:\Users\hedra\Desktop\Sourcecode\NexusV2\Nexus-backend\vendor\laravel\framework\src\Illuminate\Database\Eloquent\Model.php:1382
C:\Users\hedra\Desktop\Sourcecode\NexusV2\Nexus-backend\vendor\laravel\framework\src\Illuminate\Database\Eloquent\Factories\Factory.php:379
C:\Users\hedra\Desktop\Sourcecode\NexusV2\Nexus-backend\vendor\laravel\framework\src\Illuminate\Collections\Traits\EnumeratesValues.php:275
C:\Users\hedra\Desktop\Sourcecode\NexusV2\Nexus-backend\vendor\laravel\framework\src\Illuminate\Database\Eloquent\Factories\Factory.php:374
C:\Users\hedra\Desktop\Sourcecode\NexusV2\Nexus-backend\vendor\laravel\framework\src\Illuminate\Database\Eloquent\Factories\Factory.php:330
C:\Users\hedra\Desktop\Sourcecode\NexusV2\Nexus-backend\vendor\laravel\framework\src\Illuminate\Database\Eloquent\Factories\Factory.php:324
C:\Users\hedra\Desktop\Sourcecode\NexusV2\Nexus-backend\tests\Feature\IntegrationTest.php:82

92) Tests\Feature\IntegrationTest::test_memory_sync_job_syncs_to_external_stores
Error: Class "Tests\Feature\Memory" not found

C:\Users\hedra\Desktop\Sourcecode\NexusV2\Nexus-backend\tests\Feature\IntegrationTest.php:123

93) Tests\Feature\PeopleConnect\PropertyBased\DedupSessionPropertyTest::test_idempotency_property_for_deduplication
Error: Call to undefined method App\Services\PeopleConnect\WahaWebhookIngestionService::ingestMessage()

C:\Users\hedra\Desktop\Sourcecode\NexusV2\Nexus-backend\tests\Feature\PeopleConnect\PropertyBased\DedupSessionPropertyTest.php:35

94) Tests\Feature\QueueTest::test_sync_memory_job_handles_failure_gracefully
TypeError: App\Jobs\SyncMemoryJob::__construct(): Argument #1 ($contactId) must be of type int, App\Models\Memory given, called in C:\Users\hedra\Desktop\Sourcecode\NexusV2\Nexus-backend\tests\Feature\QueueTest.php on line 39

C:\Users\hedra\Desktop\Sourcecode\NexusV2\Nexus-backend\app\Jobs\SyncMemoryJob.php:28
C:\Users\hedra\Desktop\Sourcecode\NexusV2\Nexus-backend\tests\Feature\QueueTest.php:39

95) Tests\Feature\QueueTest::test_job_can_be_pushed_to_queue
TypeError: App\Jobs\SyncMemoryJob::__construct(): Argument #1 ($contactId) must be of type int, App\Models\Memory given, called in C:\Users\hedra\Desktop\Sourcecode\NexusV2\Nexus-backend\vendor\laravel\framework\src\Illuminate\Foundation\Bus\Dispatchable.php on line 19

C:\Users\hedra\Desktop\Sourcecode\NexusV2\Nexus-backend\app\Jobs\SyncMemoryJob.php:28
C:\Users\hedra\Desktop\Sourcecode\NexusV2\Nexus-backend\vendor\laravel\framework\src\Illuminate\Foundation\Bus\Dispatchable.php:19
C:\Users\hedra\Desktop\Sourcecode\NexusV2\Nexus-backend\tests\Feature\QueueTest.php:54

96) Tests\Feature\ScheduleTest::test_reverb_monitoring_command_is_scheduled
Illuminate\Contracts\Container\BindingResolutionException: Target class [App\Console\Kernel] does not exist.

C:\Users\hedra\Desktop\Sourcecode\NexusV2\Nexus-backend\vendor\laravel\framework\src\Illuminate\Container\Container.php:1127
C:\Users\hedra\Desktop\Sourcecode\NexusV2\Nexus-backend\vendor\laravel\framework\src\Illuminate\Container\Container.php:936
C:\Users\hedra\Desktop\Sourcecode\NexusV2\Nexus-backend\vendor\laravel\framework\src\Illuminate\Foundation\Application.php:1078
C:\Users\hedra\Desktop\Sourcecode\NexusV2\Nexus-backend\vendor\laravel\framework\src\Illuminate\Container\Container.php:864
C:\Users\hedra\Desktop\Sourcecode\NexusV2\Nexus-backend\vendor\laravel\framework\src\Illuminate\Foundation\Application.php:1058
C:\Users\hedra\Desktop\Sourcecode\NexusV2\Nexus-backend\tests\Feature\ScheduleTest.php:12

Caused by
ReflectionException: Class "App\Console\Kernel" does not exist

C:\Users\hedra\Desktop\Sourcecode\NexusV2\Nexus-backend\vendor\laravel\framework\src\Illuminate\Container\Container.php:1125
C:\Users\hedra\Desktop\Sourcecode\NexusV2\Nexus-backend\vendor\laravel\framework\src\Illuminate\Container\Container.php:936
C:\Users\hedra\Desktop\Sourcecode\NexusV2\Nexus-backend\vendor\laravel\framework\src\Illuminate\Foundation\Application.php:1078
C:\Users\hedra\Desktop\Sourcecode\NexusV2\Nexus-backend\vendor\laravel\framework\src\Illuminate\Container\Container.php:864
C:\Users\hedra\Desktop\Sourcecode\NexusV2\Nexus-backend\vendor\laravel\framework\src\Illuminate\Foundation\Application.php:1058
C:\Users\hedra\Desktop\Sourcecode\NexusV2\Nexus-backend\tests\Feature\ScheduleTest.php:12

--

There were 96 failures:

1) Tests\Feature\AIInteractionTest::test_ai_model_execute_with_fallback_chain
Expected response status code [200] but received 405.
Failed asserting that 405 is identical to 200.

C:\Users\hedra\Desktop\Sourcecode\NexusV2\Nexus-backend\vendor\laravel\framework\src\Illuminate\Testing\TestResponseAssert.php:45
C:\Users\hedra\Desktop\Sourcecode\NexusV2\Nexus-backend\vendor\laravel\framework\src\Illuminate\Testing\TestResponse.php:176
C:\Users\hedra\Desktop\Sourcecode\NexusV2\Nexus-backend\tests\Feature\AIInteractionTest.php:45

2) Tests\Feature\AIInteractionTest::test_ai_model_select_by_criteria
Expected response status code [200] but received 405.
Failed asserting that 405 is identical to 200.

C:\Users\hedra\Desktop\Sourcecode\NexusV2\Nexus-backend\vendor\laravel\framework\src\Illuminate\Testing\TestResponseAssert.php:45
C:\Users\hedra\Desktop\Sourcecode\NexusV2\Nexus-backend\vendor\laravel\framework\src\Illuminate\Testing\TestResponse.php:176
C:\Users\hedra\Desktop\Sourcecode\NexusV2\Nexus-backend\tests\Feature\AIInteractionTest.php:59

3) Tests\Feature\AIInteractionTest::test_ai_model_cost_optimization
Expected response status code [200] but received 405.
Failed asserting that 405 is identical to 200.

C:\Users\hedra\Desktop\Sourcecode\NexusV2\Nexus-backend\vendor\laravel\framework\src\Illuminate\Testing\TestResponseAssert.php:45
C:\Users\hedra\Desktop\Sourcecode\NexusV2\Nexus-backend\vendor\laravel\framework\src\Illuminate\Testing\TestResponse.php:176
C:\Users\hedra\Desktop\Sourcecode\NexusV2\Nexus-backend\tests\Feature\AIInteractionTest.php:70

4) Tests\Feature\AIInteractionTest::test_ai_model_quality_routing
Expected response status code [200] but received 405.
Failed asserting that 405 is identical to 200.

C:\Users\hedra\Desktop\Sourcecode\NexusV2\Nexus-backend\vendor\laravel\framework\src\Illuminate\Testing\TestResponseAssert.php:45
C:\Users\hedra\Desktop\Sourcecode\NexusV2\Nexus-backend\vendor\laravel\framework\src\Illuminate\Testing\TestResponse.php:176
C:\Users\hedra\Desktop\Sourcecode\NexusV2\Nexus-backend\tests\Feature\AIInteractionTest.php:81

5) Tests\Feature\AIInteractionTest::test_ai_model_speed_routing
Expected response status code [200] but received 405.
Failed asserting that 405 is identical to 200.

C:\Users\hedra\Desktop\Sourcecode\NexusV2\Nexus-backend\vendor\laravel\framework\src\Illuminate\Testing\TestResponseAssert.php:45
C:\Users\hedra\Desktop\Sourcecode\NexusV2\Nexus-backend\vendor\laravel\framework\src\Illuminate\Testing\TestResponse.php:176
C:\Users\hedra\Desktop\Sourcecode\NexusV2\Nexus-backend\tests\Feature\AIInteractionTest.php:92

6) Tests\Feature\AIInteractionTest::test_agent_execute_with_ai_model
Expected response status code [200] but received 405.
Failed asserting that 405 is identical to 200.

C:\Users\hedra\Desktop\Sourcecode\NexusV2\Nexus-backend\vendor\laravel\framework\src\Illuminate\Testing\TestResponseAssert.php:45
C:\Users\hedra\Desktop\Sourcecode\NexusV2\Nexus-backend\vendor\laravel\framework\src\Illuminate\Testing\TestResponse.php:176
C:\Users\hedra\Desktop\Sourcecode\NexusV2\Nexus-backend\tests\Feature\AIInteractionTest.php:108

7) Tests\Feature\AgentUpdateTest::test_agent_update_merges_settings
Expected response status code [200] but received 405.
Failed asserting that 405 is identical to 200.

C:\Users\hedra\Desktop\Sourcecode\NexusV2\Nexus-backend\vendor\laravel\framework\src\Illuminate\Testing\TestResponseAssert.php:45
C:\Users\hedra\Desktop\Sourcecode\NexusV2\Nexus-backend\vendor\laravel\framework\src\Illuminate\Testing\TestResponse.php:176
C:\Users\hedra\Desktop\Sourcecode\NexusV2\Nexus-backend\tests\Feature\AgentUpdateTest.php:29

8) Tests\Feature\ApiTest::test_api_paginates_index_responses
Failed asserting that an array has the key 'meta'.

C:\Users\hedra\Desktop\Sourcecode\NexusV2\Nexus-backend\vendor\laravel\framework\src\Illuminate\Testing\AssertableJsonString.php:299
C:\Users\hedra\Desktop\Sourcecode\NexusV2\Nexus-backend\vendor\laravel\framework\src\Illuminate\Testing\TestResponse.php:1039
C:\Users\hedra\Desktop\Sourcecode\NexusV2\Nexus-backend\tests\Feature\ApiTest.php:81

9) Tests\Feature\ApiTest::test_api_health_endpoint_returns_status
Failed asserting that an array has the key 'services'.

C:\Users\hedra\Desktop\Sourcecode\NexusV2\Nexus-backend\vendor\laravel\framework\src\Illuminate\Testing\AssertableJsonString.php:299
C:\Users\hedra\Desktop\Sourcecode\NexusV2\Nexus-backend\vendor\laravel\framework\src\Illuminate\Testing\TestResponse.php:1039
C:\Users\hedra\Desktop\Sourcecode\NexusV2\Nexus-backend\tests\Feature\ApiTest.php:172

10) Tests\Feature\AsyncEngineFlowTest::test_webhook_endpoint_dispatches_ai_inference_job
Expected response status code [202] but received 422.
Failed asserting that 422 is identical to 202.

The following errors occurred during the last request:

{
    "message": "The event field is required. (and 2 more errors)",
    "errors": {
        "event": [
            "The event field is required."
        ],
        "session": [
            "The session field is required."
        ],
        "payload": [
            "The payload field is required."
        ]
    }
}

C:\Users\hedra\Desktop\Sourcecode\NexusV2\Nexus-backend\vendor\laravel\framework\src\Illuminate\Testing\TestResponseAssert.php:45
C:\Users\hedra\Desktop\Sourcecode\NexusV2\Nexus-backend\vendor\laravel\framework\src\Illuminate\Testing\TestResponse.php:176
C:\Users\hedra\Desktop\Sourcecode\NexusV2\Nexus-backend\tests\Feature\AsyncEngineFlowTest.php:33

11) Tests\Feature\Console\MonitorReverbHealthCommandTest::test_monitor_reverb_health_command_returns_success_when_reverb_is_healthy
Expected status code 0 but received 1.
Failed asserting that 1 matches expected 0.

C:\Users\hedra\Desktop\Sourcecode\NexusV2\Nexus-backend\vendor\laravel\framework\src\Illuminate\Testing\PendingCommand.php:463
C:\Users\hedra\Desktop\Sourcecode\NexusV2\Nexus-backend\vendor\laravel\framework\src\Illuminate\Testing\PendingCommand.php:675
C:\Users\hedra\Desktop\Sourcecode\NexusV2\Nexus-backend\tests\Feature\Console\MonitorReverbHealthCommandTest.php:27

12) Tests\Feature\Console\MonitorReverbHealthCommandTest::test_monitor_reverb_health_command_reports_failure_when_reverb_is_unhealthy
Output "Reverb health check failed with status 503." was not printed.

C:\Users\hedra\Desktop\Sourcecode\NexusV2\Nexus-backend\vendor\laravel\framework\src\Illuminate\Testing\PendingCommand.php:527
C:\Users\hedra\Desktop\Sourcecode\NexusV2\Nexus-backend\vendor\laravel\framework\src\Illuminate\Testing\PendingCommand.php:474
C:\Users\hedra\Desktop\Sourcecode\NexusV2\Nexus-backend\vendor\laravel\framework\src\Illuminate\Testing\PendingCommand.php:675
C:\Users\hedra\Desktop\Sourcecode\NexusV2\Nexus-backend\tests\Feature\Console\MonitorReverbHealthCommandTest.php:44

13) Tests\Feature\ContactImportAndMessagesTest::test_whatsapp_txt_preview_and_commit_create_messages
Expected response status code [200] but received 500.
Failed asserting that 500 is identical to 200.

The following exception occurred during the last request:

TypeError: Cannot assign null to property App\Services\Contact\WahaImportService::$wahaSecret of type string in C:\Users\hedra\Desktop\Sourcecode\NexusV2\Nexus-backend\app\Services\Contact\WahaImportService.php:16
Stack trace:
#0 C:\Users\hedra\Desktop\Sourcecode\NexusV2\Nexus-backend\app\Services\Contact\ContactImportPipeline.php(22): App\Services\Contact\WahaImportService->__construct()
#1 C:\Users\hedra\Desktop\Sourcecode\NexusV2\Nexus-backend\vendor\laravel\framework\src\Illuminate\Container\Container.php(1171): App\Services\Contact\ContactImportPipeline->__construct()
#2 C:\Users\hedra\Desktop\Sourcecode\NexusV2\Nexus-backend\vendor\laravel\framework\src\Illuminate\Container\Container.php(936): Illuminate\Container\Container->build('App\\Services\\Co...')
#3 C:\Users\hedra\Desktop\Sourcecode\NexusV2\Nexus-backend\vendor\laravel\framework\src\Illuminate\Foundation\Application.php(1078): Illuminate\Container\Container->resolve('App\\Services\\Co...', Array, true)
#4 C:\Users\hedra\Desktop\Sourcecode\NexusV2\Nexus-backend\vendor\laravel\framework\src\Illuminate\Container\Container.php(864): Illuminate\Foundation\Application->resolve('App\\Services\\Co...', Array)
#5 C:\Users\hedra\Desktop\Sourcecode\NexusV2\Nexus-backend\vendor\laravel\framework\src\Illuminate\Foundation\Application.php(1058): Illuminate\Container\Container->make('App\\Services\\Co...', Array)
#6 C:\Users\hedra\Desktop\Sourcecode\NexusV2\Nexus-backend\vendor\laravel\framework\src\Illuminate\Container\Container.php(1339): Illuminate\Foundation\Application->make('App\\Services\\Co...')
#7 C:\Users\hedra\Desktop\Sourcecode\NexusV2\Nexus-backend\vendor\laravel\framework\src\Illuminate\Container\Container.php(1240): Illuminate\Container\Container->resolveClass(Object(ReflectionParameter), 'App\\Services\\Co...')
#8 C:\Users\hedra\Desktop\Sourcecode\NexusV2\Nexus-backend\vendor\laravel\framework\src\Illuminate\Container\Container.php(1165): Illuminate\Container\Container->resolveDependencies(Array)
#9 C:\Users\hedra\Desktop\Sourcecode\NexusV2\Nexus-backend\vendor\laravel\framework\src\Illuminate\Container\Container.php(936): Illuminate\Container\Container->build('App\\Http\\Contro...')
#10 C:\Users\hedra\Desktop\Sourcecode\NexusV2\Nexus-backend\vendor\laravel\framework\src\Illuminate\Foundation\Application.php(1078): Illuminate\Container\Container->resolve('App\\Http\\Contro...', Array, true)
#11 C:\Users\hedra\Desktop\Sourcecode\NexusV2\Nexus-backend\vendor\laravel\framework\src\Illuminate\Container\Container.php(864): Illuminate\Foundation\Application->resolve('App\\Http\\Contro...', Array)
#12 C:\Users\hedra\Desktop\Sourcecode\NexusV2\Nexus-backend\vendor\laravel\framework\src\Illuminate\Foundation\Application.php(1058): Illuminate\Container\Container->make('App\\Http\\Contro...', Array)
#13 C:\Users\hedra\Desktop\Sourcecode\NexusV2\Nexus-backend\vendor\laravel\framework\src\Illuminate\Routing\Route.php(296): Illuminate\Foundation\Application->make('App\\Http\\Contro...')
#14 C:\Users\hedra\Desktop\Sourcecode\NexusV2\Nexus-backend\vendor\laravel\framework\src\Illuminate\Routing\Route.php(276): Illuminate\Routing\Route->getController()
#15 C:\Users\hedra\Desktop\Sourcecode\NexusV2\Nexus-backend\vendor\laravel\framework\src\Illuminate\Routing\Route.php(215): Illuminate\Routing\Route->runController()
#16 C:\Users\hedra\Desktop\Sourcecode\NexusV2\Nexus-backend\vendor\laravel\framework\src\Illuminate\Routing\Router.php(822): Illuminate\Routing\Route->run()
#17 C:\Users\hedra\Desktop\Sourcecode\NexusV2\Nexus-backend\vendor\laravel\framework\src\Illuminate\Pipeline\Pipeline.php(180): Illuminate\Routing\Router->{closure:Illuminate\Routing\Router::runRouteWithinStack():821}(Object(Illuminate\Http\Request))
#18 C:\Users\hedra\Desktop\Sourcecode\NexusV2\Nexus-backend\vendor\laravel\framework\src\Illuminate\Routing\Middleware\SubstituteBindings.php(52): Illuminate\Pipeline\Pipeline->{closure:Illuminate\Pipeline\Pipeline::prepareDestination():178}(Object(Illuminate\Http\Request))
#19 C:\Users\hedra\Desktop\Sourcecode\NexusV2\Nexus-backend\vendor\laravel\framework\src\Illuminate\Pipeline\Pipeline.php(219): Illuminate\Routing\Middleware\SubstituteBindings->handle(Object(Illuminate\Http\Request), Object(Closure))
#20 C:\Users\hedra\Desktop\Sourcecode\NexusV2\Nexus-backend\vendor\laravel\framework\src\Illuminate\Auth\Middleware\Authenticate.php(63): Illuminate\Pipeline\Pipeline->{closure:{closure:Illuminate\Pipeline\Pipeline::carry():194}:195}(Object(Illuminate\Http\Request))
#21 C:\Users\hedra\Desktop\Sourcecode\NexusV2\Nexus-backend\vendor\laravel\framework\src\Illuminate\Pipeline\Pipeline.php(219): Illuminate\Auth\Middleware\Authenticate->handle(Object(Illuminate\Http\Request), Object(Closure), 'sanctum')
#22 C:\Users\hedra\Desktop\Sourcecode\NexusV2\Nexus-backend\vendor\laravel\framework\src\Illuminate\Pipeline\Pipeline.php(137): Illuminate\Pipeline\Pipeline->{closure:{closure:Illuminate\Pipeline\Pipeline::carry():194}:195}(Object(Illuminate\Http\Request))
#23 C:\Users\hedra\Desktop\Sourcecode\NexusV2\Nexus-backend\vendor\laravel\framework\src\Illuminate\Routing\Router.php(821): Illuminate\Pipeline\Pipeline->then(Object(Closure))
#24 C:\Users\hedra\Desktop\Sourcecode\NexusV2\Nexus-backend\vendor\laravel\framework\src\Illuminate\Routing\Router.php(800): Illuminate\Routing\Router->runRouteWithinStack(Object(Illuminate\Routing\Route), Object(Illuminate\Http\Request))
#25 C:\Users\hedra\Desktop\Sourcecode\NexusV2\Nexus-backend\vendor\laravel\framework\src\Illuminate\Routing\Router.php(764): Illuminate\Routing\Router->runRoute(Object(Illuminate\Http\Request), Object(Illuminate\Routing\Route))
#26 C:\Users\hedra\Desktop\Sourcecode\NexusV2\Nexus-backend\vendor\laravel\framework\src\Illuminate\Routing\Router.php(753): Illuminate\Routing\Router->dispatchToRoute(Object(Illuminate\Http\Request))
#27 C:\Users\hedra\Desktop\Sourcecode\NexusV2\Nexus-backend\vendor\laravel\framework\src\Illuminate\Foundation\Http\Kernel.php(200): Illuminate\Routing\Router->dispatch(Object(Illuminate\Http\Request))
#28 C:\Users\hedra\Desktop\Sourcecode\NexusV2\Nexus-backend\vendor\laravel\framework\src\Illuminate\Pipeline\Pipeline.php(180): Illuminate\Foundation\Http\Kernel->{closure:Illuminate\Foundation\Http\Kernel::dispatchToRouter():197}(Object(Illuminate\Http\Request))
#29 C:\Users\hedra\Desktop\Sourcecode\NexusV2\Nexus-backend\app\Http\Middleware\AutoLoginDevMiddleware.php(29): Illuminate\Pipeline\Pipeline->{closure:Illuminate\Pipeline\Pipeline::prepareDestination():178}(Object(Illuminate\Http\Request))
#30 C:\Users\hedra\Desktop\Sourcecode\NexusV2\Nexus-backend\vendor\laravel\framework\src\Illuminate\Pipeline\Pipeline.php(219): App\Http\Middleware\AutoLoginDevMiddleware->handle(Object(Illuminate\Http\Request), Object(Closure))
#31 C:\Users\hedra\Desktop\Sourcecode\NexusV2\Nexus-backend\vendor\laravel\framework\src\Illuminate\Foundation\Http\Middleware\TransformsRequest.php(21): Illuminate\Pipeline\Pipeline->{closure:{closure:Illuminate\Pipeline\Pipeline::carry():194}:195}(Object(Illuminate\Http\Request))
#32 C:\Users\hedra\Desktop\Sourcecode\NexusV2\Nexus-backend\vendor\laravel\framework\src\Illuminate\Foundation\Http\Middleware\ConvertEmptyStringsToNull.php(31): Illuminate\Foundation\Http\Middleware\TransformsRequest->handle(Object(Illuminate\Http\Request), Object(Closure))
#33 C:\Users\hedra\Desktop\Sourcecode\NexusV2\Nexus-backend\vendor\laravel\framework\src\Illuminate\Pipeline\Pipeline.php(219): Illuminate\Foundation\Http\Middleware\ConvertEmptyStringsToNull->handle(Object(Illuminate\Http\Request), Object(Closure))
#34 C:\Users\hedra\Desktop\Sourcecode\NexusV2\Nexus-backend\vendor\laravel\framework\src\Illuminate\Foundation\Http\Middleware\TransformsRequest.php(21): Illuminate\Pipeline\Pipeline->{closure:{closure:Illuminate\Pipeline\Pipeline::carry():194}:195}(Object(Illuminate\Http\Request))
#35 C:\Users\hedra\Desktop\Sourcecode\NexusV2\Nexus-backend\vendor\laravel\framework\src\Illuminate\Foundation\Http\Middleware\TrimStrings.php(51): Illuminate\Foundation\Http\Middleware\TransformsRequest->handle(Object(Illuminate\Http\Request), Object(Closure))
#36 C:\Users\hedra\Desktop\Sourcecode\NexusV2\Nexus-backend\vendor\laravel\framework\src\Illuminate\Pipeline\Pipeline.php(219): Illuminate\Foundation\Http\Middleware\TrimStrings->handle(Object(Illuminate\Http\Request), Object(Closure))
#37 C:\Users\hedra\Desktop\Sourcecode\NexusV2\Nexus-backend\vendor\laravel\framework\src\Illuminate\Http\Middleware\ValidatePostSize.php(27): Illuminate\Pipeline\Pipeline->{closure:{closure:Illuminate\Pipeline\Pipeline::carry():194}:195}(Object(Illuminate\Http\Request))
#38 C:\Users\hedra\Desktop\Sourcecode\NexusV2\Nexus-backend\vendor\laravel\framework\src\Illuminate\Pipeline\Pipeline.php(219): Illuminate\Http\Middleware\ValidatePostSize->handle(Object(Illuminate\Http\Request), Object(Closure))
#39 C:\Users\hedra\Desktop\Sourcecode\NexusV2\Nexus-backend\vendor\laravel\framework\src\Illuminate\Foundation\Http\Middleware\PreventRequestsDuringMaintenance.php(109): Illuminate\Pipeline\Pipeline->{closure:{closure:Illuminate\Pipeline\Pipeline::carry():194}:195}(Object(Illuminate\Http\Request))
#40 C:\Users\hedra\Desktop\Sourcecode\NexusV2\Nexus-backend\vendor\laravel\framework\src\Illuminate\Pipeline\Pipeline.php(219): Illuminate\Foundation\Http\Middleware\PreventRequestsDuringMaintenance->handle(Object(Illuminate\Http\Request), Object(Closure))
#41 C:\Users\hedra\Desktop\Sourcecode\NexusV2\Nexus-backend\vendor\laravel\framework\src\Illuminate\Http\Middleware\HandleCors.php(74): Illuminate\Pipeline\Pipeline->{closure:{closure:Illuminate\Pipeline\Pipeline::carry():194}:195}(Object(Illuminate\Http\Request))
#42 C:\Users\hedra\Desktop\Sourcecode\NexusV2\Nexus-backend\vendor\laravel\framework\src\Illuminate\Pipeline\Pipeline.php(219): Illuminate\Http\Middleware\HandleCors->handle(Object(Illuminate\Http\Request), Object(Closure))
#43 C:\Users\hedra\Desktop\Sourcecode\NexusV2\Nexus-backend\vendor\laravel\framework\src\Illuminate\Http\Middleware\TrustProxies.php(58): Illuminate\Pipeline\Pipeline->{closure:{closure:Illuminate\Pipeline\Pipeline::carry():194}:195}(Object(Illuminate\Http\Request))
#44 C:\Users\hedra\Desktop\Sourcecode\NexusV2\Nexus-backend\vendor\laravel\framework\src\Illuminate\Pipeline\Pipeline.php(219): Illuminate\Http\Middleware\TrustProxies->handle(Object(Illuminate\Http\Request), Object(Closure))
#45 C:\Users\hedra\Desktop\Sourcecode\NexusV2\Nexus-backend\vendor\laravel\framework\src\Illuminate\Foundation\Http\Middleware\InvokeDeferredCallbacks.php(22): Illuminate\Pipeline\Pipeline->{closure:{closure:Illuminate\Pipeline\Pipeline::carry():194}:195}(Object(Illuminate\Http\Request))
#46 C:\Users\hedra\Desktop\Sourcecode\NexusV2\Nexus-backend\vendor\laravel\framework\src\Illuminate\Pipeline\Pipeline.php(219): Illuminate\Foundation\Http\Middleware\InvokeDeferredCallbacks->handle(Object(Illuminate\Http\Request), Object(Closure))
#47 C:\Users\hedra\Desktop\Sourcecode\NexusV2\Nexus-backend\vendor\laravel\framework\src\Illuminate\Http\Middleware\ValidatePathEncoding.php(28): Illuminate\Pipeline\Pipeline->{closure:{closure:Illuminate\Pipeline\Pipeline::carry():194}:195}(Object(Illuminate\Http\Request))
#48 C:\Users\hedra\Desktop\Sourcecode\NexusV2\Nexus-backend\vendor\laravel\framework\src\Illuminate\Pipeline\Pipeline.php(219): Illuminate\Http\Middleware\ValidatePathEncoding->handle(Object(Illuminate\Http\Request), Object(Closure))
#49 C:\Users\hedra\Desktop\Sourcecode\NexusV2\Nexus-backend\vendor\laravel\framework\src\Illuminate\Pipeline\Pipeline.php(137): Illuminate\Pipeline\Pipeline->{closure:{closure:Illuminate\Pipeline\Pipeline::carry():194}:195}(Object(Illuminate\Http\Request))
#50 C:\Users\hedra\Desktop\Sourcecode\NexusV2\Nexus-backend\vendor\laravel\framework\src\Illuminate\Foundation\Http\Kernel.php(175): Illuminate\Pipeline\Pipeline->then(Object(Closure))
#51 C:\Users\hedra\Desktop\Sourcecode\NexusV2\Nexus-backend\vendor\laravel\framework\src\Illuminate\Foundation\Http\Kernel.php(144): Illuminate\Foundation\Http\Kernel->sendRequestThroughRouter(Object(Illuminate\Http\Request))
#52 C:\Users\hedra\Desktop\Sourcecode\NexusV2\Nexus-backend\vendor\laravel\framework\src\Illuminate\Foundation\Testing\Concerns\MakesHttpRequests.php(607): Illuminate\Foundation\Http\Kernel->handle(Object(Illuminate\Http\Request))
#53 C:\Users\hedra\Desktop\Sourcecode\NexusV2\Nexus-backend\vendor\laravel\framework\src\Illuminate\Foundation\Testing\Concerns\MakesHttpRequests.php(573): Illuminate\Foundation\Testing\TestCase->call('POST', '/api/v1/contact...', Array, Array, Array, Array, '{"contact_id":1...')
#54 C:\Users\hedra\Desktop\Sourcecode\NexusV2\Nexus-backend\vendor\laravel\framework\src\Illuminate\Foundation\Testing\Concerns\MakesHttpRequests.php(411): Illuminate\Foundation\Testing\TestCase->json('POST', '/api/v1/contact...', Array, Array, 0)
#55 C:\Users\hedra\Desktop\Sourcecode\NexusV2\Nexus-backend\tests\Feature\ContactImportAndMessagesTest.php(37): Illuminate\Foundation\Testing\TestCase->postJson('/api/v1/contact...', Array)
#56 C:\Users\hedra\Desktop\Sourcecode\NexusV2\Nexus-backend\vendor\phpunit\phpunit\src\Framework\TestCase.php(1667): Tests\Feature\ContactImportAndMessagesTest->test_whatsapp_txt_preview_and_commit_create_messages()
#57 C:\Users\hedra\Desktop\Sourcecode\NexusV2\Nexus-backend\vendor\phpunit\phpunit\src\Framework\TestCase.php(519): PHPUnit\Framework\TestCase->runTest()
#58 C:\Users\hedra\Desktop\Sourcecode\NexusV2\Nexus-backend\vendor\phpunit\phpunit\src\Framework\TestRunner\TestRunner.php(87): PHPUnit\Framework\TestCase->runBare()
#59 C:\Users\hedra\Desktop\Sourcecode\NexusV2\Nexus-backend\vendor\phpunit\phpunit\src\Framework\TestCase.php(365): PHPUnit\Framework\TestRunner->run(Object(Tests\Feature\ContactImportAndMessagesTest))
#60 C:\Users\hedra\Desktop\Sourcecode\NexusV2\Nexus-backend\vendor\phpunit\phpunit\src\Framework\TestSuite.php(369): PHPUnit\Framework\TestCase->run()
#61 C:\Users\hedra\Desktop\Sourcecode\NexusV2\Nexus-backend\vendor\phpunit\phpunit\src\Framework\TestSuite.php(369): PHPUnit\Framework\TestSuite->run()
#62 C:\Users\hedra\Desktop\Sourcecode\NexusV2\Nexus-backend\vendor\phpunit\phpunit\src\Framework\TestSuite.php(369): PHPUnit\Framework\TestSuite->run()
#63 C:\Users\hedra\Desktop\Sourcecode\NexusV2\Nexus-backend\vendor\phpunit\phpunit\src\TextUI\TestRunner.php(64): PHPUnit\Framework\TestSuite->run()
#64 C:\Users\hedra\Desktop\Sourcecode\NexusV2\Nexus-backend\vendor\phpunit\phpunit\src\TextUI\Application.php(211): PHPUnit\TextUI\TestRunner->run(Object(PHPUnit\TextUI\Configuration\Configuration), Object(PHPUnit\Runner\ResultCache\DefaultResultCache), Object(PHPUnit\Framework\TestSuite))
#65 C:\Users\hedra\Desktop\Sourcecode\NexusV2\Nexus-backend\vendor\phpunit\phpunit\phpunit(104): PHPUnit\TextUI\Application->run(Array)
#66 C:\Users\hedra\Desktop\Sourcecode\NexusV2\Nexus-backend\vendor\bin\phpunit(122): include('C:\\Users\\hedra\\...')
#67 {main}

----------------------------------------------------------------------------------

Cannot assign null to property App\Services\Contact\WahaImportService::$wahaSecret of type string

C:\Users\hedra\Desktop\Sourcecode\NexusV2\Nexus-backend\vendor\laravel\framework\src\Illuminate\Testing\TestResponseAssert.php:45
C:\Users\hedra\Desktop\Sourcecode\NexusV2\Nexus-backend\vendor\laravel\framework\src\Illuminate\Testing\TestResponse.php:176
C:\Users\hedra\Desktop\Sourcecode\NexusV2\Nexus-backend\tests\Feature\ContactImportAndMessagesTest.php:43

14) Tests\Feature\ContactImportAndMessagesTest::test_message_routes_filter_search_and_source_specific_views
Expected response status code [200] but received 500.
Failed asserting that 500 is identical to 200.

The following exception occurred during the last request:

TypeError: Cannot assign null to property App\Services\Contact\WahaImportService::$wahaSecret of type string in C:\Users\hedra\Desktop\Sourcecode\NexusV2\Nexus-backend\app\Services\Contact\WahaImportService.php:16
Stack trace:
#0 C:\Users\hedra\Desktop\Sourcecode\NexusV2\Nexus-backend\app\Services\Contact\ContactImportPipeline.php(22): App\Services\Contact\WahaImportService->__construct()
#1 C:\Users\hedra\Desktop\Sourcecode\NexusV2\Nexus-backend\vendor\laravel\framework\src\Illuminate\Container\Container.php(1171): App\Services\Contact\ContactImportPipeline->__construct()
#2 C:\Users\hedra\Desktop\Sourcecode\NexusV2\Nexus-backend\vendor\laravel\framework\src\Illuminate\Container\Container.php(936): Illuminate\Container\Container->build('App\\Services\\Co...')
#3 C:\Users\hedra\Desktop\Sourcecode\NexusV2\Nexus-backend\vendor\laravel\framework\src\Illuminate\Foundation\Application.php(1078): Illuminate\Container\Container->resolve('App\\Services\\Co...', Array, true)
#4 C:\Users\hedra\Desktop\Sourcecode\NexusV2\Nexus-backend\vendor\laravel\framework\src\Illuminate\Container\Container.php(864): Illuminate\Foundation\Application->resolve('App\\Services\\Co...', Array)
#5 C:\Users\hedra\Desktop\Sourcecode\NexusV2\Nexus-backend\vendor\laravel\framework\src\Illuminate\Foundation\Application.php(1058): Illuminate\Container\Container->make('App\\Services\\Co...', Array)
#6 C:\Users\hedra\Desktop\Sourcecode\NexusV2\Nexus-backend\vendor\laravel\framework\src\Illuminate\Container\Container.php(1339): Illuminate\Foundation\Application->make('App\\Services\\Co...')
#7 C:\Users\hedra\Desktop\Sourcecode\NexusV2\Nexus-backend\vendor\laravel\framework\src\Illuminate\Container\Container.php(1240): Illuminate\Container\Container->resolveClass(Object(ReflectionParameter), 'App\\Services\\Co...')
#8 C:\Users\hedra\Desktop\Sourcecode\NexusV2\Nexus-backend\vendor\laravel\framework\src\Illuminate\Container\Container.php(1165): Illuminate\Container\Container->resolveDependencies(Array)
#9 C:\Users\hedra\Desktop\Sourcecode\NexusV2\Nexus-backend\vendor\laravel\framework\src\Illuminate\Container\Container.php(936): Illuminate\Container\Container->build('App\\Http\\Contro...')
#10 C:\Users\hedra\Desktop\Sourcecode\NexusV2\Nexus-backend\vendor\laravel\framework\src\Illuminate\Foundation\Application.php(1078): Illuminate\Container\Container->resolve('App\\Http\\Contro...', Array, true)
#11 C:\Users\hedra\Desktop\Sourcecode\NexusV2\Nexus-backend\vendor\laravel\framework\src\Illuminate\Container\Container.php(864): Illuminate\Foundation\Application->resolve('App\\Http\\Contro...', Array)
#12 C:\Users\hedra\Desktop\Sourcecode\NexusV2\Nexus-backend\vendor\laravel\framework\src\Illuminate\Foundation\Application.php(1058): Illuminate\Container\Container->make('App\\Http\\Contro...', Array)
#13 C:\Users\hedra\Desktop\Sourcecode\NexusV2\Nexus-backend\vendor\laravel\framework\src\Illuminate\Routing\Route.php(296): Illuminate\Foundation\Application->make('App\\Http\\Contro...')
#14 C:\Users\hedra\Desktop\Sourcecode\NexusV2\Nexus-backend\vendor\laravel\framework\src\Illuminate\Routing\Route.php(276): Illuminate\Routing\Route->getController()
#15 C:\Users\hedra\Desktop\Sourcecode\NexusV2\Nexus-backend\vendor\laravel\framework\src\Illuminate\Routing\Route.php(215): Illuminate\Routing\Route->runController()
#16 C:\Users\hedra\Desktop\Sourcecode\NexusV2\Nexus-backend\vendor\laravel\framework\src\Illuminate\Routing\Router.php(822): Illuminate\Routing\Route->run()
#17 C:\Users\hedra\Desktop\Sourcecode\NexusV2\Nexus-backend\vendor\laravel\framework\src\Illuminate\Pipeline\Pipeline.php(180): Illuminate\Routing\Router->{closure:Illuminate\Routing\Router::runRouteWithinStack():821}(Object(Illuminate\Http\Request))
#18 C:\Users\hedra\Desktop\Sourcecode\NexusV2\Nexus-backend\vendor\laravel\framework\src\Illuminate\Routing\Middleware\SubstituteBindings.php(52): Illuminate\Pipeline\Pipeline->{closure:Illuminate\Pipeline\Pipeline::prepareDestination():178}(Object(Illuminate\Http\Request))
#19 C:\Users\hedra\Desktop\Sourcecode\NexusV2\Nexus-backend\vendor\laravel\framework\src\Illuminate\Pipeline\Pipeline.php(219): Illuminate\Routing\Middleware\SubstituteBindings->handle(Object(Illuminate\Http\Request), Object(Closure))
#20 C:\Users\hedra\Desktop\Sourcecode\NexusV2\Nexus-backend\vendor\laravel\framework\src\Illuminate\Routing\Middleware\ThrottleRequests.php(168): Illuminate\Pipeline\Pipeline->{closure:{closure:Illuminate\Pipeline\Pipeline::carry():194}:195}(Object(Illuminate\Http\Request))
#21 C:\Users\hedra\Desktop\Sourcecode\NexusV2\Nexus-backend\vendor\laravel\framework\src\Illuminate\Routing\Middleware\ThrottleRequests.php(93): Illuminate\Routing\Middleware\ThrottleRequests->handleRequest(Object(Illuminate\Http\Request), Object(Closure), Array)
#22 C:\Users\hedra\Desktop\Sourcecode\NexusV2\Nexus-backend\vendor\laravel\framework\src\Illuminate\Pipeline\Pipeline.php(219): Illuminate\Routing\Middleware\ThrottleRequests->handle(Object(Illuminate\Http\Request), Object(Closure), '5', '1')
#23 C:\Users\hedra\Desktop\Sourcecode\NexusV2\Nexus-backend\vendor\laravel\framework\src\Illuminate\Auth\Middleware\Authenticate.php(63): Illuminate\Pipeline\Pipeline->{closure:{closure:Illuminate\Pipeline\Pipeline::carry():194}:195}(Object(Illuminate\Http\Request))
#24 C:\Users\hedra\Desktop\Sourcecode\NexusV2\Nexus-backend\vendor\laravel\framework\src\Illuminate\Pipeline\Pipeline.php(219): Illuminate\Auth\Middleware\Authenticate->handle(Object(Illuminate\Http\Request), Object(Closure), 'sanctum')
#25 C:\Users\hedra\Desktop\Sourcecode\NexusV2\Nexus-backend\vendor\laravel\framework\src\Illuminate\Pipeline\Pipeline.php(137): Illuminate\Pipeline\Pipeline->{closure:{closure:Illuminate\Pipeline\Pipeline::carry():194}:195}(Object(Illuminate\Http\Request))
#26 C:\Users\hedra\Desktop\Sourcecode\NexusV2\Nexus-backend\vendor\laravel\framework\src\Illuminate\Routing\Router.php(821): Illuminate\Pipeline\Pipeline->then(Object(Closure))
#27 C:\Users\hedra\Desktop\Sourcecode\NexusV2\Nexus-backend\vendor\laravel\framework\src\Illuminate\Routing\Router.php(800): Illuminate\Routing\Router->runRouteWithinStack(Object(Illuminate\Routing\Route), Object(Illuminate\Http\Request))
#28 C:\Users\hedra\Desktop\Sourcecode\NexusV2\Nexus-backend\vendor\laravel\framework\src\Illuminate\Routing\Router.php(764): Illuminate\Routing\Router->runRoute(Object(Illuminate\Http\Request), Object(Illuminate\Routing\Route))
#29 C:\Users\hedra\Desktop\Sourcecode\NexusV2\Nexus-backend\vendor\laravel\framework\src\Illuminate\Routing\Router.php(753): Illuminate\Routing\Router->dispatchToRoute(Object(Illuminate\Http\Request))
#30 C:\Users\hedra\Desktop\Sourcecode\NexusV2\Nexus-backend\vendor\laravel\framework\src\Illuminate\Foundation\Http\Kernel.php(200): Illuminate\Routing\Router->dispatch(Object(Illuminate\Http\Request))
#31 C:\Users\hedra\Desktop\Sourcecode\NexusV2\Nexus-backend\vendor\laravel\framework\src\Illuminate\Pipeline\Pipeline.php(180): Illuminate\Foundation\Http\Kernel->{closure:Illuminate\Foundation\Http\Kernel::dispatchToRouter():197}(Object(Illuminate\Http\Request))
#32 C:\Users\hedra\Desktop\Sourcecode\NexusV2\Nexus-backend\app\Http\Middleware\AutoLoginDevMiddleware.php(29): Illuminate\Pipeline\Pipeline->{closure:Illuminate\Pipeline\Pipeline::prepareDestination():178}(Object(Illuminate\Http\Request))
#33 C:\Users\hedra\Desktop\Sourcecode\NexusV2\Nexus-backend\vendor\laravel\framework\src\Illuminate\Pipeline\Pipeline.php(219): App\Http\Middleware\AutoLoginDevMiddleware->handle(Object(Illuminate\Http\Request), Object(Closure))
#34 C:\Users\hedra\Desktop\Sourcecode\NexusV2\Nexus-backend\vendor\laravel\framework\src\Illuminate\Foundation\Http\Middleware\TransformsRequest.php(21): Illuminate\Pipeline\Pipeline->{closure:{closure:Illuminate\Pipeline\Pipeline::carry():194}:195}(Object(Illuminate\Http\Request))
#35 C:\Users\hedra\Desktop\Sourcecode\NexusV2\Nexus-backend\vendor\laravel\framework\src\Illuminate\Foundation\Http\Middleware\ConvertEmptyStringsToNull.php(31): Illuminate\Foundation\Http\Middleware\TransformsRequest->handle(Object(Illuminate\Http\Request), Object(Closure))
#36 C:\Users\hedra\Desktop\Sourcecode\NexusV2\Nexus-backend\vendor\laravel\framework\src\Illuminate\Pipeline\Pipeline.php(219): Illuminate\Foundation\Http\Middleware\ConvertEmptyStringsToNull->handle(Object(Illuminate\Http\Request), Object(Closure))
#37 C:\Users\hedra\Desktop\Sourcecode\NexusV2\Nexus-backend\vendor\laravel\framework\src\Illuminate\Foundation\Http\Middleware\TransformsRequest.php(21): Illuminate\Pipeline\Pipeline->{closure:{closure:Illuminate\Pipeline\Pipeline::carry():194}:195}(Object(Illuminate\Http\Request))
#38 C:\Users\hedra\Desktop\Sourcecode\NexusV2\Nexus-backend\vendor\laravel\framework\src\Illuminate\Foundation\Http\Middleware\TrimStrings.php(51): Illuminate\Foundation\Http\Middleware\TransformsRequest->handle(Object(Illuminate\Http\Request), Object(Closure))
#39 C:\Users\hedra\Desktop\Sourcecode\NexusV2\Nexus-backend\vendor\laravel\framework\src\Illuminate\Pipeline\Pipeline.php(219): Illuminate\Foundation\Http\Middleware\TrimStrings->handle(Object(Illuminate\Http\Request), Object(Closure))
#40 C:\Users\hedra\Desktop\Sourcecode\NexusV2\Nexus-backend\vendor\laravel\framework\src\Illuminate\Http\Middleware\ValidatePostSize.php(27): Illuminate\Pipeline\Pipeline->{closure:{closure:Illuminate\Pipeline\Pipeline::carry():194}:195}(Object(Illuminate\Http\Request))
#41 C:\Users\hedra\Desktop\Sourcecode\NexusV2\Nexus-backend\vendor\laravel\framework\src\Illuminate\Pipeline\Pipeline.php(219): Illuminate\Http\Middleware\ValidatePostSize->handle(Object(Illuminate\Http\Request), Object(Closure))
#42 C:\Users\hedra\Desktop\Sourcecode\NexusV2\Nexus-backend\vendor\laravel\framework\src\Illuminate\Foundation\Http\Middleware\PreventRequestsDuringMaintenance.php(109): Illuminate\Pipeline\Pipeline->{closure:{closure:Illuminate\Pipeline\Pipeline::carry():194}:195}(Object(Illuminate\Http\Request))
#43 C:\Users\hedra\Desktop\Sourcecode\NexusV2\Nexus-backend\vendor\laravel\framework\src\Illuminate\Pipeline\Pipeline.php(219): Illuminate\Foundation\Http\Middleware\PreventRequestsDuringMaintenance->handle(Object(Illuminate\Http\Request), Object(Closure))
#44 C:\Users\hedra\Desktop\Sourcecode\NexusV2\Nexus-backend\vendor\laravel\framework\src\Illuminate\Http\Middleware\HandleCors.php(74): Illuminate\Pipeline\Pipeline->{closure:{closure:Illuminate\Pipeline\Pipeline::carry():194}:195}(Object(Illuminate\Http\Request))
#45 C:\Users\hedra\Desktop\Sourcecode\NexusV2\Nexus-backend\vendor\laravel\framework\src\Illuminate\Pipeline\Pipeline.php(219): Illuminate\Http\Middleware\HandleCors->handle(Object(Illuminate\Http\Request), Object(Closure))
#46 C:\Users\hedra\Desktop\Sourcecode\NexusV2\Nexus-backend\vendor\laravel\framework\src\Illuminate\Http\Middleware\TrustProxies.php(58): Illuminate\Pipeline\Pipeline->{closure:{closure:Illuminate\Pipeline\Pipeline::carry():194}:195}(Object(Illuminate\Http\Request))
#47 C:\Users\hedra\Desktop\Sourcecode\NexusV2\Nexus-backend\vendor\laravel\framework\src\Illuminate\Pipeline\Pipeline.php(219): Illuminate\Http\Middleware\TrustProxies->handle(Object(Illuminate\Http\Request), Object(Closure))
#48 C:\Users\hedra\Desktop\Sourcecode\NexusV2\Nexus-backend\vendor\laravel\framework\src\Illuminate\Foundation\Http\Middleware\InvokeDeferredCallbacks.php(22): Illuminate\Pipeline\Pipeline->{closure:{closure:Illuminate\Pipeline\Pipeline::carry():194}:195}(Object(Illuminate\Http\Request))
#49 C:\Users\hedra\Desktop\Sourcecode\NexusV2\Nexus-backend\vendor\laravel\framework\src\Illuminate\Pipeline\Pipeline.php(219): Illuminate\Foundation\Http\Middleware\InvokeDeferredCallbacks->handle(Object(Illuminate\Http\Request), Object(Closure))
#50 C:\Users\hedra\Desktop\Sourcecode\NexusV2\Nexus-backend\vendor\laravel\framework\src\Illuminate\Http\Middleware\ValidatePathEncoding.php(28): Illuminate\Pipeline\Pipeline->{closure:{closure:Illuminate\Pipeline\Pipeline::carry():194}:195}(Object(Illuminate\Http\Request))
#51 C:\Users\hedra\Desktop\Sourcecode\NexusV2\Nexus-backend\vendor\laravel\framework\src\Illuminate\Pipeline\Pipeline.php(219): Illuminate\Http\Middleware\ValidatePathEncoding->handle(Object(Illuminate\Http\Request), Object(Closure))
#52 C:\Users\hedra\Desktop\Sourcecode\NexusV2\Nexus-backend\vendor\laravel\framework\src\Illuminate\Pipeline\Pipeline.php(137): Illuminate\Pipeline\Pipeline->{closure:{closure:Illuminate\Pipeline\Pipeline::carry():194}:195}(Object(Illuminate\Http\Request))
#53 C:\Users\hedra\Desktop\Sourcecode\NexusV2\Nexus-backend\vendor\laravel\framework\src\Illuminate\Foundation\Http\Kernel.php(175): Illuminate\Pipeline\Pipeline->then(Object(Closure))
#54 C:\Users\hedra\Desktop\Sourcecode\NexusV2\Nexus-backend\vendor\laravel\framework\src\Illuminate\Foundation\Http\Kernel.php(144): Illuminate\Foundation\Http\Kernel->sendRequestThroughRouter(Object(Illuminate\Http\Request))
#55 C:\Users\hedra\Desktop\Sourcecode\NexusV2\Nexus-backend\vendor\laravel\framework\src\Illuminate\Foundation\Testing\Concerns\MakesHttpRequests.php(607): Illuminate\Foundation\Http\Kernel->handle(Object(Illuminate\Http\Request))
#56 C:\Users\hedra\Desktop\Sourcecode\NexusV2\Nexus-backend\vendor\laravel\framework\src\Illuminate\Foundation\Testing\Concerns\MakesHttpRequests.php(573): Illuminate\Foundation\Testing\TestCase->call('POST', '/api/v1/contact...', Array, Array, Array, Array, '{"contact_id":1...')
#57 C:\Users\hedra\Desktop\Sourcecode\NexusV2\Nexus-backend\vendor\laravel\framework\src\Illuminate\Foundation\Testing\Concerns\MakesHttpRequests.php(411): Illuminate\Foundation\Testing\TestCase->json('POST', '/api/v1/contact...', Array, Array, 0)
#58 C:\Users\hedra\Desktop\Sourcecode\NexusV2\Nexus-backend\tests\Feature\ContactImportAndMessagesTest.php(83): Illuminate\Foundation\Testing\TestCase->postJson('/api/v1/contact...', Array)
#59 C:\Users\hedra\Desktop\Sourcecode\NexusV2\Nexus-backend\vendor\phpunit\phpunit\src\Framework\TestCase.php(1667): Tests\Feature\ContactImportAndMessagesTest->test_message_routes_filter_search_and_source_specific_views()
#60 C:\Users\hedra\Desktop\Sourcecode\NexusV2\Nexus-backend\vendor\phpunit\phpunit\src\Framework\TestCase.php(519): PHPUnit\Framework\TestCase->runTest()
#61 C:\Users\hedra\Desktop\Sourcecode\NexusV2\Nexus-backend\vendor\phpunit\phpunit\src\Framework\TestRunner\TestRunner.php(87): PHPUnit\Framework\TestCase->runBare()
#62 C:\Users\hedra\Desktop\Sourcecode\NexusV2\Nexus-backend\vendor\phpunit\phpunit\src\Framework\TestCase.php(365): PHPUnit\Framework\TestRunner->run(Object(Tests\Feature\ContactImportAndMessagesTest))
#63 C:\Users\hedra\Desktop\Sourcecode\NexusV2\Nexus-backend\vendor\phpunit\phpunit\src\Framework\TestSuite.php(369): PHPUnit\Framework\TestCase->run()
#64 C:\Users\hedra\Desktop\Sourcecode\NexusV2\Nexus-backend\vendor\phpunit\phpunit\src\Framework\TestSuite.php(369): PHPUnit\Framework\TestSuite->run()
#65 C:\Users\hedra\Desktop\Sourcecode\NexusV2\Nexus-backend\vendor\phpunit\phpunit\src\Framework\TestSuite.php(369): PHPUnit\Framework\TestSuite->run()
#66 C:\Users\hedra\Desktop\Sourcecode\NexusV2\Nexus-backend\vendor\phpunit\phpunit\src\TextUI\TestRunner.php(64): PHPUnit\Framework\TestSuite->run()
#67 C:\Users\hedra\Desktop\Sourcecode\NexusV2\Nexus-backend\vendor\phpunit\phpunit\src\TextUI\Application.php(211): PHPUnit\TextUI\TestRunner->run(Object(PHPUnit\TextUI\Configuration\Configuration), Object(PHPUnit\Runner\ResultCache\DefaultResultCache), Object(PHPUnit\Framework\TestSuite))
#68 C:\Users\hedra\Desktop\Sourcecode\NexusV2\Nexus-backend\vendor\phpunit\phpunit\phpunit(104): PHPUnit\TextUI\Application->run(Array)
#69 C:\Users\hedra\Desktop\Sourcecode\NexusV2\Nexus-backend\vendor\bin\phpunit(122): include('C:\\Users\\hedra\\...')
#70 {main}

----------------------------------------------------------------------------------

Cannot assign null to property App\Services\Contact\WahaImportService::$wahaSecret of type string

C:\Users\hedra\Desktop\Sourcecode\NexusV2\Nexus-backend\vendor\laravel\framework\src\Illuminate\Testing\TestResponseAssert.php:45
C:\Users\hedra\Desktop\Sourcecode\NexusV2\Nexus-backend\vendor\laravel\framework\src\Illuminate\Testing\TestResponse.php:176
C:\Users\hedra\Desktop\Sourcecode\NexusV2\Nexus-backend\tests\Feature\ContactImportAndMessagesTest.php:106

15) Tests\Feature\ContactImportAndMessagesTest::test_facebook_import_and_rollback
Expected response status code [200] but received 500.
Failed asserting that 500 is identical to 200.

The following exception occurred during the last request:

TypeError: Cannot assign null to property App\Services\Contact\WahaImportService::$wahaSecret of type string in C:\Users\hedra\Desktop\Sourcecode\NexusV2\Nexus-backend\app\Services\Contact\WahaImportService.php:16
Stack trace:
#0 C:\Users\hedra\Desktop\Sourcecode\NexusV2\Nexus-backend\app\Services\Contact\ContactImportPipeline.php(22): App\Services\Contact\WahaImportService->__construct()
#1 C:\Users\hedra\Desktop\Sourcecode\NexusV2\Nexus-backend\vendor\laravel\framework\src\Illuminate\Container\Container.php(1171): App\Services\Contact\ContactImportPipeline->__construct()
#2 C:\Users\hedra\Desktop\Sourcecode\NexusV2\Nexus-backend\vendor\laravel\framework\src\Illuminate\Container\Container.php(936): Illuminate\Container\Container->build('App\\Services\\Co...')
#3 C:\Users\hedra\Desktop\Sourcecode\NexusV2\Nexus-backend\vendor\laravel\framework\src\Illuminate\Foundation\Application.php(1078): Illuminate\Container\Container->resolve('App\\Services\\Co...', Array, true)
#4 C:\Users\hedra\Desktop\Sourcecode\NexusV2\Nexus-backend\vendor\laravel\framework\src\Illuminate\Container\Container.php(864): Illuminate\Foundation\Application->resolve('App\\Services\\Co...', Array)
#5 C:\Users\hedra\Desktop\Sourcecode\NexusV2\Nexus-backend\vendor\laravel\framework\src\Illuminate\Foundation\Application.php(1058): Illuminate\Container\Container->make('App\\Services\\Co...', Array)
#6 C:\Users\hedra\Desktop\Sourcecode\NexusV2\Nexus-backend\vendor\laravel\framework\src\Illuminate\Container\Container.php(1339): Illuminate\Foundation\Application->make('App\\Services\\Co...')
#7 C:\Users\hedra\Desktop\Sourcecode\NexusV2\Nexus-backend\vendor\laravel\framework\src\Illuminate\Container\Container.php(1240): Illuminate\Container\Container->resolveClass(Object(ReflectionParameter), 'App\\Services\\Co...')
#8 C:\Users\hedra\Desktop\Sourcecode\NexusV2\Nexus-backend\vendor\laravel\framework\src\Illuminate\Container\Container.php(1165): Illuminate\Container\Container->resolveDependencies(Array)
#9 C:\Users\hedra\Desktop\Sourcecode\NexusV2\Nexus-backend\vendor\laravel\framework\src\Illuminate\Container\Container.php(936): Illuminate\Container\Container->build('App\\Http\\Contro...')
#10 C:\Users\hedra\Desktop\Sourcecode\NexusV2\Nexus-backend\vendor\laravel\framework\src\Illuminate\Foundation\Application.php(1078): Illuminate\Container\Container->resolve('App\\Http\\Contro...', Array, true)
#11 C:\Users\hedra\Desktop\Sourcecode\NexusV2\Nexus-backend\vendor\laravel\framework\src\Illuminate\Container\Container.php(864): Illuminate\Foundation\Application->resolve('App\\Http\\Contro...', Array)
#12 C:\Users\hedra\Desktop\Sourcecode\NexusV2\Nexus-backend\vendor\laravel\framework\src\Illuminate\Foundation\Application.php(1058): Illuminate\Container\Container->make('App\\Http\\Contro...', Array)
#13 C:\Users\hedra\Desktop\Sourcecode\NexusV2\Nexus-backend\vendor\laravel\framework\src\Illuminate\Routing\Route.php(296): Illuminate\Foundation\Application->make('App\\Http\\Contro...')
#14 C:\Users\hedra\Desktop\Sourcecode\NexusV2\Nexus-backend\vendor\laravel\framework\src\Illuminate\Routing\Route.php(276): Illuminate\Routing\Route->getController()
#15 C:\Users\hedra\Desktop\Sourcecode\NexusV2\Nexus-backend\vendor\laravel\framework\src\Illuminate\Routing\Route.php(215): Illuminate\Routing\Route->runController()
#16 C:\Users\hedra\Desktop\Sourcecode\NexusV2\Nexus-backend\vendor\laravel\framework\src\Illuminate\Routing\Router.php(822): Illuminate\Routing\Route->run()
#17 C:\Users\hedra\Desktop\Sourcecode\NexusV2\Nexus-backend\vendor\laravel\framework\src\Illuminate\Pipeline\Pipeline.php(180): Illuminate\Routing\Router->{closure:Illuminate\Routing\Router::runRouteWithinStack():821}(Object(Illuminate\Http\Request))
#18 C:\Users\hedra\Desktop\Sourcecode\NexusV2\Nexus-backend\vendor\laravel\framework\src\Illuminate\Routing\Middleware\SubstituteBindings.php(52): Illuminate\Pipeline\Pipeline->{closure:Illuminate\Pipeline\Pipeline::prepareDestination():178}(Object(Illuminate\Http\Request))
#19 C:\Users\hedra\Desktop\Sourcecode\NexusV2\Nexus-backend\vendor\laravel\framework\src\Illuminate\Pipeline\Pipeline.php(219): Illuminate\Routing\Middleware\SubstituteBindings->handle(Object(Illuminate\Http\Request), Object(Closure))
#20 C:\Users\hedra\Desktop\Sourcecode\NexusV2\Nexus-backend\vendor\laravel\framework\src\Illuminate\Routing\Middleware\ThrottleRequests.php(168): Illuminate\Pipeline\Pipeline->{closure:{closure:Illuminate\Pipeline\Pipeline::carry():194}:195}(Object(Illuminate\Http\Request))
#21 C:\Users\hedra\Desktop\Sourcecode\NexusV2\Nexus-backend\vendor\laravel\framework\src\Illuminate\Routing\Middleware\ThrottleRequests.php(93): Illuminate\Routing\Middleware\ThrottleRequests->handleRequest(Object(Illuminate\Http\Request), Object(Closure), Array)
#22 C:\Users\hedra\Desktop\Sourcecode\NexusV2\Nexus-backend\vendor\laravel\framework\src\Illuminate\Pipeline\Pipeline.php(219): Illuminate\Routing\Middleware\ThrottleRequests->handle(Object(Illuminate\Http\Request), Object(Closure), '5', '1')
#23 C:\Users\hedra\Desktop\Sourcecode\NexusV2\Nexus-backend\vendor\laravel\framework\src\Illuminate\Auth\Middleware\Authenticate.php(63): Illuminate\Pipeline\Pipeline->{closure:{closure:Illuminate\Pipeline\Pipeline::carry():194}:195}(Object(Illuminate\Http\Request))
#24 C:\Users\hedra\Desktop\Sourcecode\NexusV2\Nexus-backend\vendor\laravel\framework\src\Illuminate\Pipeline\Pipeline.php(219): Illuminate\Auth\Middleware\Authenticate->handle(Object(Illuminate\Http\Request), Object(Closure), 'sanctum')
#25 C:\Users\hedra\Desktop\Sourcecode\NexusV2\Nexus-backend\vendor\laravel\framework\src\Illuminate\Pipeline\Pipeline.php(137): Illuminate\Pipeline\Pipeline->{closure:{closure:Illuminate\Pipeline\Pipeline::carry():194}:195}(Object(Illuminate\Http\Request))
#26 C:\Users\hedra\Desktop\Sourcecode\NexusV2\Nexus-backend\vendor\laravel\framework\src\Illuminate\Routing\Router.php(821): Illuminate\Pipeline\Pipeline->then(Object(Closure))
#27 C:\Users\hedra\Desktop\Sourcecode\NexusV2\Nexus-backend\vendor\laravel\framework\src\Illuminate\Routing\Router.php(800): Illuminate\Routing\Router->runRouteWithinStack(Object(Illuminate\Routing\Route), Object(Illuminate\Http\Request))
#28 C:\Users\hedra\Desktop\Sourcecode\NexusV2\Nexus-backend\vendor\laravel\framework\src\Illuminate\Routing\Router.php(764): Illuminate\Routing\Router->runRoute(Object(Illuminate\Http\Request), Object(Illuminate\Routing\Route))
#29 C:\Users\hedra\Desktop\Sourcecode\NexusV2\Nexus-backend\vendor\laravel\framework\src\Illuminate\Routing\Router.php(753): Illuminate\Routing\Router->dispatchToRoute(Object(Illuminate\Http\Request))
#30 C:\Users\hedra\Desktop\Sourcecode\NexusV2\Nexus-backend\vendor\laravel\framework\src\Illuminate\Foundation\Http\Kernel.php(200): Illuminate\Routing\Router->dispatch(Object(Illuminate\Http\Request))
#31 C:\Users\hedra\Desktop\Sourcecode\NexusV2\Nexus-backend\vendor\laravel\framework\src\Illuminate\Pipeline\Pipeline.php(180): Illuminate\Foundation\Http\Kernel->{closure:Illuminate\Foundation\Http\Kernel::dispatchToRouter():197}(Object(Illuminate\Http\Request))
#32 C:\Users\hedra\Desktop\Sourcecode\NexusV2\Nexus-backend\app\Http\Middleware\AutoLoginDevMiddleware.php(29): Illuminate\Pipeline\Pipeline->{closure:Illuminate\Pipeline\Pipeline::prepareDestination():178}(Object(Illuminate\Http\Request))
#33 C:\Users\hedra\Desktop\Sourcecode\NexusV2\Nexus-backend\vendor\laravel\framework\src\Illuminate\Pipeline\Pipeline.php(219): App\Http\Middleware\AutoLoginDevMiddleware->handle(Object(Illuminate\Http\Request), Object(Closure))
#34 C:\Users\hedra\Desktop\Sourcecode\NexusV2\Nexus-backend\vendor\laravel\framework\src\Illuminate\Foundation\Http\Middleware\TransformsRequest.php(21): Illuminate\Pipeline\Pipeline->{closure:{closure:Illuminate\Pipeline\Pipeline::carry():194}:195}(Object(Illuminate\Http\Request))
#35 C:\Users\hedra\Desktop\Sourcecode\NexusV2\Nexus-backend\vendor\laravel\framework\src\Illuminate\Foundation\Http\Middleware\ConvertEmptyStringsToNull.php(31): Illuminate\Foundation\Http\Middleware\TransformsRequest->handle(Object(Illuminate\Http\Request), Object(Closure))
#36 C:\Users\hedra\Desktop\Sourcecode\NexusV2\Nexus-backend\vendor\laravel\framework\src\Illuminate\Pipeline\Pipeline.php(219): Illuminate\Foundation\Http\Middleware\ConvertEmptyStringsToNull->handle(Object(Illuminate\Http\Request), Object(Closure))
#37 C:\Users\hedra\Desktop\Sourcecode\NexusV2\Nexus-backend\vendor\laravel\framework\src\Illuminate\Foundation\Http\Middleware\TransformsRequest.php(21): Illuminate\Pipeline\Pipeline->{closure:{closure:Illuminate\Pipeline\Pipeline::carry():194}:195}(Object(Illuminate\Http\Request))
#38 C:\Users\hedra\Desktop\Sourcecode\NexusV2\Nexus-backend\vendor\laravel\framework\src\Illuminate\Foundation\Http\Middleware\TrimStrings.php(51): Illuminate\Foundation\Http\Middleware\TransformsRequest->handle(Object(Illuminate\Http\Request), Object(Closure))
#39 C:\Users\hedra\Desktop\Sourcecode\NexusV2\Nexus-backend\vendor\laravel\framework\src\Illuminate\Pipeline\Pipeline.php(219): Illuminate\Foundation\Http\Middleware\TrimStrings->handle(Object(Illuminate\Http\Request), Object(Closure))
#40 C:\Users\hedra\Desktop\Sourcecode\NexusV2\Nexus-backend\vendor\laravel\framework\src\Illuminate\Http\Middleware\ValidatePostSize.php(27): Illuminate\Pipeline\Pipeline->{closure:{closure:Illuminate\Pipeline\Pipeline::carry():194}:195}(Object(Illuminate\Http\Request))
#41 C:\Users\hedra\Desktop\Sourcecode\NexusV2\Nexus-backend\vendor\laravel\framework\src\Illuminate\Pipeline\Pipeline.php(219): Illuminate\Http\Middleware\ValidatePostSize->handle(Object(Illuminate\Http\Request), Object(Closure))
#42 C:\Users\hedra\Desktop\Sourcecode\NexusV2\Nexus-backend\vendor\laravel\framework\src\Illuminate\Foundation\Http\Middleware\PreventRequestsDuringMaintenance.php(109): Illuminate\Pipeline\Pipeline->{closure:{closure:Illuminate\Pipeline\Pipeline::carry():194}:195}(Object(Illuminate\Http\Request))
#43 C:\Users\hedra\Desktop\Sourcecode\NexusV2\Nexus-backend\vendor\laravel\framework\src\Illuminate\Pipeline\Pipeline.php(219): Illuminate\Foundation\Http\Middleware\PreventRequestsDuringMaintenance->handle(Object(Illuminate\Http\Request), Object(Closure))
#44 C:\Users\hedra\Desktop\Sourcecode\NexusV2\Nexus-backend\vendor\laravel\framework\src\Illuminate\Http\Middleware\HandleCors.php(74): Illuminate\Pipeline\Pipeline->{closure:{closure:Illuminate\Pipeline\Pipeline::carry():194}:195}(Object(Illuminate\Http\Request))
#45 C:\Users\hedra\Desktop\Sourcecode\NexusV2\Nexus-backend\vendor\laravel\framework\src\Illuminate\Pipeline\Pipeline.php(219): Illuminate\Http\Middleware\HandleCors->handle(Object(Illuminate\Http\Request), Object(Closure))
#46 C:\Users\hedra\Desktop\Sourcecode\NexusV2\Nexus-backend\vendor\laravel\framework\src\Illuminate\Http\Middleware\TrustProxies.php(58): Illuminate\Pipeline\Pipeline->{closure:{closure:Illuminate\Pipeline\Pipeline::carry():194}:195}(Object(Illuminate\Http\Request))
#47 C:\Users\hedra\Desktop\Sourcecode\NexusV2\Nexus-backend\vendor\laravel\framework\src\Illuminate\Pipeline\Pipeline.php(219): Illuminate\Http\Middleware\TrustProxies->handle(Object(Illuminate\Http\Request), Object(Closure))
#48 C:\Users\hedra\Desktop\Sourcecode\NexusV2\Nexus-backend\vendor\laravel\framework\src\Illuminate\Foundation\Http\Middleware\InvokeDeferredCallbacks.php(22): Illuminate\Pipeline\Pipeline->{closure:{closure:Illuminate\Pipeline\Pipeline::carry():194}:195}(Object(Illuminate\Http\Request))
#49 C:\Users\hedra\Desktop\Sourcecode\NexusV2\Nexus-backend\vendor\laravel\framework\src\Illuminate\Pipeline\Pipeline.php(219): Illuminate\Foundation\Http\Middleware\InvokeDeferredCallbacks->handle(Object(Illuminate\Http\Request), Object(Closure))
#50 C:\Users\hedra\Desktop\Sourcecode\NexusV2\Nexus-backend\vendor\laravel\framework\src\Illuminate\Http\Middleware\ValidatePathEncoding.php(28): Illuminate\Pipeline\Pipeline->{closure:{closure:Illuminate\Pipeline\Pipeline::carry():194}:195}(Object(Illuminate\Http\Request))
#51 C:\Users\hedra\Desktop\Sourcecode\NexusV2\Nexus-backend\vendor\laravel\framework\src\Illuminate\Pipeline\Pipeline.php(219): Illuminate\Http\Middleware\ValidatePathEncoding->handle(Object(Illuminate\Http\Request), Object(Closure))
#52 C:\Users\hedra\Desktop\Sourcecode\NexusV2\Nexus-backend\vendor\laravel\framework\src\Illuminate\Pipeline\Pipeline.php(137): Illuminate\Pipeline\Pipeline->{closure:{closure:Illuminate\Pipeline\Pipeline::carry():194}:195}(Object(Illuminate\Http\Request))
#53 C:\Users\hedra\Desktop\Sourcecode\NexusV2\Nexus-backend\vendor\laravel\framework\src\Illuminate\Foundation\Http\Kernel.php(175): Illuminate\Pipeline\Pipeline->then(Object(Closure))
#54 C:\Users\hedra\Desktop\Sourcecode\NexusV2\Nexus-backend\vendor\laravel\framework\src\Illuminate\Foundation\Http\Kernel.php(144): Illuminate\Foundation\Http\Kernel->sendRequestThroughRouter(Object(Illuminate\Http\Request))
#55 C:\Users\hedra\Desktop\Sourcecode\NexusV2\Nexus-backend\vendor\laravel\framework\src\Illuminate\Foundation\Testing\Concerns\MakesHttpRequests.php(607): Illuminate\Foundation\Http\Kernel->handle(Object(Illuminate\Http\Request))
#56 C:\Users\hedra\Desktop\Sourcecode\NexusV2\Nexus-backend\vendor\laravel\framework\src\Illuminate\Foundation\Testing\Concerns\MakesHttpRequests.php(573): Illuminate\Foundation\Testing\TestCase->call('POST', '/api/v1/contact...', Array, Array, Array, Array, '{"contact_id":1...')
#57 C:\Users\hedra\Desktop\Sourcecode\NexusV2\Nexus-backend\vendor\laravel\framework\src\Illuminate\Foundation\Testing\Concerns\MakesHttpRequests.php(411): Illuminate\Foundation\Testing\TestCase->json('POST', '/api/v1/contact...', Array, Array, 0)
#58 C:\Users\hedra\Desktop\Sourcecode\NexusV2\Nexus-backend\tests\Feature\ContactImportAndMessagesTest.php(125): Illuminate\Foundation\Testing\TestCase->postJson('/api/v1/contact...', Array)
#59 C:\Users\hedra\Desktop\Sourcecode\NexusV2\Nexus-backend\vendor\phpunit\phpunit\src\Framework\TestCase.php(1667): Tests\Feature\ContactImportAndMessagesTest->test_facebook_import_and_rollback()
#60 C:\Users\hedra\Desktop\Sourcecode\NexusV2\Nexus-backend\vendor\phpunit\phpunit\src\Framework\TestCase.php(519): PHPUnit\Framework\TestCase->runTest()
#61 C:\Users\hedra\Desktop\Sourcecode\NexusV2\Nexus-backend\vendor\phpunit\phpunit\src\Framework\TestRunner\TestRunner.php(87): PHPUnit\Framework\TestCase->runBare()
#62 C:\Users\hedra\Desktop\Sourcecode\NexusV2\Nexus-backend\vendor\phpunit\phpunit\src\Framework\TestCase.php(365): PHPUnit\Framework\TestRunner->run(Object(Tests\Feature\ContactImportAndMessagesTest))
#63 C:\Users\hedra\Desktop\Sourcecode\NexusV2\Nexus-backend\vendor\phpunit\phpunit\src\Framework\TestSuite.php(369): PHPUnit\Framework\TestCase->run()
#64 C:\Users\hedra\Desktop\Sourcecode\NexusV2\Nexus-backend\vendor\phpunit\phpunit\src\Framework\TestSuite.php(369): PHPUnit\Framework\TestSuite->run()
#65 C:\Users\hedra\Desktop\Sourcecode\NexusV2\Nexus-backend\vendor\phpunit\phpunit\src\Framework\TestSuite.php(369): PHPUnit\Framework\TestSuite->run()
#66 C:\Users\hedra\Desktop\Sourcecode\NexusV2\Nexus-backend\vendor\phpunit\phpunit\src\TextUI\TestRunner.php(64): PHPUnit\Framework\TestSuite->run()
#67 C:\Users\hedra\Desktop\Sourcecode\NexusV2\Nexus-backend\vendor\phpunit\phpunit\src\TextUI\Application.php(211): PHPUnit\TextUI\TestRunner->run(Object(PHPUnit\TextUI\Configuration\Configuration), Object(PHPUnit\Runner\ResultCache\DefaultResultCache), Object(PHPUnit\Framework\TestSuite))
#68 C:\Users\hedra\Desktop\Sourcecode\NexusV2\Nexus-backend\vendor\phpunit\phpunit\phpunit(104): PHPUnit\TextUI\Application->run(Array)
#69 C:\Users\hedra\Desktop\Sourcecode\NexusV2\Nexus-backend\vendor\bin\phpunit(122): include('C:\\Users\\hedra\\...')
#70 {main}

----------------------------------------------------------------------------------

Cannot assign null to property App\Services\Contact\WahaImportService::$wahaSecret of type string

C:\Users\hedra\Desktop\Sourcecode\NexusV2\Nexus-backend\vendor\laravel\framework\src\Illuminate\Testing\TestResponseAssert.php:45
C:\Users\hedra\Desktop\Sourcecode\NexusV2\Nexus-backend\vendor\laravel\framework\src\Illuminate\Testing\TestResponse.php:176
C:\Users\hedra\Desktop\Sourcecode\NexusV2\Nexus-backend\tests\Feature\ContactImportAndMessagesTest.php:139

16) Tests\Feature\ContactImportAndMessagesTest::test_contacthub_supporting_vnext_endpoints
Failed asserting that two strings are identical.
--- Expected
+++ Actual
@@ @@
-'pending'
+'queued'

C:\Users\hedra\Desktop\Sourcecode\NexusV2\Nexus-backend\vendor\laravel\framework\src\Illuminate\Testing\AssertableJsonString.php:243
C:\Users\hedra\Desktop\Sourcecode\NexusV2\Nexus-backend\vendor\laravel\framework\src\Illuminate\Testing\TestResponse.php:875
C:\Users\hedra\Desktop\Sourcecode\NexusV2\Nexus-backend\tests\Feature\ContactImportAndMessagesTest.php:165

17) Tests\Feature\ContactsHubTest::test_contact_merge_and_erase_and_enrich_workflows
Expected response status code [200] but received 405.
Failed asserting that 405 is identical to 200.

C:\Users\hedra\Desktop\Sourcecode\NexusV2\Nexus-backend\vendor\laravel\framework\src\Illuminate\Testing\TestResponseAssert.php:45
C:\Users\hedra\Desktop\Sourcecode\NexusV2\Nexus-backend\vendor\laravel\framework\src\Illuminate\Testing\TestResponse.php:176
C:\Users\hedra\Desktop\Sourcecode\NexusV2\Nexus-backend\tests\Feature\ContactsHubTest.php:139

18) Tests\Feature\ControllerTest::test_agent_controller_index_returns_paginated_results
Failed asserting that an array has the key 'meta'.

C:\Users\hedra\Desktop\Sourcecode\NexusV2\Nexus-backend\vendor\laravel\framework\src\Illuminate\Testing\AssertableJsonString.php:299
C:\Users\hedra\Desktop\Sourcecode\NexusV2\Nexus-backend\vendor\laravel\framework\src\Illuminate\Testing\TestResponse.php:1039
C:\Users\hedra\Desktop\Sourcecode\NexusV2\Nexus-backend\tests\Feature\ControllerTest.php:30

19) Tests\Feature\ControllerTest::test_agent_controller_execute_starts_agent
Expected response status code [200] but received 405.
Failed asserting that 405 is identical to 200.

C:\Users\hedra\Desktop\Sourcecode\NexusV2\Nexus-backend\vendor\laravel\framework\src\Illuminate\Testing\TestResponseAssert.php:45
C:\Users\hedra\Desktop\Sourcecode\NexusV2\Nexus-backend\vendor\laravel\framework\src\Illuminate\Testing\TestResponse.php:176
C:\Users\hedra\Desktop\Sourcecode\NexusV2\Nexus-backend\tests\Feature\ControllerTest.php:49

20) Tests\Feature\ControllerTest::test_workflow_controller_execute_runs_workflow
Expected response status code [200] but received 422.
Failed asserting that 422 is identical to 200.

The following errors occurred during the last request:

{
    "message": "Workflow must have at least one step.",
    "errors": {
        "steps": [
            "Workflow must have at least one step."
        ]
    }
}

C:\Users\hedra\Desktop\Sourcecode\NexusV2\Nexus-backend\vendor\laravel\framework\src\Illuminate\Testing\TestResponseAssert.php:45
C:\Users\hedra\Desktop\Sourcecode\NexusV2\Nexus-backend\vendor\laravel\framework\src\Illuminate\Testing\TestResponse.php:176
C:\Users\hedra\Desktop\Sourcecode\NexusV2\Nexus-backend\tests\Feature\ControllerTest.php:73

21) Tests\Feature\ControllerTest::test_task_controller_store_creates_and_enqueues_task
Failed asserting that a row in the table [agent_tasks] matches the attributes {
    "title": "Test Task",
    "status": "pending"
}.

Found similar results: [
    {
        "title": "Test Task",
        "status": "in-progress"
    }
].

C:\Users\hedra\Desktop\Sourcecode\NexusV2\Nexus-backend\vendor\laravel\framework\src\Illuminate\Foundation\Testing\Concerns\InteractsWithDatabase.php:51
C:\Users\hedra\Desktop\Sourcecode\NexusV2\Nexus-backend\tests\Feature\ControllerTest.php:86

22) Tests\Feature\ControllerTest::test_memory_controller_store_working_memory
Expected response status code [201] but received 500.
Failed asserting that 500 is identical to 201.

C:\Users\hedra\Desktop\Sourcecode\NexusV2\Nexus-backend\vendor\laravel\framework\src\Illuminate\Testing\TestResponseAssert.php:45
C:\Users\hedra\Desktop\Sourcecode\NexusV2\Nexus-backend\vendor\laravel\framework\src\Illuminate\Testing\TestResponse.php:176
C:\Users\hedra\Desktop\Sourcecode\NexusV2\Nexus-backend\tests\Feature\ControllerTest.php:104

23) Tests\Feature\ControllerTest::test_setting_controller_store_creates_setting
Expected response status code [201] but received 500.
Failed asserting that 500 is identical to 201.

The following exception occurred during the last request:

TypeError: App\Policies\SettingPolicy::create(): Return value must be of type bool, null returned in C:\Users\hedra\Desktop\Sourcecode\NexusV2\Nexus-backend\app\Policies\SettingPolicy.php:37
Stack trace:
#0 C:\Users\hedra\Desktop\Sourcecode\NexusV2\Nexus-backend\vendor\laravel\framework\src\Illuminate\Auth\Access\Gate.php(844): App\Policies\SettingPolicy->create(Object(App\Models\User))
#1 C:\Users\hedra\Desktop\Sourcecode\NexusV2\Nexus-backend\vendor\laravel\framework\src\Illuminate\Auth\Access\Gate.php(797): Illuminate\Auth\Access\Gate->callPolicyMethod(Object(App\Policies\SettingPolicy), 'create', Object(App\Models\User), Array)
#2 C:\Users\hedra\Desktop\Sourcecode\NexusV2\Nexus-backend\vendor\laravel\framework\src\Illuminate\Auth\Access\Gate.php(553): Illuminate\Auth\Access\Gate->{closure:Illuminate\Auth\Access\Gate::resolvePolicyCallback():780}(Object(App\Models\User), 'App\\Models\\Sett...')
#3 C:\Users\hedra\Desktop\Sourcecode\NexusV2\Nexus-backend\vendor\laravel\framework\src\Illuminate\Auth\Access\Gate.php(448): Illuminate\Auth\Access\Gate->callAuthCallback(Object(App\Models\User), 'create', Array)
#4 C:\Users\hedra\Desktop\Sourcecode\NexusV2\Nexus-backend\vendor\laravel\framework\src\Illuminate\Auth\Access\Gate.php(411): Illuminate\Auth\Access\Gate->raw('create', Array)
#5 C:\Users\hedra\Desktop\Sourcecode\NexusV2\Nexus-backend\vendor\laravel\framework\src\Illuminate\Auth\Access\Gate.php(398): Illuminate\Auth\Access\Gate->inspect('create', 'App\\Models\\Sett...')
#6 C:\Users\hedra\Desktop\Sourcecode\NexusV2\Nexus-backend\vendor\laravel\framework\src\Illuminate\Foundation\Auth\Access\AuthorizesRequests.php(25): Illuminate\Auth\Access\Gate->authorize('create', 'App\\Models\\Sett...')
#7 C:\Users\hedra\Desktop\Sourcecode\NexusV2\Nexus-backend\app\Http\Controllers\SettingController.php(150): App\Http\Controllers\Controller->authorize('create', 'App\\Models\\Sett...')
#8 C:\Users\hedra\Desktop\Sourcecode\NexusV2\Nexus-backend\vendor\laravel\framework\src\Illuminate\Routing\ControllerDispatcher.php(46): App\Http\Controllers\SettingController->store(Object(Illuminate\Http\Request))
#9 C:\Users\hedra\Desktop\Sourcecode\NexusV2\Nexus-backend\vendor\laravel\framework\src\Illuminate\Routing\Route.php(275): Illuminate\Routing\ControllerDispatcher->dispatch(Object(Illuminate\Routing\Route), Object(App\Http\Controllers\SettingController), 'store')
#10 C:\Users\hedra\Desktop\Sourcecode\NexusV2\Nexus-backend\vendor\laravel\framework\src\Illuminate\Routing\Route.php(215): Illuminate\Routing\Route->runController()
#11 C:\Users\hedra\Desktop\Sourcecode\NexusV2\Nexus-backend\vendor\laravel\framework\src\Illuminate\Routing\Router.php(822): Illuminate\Routing\Route->run()
#12 C:\Users\hedra\Desktop\Sourcecode\NexusV2\Nexus-backend\vendor\laravel\framework\src\Illuminate\Pipeline\Pipeline.php(180): Illuminate\Routing\Router->{closure:Illuminate\Routing\Router::runRouteWithinStack():821}(Object(Illuminate\Http\Request))
#13 C:\Users\hedra\Desktop\Sourcecode\NexusV2\Nexus-backend\vendor\laravel\framework\src\Illuminate\Routing\Middleware\SubstituteBindings.php(52): Illuminate\Pipeline\Pipeline->{closure:Illuminate\Pipeline\Pipeline::prepareDestination():178}(Object(Illuminate\Http\Request))
#14 C:\Users\hedra\Desktop\Sourcecode\NexusV2\Nexus-backend\vendor\laravel\framework\src\Illuminate\Pipeline\Pipeline.php(219): Illuminate\Routing\Middleware\SubstituteBindings->handle(Object(Illuminate\Http\Request), Object(Closure))
#15 C:\Users\hedra\Desktop\Sourcecode\NexusV2\Nexus-backend\vendor\laravel\framework\src\Illuminate\Auth\Middleware\Authenticate.php(63): Illuminate\Pipeline\Pipeline->{closure:{closure:Illuminate\Pipeline\Pipeline::carry():194}:195}(Object(Illuminate\Http\Request))
#16 C:\Users\hedra\Desktop\Sourcecode\NexusV2\Nexus-backend\vendor\laravel\framework\src\Illuminate\Pipeline\Pipeline.php(219): Illuminate\Auth\Middleware\Authenticate->handle(Object(Illuminate\Http\Request), Object(Closure), 'sanctum')
#17 C:\Users\hedra\Desktop\Sourcecode\NexusV2\Nexus-backend\vendor\laravel\framework\src\Illuminate\Pipeline\Pipeline.php(137): Illuminate\Pipeline\Pipeline->{closure:{closure:Illuminate\Pipeline\Pipeline::carry():194}:195}(Object(Illuminate\Http\Request))
#18 C:\Users\hedra\Desktop\Sourcecode\NexusV2\Nexus-backend\vendor\laravel\framework\src\Illuminate\Routing\Router.php(821): Illuminate\Pipeline\Pipeline->then(Object(Closure))
#19 C:\Users\hedra\Desktop\Sourcecode\NexusV2\Nexus-backend\vendor\laravel\framework\src\Illuminate\Routing\Router.php(800): Illuminate\Routing\Router->runRouteWithinStack(Object(Illuminate\Routing\Route), Object(Illuminate\Http\Request))
#20 C:\Users\hedra\Desktop\Sourcecode\NexusV2\Nexus-backend\vendor\laravel\framework\src\Illuminate\Routing\Router.php(764): Illuminate\Routing\Router->runRoute(Object(Illuminate\Http\Request), Object(Illuminate\Routing\Route))
#21 C:\Users\hedra\Desktop\Sourcecode\NexusV2\Nexus-backend\vendor\laravel\framework\src\Illuminate\Routing\Router.php(753): Illuminate\Routing\Router->dispatchToRoute(Object(Illuminate\Http\Request))
#22 C:\Users\hedra\Desktop\Sourcecode\NexusV2\Nexus-backend\vendor\laravel\framework\src\Illuminate\Foundation\Http\Kernel.php(200): Illuminate\Routing\Router->dispatch(Object(Illuminate\Http\Request))
#23 C:\Users\hedra\Desktop\Sourcecode\NexusV2\Nexus-backend\vendor\laravel\framework\src\Illuminate\Pipeline\Pipeline.php(180): Illuminate\Foundation\Http\Kernel->{closure:Illuminate\Foundation\Http\Kernel::dispatchToRouter():197}(Object(Illuminate\Http\Request))
#24 C:\Users\hedra\Desktop\Sourcecode\NexusV2\Nexus-backend\app\Http\Middleware\AutoLoginDevMiddleware.php(29): Illuminate\Pipeline\Pipeline->{closure:Illuminate\Pipeline\Pipeline::prepareDestination():178}(Object(Illuminate\Http\Request))
#25 C:\Users\hedra\Desktop\Sourcecode\NexusV2\Nexus-backend\vendor\laravel\framework\src\Illuminate\Pipeline\Pipeline.php(219): App\Http\Middleware\AutoLoginDevMiddleware->handle(Object(Illuminate\Http\Request), Object(Closure))
#26 C:\Users\hedra\Desktop\Sourcecode\NexusV2\Nexus-backend\vendor\laravel\framework\src\Illuminate\Foundation\Http\Middleware\TransformsRequest.php(21): Illuminate\Pipeline\Pipeline->{closure:{closure:Illuminate\Pipeline\Pipeline::carry():194}:195}(Object(Illuminate\Http\Request))
#27 C:\Users\hedra\Desktop\Sourcecode\NexusV2\Nexus-backend\vendor\laravel\framework\src\Illuminate\Foundation\Http\Middleware\ConvertEmptyStringsToNull.php(31): Illuminate\Foundation\Http\Middleware\TransformsRequest->handle(Object(Illuminate\Http\Request), Object(Closure))
#28 C:\Users\hedra\Desktop\Sourcecode\NexusV2\Nexus-backend\vendor\laravel\framework\src\Illuminate\Pipeline\Pipeline.php(219): Illuminate\Foundation\Http\Middleware\ConvertEmptyStringsToNull->handle(Object(Illuminate\Http\Request), Object(Closure))
#29 C:\Users\hedra\Desktop\Sourcecode\NexusV2\Nexus-backend\vendor\laravel\framework\src\Illuminate\Foundation\Http\Middleware\TransformsRequest.php(21): Illuminate\Pipeline\Pipeline->{closure:{closure:Illuminate\Pipeline\Pipeline::carry():194}:195}(Object(Illuminate\Http\Request))
#30 C:\Users\hedra\Desktop\Sourcecode\NexusV2\Nexus-backend\vendor\laravel\framework\src\Illuminate\Foundation\Http\Middleware\TrimStrings.php(51): Illuminate\Foundation\Http\Middleware\TransformsRequest->handle(Object(Illuminate\Http\Request), Object(Closure))
#31 C:\Users\hedra\Desktop\Sourcecode\NexusV2\Nexus-backend\vendor\laravel\framework\src\Illuminate\Pipeline\Pipeline.php(219): Illuminate\Foundation\Http\Middleware\TrimStrings->handle(Object(Illuminate\Http\Request), Object(Closure))
#32 C:\Users\hedra\Desktop\Sourcecode\NexusV2\Nexus-backend\vendor\laravel\framework\src\Illuminate\Http\Middleware\ValidatePostSize.php(27): Illuminate\Pipeline\Pipeline->{closure:{closure:Illuminate\Pipeline\Pipeline::carry():194}:195}(Object(Illuminate\Http\Request))
#33 C:\Users\hedra\Desktop\Sourcecode\NexusV2\Nexus-backend\vendor\laravel\framework\src\Illuminate\Pipeline\Pipeline.php(219): Illuminate\Http\Middleware\ValidatePostSize->handle(Object(Illuminate\Http\Request), Object(Closure))
#34 C:\Users\hedra\Desktop\Sourcecode\NexusV2\Nexus-backend\vendor\laravel\framework\src\Illuminate\Foundation\Http\Middleware\PreventRequestsDuringMaintenance.php(109): Illuminate\Pipeline\Pipeline->{closure:{closure:Illuminate\Pipeline\Pipeline::carry():194}:195}(Object(Illuminate\Http\Request))
#35 C:\Users\hedra\Desktop\Sourcecode\NexusV2\Nexus-backend\vendor\laravel\framework\src\Illuminate\Pipeline\Pipeline.php(219): Illuminate\Foundation\Http\Middleware\PreventRequestsDuringMaintenance->handle(Object(Illuminate\Http\Request), Object(Closure))
#36 C:\Users\hedra\Desktop\Sourcecode\NexusV2\Nexus-backend\vendor\laravel\framework\src\Illuminate\Http\Middleware\HandleCors.php(74): Illuminate\Pipeline\Pipeline->{closure:{closure:Illuminate\Pipeline\Pipeline::carry():194}:195}(Object(Illuminate\Http\Request))
#37 C:\Users\hedra\Desktop\Sourcecode\NexusV2\Nexus-backend\vendor\laravel\framework\src\Illuminate\Pipeline\Pipeline.php(219): Illuminate\Http\Middleware\HandleCors->handle(Object(Illuminate\Http\Request), Object(Closure))
#38 C:\Users\hedra\Desktop\Sourcecode\NexusV2\Nexus-backend\vendor\laravel\framework\src\Illuminate\Http\Middleware\TrustProxies.php(58): Illuminate\Pipeline\Pipeline->{closure:{closure:Illuminate\Pipeline\Pipeline::carry():194}:195}(Object(Illuminate\Http\Request))
#39 C:\Users\hedra\Desktop\Sourcecode\NexusV2\Nexus-backend\vendor\laravel\framework\src\Illuminate\Pipeline\Pipeline.php(219): Illuminate\Http\Middleware\TrustProxies->handle(Object(Illuminate\Http\Request), Object(Closure))
#40 C:\Users\hedra\Desktop\Sourcecode\NexusV2\Nexus-backend\vendor\laravel\framework\src\Illuminate\Foundation\Http\Middleware\InvokeDeferredCallbacks.php(22): Illuminate\Pipeline\Pipeline->{closure:{closure:Illuminate\Pipeline\Pipeline::carry():194}:195}(Object(Illuminate\Http\Request))
#41 C:\Users\hedra\Desktop\Sourcecode\NexusV2\Nexus-backend\vendor\laravel\framework\src\Illuminate\Pipeline\Pipeline.php(219): Illuminate\Foundation\Http\Middleware\InvokeDeferredCallbacks->handle(Object(Illuminate\Http\Request), Object(Closure))
#42 C:\Users\hedra\Desktop\Sourcecode\NexusV2\Nexus-backend\vendor\laravel\framework\src\Illuminate\Http\Middleware\ValidatePathEncoding.php(28): Illuminate\Pipeline\Pipeline->{closure:{closure:Illuminate\Pipeline\Pipeline::carry():194}:195}(Object(Illuminate\Http\Request))
#43 C:\Users\hedra\Desktop\Sourcecode\NexusV2\Nexus-backend\vendor\laravel\framework\src\Illuminate\Pipeline\Pipeline.php(219): Illuminate\Http\Middleware\ValidatePathEncoding->handle(Object(Illuminate\Http\Request), Object(Closure))
#44 C:\Users\hedra\Desktop\Sourcecode\NexusV2\Nexus-backend\vendor\laravel\framework\src\Illuminate\Pipeline\Pipeline.php(137): Illuminate\Pipeline\Pipeline->{closure:{closure:Illuminate\Pipeline\Pipeline::carry():194}:195}(Object(Illuminate\Http\Request))
#45 C:\Users\hedra\Desktop\Sourcecode\NexusV2\Nexus-backend\vendor\laravel\framework\src\Illuminate\Foundation\Http\Kernel.php(175): Illuminate\Pipeline\Pipeline->then(Object(Closure))
#46 C:\Users\hedra\Desktop\Sourcecode\NexusV2\Nexus-backend\vendor\laravel\framework\src\Illuminate\Foundation\Http\Kernel.php(144): Illuminate\Foundation\Http\Kernel->sendRequestThroughRouter(Object(Illuminate\Http\Request))
#47 C:\Users\hedra\Desktop\Sourcecode\NexusV2\Nexus-backend\vendor\laravel\framework\src\Illuminate\Foundation\Testing\Concerns\MakesHttpRequests.php(607): Illuminate\Foundation\Http\Kernel->handle(Object(Illuminate\Http\Request))
#48 C:\Users\hedra\Desktop\Sourcecode\NexusV2\Nexus-backend\vendor\laravel\framework\src\Illuminate\Foundation\Testing\Concerns\MakesHttpRequests.php(573): Illuminate\Foundation\Testing\TestCase->call('POST', '/api/v1/setting...', Array, Array, Array, Array, '{"key":"test_se...')
#49 C:\Users\hedra\Desktop\Sourcecode\NexusV2\Nexus-backend\vendor\laravel\framework\src\Illuminate\Foundation\Testing\Concerns\MakesHttpRequests.php(411): Illuminate\Foundation\Testing\TestCase->json('POST', '/api/v1/setting...', Array, Array, 0)
#50 C:\Users\hedra\Desktop\Sourcecode\NexusV2\Nexus-backend\tests\Feature\ControllerTest.php(122): Illuminate\Foundation\Testing\TestCase->postJson('/api/v1/setting...', Array)
#51 C:\Users\hedra\Desktop\Sourcecode\NexusV2\Nexus-backend\vendor\phpunit\phpunit\src\Framework\TestCase.php(1667): Tests\Feature\ControllerTest->test_setting_controller_store_creates_setting()
#52 C:\Users\hedra\Desktop\Sourcecode\NexusV2\Nexus-backend\vendor\phpunit\phpunit\src\Framework\TestCase.php(519): PHPUnit\Framework\TestCase->runTest()
#53 C:\Users\hedra\Desktop\Sourcecode\NexusV2\Nexus-backend\vendor\phpunit\phpunit\src\Framework\TestRunner\TestRunner.php(87): PHPUnit\Framework\TestCase->runBare()
#54 C:\Users\hedra\Desktop\Sourcecode\NexusV2\Nexus-backend\vendor\phpunit\phpunit\src\Framework\TestCase.php(365): PHPUnit\Framework\TestRunner->run(Object(Tests\Feature\ControllerTest))
#55 C:\Users\hedra\Desktop\Sourcecode\NexusV2\Nexus-backend\vendor\phpunit\phpunit\src\Framework\TestSuite.php(369): PHPUnit\Framework\TestCase->run()
#56 C:\Users\hedra\Desktop\Sourcecode\NexusV2\Nexus-backend\vendor\phpunit\phpunit\src\Framework\TestSuite.php(369): PHPUnit\Framework\TestSuite->run()
#57 C:\Users\hedra\Desktop\Sourcecode\NexusV2\Nexus-backend\vendor\phpunit\phpunit\src\Framework\TestSuite.php(369): PHPUnit\Framework\TestSuite->run()
#58 C:\Users\hedra\Desktop\Sourcecode\NexusV2\Nexus-backend\vendor\phpunit\phpunit\src\TextUI\TestRunner.php(64): PHPUnit\Framework\TestSuite->run()
#59 C:\Users\hedra\Desktop\Sourcecode\NexusV2\Nexus-backend\vendor\phpunit\phpunit\src\TextUI\Application.php(211): PHPUnit\TextUI\TestRunner->run(Object(PHPUnit\TextUI\Configuration\Configuration), Object(PHPUnit\Runner\ResultCache\DefaultResultCache), Object(PHPUnit\Framework\TestSuite))
#60 C:\Users\hedra\Desktop\Sourcecode\NexusV2\Nexus-backend\vendor\phpunit\phpunit\phpunit(104): PHPUnit\TextUI\Application->run(Array)
#61 C:\Users\hedra\Desktop\Sourcecode\NexusV2\Nexus-backend\vendor\bin\phpunit(122): include('C:\\Users\\hedra\\...')
#62 {main}

----------------------------------------------------------------------------------

App\Policies\SettingPolicy::create(): Return value must be of type bool, null returned

C:\Users\hedra\Desktop\Sourcecode\NexusV2\Nexus-backend\vendor\laravel\framework\src\Illuminate\Testing\TestResponseAssert.php:45
C:\Users\hedra\Desktop\Sourcecode\NexusV2\Nexus-backend\vendor\laravel\framework\src\Illuminate\Testing\TestResponse.php:176
C:\Users\hedra\Desktop\Sourcecode\NexusV2\Nexus-backend\tests\Feature\ControllerTest.php:128

24) Tests\Feature\ControllerTest::test_log_controller_stats_returns_statistics
Failed asserting that an array has the key 'by_category'.

C:\Users\hedra\Desktop\Sourcecode\NexusV2\Nexus-backend\vendor\laravel\framework\src\Illuminate\Testing\AssertableJsonString.php:303
C:\Users\hedra\Desktop\Sourcecode\NexusV2\Nexus-backend\vendor\laravel\framework\src\Illuminate\Testing\AssertableJsonString.php:278
C:\Users\hedra\Desktop\Sourcecode\NexusV2\Nexus-backend\vendor\laravel\framework\src\Illuminate\Testing\AssertableJsonString.php:301
C:\Users\hedra\Desktop\Sourcecode\NexusV2\Nexus-backend\vendor\laravel\framework\src\Illuminate\Testing\TestResponse.php:1039
C:\Users\hedra\Desktop\Sourcecode\NexusV2\Nexus-backend\tests\Feature\ControllerTest.php:136

25) Tests\Feature\ConversationHubTest::test_conversation_messages_payload_contains_channel_thread_and_metadata
Expected response status code [200] but received 404.
Failed asserting that 404 is identical to 200.

C:\Users\hedra\Desktop\Sourcecode\NexusV2\Nexus-backend\vendor\laravel\framework\src\Illuminate\Testing\TestResponseAssert.php:45
C:\Users\hedra\Desktop\Sourcecode\NexusV2\Nexus-backend\vendor\laravel\framework\src\Illuminate\Testing\TestResponse.php:176
C:\Users\hedra\Desktop\Sourcecode\NexusV2\Nexus-backend\tests\Feature\ConversationHubTest.php:21

26) Tests\Feature\ConversationHubTest::test_send_message_accepts_channel_thread_and_metadata
Expected response status code [201] but received 404.
Failed asserting that 404 is identical to 201.

C:\Users\hedra\Desktop\Sourcecode\NexusV2\Nexus-backend\vendor\laravel\framework\src\Illuminate\Testing\TestResponseAssert.php:45
C:\Users\hedra\Desktop\Sourcecode\NexusV2\Nexus-backend\vendor\laravel\framework\src\Illuminate\Testing\TestResponse.php:176
C:\Users\hedra\Desktop\Sourcecode\NexusV2\Nexus-backend\tests\Feature\ConversationHubTest.php:51

27) Tests\Feature\ErrorHandlingTest::test_agent_creation_validates_required_fields
Expected response status code [422] but received 401.
Failed asserting that 401 is identical to 422.

C:\Users\hedra\Desktop\Sourcecode\NexusV2\Nexus-backend\vendor\laravel\framework\src\Illuminate\Testing\TestResponseAssert.php:45
C:\Users\hedra\Desktop\Sourcecode\NexusV2\Nexus-backend\vendor\laravel\framework\src\Illuminate\Testing\TestResponse.php:176
C:\Users\hedra\Desktop\Sourcecode\NexusV2\Nexus-backend\tests\Feature\ErrorHandlingTest.php:21

28) Tests\Feature\ErrorHandlingTest::test_workflow_creation_validates_required_steps
Expected response status code [422] but received 401.
Failed asserting that 401 is identical to 422.

C:\Users\hedra\Desktop\Sourcecode\NexusV2\Nexus-backend\vendor\laravel\framework\src\Illuminate\Testing\TestResponseAssert.php:45
C:\Users\hedra\Desktop\Sourcecode\NexusV2\Nexus-backend\vendor\laravel\framework\src\Illuminate\Testing\TestResponse.php:176
C:\Users\hedra\Desktop\Sourcecode\NexusV2\Nexus-backend\tests\Feature\ErrorHandlingTest.php:34

29) Tests\Feature\ErrorHandlingTest::test_memory_creation_validates_type
Expected response status code [422] but received 401.
Failed asserting that 401 is identical to 422.

C:\Users\hedra\Desktop\Sourcecode\NexusV2\Nexus-backend\vendor\laravel\framework\src\Illuminate\Testing\TestResponseAssert.php:45
C:\Users\hedra\Desktop\Sourcecode\NexusV2\Nexus-backend\vendor\laravel\framework\src\Illuminate\Testing\TestResponse.php:176
C:\Users\hedra\Desktop\Sourcecode\NexusV2\Nexus-backend\tests\Feature\ErrorHandlingTest.php:44

30) Tests\Feature\ErrorHandlingTest::test_agent_not_found_returns_404
Expected response status code [404] but received 401.
Failed asserting that 401 is identical to 404.

C:\Users\hedra\Desktop\Sourcecode\NexusV2\Nexus-backend\vendor\laravel\framework\src\Illuminate\Testing\TestResponseAssert.php:45
C:\Users\hedra\Desktop\Sourcecode\NexusV2\Nexus-backend\vendor\laravel\framework\src\Illuminate\Testing\TestResponse.php:176
C:\Users\hedra\Desktop\Sourcecode\NexusV2\Nexus-backend\tests\Feature\ErrorHandlingTest.php:53

31) Tests\Feature\ErrorHandlingTest::test_workflow_not_found_returns_404
Expected response status code [404] but received 401.
Failed asserting that 401 is identical to 404.

C:\Users\hedra\Desktop\Sourcecode\NexusV2\Nexus-backend\vendor\laravel\framework\src\Illuminate\Testing\TestResponseAssert.php:45
C:\Users\hedra\Desktop\Sourcecode\NexusV2\Nexus-backend\vendor\laravel\framework\src\Illuminate\Testing\TestResponse.php:176
C:\Users\hedra\Desktop\Sourcecode\NexusV2\Nexus-backend\tests\Feature\ErrorHandlingTest.php:59

32) Tests\Feature\ErrorHandlingTest::test_contact_not_found_returns_404
Expected response status code [404] but received 401.
Failed asserting that 401 is identical to 404.

C:\Users\hedra\Desktop\Sourcecode\NexusV2\Nexus-backend\vendor\laravel\framework\src\Illuminate\Testing\TestResponseAssert.php:45
C:\Users\hedra\Desktop\Sourcecode\NexusV2\Nexus-backend\vendor\laravel\framework\src\Illuminate\Testing\TestResponse.php:176
C:\Users\hedra\Desktop\Sourcecode\NexusV2\Nexus-backend\tests\Feature\ErrorHandlingTest.php:65

33) Tests\Feature\ErrorHandlingTest::test_agent_already_running_returns_conflict
Expected response status code [409] but received 405.
Failed asserting that 405 is identical to 409.

C:\Users\hedra\Desktop\Sourcecode\NexusV2\Nexus-backend\vendor\laravel\framework\src\Illuminate\Testing\TestResponseAssert.php:45
C:\Users\hedra\Desktop\Sourcecode\NexusV2\Nexus-backend\vendor\laravel\framework\src\Illuminate\Testing\TestResponse.php:176
C:\Users\hedra\Desktop\Sourcecode\NexusV2\Nexus-backend\tests\Feature\ErrorHandlingTest.php:74

34) Tests\Feature\ErrorHandlingTest::test_workflow_already_running_returns_conflict
Expected response status code [409] but received 401.
Failed asserting that 401 is identical to 409.

C:\Users\hedra\Desktop\Sourcecode\NexusV2\Nexus-backend\vendor\laravel\framework\src\Illuminate\Testing\TestResponseAssert.php:45
C:\Users\hedra\Desktop\Sourcecode\NexusV2\Nexus-backend\vendor\laravel\framework\src\Illuminate\Testing\TestResponse.php:176
C:\Users\hedra\Desktop\Sourcecode\NexusV2\Nexus-backend\tests\Feature\ErrorHandlingTest.php:82

35) Tests\Feature\ErrorHandlingTest::test_invalid_json_returns_400
Expected response status code [422] but received 401.
Failed asserting that 401 is identical to 422.

C:\Users\hedra\Desktop\Sourcecode\NexusV2\Nexus-backend\vendor\laravel\framework\src\Illuminate\Testing\TestResponseAssert.php:45
C:\Users\hedra\Desktop\Sourcecode\NexusV2\Nexus-backend\vendor\laravel\framework\src\Illuminate\Testing\TestResponse.php:176
C:\Users\hedra\Desktop\Sourcecode\NexusV2\Nexus-backend\tests\Feature\ErrorHandlingTest.php:94

36) Tests\Feature\ErrorHandlingTest::test_memory_service_unavailable_returns_error
Expected response status code [422] but received 401.
Failed asserting that 401 is identical to 422.

C:\Users\hedra\Desktop\Sourcecode\NexusV2\Nexus-backend\vendor\laravel\framework\src\Illuminate\Testing\TestResponseAssert.php:45
C:\Users\hedra\Desktop\Sourcecode\NexusV2\Nexus-backend\vendor\laravel\framework\src\Illuminate\Testing\TestResponse.php:176
C:\Users\hedra\Desktop\Sourcecode\NexusV2\Nexus-backend\tests\Feature\ErrorHandlingTest.php:107

37) Tests\Feature\ErrorHandlingTest::test_error_responses_have_consistent_format
Expected response status code [422] but received 401.
Failed asserting that 401 is identical to 422.

C:\Users\hedra\Desktop\Sourcecode\NexusV2\Nexus-backend\vendor\laravel\framework\src\Illuminate\Testing\TestResponseAssert.php:45
C:\Users\hedra\Desktop\Sourcecode\NexusV2\Nexus-backend\vendor\laravel\framework\src\Illuminate\Testing\TestResponse.php:176
C:\Users\hedra\Desktop\Sourcecode\NexusV2\Nexus-backend\tests\Feature\ErrorHandlingTest.php:116

38) Tests\Feature\EventTest::test_contact_created_event_is_dispatched
Expected response status code [201] but received 401.
Failed asserting that 401 is identical to 201.

C:\Users\hedra\Desktop\Sourcecode\NexusV2\Nexus-backend\vendor\laravel\framework\src\Illuminate\Testing\TestResponseAssert.php:45
C:\Users\hedra\Desktop\Sourcecode\NexusV2\Nexus-backend\vendor\laravel\framework\src\Illuminate\Testing\TestResponse.php:176
C:\Users\hedra\Desktop\Sourcecode\NexusV2\Nexus-backend\tests\Feature\EventTest.php:28

39) Tests\Feature\EventTest::test_message_received_event_is_dispatched
Expected response status code [200] but received 422.
Failed asserting that 422 is identical to 200.

The following errors occurred during the last request:

{
    "message": "The session field is required. (and 2 more errors)",
    "errors": {
        "session": [
            "The session field is required."
        ],
        "payload": [
            "The payload field is required."
        ],
        "payload.id": [
            "The payload.id field is required when event is message."
        ]
    }
}

C:\Users\hedra\Desktop\Sourcecode\NexusV2\Nexus-backend\vendor\laravel\framework\src\Illuminate\Testing\TestResponseAssert.php:45
C:\Users\hedra\Desktop\Sourcecode\NexusV2\Nexus-backend\vendor\laravel\framework\src\Illuminate\Testing\TestResponse.php:176
C:\Users\hedra\Desktop\Sourcecode\NexusV2\Nexus-backend\tests\Feature\EventTest.php:43

40) Tests\Feature\EventTest::test_memory_indexed_event_is_dispatched_after_episodic_memory_store
The expected [App\Events\MemoryIndexed] event was not dispatched.
Failed asserting that false is true.

C:\Users\hedra\Desktop\Sourcecode\NexusV2\Nexus-backend\vendor\laravel\framework\src\Illuminate\Support\Testing\Fakes\EventFake.php:144
C:\Users\hedra\Desktop\Sourcecode\NexusV2\Nexus-backend\vendor\laravel\framework\src\Illuminate\Support\Facades\Facade.php:363
C:\Users\hedra\Desktop\Sourcecode\NexusV2\Nexus-backend\tests\Feature\EventTest.php:64

41) Tests\Feature\EventTest::test_workflow_started_event_is_dispatched
Expected response status code [200] but received 401.
Failed asserting that 401 is identical to 200.

C:\Users\hedra\Desktop\Sourcecode\NexusV2\Nexus-backend\vendor\laravel\framework\src\Illuminate\Testing\TestResponseAssert.php:45
C:\Users\hedra\Desktop\Sourcecode\NexusV2\Nexus-backend\vendor\laravel\framework\src\Illuminate\Testing\TestResponse.php:176
C:\Users\hedra\Desktop\Sourcecode\NexusV2\Nexus-backend\tests\Feature\EventTest.php:80

42) Tests\Feature\EventTest::test_workflow_completed_event_is_dispatched
Expected response status code [200] but received 401.
Failed asserting that 401 is identical to 200.

C:\Users\hedra\Desktop\Sourcecode\NexusV2\Nexus-backend\vendor\laravel\framework\src\Illuminate\Testing\TestResponseAssert.php:45
C:\Users\hedra\Desktop\Sourcecode\NexusV2\Nexus-backend\vendor\laravel\framework\src\Illuminate\Testing\TestResponse.php:176
C:\Users\hedra\Desktop\Sourcecode\NexusV2\Nexus-backend\tests\Feature\EventTest.php:93

43) Tests\Feature\EventTest::test_agent_executed_event_is_dispatched
Expected response status code [200] but received 405.
Failed asserting that 405 is identical to 200.

C:\Users\hedra\Desktop\Sourcecode\NexusV2\Nexus-backend\vendor\laravel\framework\src\Illuminate\Testing\TestResponseAssert.php:45
C:\Users\hedra\Desktop\Sourcecode\NexusV2\Nexus-backend\vendor\laravel\framework\src\Illuminate\Testing\TestResponse.php:176
C:\Users\hedra\Desktop\Sourcecode\NexusV2\Nexus-backend\tests\Feature\EventTest.php:102

44) Tests\Feature\ExampleTest::test_the_application_returns_a_successful_response
Expected response status code [200] but received 404.
Failed asserting that 404 is identical to 200.

C:\Users\hedra\Desktop\Sourcecode\NexusV2\Nexus-backend\vendor\laravel\framework\src\Illuminate\Testing\TestResponseAssert.php:45
C:\Users\hedra\Desktop\Sourcecode\NexusV2\Nexus-backend\vendor\laravel\framework\src\Illuminate\Testing\TestResponse.php:176
C:\Users\hedra\Desktop\Sourcecode\NexusV2\Nexus-backend\tests\Feature\ExampleTest.php:17

45) Tests\Feature\HedraSoul\HedraSoulApprovalsApiTest::test_get_approvals_returns_401_without_auth
Expected response status code [401] but received 404.
Failed asserting that 404 is identical to 401.

C:\Users\hedra\Desktop\Sourcecode\NexusV2\Nexus-backend\vendor\laravel\framework\src\Illuminate\Testing\TestResponseAssert.php:45
C:\Users\hedra\Desktop\Sourcecode\NexusV2\Nexus-backend\vendor\laravel\framework\src\Illuminate\Testing\TestResponse.php:176
C:\Users\hedra\Desktop\Sourcecode\NexusV2\Nexus-backend\tests\Feature\HedraSoul\HedraSoulApprovalsApiTest.php:233

46) Tests\Feature\HedraSoul\HedraSoulInstructionsApiTest::test_post_instructions_creates_draft_and_returns_201
Expected response status code [201] but received 405.
Failed asserting that 405 is identical to 201.

C:\Users\hedra\Desktop\Sourcecode\NexusV2\Nexus-backend\vendor\laravel\framework\src\Illuminate\Testing\TestResponseAssert.php:45
C:\Users\hedra\Desktop\Sourcecode\NexusV2\Nexus-backend\vendor\laravel\framework\src\Illuminate\Testing\TestResponse.php:176
C:\Users\hedra\Desktop\Sourcecode\NexusV2\Nexus-backend\tests\Feature\HedraSoul\HedraSoulInstructionsApiTest.php:34

47) Tests\Feature\HedraSoul\HedraSoulMemoriesApiTest::test_post_memory_creates_fact_directly_and_returns_201
Expected response status code [201] but received 405.
Failed asserting that 405 is identical to 201.

C:\Users\hedra\Desktop\Sourcecode\NexusV2\Nexus-backend\vendor\laravel\framework\src\Illuminate\Testing\TestResponseAssert.php:45
C:\Users\hedra\Desktop\Sourcecode\NexusV2\Nexus-backend\vendor\laravel\framework\src\Illuminate\Testing\TestResponse.php:176
C:\Users\hedra\Desktop\Sourcecode\NexusV2\Nexus-backend\tests\Feature\HedraSoul\HedraSoulMemoriesApiTest.php:166

48) Tests\Feature\HedraSoul\HedraSoulMemoriesApiTest::test_post_memory_maintenance_rebuild_embeddings
Expected response status code [202] but received 405.
Failed asserting that 405 is identical to 202.

C:\Users\hedra\Desktop\Sourcecode\NexusV2\Nexus-backend\vendor\laravel\framework\src\Illuminate\Testing\TestResponseAssert.php:45
C:\Users\hedra\Desktop\Sourcecode\NexusV2\Nexus-backend\vendor\laravel\framework\src\Illuminate\Testing\TestResponse.php:176
C:\Users\hedra\Desktop\Sourcecode\NexusV2\Nexus-backend\tests\Feature\HedraSoul\HedraSoulMemoriesApiTest.php:210

49) Tests\Feature\HedraSoul\HedraSoulMemoriesApiTest::test_post_memory_maintenance_prune_stale
Expected response status code [202] but received 405.
Failed asserting that 405 is identical to 202.

C:\Users\hedra\Desktop\Sourcecode\NexusV2\Nexus-backend\vendor\laravel\framework\src\Illuminate\Testing\TestResponseAssert.php:45
C:\Users\hedra\Desktop\Sourcecode\NexusV2\Nexus-backend\vendor\laravel\framework\src\Illuminate\Testing\TestResponse.php:176
C:\Users\hedra\Desktop\Sourcecode\NexusV2\Nexus-backend\tests\Feature\HedraSoul\HedraSoulMemoriesApiTest.php:223

50) Tests\Feature\HedraSoul\HedraSoulMemoriesApiTest::test_get_memories_returns_401_without_auth
Expected response status code [401] but received 404.
Failed asserting that 404 is identical to 401.

C:\Users\hedra\Desktop\Sourcecode\NexusV2\Nexus-backend\vendor\laravel\framework\src\Illuminate\Testing\TestResponseAssert.php:45
C:\Users\hedra\Desktop\Sourcecode\NexusV2\Nexus-backend\vendor\laravel\framework\src\Illuminate\Testing\TestResponse.php:176
C:\Users\hedra\Desktop\Sourcecode\NexusV2\Nexus-backend\tests\Feature\HedraSoul\HedraSoulMemoriesApiTest.php:257

51) Tests\Feature\HedraSoul\HedraSoulMemoriesApiTest::test_post_memory_returns_401_without_auth
Expected response status code [401] but received 405.
Failed asserting that 405 is identical to 401.

C:\Users\hedra\Desktop\Sourcecode\NexusV2\Nexus-backend\vendor\laravel\framework\src\Illuminate\Testing\TestResponseAssert.php:45
C:\Users\hedra\Desktop\Sourcecode\NexusV2\Nexus-backend\vendor\laravel\framework\src\Illuminate\Testing\TestResponse.php:176
C:\Users\hedra\Desktop\Sourcecode\NexusV2\Nexus-backend\tests\Feature\HedraSoul\HedraSoulMemoriesApiTest.php:271

52) Tests\Feature\HedraSoul\HedraSoulMemoriesApiTest::test_post_memory_maintenance_returns_401_without_auth
Expected response status code [401] but received 405.
Failed asserting that 405 is identical to 401.

C:\Users\hedra\Desktop\Sourcecode\NexusV2\Nexus-backend\vendor\laravel\framework\src\Illuminate\Testing\TestResponseAssert.php:45
C:\Users\hedra\Desktop\Sourcecode\NexusV2\Nexus-backend\vendor\laravel\framework\src\Illuminate\Testing\TestResponse.php:176
C:\Users\hedra\Desktop\Sourcecode\NexusV2\Nexus-backend\tests\Feature\HedraSoul\HedraSoulMemoriesApiTest.php:297

53) Tests\Feature\HedraSoul\HedraSoulSessionApiTest::test_post_hedrasoul_sessions_creates_session_and_returns_201
Expected response status code [201] but received 405.
Failed asserting that 405 is identical to 201.

C:\Users\hedra\Desktop\Sourcecode\NexusV2\Nexus-backend\vendor\laravel\framework\src\Illuminate\Testing\TestResponseAssert.php:45
C:\Users\hedra\Desktop\Sourcecode\NexusV2\Nexus-backend\vendor\laravel\framework\src\Illuminate\Testing\TestResponse.php:176
C:\Users\hedra\Desktop\Sourcecode\NexusV2\Nexus-backend\tests\Feature\HedraSoul\HedraSoulSessionApiTest.php:33

54) Tests\Feature\HedraSoul\HedraSoulSessionApiTest::test_get_hedrasoul_sessions_returns_401_without_auth
Expected response status code [401] but received 404.
Failed asserting that 404 is identical to 401.

C:\Users\hedra\Desktop\Sourcecode\NexusV2\Nexus-backend\vendor\laravel\framework\src\Illuminate\Testing\TestResponseAssert.php:45
C:\Users\hedra\Desktop\Sourcecode\NexusV2\Nexus-backend\vendor\laravel\framework\src\Illuminate\Testing\TestResponse.php:176
C:\Users\hedra\Desktop\Sourcecode\NexusV2\Nexus-backend\tests\Feature\HedraSoul\HedraSoulSessionApiTest.php:136

55) Tests\Feature\HedraSoul\HedraSoulSessionApiTest::test_post_hedrasoul_sessions_returns_401_without_auth
Expected response status code [401] but received 405.
Failed asserting that 405 is identical to 401.

C:\Users\hedra\Desktop\Sourcecode\NexusV2\Nexus-backend\vendor\laravel\framework\src\Illuminate\Testing\TestResponseAssert.php:45
C:\Users\hedra\Desktop\Sourcecode\NexusV2\Nexus-backend\vendor\laravel\framework\src\Illuminate\Testing\TestResponse.php:176
C:\Users\hedra\Desktop\Sourcecode\NexusV2\Nexus-backend\tests\Feature\HedraSoul\HedraSoulSessionApiTest.php:149

56) Tests\Feature\HedraSoul\HedraSoulSoulyControlApiTest::test_post_quarantine_returns_401_without_auth
Expected response status code [401] but received 405.
Failed asserting that 405 is identical to 401.

C:\Users\hedra\Desktop\Sourcecode\NexusV2\Nexus-backend\vendor\laravel\framework\src\Illuminate\Testing\TestResponseAssert.php:45
C:\Users\hedra\Desktop\Sourcecode\NexusV2\Nexus-backend\vendor\laravel\framework\src\Illuminate\Testing\TestResponse.php:176
C:\Users\hedra\Desktop\Sourcecode\NexusV2\Nexus-backend\tests\Feature\HedraSoul\HedraSoulSoulyControlApiTest.php:192

57) Tests\Feature\HedraSoul\HedraSoulSoulyControlApiTest::test_post_resume_returns_401_without_auth
Expected response status code [401] but received 405.
Failed asserting that 405 is identical to 401.

C:\Users\hedra\Desktop\Sourcecode\NexusV2\Nexus-backend\vendor\laravel\framework\src\Illuminate\Testing\TestResponseAssert.php:45
C:\Users\hedra\Desktop\Sourcecode\NexusV2\Nexus-backend\vendor\laravel\framework\src\Illuminate\Testing\TestResponse.php:176
C:\Users\hedra\Desktop\Sourcecode\NexusV2\Nexus-backend\tests\Feature\HedraSoul\HedraSoulSoulyControlApiTest.php:202

58) Tests\Feature\HedraSoul\HedraSoulSoulyControlApiTest::test_patch_autonomy_returns_401_without_auth
Expected response status code [401] but received 405.
Failed asserting that 405 is identical to 401.

C:\Users\hedra\Desktop\Sourcecode\NexusV2\Nexus-backend\vendor\laravel\framework\src\Illuminate\Testing\TestResponseAssert.php:45
C:\Users\hedra\Desktop\Sourcecode\NexusV2\Nexus-backend\vendor\laravel\framework\src\Illuminate\Testing\TestResponse.php:176
C:\Users\hedra\Desktop\Sourcecode\NexusV2\Nexus-backend\tests\Feature\HedraSoul\HedraSoulSoulyControlApiTest.php:214

59) Tests\Feature\HedraSoul\HedraSoulSoulyControlApiTest::test_patch_model_returns_401_without_auth
Expected response status code [401] but received 405.
Failed asserting that 405 is identical to 401.

C:\Users\hedra\Desktop\Sourcecode\NexusV2\Nexus-backend\vendor\laravel\framework\src\Illuminate\Testing\TestResponseAssert.php:45
C:\Users\hedra\Desktop\Sourcecode\NexusV2\Nexus-backend\vendor\laravel\framework\src\Illuminate\Testing\TestResponse.php:176
C:\Users\hedra\Desktop\Sourcecode\NexusV2\Nexus-backend\tests\Feature\HedraSoul\HedraSoulSoulyControlApiTest.php:226

60) Tests\Feature\HedraSoul\HedraSoulSoulyControlApiTest::test_get_status_returns_401_without_auth
Expected response status code [401] but received 404.
Failed asserting that 404 is identical to 401.

C:\Users\hedra\Desktop\Sourcecode\NexusV2\Nexus-backend\vendor\laravel\framework\src\Illuminate\Testing\TestResponseAssert.php:45
C:\Users\hedra\Desktop\Sourcecode\NexusV2\Nexus-backend\vendor\laravel\framework\src\Illuminate\Testing\TestResponse.php:176
C:\Users\hedra\Desktop\Sourcecode\NexusV2\Nexus-backend\tests\Feature\HedraSoul\HedraSoulSoulyControlApiTest.php:236

61) Tests\Feature\HedraSoul\HedraSoulSoulyControlApiTest::test_post_simulate_returns_401_without_auth
Expected response status code [401] but received 405.
Failed asserting that 405 is identical to 401.

C:\Users\hedra\Desktop\Sourcecode\NexusV2\Nexus-backend\vendor\laravel\framework\src\Illuminate\Testing\TestResponseAssert.php:45
C:\Users\hedra\Desktop\Sourcecode\NexusV2\Nexus-backend\vendor\laravel\framework\src\Illuminate\Testing\TestResponse.php:176
C:\Users\hedra\Desktop\Sourcecode\NexusV2\Nexus-backend\tests\Feature\HedraSoul\HedraSoulSoulyControlApiTest.php:249

62) Tests\Feature\Http\AgentsHubTest::test_status_reflects_execution_count
Failed asserting that 0 is identical to 5.

C:\Users\hedra\Desktop\Sourcecode\NexusV2\Nexus-backend\vendor\laravel\framework\src\Illuminate\Testing\AssertableJsonString.php:243
C:\Users\hedra\Desktop\Sourcecode\NexusV2\Nexus-backend\vendor\laravel\framework\src\Illuminate\Testing\TestResponse.php:875
C:\Users\hedra\Desktop\Sourcecode\NexusV2\Nexus-backend\tests\Feature\Http\AgentsHubTest.php:264

63) Tests\Feature\Http\AgentsHubTest::test_quarantine_sets_agent_status
Failed asserting that a row in the table [agents] matches the attributes {
    "id": 1,
    "status": "quarantined"
}.

Found similar results: [
    {
        "id": 1,
        "status": "active"
    }
].

C:\Users\hedra\Desktop\Sourcecode\NexusV2\Nexus-backend\vendor\laravel\framework\src\Illuminate\Foundation\Testing\Concerns\InteractsWithDatabase.php:51
C:\Users\hedra\Desktop\Sourcecode\NexusV2\Nexus-backend\tests\Feature\Http\AgentsHubTest.php:280

64) Tests\Feature\Http\AgentsHubTest::test_unquarantine_restores_agent_to_active
Expected response status code [200] but received 400.
Failed asserting that 400 is identical to 200.

C:\Users\hedra\Desktop\Sourcecode\NexusV2\Nexus-backend\vendor\laravel\framework\src\Illuminate\Testing\TestResponseAssert.php:45
C:\Users\hedra\Desktop\Sourcecode\NexusV2\Nexus-backend\vendor\laravel\framework\src\Illuminate\Testing\TestResponse.php:176
C:\Users\hedra\Desktop\Sourcecode\NexusV2\Nexus-backend\tests\Feature\Http\AgentsHubTest.php:302

65) Tests\Feature\Http\AgentsHubTest::test_simulate_returns_thought_process
Expected response status code [200] but received 400.
Failed asserting that 400 is identical to 200.

C:\Users\hedra\Desktop\Sourcecode\NexusV2\Nexus-backend\vendor\laravel\framework\src\Illuminate\Testing\TestResponseAssert.php:45
C:\Users\hedra\Desktop\Sourcecode\NexusV2\Nexus-backend\vendor\laravel\framework\src\Illuminate\Testing\TestResponse.php:176
C:\Users\hedra\Desktop\Sourcecode\NexusV2\Nexus-backend\tests\Feature\Http\AgentsHubTest.php:317

66) Tests\Feature\Http\AgentsHubTest::test_simulate_logs_runtime_trace
Failed asserting that a row in the table [agent_runtime_logs] matches the attributes {
    "agent_id": 1,
    "step": "simulation"
}.

The table is empty.

C:\Users\hedra\Desktop\Sourcecode\NexusV2\Nexus-backend\vendor\laravel\framework\src\Illuminate\Foundation\Testing\Concerns\InteractsWithDatabase.php:51
C:\Users\hedra\Desktop\Sourcecode\NexusV2\Nexus-backend\tests\Feature\Http\AgentsHubTest.php:333

67) Tests\Feature\Http\AgentsHubTest::test_run_dispatches_async_and_returns_trace_id
Expected response status code [200] but received 400.
Failed asserting that 400 is identical to 200.

C:\Users\hedra\Desktop\Sourcecode\NexusV2\Nexus-backend\vendor\laravel\framework\src\Illuminate\Testing\TestResponseAssert.php:45
C:\Users\hedra\Desktop\Sourcecode\NexusV2\Nexus-backend\vendor\laravel\framework\src\Illuminate\Testing\TestResponse.php:176
C:\Users\hedra\Desktop\Sourcecode\NexusV2\Nexus-backend\tests\Feature\Http\AgentsHubTest.php:379

68) Tests\Feature\Http\Controllers\CredentialValidationEndpointTest::test_validate_credential_endpoint_validates_single_setting
Expected response status code [200] but received 500.
Failed asserting that 500 is identical to 200.

The following exception occurred during the last request:

TypeError: App\Policies\SettingPolicy::create(): Return value must be of type bool, null returned in C:\Users\hedra\Desktop\Sourcecode\NexusV2\Nexus-backend\app\Policies\SettingPolicy.php:37
Stack trace:
#0 C:\Users\hedra\Desktop\Sourcecode\NexusV2\Nexus-backend\vendor\laravel\framework\src\Illuminate\Auth\Access\Gate.php(844): App\Policies\SettingPolicy->create(Object(App\Models\User))
#1 C:\Users\hedra\Desktop\Sourcecode\NexusV2\Nexus-backend\vendor\laravel\framework\src\Illuminate\Auth\Access\Gate.php(797): Illuminate\Auth\Access\Gate->callPolicyMethod(Object(App\Policies\SettingPolicy), 'create', Object(App\Models\User), Array)
#2 C:\Users\hedra\Desktop\Sourcecode\NexusV2\Nexus-backend\vendor\laravel\framework\src\Illuminate\Auth\Access\Gate.php(553): Illuminate\Auth\Access\Gate->{closure:Illuminate\Auth\Access\Gate::resolvePolicyCallback():780}(Object(App\Models\User), 'App\\Models\\Sett...')
#3 C:\Users\hedra\Desktop\Sourcecode\NexusV2\Nexus-backend\vendor\laravel\framework\src\Illuminate\Auth\Access\Gate.php(448): Illuminate\Auth\Access\Gate->callAuthCallback(Object(App\Models\User), 'create', Array)
#4 C:\Users\hedra\Desktop\Sourcecode\NexusV2\Nexus-backend\vendor\laravel\framework\src\Illuminate\Auth\Access\Gate.php(411): Illuminate\Auth\Access\Gate->raw('create', Array)
#5 C:\Users\hedra\Desktop\Sourcecode\NexusV2\Nexus-backend\vendor\laravel\framework\src\Illuminate\Auth\Access\Gate.php(398): Illuminate\Auth\Access\Gate->inspect('create', 'App\\Models\\Sett...')
#6 C:\Users\hedra\Desktop\Sourcecode\NexusV2\Nexus-backend\vendor\laravel\framework\src\Illuminate\Foundation\Auth\Access\AuthorizesRequests.php(25): Illuminate\Auth\Access\Gate->authorize('create', 'App\\Models\\Sett...')
#7 C:\Users\hedra\Desktop\Sourcecode\NexusV2\Nexus-backend\app\Http\Controllers\SettingController.php(415): App\Http\Controllers\Controller->authorize('create', 'App\\Models\\Sett...')
#8 C:\Users\hedra\Desktop\Sourcecode\NexusV2\Nexus-backend\vendor\laravel\framework\src\Illuminate\Routing\ControllerDispatcher.php(46): App\Http\Controllers\SettingController->validateCredential(Object(Illuminate\Http\Request))
#9 C:\Users\hedra\Desktop\Sourcecode\NexusV2\Nexus-backend\vendor\laravel\framework\src\Illuminate\Routing\Route.php(275): Illuminate\Routing\ControllerDispatcher->dispatch(Object(Illuminate\Routing\Route), Object(App\Http\Controllers\SettingController), 'validateCredent...')
#10 C:\Users\hedra\Desktop\Sourcecode\NexusV2\Nexus-backend\vendor\laravel\framework\src\Illuminate\Routing\Route.php(215): Illuminate\Routing\Route->runController()
#11 C:\Users\hedra\Desktop\Sourcecode\NexusV2\Nexus-backend\vendor\laravel\framework\src\Illuminate\Routing\Router.php(822): Illuminate\Routing\Route->run()
#12 C:\Users\hedra\Desktop\Sourcecode\NexusV2\Nexus-backend\vendor\laravel\framework\src\Illuminate\Pipeline\Pipeline.php(180): Illuminate\Routing\Router->{closure:Illuminate\Routing\Router::runRouteWithinStack():821}(Object(Illuminate\Http\Request))
#13 C:\Users\hedra\Desktop\Sourcecode\NexusV2\Nexus-backend\vendor\laravel\framework\src\Illuminate\Routing\Middleware\SubstituteBindings.php(52): Illuminate\Pipeline\Pipeline->{closure:Illuminate\Pipeline\Pipeline::prepareDestination():178}(Object(Illuminate\Http\Request))
#14 C:\Users\hedra\Desktop\Sourcecode\NexusV2\Nexus-backend\vendor\laravel\framework\src\Illuminate\Pipeline\Pipeline.php(219): Illuminate\Routing\Middleware\SubstituteBindings->handle(Object(Illuminate\Http\Request), Object(Closure))
#15 C:\Users\hedra\Desktop\Sourcecode\NexusV2\Nexus-backend\vendor\laravel\framework\src\Illuminate\Auth\Middleware\Authenticate.php(63): Illuminate\Pipeline\Pipeline->{closure:{closure:Illuminate\Pipeline\Pipeline::carry():194}:195}(Object(Illuminate\Http\Request))
#16 C:\Users\hedra\Desktop\Sourcecode\NexusV2\Nexus-backend\vendor\laravel\framework\src\Illuminate\Pipeline\Pipeline.php(219): Illuminate\Auth\Middleware\Authenticate->handle(Object(Illuminate\Http\Request), Object(Closure), 'sanctum')
#17 C:\Users\hedra\Desktop\Sourcecode\NexusV2\Nexus-backend\vendor\laravel\framework\src\Illuminate\Pipeline\Pipeline.php(137): Illuminate\Pipeline\Pipeline->{closure:{closure:Illuminate\Pipeline\Pipeline::carry():194}:195}(Object(Illuminate\Http\Request))
#18 C:\Users\hedra\Desktop\Sourcecode\NexusV2\Nexus-backend\vendor\laravel\framework\src\Illuminate\Routing\Router.php(821): Illuminate\Pipeline\Pipeline->then(Object(Closure))
#19 C:\Users\hedra\Desktop\Sourcecode\NexusV2\Nexus-backend\vendor\laravel\framework\src\Illuminate\Routing\Router.php(800): Illuminate\Routing\Router->runRouteWithinStack(Object(Illuminate\Routing\Route), Object(Illuminate\Http\Request))
#20 C:\Users\hedra\Desktop\Sourcecode\NexusV2\Nexus-backend\vendor\laravel\framework\src\Illuminate\Routing\Router.php(764): Illuminate\Routing\Router->runRoute(Object(Illuminate\Http\Request), Object(Illuminate\Routing\Route))
#21 C:\Users\hedra\Desktop\Sourcecode\NexusV2\Nexus-backend\vendor\laravel\framework\src\Illuminate\Routing\Router.php(753): Illuminate\Routing\Router->dispatchToRoute(Object(Illuminate\Http\Request))
#22 C:\Users\hedra\Desktop\Sourcecode\NexusV2\Nexus-backend\vendor\laravel\framework\src\Illuminate\Foundation\Http\Kernel.php(200): Illuminate\Routing\Router->dispatch(Object(Illuminate\Http\Request))
#23 C:\Users\hedra\Desktop\Sourcecode\NexusV2\Nexus-backend\vendor\laravel\framework\src\Illuminate\Pipeline\Pipeline.php(180): Illuminate\Foundation\Http\Kernel->{closure:Illuminate\Foundation\Http\Kernel::dispatchToRouter():197}(Object(Illuminate\Http\Request))
#24 C:\Users\hedra\Desktop\Sourcecode\NexusV2\Nexus-backend\app\Http\Middleware\AutoLoginDevMiddleware.php(29): Illuminate\Pipeline\Pipeline->{closure:Illuminate\Pipeline\Pipeline::prepareDestination():178}(Object(Illuminate\Http\Request))
#25 C:\Users\hedra\Desktop\Sourcecode\NexusV2\Nexus-backend\vendor\laravel\framework\src\Illuminate\Pipeline\Pipeline.php(219): App\Http\Middleware\AutoLoginDevMiddleware->handle(Object(Illuminate\Http\Request), Object(Closure))
#26 C:\Users\hedra\Desktop\Sourcecode\NexusV2\Nexus-backend\vendor\laravel\framework\src\Illuminate\Foundation\Http\Middleware\TransformsRequest.php(21): Illuminate\Pipeline\Pipeline->{closure:{closure:Illuminate\Pipeline\Pipeline::carry():194}:195}(Object(Illuminate\Http\Request))
#27 C:\Users\hedra\Desktop\Sourcecode\NexusV2\Nexus-backend\vendor\laravel\framework\src\Illuminate\Foundation\Http\Middleware\ConvertEmptyStringsToNull.php(31): Illuminate\Foundation\Http\Middleware\TransformsRequest->handle(Object(Illuminate\Http\Request), Object(Closure))
#28 C:\Users\hedra\Desktop\Sourcecode\NexusV2\Nexus-backend\vendor\laravel\framework\src\Illuminate\Pipeline\Pipeline.php(219): Illuminate\Foundation\Http\Middleware\ConvertEmptyStringsToNull->handle(Object(Illuminate\Http\Request), Object(Closure))
#29 C:\Users\hedra\Desktop\Sourcecode\NexusV2\Nexus-backend\vendor\laravel\framework\src\Illuminate\Foundation\Http\Middleware\TransformsRequest.php(21): Illuminate\Pipeline\Pipeline->{closure:{closure:Illuminate\Pipeline\Pipeline::carry():194}:195}(Object(Illuminate\Http\Request))
#30 C:\Users\hedra\Desktop\Sourcecode\NexusV2\Nexus-backend\vendor\laravel\framework\src\Illuminate\Foundation\Http\Middleware\TrimStrings.php(51): Illuminate\Foundation\Http\Middleware\TransformsRequest->handle(Object(Illuminate\Http\Request), Object(Closure))
#31 C:\Users\hedra\Desktop\Sourcecode\NexusV2\Nexus-backend\vendor\laravel\framework\src\Illuminate\Pipeline\Pipeline.php(219): Illuminate\Foundation\Http\Middleware\TrimStrings->handle(Object(Illuminate\Http\Request), Object(Closure))
#32 C:\Users\hedra\Desktop\Sourcecode\NexusV2\Nexus-backend\vendor\laravel\framework\src\Illuminate\Http\Middleware\ValidatePostSize.php(27): Illuminate\Pipeline\Pipeline->{closure:{closure:Illuminate\Pipeline\Pipeline::carry():194}:195}(Object(Illuminate\Http\Request))
#33 C:\Users\hedra\Desktop\Sourcecode\NexusV2\Nexus-backend\vendor\laravel\framework\src\Illuminate\Pipeline\Pipeline.php(219): Illuminate\Http\Middleware\ValidatePostSize->handle(Object(Illuminate\Http\Request), Object(Closure))
#34 C:\Users\hedra\Desktop\Sourcecode\NexusV2\Nexus-backend\vendor\laravel\framework\src\Illuminate\Foundation\Http\Middleware\PreventRequestsDuringMaintenance.php(109): Illuminate\Pipeline\Pipeline->{closure:{closure:Illuminate\Pipeline\Pipeline::carry():194}:195}(Object(Illuminate\Http\Request))
#35 C:\Users\hedra\Desktop\Sourcecode\NexusV2\Nexus-backend\vendor\laravel\framework\src\Illuminate\Pipeline\Pipeline.php(219): Illuminate\Foundation\Http\Middleware\PreventRequestsDuringMaintenance->handle(Object(Illuminate\Http\Request), Object(Closure))
#36 C:\Users\hedra\Desktop\Sourcecode\NexusV2\Nexus-backend\vendor\laravel\framework\src\Illuminate\Http\Middleware\HandleCors.php(74): Illuminate\Pipeline\Pipeline->{closure:{closure:Illuminate\Pipeline\Pipeline::carry():194}:195}(Object(Illuminate\Http\Request))
#37 C:\Users\hedra\Desktop\Sourcecode\NexusV2\Nexus-backend\vendor\laravel\framework\src\Illuminate\Pipeline\Pipeline.php(219): Illuminate\Http\Middleware\HandleCors->handle(Object(Illuminate\Http\Request), Object(Closure))
#38 C:\Users\hedra\Desktop\Sourcecode\NexusV2\Nexus-backend\vendor\laravel\framework\src\Illuminate\Http\Middleware\TrustProxies.php(58): Illuminate\Pipeline\Pipeline->{closure:{closure:Illuminate\Pipeline\Pipeline::carry():194}:195}(Object(Illuminate\Http\Request))
#39 C:\Users\hedra\Desktop\Sourcecode\NexusV2\Nexus-backend\vendor\laravel\framework\src\Illuminate\Pipeline\Pipeline.php(219): Illuminate\Http\Middleware\TrustProxies->handle(Object(Illuminate\Http\Request), Object(Closure))
#40 C:\Users\hedra\Desktop\Sourcecode\NexusV2\Nexus-backend\vendor\laravel\framework\src\Illuminate\Foundation\Http\Middleware\InvokeDeferredCallbacks.php(22): Illuminate\Pipeline\Pipeline->{closure:{closure:Illuminate\Pipeline\Pipeline::carry():194}:195}(Object(Illuminate\Http\Request))
#41 C:\Users\hedra\Desktop\Sourcecode\NexusV2\Nexus-backend\vendor\laravel\framework\src\Illuminate\Pipeline\Pipeline.php(219): Illuminate\Foundation\Http\Middleware\InvokeDeferredCallbacks->handle(Object(Illuminate\Http\Request), Object(Closure))
#42 C:\Users\hedra\Desktop\Sourcecode\NexusV2\Nexus-backend\vendor\laravel\framework\src\Illuminate\Http\Middleware\ValidatePathEncoding.php(28): Illuminate\Pipeline\Pipeline->{closure:{closure:Illuminate\Pipeline\Pipeline::carry():194}:195}(Object(Illuminate\Http\Request))
#43 C:\Users\hedra\Desktop\Sourcecode\NexusV2\Nexus-backend\vendor\laravel\framework\src\Illuminate\Pipeline\Pipeline.php(219): Illuminate\Http\Middleware\ValidatePathEncoding->handle(Object(Illuminate\Http\Request), Object(Closure))
#44 C:\Users\hedra\Desktop\Sourcecode\NexusV2\Nexus-backend\vendor\laravel\framework\src\Illuminate\Pipeline\Pipeline.php(137): Illuminate\Pipeline\Pipeline->{closure:{closure:Illuminate\Pipeline\Pipeline::carry():194}:195}(Object(Illuminate\Http\Request))
#45 C:\Users\hedra\Desktop\Sourcecode\NexusV2\Nexus-backend\vendor\laravel\framework\src\Illuminate\Foundation\Http\Kernel.php(175): Illuminate\Pipeline\Pipeline->then(Object(Closure))
#46 C:\Users\hedra\Desktop\Sourcecode\NexusV2\Nexus-backend\vendor\laravel\framework\src\Illuminate\Foundation\Http\Kernel.php(144): Illuminate\Foundation\Http\Kernel->sendRequestThroughRouter(Object(Illuminate\Http\Request))
#47 C:\Users\hedra\Desktop\Sourcecode\NexusV2\Nexus-backend\vendor\laravel\framework\src\Illuminate\Foundation\Testing\Concerns\MakesHttpRequests.php(607): Illuminate\Foundation\Http\Kernel->handle(Object(Illuminate\Http\Request))
#48 C:\Users\hedra\Desktop\Sourcecode\NexusV2\Nexus-backend\vendor\laravel\framework\src\Illuminate\Foundation\Testing\Concerns\MakesHttpRequests.php(573): Illuminate\Foundation\Testing\TestCase->call('POST', '/api/v1/setting...', Array, Array, Array, Array, '{"key":"integra...')
#49 C:\Users\hedra\Desktop\Sourcecode\NexusV2\Nexus-backend\vendor\laravel\framework\src\Illuminate\Foundation\Testing\Concerns\MakesHttpRequests.php(411): Illuminate\Foundation\Testing\TestCase->json('POST', '/api/v1/setting...', Array, Array, 0)
#50 C:\Users\hedra\Desktop\Sourcecode\NexusV2\Nexus-backend\tests\Feature\Http\Controllers\CredentialValidationEndpointTest.php(32): Illuminate\Foundation\Testing\TestCase->postJson('/api/v1/setting...', Array)
#51 C:\Users\hedra\Desktop\Sourcecode\NexusV2\Nexus-backend\vendor\phpunit\phpunit\src\Framework\TestCase.php(1667): Tests\Feature\Http\Controllers\CredentialValidationEndpointTest->test_validate_credential_endpoint_validates_single_setting()
#52 C:\Users\hedra\Desktop\Sourcecode\NexusV2\Nexus-backend\vendor\phpunit\phpunit\src\Framework\TestCase.php(519): PHPUnit\Framework\TestCase->runTest()
#53 C:\Users\hedra\Desktop\Sourcecode\NexusV2\Nexus-backend\vendor\phpunit\phpunit\src\Framework\TestRunner\TestRunner.php(87): PHPUnit\Framework\TestCase->runBare()
#54 C:\Users\hedra\Desktop\Sourcecode\NexusV2\Nexus-backend\vendor\phpunit\phpunit\src\Framework\TestCase.php(365): PHPUnit\Framework\TestRunner->run(Object(Tests\Feature\Http\Controllers\CredentialValidationEndpointTest))
#55 C:\Users\hedra\Desktop\Sourcecode\NexusV2\Nexus-backend\vendor\phpunit\phpunit\src\Framework\TestSuite.php(369): PHPUnit\Framework\TestCase->run()
#56 C:\Users\hedra\Desktop\Sourcecode\NexusV2\Nexus-backend\vendor\phpunit\phpunit\src\Framework\TestSuite.php(369): PHPUnit\Framework\TestSuite->run()
#57 C:\Users\hedra\Desktop\Sourcecode\NexusV2\Nexus-backend\vendor\phpunit\phpunit\src\Framework\TestSuite.php(369): PHPUnit\Framework\TestSuite->run()
#58 C:\Users\hedra\Desktop\Sourcecode\NexusV2\Nexus-backend\vendor\phpunit\phpunit\src\TextUI\TestRunner.php(64): PHPUnit\Framework\TestSuite->run()
#59 C:\Users\hedra\Desktop\Sourcecode\NexusV2\Nexus-backend\vendor\phpunit\phpunit\src\TextUI\Application.php(211): PHPUnit\TextUI\TestRunner->run(Object(PHPUnit\TextUI\Configuration\Configuration), Object(PHPUnit\Runner\ResultCache\DefaultResultCache), Object(PHPUnit\Framework\TestSuite))
#60 C:\Users\hedra\Desktop\Sourcecode\NexusV2\Nexus-backend\vendor\phpunit\phpunit\phpunit(104): PHPUnit\TextUI\Application->run(Array)
#61 C:\Users\hedra\Desktop\Sourcecode\NexusV2\Nexus-backend\vendor\bin\phpunit(122): include('C:\\Users\\hedra\\...')
#62 {main}

----------------------------------------------------------------------------------

App\Policies\SettingPolicy::create(): Return value must be of type bool, null returned

C:\Users\hedra\Desktop\Sourcecode\NexusV2\Nexus-backend\vendor\laravel\framework\src\Illuminate\Testing\TestResponseAssert.php:45
C:\Users\hedra\Desktop\Sourcecode\NexusV2\Nexus-backend\vendor\laravel\framework\src\Illuminate\Testing\TestResponse.php:176
C:\Users\hedra\Desktop\Sourcecode\NexusV2\Nexus-backend\tests\Feature\Http\Controllers\CredentialValidationEndpointTest.php:36

69) Tests\Feature\Http\Controllers\CredentialValidationEndpointTest::test_validate_all_credentials_endpoint
Expected response status code [200] but received 500.
Failed asserting that 500 is identical to 200.

The following exception occurred during the last request:

TypeError: App\Policies\SettingPolicy::create(): Return value must be of type bool, null returned in C:\Users\hedra\Desktop\Sourcecode\NexusV2\Nexus-backend\app\Policies\SettingPolicy.php:37
Stack trace:
#0 C:\Users\hedra\Desktop\Sourcecode\NexusV2\Nexus-backend\vendor\laravel\framework\src\Illuminate\Auth\Access\Gate.php(844): App\Policies\SettingPolicy->create(Object(App\Models\User))
#1 C:\Users\hedra\Desktop\Sourcecode\NexusV2\Nexus-backend\vendor\laravel\framework\src\Illuminate\Auth\Access\Gate.php(797): Illuminate\Auth\Access\Gate->callPolicyMethod(Object(App\Policies\SettingPolicy), 'create', Object(App\Models\User), Array)
#2 C:\Users\hedra\Desktop\Sourcecode\NexusV2\Nexus-backend\vendor\laravel\framework\src\Illuminate\Auth\Access\Gate.php(553): Illuminate\Auth\Access\Gate->{closure:Illuminate\Auth\Access\Gate::resolvePolicyCallback():780}(Object(App\Models\User), 'App\\Models\\Sett...')
#3 C:\Users\hedra\Desktop\Sourcecode\NexusV2\Nexus-backend\vendor\laravel\framework\src\Illuminate\Auth\Access\Gate.php(448): Illuminate\Auth\Access\Gate->callAuthCallback(Object(App\Models\User), 'create', Array)
#4 C:\Users\hedra\Desktop\Sourcecode\NexusV2\Nexus-backend\vendor\laravel\framework\src\Illuminate\Auth\Access\Gate.php(411): Illuminate\Auth\Access\Gate->raw('create', Array)
#5 C:\Users\hedra\Desktop\Sourcecode\NexusV2\Nexus-backend\vendor\laravel\framework\src\Illuminate\Auth\Access\Gate.php(398): Illuminate\Auth\Access\Gate->inspect('create', 'App\\Models\\Sett...')
#6 C:\Users\hedra\Desktop\Sourcecode\NexusV2\Nexus-backend\vendor\laravel\framework\src\Illuminate\Foundation\Auth\Access\AuthorizesRequests.php(25): Illuminate\Auth\Access\Gate->authorize('create', 'App\\Models\\Sett...')
#7 C:\Users\hedra\Desktop\Sourcecode\NexusV2\Nexus-backend\app\Http\Controllers\SettingController.php(460): App\Http\Controllers\Controller->authorize('create', 'App\\Models\\Sett...')
#8 C:\Users\hedra\Desktop\Sourcecode\NexusV2\Nexus-backend\vendor\laravel\framework\src\Illuminate\Routing\ControllerDispatcher.php(46): App\Http\Controllers\SettingController->validateAllCredentials()
#9 C:\Users\hedra\Desktop\Sourcecode\NexusV2\Nexus-backend\vendor\laravel\framework\src\Illuminate\Routing\Route.php(275): Illuminate\Routing\ControllerDispatcher->dispatch(Object(Illuminate\Routing\Route), Object(App\Http\Controllers\SettingController), 'validateAllCred...')
#10 C:\Users\hedra\Desktop\Sourcecode\NexusV2\Nexus-backend\vendor\laravel\framework\src\Illuminate\Routing\Route.php(215): Illuminate\Routing\Route->runController()
#11 C:\Users\hedra\Desktop\Sourcecode\NexusV2\Nexus-backend\vendor\laravel\framework\src\Illuminate\Routing\Router.php(822): Illuminate\Routing\Route->run()
#12 C:\Users\hedra\Desktop\Sourcecode\NexusV2\Nexus-backend\vendor\laravel\framework\src\Illuminate\Pipeline\Pipeline.php(180): Illuminate\Routing\Router->{closure:Illuminate\Routing\Router::runRouteWithinStack():821}(Object(Illuminate\Http\Request))
#13 C:\Users\hedra\Desktop\Sourcecode\NexusV2\Nexus-backend\vendor\laravel\framework\src\Illuminate\Routing\Middleware\SubstituteBindings.php(52): Illuminate\Pipeline\Pipeline->{closure:Illuminate\Pipeline\Pipeline::prepareDestination():178}(Object(Illuminate\Http\Request))
#14 C:\Users\hedra\Desktop\Sourcecode\NexusV2\Nexus-backend\vendor\laravel\framework\src\Illuminate\Pipeline\Pipeline.php(219): Illuminate\Routing\Middleware\SubstituteBindings->handle(Object(Illuminate\Http\Request), Object(Closure))
#15 C:\Users\hedra\Desktop\Sourcecode\NexusV2\Nexus-backend\vendor\laravel\framework\src\Illuminate\Auth\Middleware\Authenticate.php(63): Illuminate\Pipeline\Pipeline->{closure:{closure:Illuminate\Pipeline\Pipeline::carry():194}:195}(Object(Illuminate\Http\Request))
#16 C:\Users\hedra\Desktop\Sourcecode\NexusV2\Nexus-backend\vendor\laravel\framework\src\Illuminate\Pipeline\Pipeline.php(219): Illuminate\Auth\Middleware\Authenticate->handle(Object(Illuminate\Http\Request), Object(Closure), 'sanctum')
#17 C:\Users\hedra\Desktop\Sourcecode\NexusV2\Nexus-backend\vendor\laravel\framework\src\Illuminate\Pipeline\Pipeline.php(137): Illuminate\Pipeline\Pipeline->{closure:{closure:Illuminate\Pipeline\Pipeline::carry():194}:195}(Object(Illuminate\Http\Request))
#18 C:\Users\hedra\Desktop\Sourcecode\NexusV2\Nexus-backend\vendor\laravel\framework\src\Illuminate\Routing\Router.php(821): Illuminate\Pipeline\Pipeline->then(Object(Closure))
#19 C:\Users\hedra\Desktop\Sourcecode\NexusV2\Nexus-backend\vendor\laravel\framework\src\Illuminate\Routing\Router.php(800): Illuminate\Routing\Router->runRouteWithinStack(Object(Illuminate\Routing\Route), Object(Illuminate\Http\Request))
#20 C:\Users\hedra\Desktop\Sourcecode\NexusV2\Nexus-backend\vendor\laravel\framework\src\Illuminate\Routing\Router.php(764): Illuminate\Routing\Router->runRoute(Object(Illuminate\Http\Request), Object(Illuminate\Routing\Route))
#21 C:\Users\hedra\Desktop\Sourcecode\NexusV2\Nexus-backend\vendor\laravel\framework\src\Illuminate\Routing\Router.php(753): Illuminate\Routing\Router->dispatchToRoute(Object(Illuminate\Http\Request))
#22 C:\Users\hedra\Desktop\Sourcecode\NexusV2\Nexus-backend\vendor\laravel\framework\src\Illuminate\Foundation\Http\Kernel.php(200): Illuminate\Routing\Router->dispatch(Object(Illuminate\Http\Request))
#23 C:\Users\hedra\Desktop\Sourcecode\NexusV2\Nexus-backend\vendor\laravel\framework\src\Illuminate\Pipeline\Pipeline.php(180): Illuminate\Foundation\Http\Kernel->{closure:Illuminate\Foundation\Http\Kernel::dispatchToRouter():197}(Object(Illuminate\Http\Request))
#24 C:\Users\hedra\Desktop\Sourcecode\NexusV2\Nexus-backend\app\Http\Middleware\AutoLoginDevMiddleware.php(29): Illuminate\Pipeline\Pipeline->{closure:Illuminate\Pipeline\Pipeline::prepareDestination():178}(Object(Illuminate\Http\Request))
#25 C:\Users\hedra\Desktop\Sourcecode\NexusV2\Nexus-backend\vendor\laravel\framework\src\Illuminate\Pipeline\Pipeline.php(219): App\Http\Middleware\AutoLoginDevMiddleware->handle(Object(Illuminate\Http\Request), Object(Closure))
#26 C:\Users\hedra\Desktop\Sourcecode\NexusV2\Nexus-backend\vendor\laravel\framework\src\Illuminate\Foundation\Http\Middleware\TransformsRequest.php(21): Illuminate\Pipeline\Pipeline->{closure:{closure:Illuminate\Pipeline\Pipeline::carry():194}:195}(Object(Illuminate\Http\Request))
#27 C:\Users\hedra\Desktop\Sourcecode\NexusV2\Nexus-backend\vendor\laravel\framework\src\Illuminate\Foundation\Http\Middleware\ConvertEmptyStringsToNull.php(31): Illuminate\Foundation\Http\Middleware\TransformsRequest->handle(Object(Illuminate\Http\Request), Object(Closure))
#28 C:\Users\hedra\Desktop\Sourcecode\NexusV2\Nexus-backend\vendor\laravel\framework\src\Illuminate\Pipeline\Pipeline.php(219): Illuminate\Foundation\Http\Middleware\ConvertEmptyStringsToNull->handle(Object(Illuminate\Http\Request), Object(Closure))
#29 C:\Users\hedra\Desktop\Sourcecode\NexusV2\Nexus-backend\vendor\laravel\framework\src\Illuminate\Foundation\Http\Middleware\TransformsRequest.php(21): Illuminate\Pipeline\Pipeline->{closure:{closure:Illuminate\Pipeline\Pipeline::carry():194}:195}(Object(Illuminate\Http\Request))
#30 C:\Users\hedra\Desktop\Sourcecode\NexusV2\Nexus-backend\vendor\laravel\framework\src\Illuminate\Foundation\Http\Middleware\TrimStrings.php(51): Illuminate\Foundation\Http\Middleware\TransformsRequest->handle(Object(Illuminate\Http\Request), Object(Closure))
#31 C:\Users\hedra\Desktop\Sourcecode\NexusV2\Nexus-backend\vendor\laravel\framework\src\Illuminate\Pipeline\Pipeline.php(219): Illuminate\Foundation\Http\Middleware\TrimStrings->handle(Object(Illuminate\Http\Request), Object(Closure))
#32 C:\Users\hedra\Desktop\Sourcecode\NexusV2\Nexus-backend\vendor\laravel\framework\src\Illuminate\Http\Middleware\ValidatePostSize.php(27): Illuminate\Pipeline\Pipeline->{closure:{closure:Illuminate\Pipeline\Pipeline::carry():194}:195}(Object(Illuminate\Http\Request))
#33 C:\Users\hedra\Desktop\Sourcecode\NexusV2\Nexus-backend\vendor\laravel\framework\src\Illuminate\Pipeline\Pipeline.php(219): Illuminate\Http\Middleware\ValidatePostSize->handle(Object(Illuminate\Http\Request), Object(Closure))
#34 C:\Users\hedra\Desktop\Sourcecode\NexusV2\Nexus-backend\vendor\laravel\framework\src\Illuminate\Foundation\Http\Middleware\PreventRequestsDuringMaintenance.php(109): Illuminate\Pipeline\Pipeline->{closure:{closure:Illuminate\Pipeline\Pipeline::carry():194}:195}(Object(Illuminate\Http\Request))
#35 C:\Users\hedra\Desktop\Sourcecode\NexusV2\Nexus-backend\vendor\laravel\framework\src\Illuminate\Pipeline\Pipeline.php(219): Illuminate\Foundation\Http\Middleware\PreventRequestsDuringMaintenance->handle(Object(Illuminate\Http\Request), Object(Closure))
#36 C:\Users\hedra\Desktop\Sourcecode\NexusV2\Nexus-backend\vendor\laravel\framework\src\Illuminate\Http\Middleware\HandleCors.php(74): Illuminate\Pipeline\Pipeline->{closure:{closure:Illuminate\Pipeline\Pipeline::carry():194}:195}(Object(Illuminate\Http\Request))
#37 C:\Users\hedra\Desktop\Sourcecode\NexusV2\Nexus-backend\vendor\laravel\framework\src\Illuminate\Pipeline\Pipeline.php(219): Illuminate\Http\Middleware\HandleCors->handle(Object(Illuminate\Http\Request), Object(Closure))
#38 C:\Users\hedra\Desktop\Sourcecode\NexusV2\Nexus-backend\vendor\laravel\framework\src\Illuminate\Http\Middleware\TrustProxies.php(58): Illuminate\Pipeline\Pipeline->{closure:{closure:Illuminate\Pipeline\Pipeline::carry():194}:195}(Object(Illuminate\Http\Request))
#39 C:\Users\hedra\Desktop\Sourcecode\NexusV2\Nexus-backend\vendor\laravel\framework\src\Illuminate\Pipeline\Pipeline.php(219): Illuminate\Http\Middleware\TrustProxies->handle(Object(Illuminate\Http\Request), Object(Closure))
#40 C:\Users\hedra\Desktop\Sourcecode\NexusV2\Nexus-backend\vendor\laravel\framework\src\Illuminate\Foundation\Http\Middleware\InvokeDeferredCallbacks.php(22): Illuminate\Pipeline\Pipeline->{closure:{closure:Illuminate\Pipeline\Pipeline::carry():194}:195}(Object(Illuminate\Http\Request))
#41 C:\Users\hedra\Desktop\Sourcecode\NexusV2\Nexus-backend\vendor\laravel\framework\src\Illuminate\Pipeline\Pipeline.php(219): Illuminate\Foundation\Http\Middleware\InvokeDeferredCallbacks->handle(Object(Illuminate\Http\Request), Object(Closure))
#42 C:\Users\hedra\Desktop\Sourcecode\NexusV2\Nexus-backend\vendor\laravel\framework\src\Illuminate\Http\Middleware\ValidatePathEncoding.php(28): Illuminate\Pipeline\Pipeline->{closure:{closure:Illuminate\Pipeline\Pipeline::carry():194}:195}(Object(Illuminate\Http\Request))
#43 C:\Users\hedra\Desktop\Sourcecode\NexusV2\Nexus-backend\vendor\laravel\framework\src\Illuminate\Pipeline\Pipeline.php(219): Illuminate\Http\Middleware\ValidatePathEncoding->handle(Object(Illuminate\Http\Request), Object(Closure))
#44 C:\Users\hedra\Desktop\Sourcecode\NexusV2\Nexus-backend\vendor\laravel\framework\src\Illuminate\Pipeline\Pipeline.php(137): Illuminate\Pipeline\Pipeline->{closure:{closure:Illuminate\Pipeline\Pipeline::carry():194}:195}(Object(Illuminate\Http\Request))
#45 C:\Users\hedra\Desktop\Sourcecode\NexusV2\Nexus-backend\vendor\laravel\framework\src\Illuminate\Foundation\Http\Kernel.php(175): Illuminate\Pipeline\Pipeline->then(Object(Closure))
#46 C:\Users\hedra\Desktop\Sourcecode\NexusV2\Nexus-backend\vendor\laravel\framework\src\Illuminate\Foundation\Http\Kernel.php(144): Illuminate\Foundation\Http\Kernel->sendRequestThroughRouter(Object(Illuminate\Http\Request))
#47 C:\Users\hedra\Desktop\Sourcecode\NexusV2\Nexus-backend\vendor\laravel\framework\src\Illuminate\Foundation\Testing\Concerns\MakesHttpRequests.php(607): Illuminate\Foundation\Http\Kernel->handle(Object(Illuminate\Http\Request))
#48 C:\Users\hedra\Desktop\Sourcecode\NexusV2\Nexus-backend\vendor\laravel\framework\src\Illuminate\Foundation\Testing\Concerns\MakesHttpRequests.php(573): Illuminate\Foundation\Testing\TestCase->call('GET', '/api/v1/setting...', Array, Array, Array, Array, '[]')
#49 C:\Users\hedra\Desktop\Sourcecode\NexusV2\Nexus-backend\vendor\laravel\framework\src\Illuminate\Foundation\Testing\Concerns\MakesHttpRequests.php(381): Illuminate\Foundation\Testing\TestCase->json('GET', '/api/v1/setting...', Array, Array, 0)
#50 C:\Users\hedra\Desktop\Sourcecode\NexusV2\Nexus-backend\tests\Feature\Http\Controllers\CredentialValidationEndpointTest.php(55): Illuminate\Foundation\Testing\TestCase->getJson('/api/v1/setting...')
#51 C:\Users\hedra\Desktop\Sourcecode\NexusV2\Nexus-backend\vendor\phpunit\phpunit\src\Framework\TestCase.php(1667): Tests\Feature\Http\Controllers\CredentialValidationEndpointTest->test_validate_all_credentials_endpoint()
#52 C:\Users\hedra\Desktop\Sourcecode\NexusV2\Nexus-backend\vendor\phpunit\phpunit\src\Framework\TestCase.php(519): PHPUnit\Framework\TestCase->runTest()
#53 C:\Users\hedra\Desktop\Sourcecode\NexusV2\Nexus-backend\vendor\phpunit\phpunit\src\Framework\TestRunner\TestRunner.php(87): PHPUnit\Framework\TestCase->runBare()
#54 C:\Users\hedra\Desktop\Sourcecode\NexusV2\Nexus-backend\vendor\phpunit\phpunit\src\Framework\TestCase.php(365): PHPUnit\Framework\TestRunner->run(Object(Tests\Feature\Http\Controllers\CredentialValidationEndpointTest))
#55 C:\Users\hedra\Desktop\Sourcecode\NexusV2\Nexus-backend\vendor\phpunit\phpunit\src\Framework\TestSuite.php(369): PHPUnit\Framework\TestCase->run()
#56 C:\Users\hedra\Desktop\Sourcecode\NexusV2\Nexus-backend\vendor\phpunit\phpunit\src\Framework\TestSuite.php(369): PHPUnit\Framework\TestSuite->run()
#57 C:\Users\hedra\Desktop\Sourcecode\NexusV2\Nexus-backend\vendor\phpunit\phpunit\src\Framework\TestSuite.php(369): PHPUnit\Framework\TestSuite->run()
#58 C:\Users\hedra\Desktop\Sourcecode\NexusV2\Nexus-backend\vendor\phpunit\phpunit\src\TextUI\TestRunner.php(64): PHPUnit\Framework\TestSuite->run()
#59 C:\Users\hedra\Desktop\Sourcecode\NexusV2\Nexus-backend\vendor\phpunit\phpunit\src\TextUI\Application.php(211): PHPUnit\TextUI\TestRunner->run(Object(PHPUnit\TextUI\Configuration\Configuration), Object(PHPUnit\Runner\ResultCache\DefaultResultCache), Object(PHPUnit\Framework\TestSuite))
#60 C:\Users\hedra\Desktop\Sourcecode\NexusV2\Nexus-backend\vendor\phpunit\phpunit\phpunit(104): PHPUnit\TextUI\Application->run(Array)
#61 C:\Users\hedra\Desktop\Sourcecode\NexusV2\Nexus-backend\vendor\bin\phpunit(122): include('C:\\Users\\hedra\\...')
#62 {main}

----------------------------------------------------------------------------------

App\Policies\SettingPolicy::create(): Return value must be of type bool, null returned

C:\Users\hedra\Desktop\Sourcecode\NexusV2\Nexus-backend\vendor\laravel\framework\src\Illuminate\Testing\TestResponseAssert.php:45
C:\Users\hedra\Desktop\Sourcecode\NexusV2\Nexus-backend\vendor\laravel\framework\src\Illuminate\Testing\TestResponse.php:176
C:\Users\hedra\Desktop\Sourcecode\NexusV2\Nexus-backend\tests\Feature\Http\Controllers\CredentialValidationEndpointTest.php:57

70) Tests\Feature\Http\Controllers\CredentialValidationEndpointTest::test_health_status_endpoint
Expected response status code [200] but received 500.
Failed asserting that 500 is identical to 200.

The following exception occurred during the last request:

TypeError: App\Policies\SettingPolicy::create(): Return value must be of type bool, null returned in C:\Users\hedra\Desktop\Sourcecode\NexusV2\Nexus-backend\app\Policies\SettingPolicy.php:37
Stack trace:
#0 C:\Users\hedra\Desktop\Sourcecode\NexusV2\Nexus-backend\vendor\laravel\framework\src\Illuminate\Auth\Access\Gate.php(844): App\Policies\SettingPolicy->create(Object(App\Models\User))
#1 C:\Users\hedra\Desktop\Sourcecode\NexusV2\Nexus-backend\vendor\laravel\framework\src\Illuminate\Auth\Access\Gate.php(797): Illuminate\Auth\Access\Gate->callPolicyMethod(Object(App\Policies\SettingPolicy), 'create', Object(App\Models\User), Array)
#2 C:\Users\hedra\Desktop\Sourcecode\NexusV2\Nexus-backend\vendor\laravel\framework\src\Illuminate\Auth\Access\Gate.php(553): Illuminate\Auth\Access\Gate->{closure:Illuminate\Auth\Access\Gate::resolvePolicyCallback():780}(Object(App\Models\User), 'App\\Models\\Sett...')
#3 C:\Users\hedra\Desktop\Sourcecode\NexusV2\Nexus-backend\vendor\laravel\framework\src\Illuminate\Auth\Access\Gate.php(448): Illuminate\Auth\Access\Gate->callAuthCallback(Object(App\Models\User), 'create', Array)
#4 C:\Users\hedra\Desktop\Sourcecode\NexusV2\Nexus-backend\vendor\laravel\framework\src\Illuminate\Auth\Access\Gate.php(411): Illuminate\Auth\Access\Gate->raw('create', Array)
#5 C:\Users\hedra\Desktop\Sourcecode\NexusV2\Nexus-backend\vendor\laravel\framework\src\Illuminate\Auth\Access\Gate.php(398): Illuminate\Auth\Access\Gate->inspect('create', 'App\\Models\\Sett...')
#6 C:\Users\hedra\Desktop\Sourcecode\NexusV2\Nexus-backend\vendor\laravel\framework\src\Illuminate\Foundation\Auth\Access\AuthorizesRequests.php(25): Illuminate\Auth\Access\Gate->authorize('create', 'App\\Models\\Sett...')
#7 C:\Users\hedra\Desktop\Sourcecode\NexusV2\Nexus-backend\app\Http\Controllers\SettingController.php(478): App\Http\Controllers\Controller->authorize('create', 'App\\Models\\Sett...')
#8 C:\Users\hedra\Desktop\Sourcecode\NexusV2\Nexus-backend\vendor\laravel\framework\src\Illuminate\Routing\ControllerDispatcher.php(46): App\Http\Controllers\SettingController->healthStatus(Object(Illuminate\Http\Request))
#9 C:\Users\hedra\Desktop\Sourcecode\NexusV2\Nexus-backend\vendor\laravel\framework\src\Illuminate\Routing\Route.php(275): Illuminate\Routing\ControllerDispatcher->dispatch(Object(Illuminate\Routing\Route), Object(App\Http\Controllers\SettingController), 'healthStatus')
#10 C:\Users\hedra\Desktop\Sourcecode\NexusV2\Nexus-backend\vendor\laravel\framework\src\Illuminate\Routing\Route.php(215): Illuminate\Routing\Route->runController()
#11 C:\Users\hedra\Desktop\Sourcecode\NexusV2\Nexus-backend\vendor\laravel\framework\src\Illuminate\Routing\Router.php(822): Illuminate\Routing\Route->run()
#12 C:\Users\hedra\Desktop\Sourcecode\NexusV2\Nexus-backend\vendor\laravel\framework\src\Illuminate\Pipeline\Pipeline.php(180): Illuminate\Routing\Router->{closure:Illuminate\Routing\Router::runRouteWithinStack():821}(Object(Illuminate\Http\Request))
#13 C:\Users\hedra\Desktop\Sourcecode\NexusV2\Nexus-backend\vendor\laravel\framework\src\Illuminate\Routing\Middleware\SubstituteBindings.php(52): Illuminate\Pipeline\Pipeline->{closure:Illuminate\Pipeline\Pipeline::prepareDestination():178}(Object(Illuminate\Http\Request))
#14 C:\Users\hedra\Desktop\Sourcecode\NexusV2\Nexus-backend\vendor\laravel\framework\src\Illuminate\Pipeline\Pipeline.php(219): Illuminate\Routing\Middleware\SubstituteBindings->handle(Object(Illuminate\Http\Request), Object(Closure))
#15 C:\Users\hedra\Desktop\Sourcecode\NexusV2\Nexus-backend\vendor\laravel\framework\src\Illuminate\Auth\Middleware\Authenticate.php(63): Illuminate\Pipeline\Pipeline->{closure:{closure:Illuminate\Pipeline\Pipeline::carry():194}:195}(Object(Illuminate\Http\Request))
#16 C:\Users\hedra\Desktop\Sourcecode\NexusV2\Nexus-backend\vendor\laravel\framework\src\Illuminate\Pipeline\Pipeline.php(219): Illuminate\Auth\Middleware\Authenticate->handle(Object(Illuminate\Http\Request), Object(Closure), 'sanctum')
#17 C:\Users\hedra\Desktop\Sourcecode\NexusV2\Nexus-backend\vendor\laravel\framework\src\Illuminate\Pipeline\Pipeline.php(137): Illuminate\Pipeline\Pipeline->{closure:{closure:Illuminate\Pipeline\Pipeline::carry():194}:195}(Object(Illuminate\Http\Request))
#18 C:\Users\hedra\Desktop\Sourcecode\NexusV2\Nexus-backend\vendor\laravel\framework\src\Illuminate\Routing\Router.php(821): Illuminate\Pipeline\Pipeline->then(Object(Closure))
#19 C:\Users\hedra\Desktop\Sourcecode\NexusV2\Nexus-backend\vendor\laravel\framework\src\Illuminate\Routing\Router.php(800): Illuminate\Routing\Router->runRouteWithinStack(Object(Illuminate\Routing\Route), Object(Illuminate\Http\Request))
#20 C:\Users\hedra\Desktop\Sourcecode\NexusV2\Nexus-backend\vendor\laravel\framework\src\Illuminate\Routing\Router.php(764): Illuminate\Routing\Router->runRoute(Object(Illuminate\Http\Request), Object(Illuminate\Routing\Route))
#21 C:\Users\hedra\Desktop\Sourcecode\NexusV2\Nexus-backend\vendor\laravel\framework\src\Illuminate\Routing\Router.php(753): Illuminate\Routing\Router->dispatchToRoute(Object(Illuminate\Http\Request))
#22 C:\Users\hedra\Desktop\Sourcecode\NexusV2\Nexus-backend\vendor\laravel\framework\src\Illuminate\Foundation\Http\Kernel.php(200): Illuminate\Routing\Router->dispatch(Object(Illuminate\Http\Request))
#23 C:\Users\hedra\Desktop\Sourcecode\NexusV2\Nexus-backend\vendor\laravel\framework\src\Illuminate\Pipeline\Pipeline.php(180): Illuminate\Foundation\Http\Kernel->{closure:Illuminate\Foundation\Http\Kernel::dispatchToRouter():197}(Object(Illuminate\Http\Request))
#24 C:\Users\hedra\Desktop\Sourcecode\NexusV2\Nexus-backend\app\Http\Middleware\AutoLoginDevMiddleware.php(29): Illuminate\Pipeline\Pipeline->{closure:Illuminate\Pipeline\Pipeline::prepareDestination():178}(Object(Illuminate\Http\Request))
#25 C:\Users\hedra\Desktop\Sourcecode\NexusV2\Nexus-backend\vendor\laravel\framework\src\Illuminate\Pipeline\Pipeline.php(219): App\Http\Middleware\AutoLoginDevMiddleware->handle(Object(Illuminate\Http\Request), Object(Closure))
#26 C:\Users\hedra\Desktop\Sourcecode\NexusV2\Nexus-backend\vendor\laravel\framework\src\Illuminate\Foundation\Http\Middleware\TransformsRequest.php(21): Illuminate\Pipeline\Pipeline->{closure:{closure:Illuminate\Pipeline\Pipeline::carry():194}:195}(Object(Illuminate\Http\Request))
#27 C:\Users\hedra\Desktop\Sourcecode\NexusV2\Nexus-backend\vendor\laravel\framework\src\Illuminate\Foundation\Http\Middleware\ConvertEmptyStringsToNull.php(31): Illuminate\Foundation\Http\Middleware\TransformsRequest->handle(Object(Illuminate\Http\Request), Object(Closure))
#28 C:\Users\hedra\Desktop\Sourcecode\NexusV2\Nexus-backend\vendor\laravel\framework\src\Illuminate\Pipeline\Pipeline.php(219): Illuminate\Foundation\Http\Middleware\ConvertEmptyStringsToNull->handle(Object(Illuminate\Http\Request), Object(Closure))
#29 C:\Users\hedra\Desktop\Sourcecode\NexusV2\Nexus-backend\vendor\laravel\framework\src\Illuminate\Foundation\Http\Middleware\TransformsRequest.php(21): Illuminate\Pipeline\Pipeline->{closure:{closure:Illuminate\Pipeline\Pipeline::carry():194}:195}(Object(Illuminate\Http\Request))
#30 C:\Users\hedra\Desktop\Sourcecode\NexusV2\Nexus-backend\vendor\laravel\framework\src\Illuminate\Foundation\Http\Middleware\TrimStrings.php(51): Illuminate\Foundation\Http\Middleware\TransformsRequest->handle(Object(Illuminate\Http\Request), Object(Closure))
#31 C:\Users\hedra\Desktop\Sourcecode\NexusV2\Nexus-backend\vendor\laravel\framework\src\Illuminate\Pipeline\Pipeline.php(219): Illuminate\Foundation\Http\Middleware\TrimStrings->handle(Object(Illuminate\Http\Request), Object(Closure))
#32 C:\Users\hedra\Desktop\Sourcecode\NexusV2\Nexus-backend\vendor\laravel\framework\src\Illuminate\Http\Middleware\ValidatePostSize.php(27): Illuminate\Pipeline\Pipeline->{closure:{closure:Illuminate\Pipeline\Pipeline::carry():194}:195}(Object(Illuminate\Http\Request))
#33 C:\Users\hedra\Desktop\Sourcecode\NexusV2\Nexus-backend\vendor\laravel\framework\src\Illuminate\Pipeline\Pipeline.php(219): Illuminate\Http\Middleware\ValidatePostSize->handle(Object(Illuminate\Http\Request), Object(Closure))
#34 C:\Users\hedra\Desktop\Sourcecode\NexusV2\Nexus-backend\vendor\laravel\framework\src\Illuminate\Foundation\Http\Middleware\PreventRequestsDuringMaintenance.php(109): Illuminate\Pipeline\Pipeline->{closure:{closure:Illuminate\Pipeline\Pipeline::carry():194}:195}(Object(Illuminate\Http\Request))
#35 C:\Users\hedra\Desktop\Sourcecode\NexusV2\Nexus-backend\vendor\laravel\framework\src\Illuminate\Pipeline\Pipeline.php(219): Illuminate\Foundation\Http\Middleware\PreventRequestsDuringMaintenance->handle(Object(Illuminate\Http\Request), Object(Closure))
#36 C:\Users\hedra\Desktop\Sourcecode\NexusV2\Nexus-backend\vendor\laravel\framework\src\Illuminate\Http\Middleware\HandleCors.php(74): Illuminate\Pipeline\Pipeline->{closure:{closure:Illuminate\Pipeline\Pipeline::carry():194}:195}(Object(Illuminate\Http\Request))
#37 C:\Users\hedra\Desktop\Sourcecode\NexusV2\Nexus-backend\vendor\laravel\framework\src\Illuminate\Pipeline\Pipeline.php(219): Illuminate\Http\Middleware\HandleCors->handle(Object(Illuminate\Http\Request), Object(Closure))
#38 C:\Users\hedra\Desktop\Sourcecode\NexusV2\Nexus-backend\vendor\laravel\framework\src\Illuminate\Http\Middleware\TrustProxies.php(58): Illuminate\Pipeline\Pipeline->{closure:{closure:Illuminate\Pipeline\Pipeline::carry():194}:195}(Object(Illuminate\Http\Request))
#39 C:\Users\hedra\Desktop\Sourcecode\NexusV2\Nexus-backend\vendor\laravel\framework\src\Illuminate\Pipeline\Pipeline.php(219): Illuminate\Http\Middleware\TrustProxies->handle(Object(Illuminate\Http\Request), Object(Closure))
#40 C:\Users\hedra\Desktop\Sourcecode\NexusV2\Nexus-backend\vendor\laravel\framework\src\Illuminate\Foundation\Http\Middleware\InvokeDeferredCallbacks.php(22): Illuminate\Pipeline\Pipeline->{closure:{closure:Illuminate\Pipeline\Pipeline::carry():194}:195}(Object(Illuminate\Http\Request))
#41 C:\Users\hedra\Desktop\Sourcecode\NexusV2\Nexus-backend\vendor\laravel\framework\src\Illuminate\Pipeline\Pipeline.php(219): Illuminate\Foundation\Http\Middleware\InvokeDeferredCallbacks->handle(Object(Illuminate\Http\Request), Object(Closure))
#42 C:\Users\hedra\Desktop\Sourcecode\NexusV2\Nexus-backend\vendor\laravel\framework\src\Illuminate\Http\Middleware\ValidatePathEncoding.php(28): Illuminate\Pipeline\Pipeline->{closure:{closure:Illuminate\Pipeline\Pipeline::carry():194}:195}(Object(Illuminate\Http\Request))
#43 C:\Users\hedra\Desktop\Sourcecode\NexusV2\Nexus-backend\vendor\laravel\framework\src\Illuminate\Pipeline\Pipeline.php(219): Illuminate\Http\Middleware\ValidatePathEncoding->handle(Object(Illuminate\Http\Request), Object(Closure))
#44 C:\Users\hedra\Desktop\Sourcecode\NexusV2\Nexus-backend\vendor\laravel\framework\src\Illuminate\Pipeline\Pipeline.php(137): Illuminate\Pipeline\Pipeline->{closure:{closure:Illuminate\Pipeline\Pipeline::carry():194}:195}(Object(Illuminate\Http\Request))
#45 C:\Users\hedra\Desktop\Sourcecode\NexusV2\Nexus-backend\vendor\laravel\framework\src\Illuminate\Foundation\Http\Kernel.php(175): Illuminate\Pipeline\Pipeline->then(Object(Closure))
#46 C:\Users\hedra\Desktop\Sourcecode\NexusV2\Nexus-backend\vendor\laravel\framework\src\Illuminate\Foundation\Http\Kernel.php(144): Illuminate\Foundation\Http\Kernel->sendRequestThroughRouter(Object(Illuminate\Http\Request))
#47 C:\Users\hedra\Desktop\Sourcecode\NexusV2\Nexus-backend\vendor\laravel\framework\src\Illuminate\Foundation\Testing\Concerns\MakesHttpRequests.php(607): Illuminate\Foundation\Http\Kernel->handle(Object(Illuminate\Http\Request))
#48 C:\Users\hedra\Desktop\Sourcecode\NexusV2\Nexus-backend\vendor\laravel\framework\src\Illuminate\Foundation\Testing\Concerns\MakesHttpRequests.php(573): Illuminate\Foundation\Testing\TestCase->call('GET', '/api/v1/setting...', Array, Array, Array, Array, '[]')
#49 C:\Users\hedra\Desktop\Sourcecode\NexusV2\Nexus-backend\vendor\laravel\framework\src\Illuminate\Foundation\Testing\Concerns\MakesHttpRequests.php(381): Illuminate\Foundation\Testing\TestCase->json('GET', '/api/v1/setting...', Array, Array, 0)
#50 C:\Users\hedra\Desktop\Sourcecode\NexusV2\Nexus-backend\tests\Feature\Http\Controllers\CredentialValidationEndpointTest.php(72): Illuminate\Foundation\Testing\TestCase->getJson('/api/v1/setting...')
#51 C:\Users\hedra\Desktop\Sourcecode\NexusV2\Nexus-backend\vendor\phpunit\phpunit\src\Framework\TestCase.php(1667): Tests\Feature\Http\Controllers\CredentialValidationEndpointTest->test_health_status_endpoint()
#52 C:\Users\hedra\Desktop\Sourcecode\NexusV2\Nexus-backend\vendor\phpunit\phpunit\src\Framework\TestCase.php(519): PHPUnit\Framework\TestCase->runTest()
#53 C:\Users\hedra\Desktop\Sourcecode\NexusV2\Nexus-backend\vendor\phpunit\phpunit\src\Framework\TestRunner\TestRunner.php(87): PHPUnit\Framework\TestCase->runBare()
#54 C:\Users\hedra\Desktop\Sourcecode\NexusV2\Nexus-backend\vendor\phpunit\phpunit\src\Framework\TestCase.php(365): PHPUnit\Framework\TestRunner->run(Object(Tests\Feature\Http\Controllers\CredentialValidationEndpointTest))
#55 C:\Users\hedra\Desktop\Sourcecode\NexusV2\Nexus-backend\vendor\phpunit\phpunit\src\Framework\TestSuite.php(369): PHPUnit\Framework\TestCase->run()
#56 C:\Users\hedra\Desktop\Sourcecode\NexusV2\Nexus-backend\vendor\phpunit\phpunit\src\Framework\TestSuite.php(369): PHPUnit\Framework\TestSuite->run()
#57 C:\Users\hedra\Desktop\Sourcecode\NexusV2\Nexus-backend\vendor\phpunit\phpunit\src\Framework\TestSuite.php(369): PHPUnit\Framework\TestSuite->run()
#58 C:\Users\hedra\Desktop\Sourcecode\NexusV2\Nexus-backend\vendor\phpunit\phpunit\src\TextUI\TestRunner.php(64): PHPUnit\Framework\TestSuite->run()
#59 C:\Users\hedra\Desktop\Sourcecode\NexusV2\Nexus-backend\vendor\phpunit\phpunit\src\TextUI\Application.php(211): PHPUnit\TextUI\TestRunner->run(Object(PHPUnit\TextUI\Configuration\Configuration), Object(PHPUnit\Runner\ResultCache\DefaultResultCache), Object(PHPUnit\Framework\TestSuite))
#60 C:\Users\hedra\Desktop\Sourcecode\NexusV2\Nexus-backend\vendor\phpunit\phpunit\phpunit(104): PHPUnit\TextUI\Application->run(Array)
#61 C:\Users\hedra\Desktop\Sourcecode\NexusV2\Nexus-backend\vendor\bin\phpunit(122): include('C:\\Users\\hedra\\...')
#62 {main}

----------------------------------------------------------------------------------

App\Policies\SettingPolicy::create(): Return value must be of type bool, null returned

C:\Users\hedra\Desktop\Sourcecode\NexusV2\Nexus-backend\vendor\laravel\framework\src\Illuminate\Testing\TestResponseAssert.php:45
C:\Users\hedra\Desktop\Sourcecode\NexusV2\Nexus-backend\vendor\laravel\framework\src\Illuminate\Testing\TestResponse.php:176
C:\Users\hedra\Desktop\Sourcecode\NexusV2\Nexus-backend\tests\Feature\Http\Controllers\CredentialValidationEndpointTest.php:74

71) Tests\Feature\Http\Controllers\CredentialValidationEndpointTest::test_validate_credential_with_inline_data
Expected response status code [200] but received 500.
Failed asserting that 500 is identical to 200.

The following exception occurred during the last request:

TypeError: App\Policies\SettingPolicy::create(): Return value must be of type bool, null returned in C:\Users\hedra\Desktop\Sourcecode\NexusV2\Nexus-backend\app\Policies\SettingPolicy.php:37
Stack trace:
#0 C:\Users\hedra\Desktop\Sourcecode\NexusV2\Nexus-backend\vendor\laravel\framework\src\Illuminate\Auth\Access\Gate.php(844): App\Policies\SettingPolicy->create(Object(App\Models\User))
#1 C:\Users\hedra\Desktop\Sourcecode\NexusV2\Nexus-backend\vendor\laravel\framework\src\Illuminate\Auth\Access\Gate.php(797): Illuminate\Auth\Access\Gate->callPolicyMethod(Object(App\Policies\SettingPolicy), 'create', Object(App\Models\User), Array)
#2 C:\Users\hedra\Desktop\Sourcecode\NexusV2\Nexus-backend\vendor\laravel\framework\src\Illuminate\Auth\Access\Gate.php(553): Illuminate\Auth\Access\Gate->{closure:Illuminate\Auth\Access\Gate::resolvePolicyCallback():780}(Object(App\Models\User), 'App\\Models\\Sett...')
#3 C:\Users\hedra\Desktop\Sourcecode\NexusV2\Nexus-backend\vendor\laravel\framework\src\Illuminate\Auth\Access\Gate.php(448): Illuminate\Auth\Access\Gate->callAuthCallback(Object(App\Models\User), 'create', Array)
#4 C:\Users\hedra\Desktop\Sourcecode\NexusV2\Nexus-backend\vendor\laravel\framework\src\Illuminate\Auth\Access\Gate.php(411): Illuminate\Auth\Access\Gate->raw('create', Array)
#5 C:\Users\hedra\Desktop\Sourcecode\NexusV2\Nexus-backend\vendor\laravel\framework\src\Illuminate\Auth\Access\Gate.php(398): Illuminate\Auth\Access\Gate->inspect('create', 'App\\Models\\Sett...')
#6 C:\Users\hedra\Desktop\Sourcecode\NexusV2\Nexus-backend\vendor\laravel\framework\src\Illuminate\Foundation\Auth\Access\AuthorizesRequests.php(25): Illuminate\Auth\Access\Gate->authorize('create', 'App\\Models\\Sett...')
#7 C:\Users\hedra\Desktop\Sourcecode\NexusV2\Nexus-backend\app\Http\Controllers\SettingController.php(415): App\Http\Controllers\Controller->authorize('create', 'App\\Models\\Sett...')
#8 C:\Users\hedra\Desktop\Sourcecode\NexusV2\Nexus-backend\vendor\laravel\framework\src\Illuminate\Routing\ControllerDispatcher.php(46): App\Http\Controllers\SettingController->validateCredential(Object(Illuminate\Http\Request))
#9 C:\Users\hedra\Desktop\Sourcecode\NexusV2\Nexus-backend\vendor\laravel\framework\src\Illuminate\Routing\Route.php(275): Illuminate\Routing\ControllerDispatcher->dispatch(Object(Illuminate\Routing\Route), Object(App\Http\Controllers\SettingController), 'validateCredent...')
#10 C:\Users\hedra\Desktop\Sourcecode\NexusV2\Nexus-backend\vendor\laravel\framework\src\Illuminate\Routing\Route.php(215): Illuminate\Routing\Route->runController()
#11 C:\Users\hedra\Desktop\Sourcecode\NexusV2\Nexus-backend\vendor\laravel\framework\src\Illuminate\Routing\Router.php(822): Illuminate\Routing\Route->run()
#12 C:\Users\hedra\Desktop\Sourcecode\NexusV2\Nexus-backend\vendor\laravel\framework\src\Illuminate\Pipeline\Pipeline.php(180): Illuminate\Routing\Router->{closure:Illuminate\Routing\Router::runRouteWithinStack():821}(Object(Illuminate\Http\Request))
#13 C:\Users\hedra\Desktop\Sourcecode\NexusV2\Nexus-backend\vendor\laravel\framework\src\Illuminate\Routing\Middleware\SubstituteBindings.php(52): Illuminate\Pipeline\Pipeline->{closure:Illuminate\Pipeline\Pipeline::prepareDestination():178}(Object(Illuminate\Http\Request))
#14 C:\Users\hedra\Desktop\Sourcecode\NexusV2\Nexus-backend\vendor\laravel\framework\src\Illuminate\Pipeline\Pipeline.php(219): Illuminate\Routing\Middleware\SubstituteBindings->handle(Object(Illuminate\Http\Request), Object(Closure))
#15 C:\Users\hedra\Desktop\Sourcecode\NexusV2\Nexus-backend\vendor\laravel\framework\src\Illuminate\Auth\Middleware\Authenticate.php(63): Illuminate\Pipeline\Pipeline->{closure:{closure:Illuminate\Pipeline\Pipeline::carry():194}:195}(Object(Illuminate\Http\Request))
#16 C:\Users\hedra\Desktop\Sourcecode\NexusV2\Nexus-backend\vendor\laravel\framework\src\Illuminate\Pipeline\Pipeline.php(219): Illuminate\Auth\Middleware\Authenticate->handle(Object(Illuminate\Http\Request), Object(Closure), 'sanctum')
#17 C:\Users\hedra\Desktop\Sourcecode\NexusV2\Nexus-backend\vendor\laravel\framework\src\Illuminate\Pipeline\Pipeline.php(137): Illuminate\Pipeline\Pipeline->{closure:{closure:Illuminate\Pipeline\Pipeline::carry():194}:195}(Object(Illuminate\Http\Request))
#18 C:\Users\hedra\Desktop\Sourcecode\NexusV2\Nexus-backend\vendor\laravel\framework\src\Illuminate\Routing\Router.php(821): Illuminate\Pipeline\Pipeline->then(Object(Closure))
#19 C:\Users\hedra\Desktop\Sourcecode\NexusV2\Nexus-backend\vendor\laravel\framework\src\Illuminate\Routing\Router.php(800): Illuminate\Routing\Router->runRouteWithinStack(Object(Illuminate\Routing\Route), Object(Illuminate\Http\Request))
#20 C:\Users\hedra\Desktop\Sourcecode\NexusV2\Nexus-backend\vendor\laravel\framework\src\Illuminate\Routing\Router.php(764): Illuminate\Routing\Router->runRoute(Object(Illuminate\Http\Request), Object(Illuminate\Routing\Route))
#21 C:\Users\hedra\Desktop\Sourcecode\NexusV2\Nexus-backend\vendor\laravel\framework\src\Illuminate\Routing\Router.php(753): Illuminate\Routing\Router->dispatchToRoute(Object(Illuminate\Http\Request))
#22 C:\Users\hedra\Desktop\Sourcecode\NexusV2\Nexus-backend\vendor\laravel\framework\src\Illuminate\Foundation\Http\Kernel.php(200): Illuminate\Routing\Router->dispatch(Object(Illuminate\Http\Request))
#23 C:\Users\hedra\Desktop\Sourcecode\NexusV2\Nexus-backend\vendor\laravel\framework\src\Illuminate\Pipeline\Pipeline.php(180): Illuminate\Foundation\Http\Kernel->{closure:Illuminate\Foundation\Http\Kernel::dispatchToRouter():197}(Object(Illuminate\Http\Request))
#24 C:\Users\hedra\Desktop\Sourcecode\NexusV2\Nexus-backend\app\Http\Middleware\AutoLoginDevMiddleware.php(29): Illuminate\Pipeline\Pipeline->{closure:Illuminate\Pipeline\Pipeline::prepareDestination():178}(Object(Illuminate\Http\Request))
#25 C:\Users\hedra\Desktop\Sourcecode\NexusV2\Nexus-backend\vendor\laravel\framework\src\Illuminate\Pipeline\Pipeline.php(219): App\Http\Middleware\AutoLoginDevMiddleware->handle(Object(Illuminate\Http\Request), Object(Closure))
#26 C:\Users\hedra\Desktop\Sourcecode\NexusV2\Nexus-backend\vendor\laravel\framework\src\Illuminate\Foundation\Http\Middleware\TransformsRequest.php(21): Illuminate\Pipeline\Pipeline->{closure:{closure:Illuminate\Pipeline\Pipeline::carry():194}:195}(Object(Illuminate\Http\Request))
#27 C:\Users\hedra\Desktop\Sourcecode\NexusV2\Nexus-backend\vendor\laravel\framework\src\Illuminate\Foundation\Http\Middleware\ConvertEmptyStringsToNull.php(31): Illuminate\Foundation\Http\Middleware\TransformsRequest->handle(Object(Illuminate\Http\Request), Object(Closure))
#28 C:\Users\hedra\Desktop\Sourcecode\NexusV2\Nexus-backend\vendor\laravel\framework\src\Illuminate\Pipeline\Pipeline.php(219): Illuminate\Foundation\Http\Middleware\ConvertEmptyStringsToNull->handle(Object(Illuminate\Http\Request), Object(Closure))
#29 C:\Users\hedra\Desktop\Sourcecode\NexusV2\Nexus-backend\vendor\laravel\framework\src\Illuminate\Foundation\Http\Middleware\TransformsRequest.php(21): Illuminate\Pipeline\Pipeline->{closure:{closure:Illuminate\Pipeline\Pipeline::carry():194}:195}(Object(Illuminate\Http\Request))
#30 C:\Users\hedra\Desktop\Sourcecode\NexusV2\Nexus-backend\vendor\laravel\framework\src\Illuminate\Foundation\Http\Middleware\TrimStrings.php(51): Illuminate\Foundation\Http\Middleware\TransformsRequest->handle(Object(Illuminate\Http\Request), Object(Closure))
#31 C:\Users\hedra\Desktop\Sourcecode\NexusV2\Nexus-backend\vendor\laravel\framework\src\Illuminate\Pipeline\Pipeline.php(219): Illuminate\Foundation\Http\Middleware\TrimStrings->handle(Object(Illuminate\Http\Request), Object(Closure))
#32 C:\Users\hedra\Desktop\Sourcecode\NexusV2\Nexus-backend\vendor\laravel\framework\src\Illuminate\Http\Middleware\ValidatePostSize.php(27): Illuminate\Pipeline\Pipeline->{closure:{closure:Illuminate\Pipeline\Pipeline::carry():194}:195}(Object(Illuminate\Http\Request))
#33 C:\Users\hedra\Desktop\Sourcecode\NexusV2\Nexus-backend\vendor\laravel\framework\src\Illuminate\Pipeline\Pipeline.php(219): Illuminate\Http\Middleware\ValidatePostSize->handle(Object(Illuminate\Http\Request), Object(Closure))
#34 C:\Users\hedra\Desktop\Sourcecode\NexusV2\Nexus-backend\vendor\laravel\framework\src\Illuminate\Foundation\Http\Middleware\PreventRequestsDuringMaintenance.php(109): Illuminate\Pipeline\Pipeline->{closure:{closure:Illuminate\Pipeline\Pipeline::carry():194}:195}(Object(Illuminate\Http\Request))
#35 C:\Users\hedra\Desktop\Sourcecode\NexusV2\Nexus-backend\vendor\laravel\framework\src\Illuminate\Pipeline\Pipeline.php(219): Illuminate\Foundation\Http\Middleware\PreventRequestsDuringMaintenance->handle(Object(Illuminate\Http\Request), Object(Closure))
#36 C:\Users\hedra\Desktop\Sourcecode\NexusV2\Nexus-backend\vendor\laravel\framework\src\Illuminate\Http\Middleware\HandleCors.php(74): Illuminate\Pipeline\Pipeline->{closure:{closure:Illuminate\Pipeline\Pipeline::carry():194}:195}(Object(Illuminate\Http\Request))
#37 C:\Users\hedra\Desktop\Sourcecode\NexusV2\Nexus-backend\vendor\laravel\framework\src\Illuminate\Pipeline\Pipeline.php(219): Illuminate\Http\Middleware\HandleCors->handle(Object(Illuminate\Http\Request), Object(Closure))
#38 C:\Users\hedra\Desktop\Sourcecode\NexusV2\Nexus-backend\vendor\laravel\framework\src\Illuminate\Http\Middleware\TrustProxies.php(58): Illuminate\Pipeline\Pipeline->{closure:{closure:Illuminate\Pipeline\Pipeline::carry():194}:195}(Object(Illuminate\Http\Request))
#39 C:\Users\hedra\Desktop\Sourcecode\NexusV2\Nexus-backend\vendor\laravel\framework\src\Illuminate\Pipeline\Pipeline.php(219): Illuminate\Http\Middleware\TrustProxies->handle(Object(Illuminate\Http\Request), Object(Closure))
#40 C:\Users\hedra\Desktop\Sourcecode\NexusV2\Nexus-backend\vendor\laravel\framework\src\Illuminate\Foundation\Http\Middleware\InvokeDeferredCallbacks.php(22): Illuminate\Pipeline\Pipeline->{closure:{closure:Illuminate\Pipeline\Pipeline::carry():194}:195}(Object(Illuminate\Http\Request))
#41 C:\Users\hedra\Desktop\Sourcecode\NexusV2\Nexus-backend\vendor\laravel\framework\src\Illuminate\Pipeline\Pipeline.php(219): Illuminate\Foundation\Http\Middleware\InvokeDeferredCallbacks->handle(Object(Illuminate\Http\Request), Object(Closure))
#42 C:\Users\hedra\Desktop\Sourcecode\NexusV2\Nexus-backend\vendor\laravel\framework\src\Illuminate\Http\Middleware\ValidatePathEncoding.php(28): Illuminate\Pipeline\Pipeline->{closure:{closure:Illuminate\Pipeline\Pipeline::carry():194}:195}(Object(Illuminate\Http\Request))
#43 C:\Users\hedra\Desktop\Sourcecode\NexusV2\Nexus-backend\vendor\laravel\framework\src\Illuminate\Pipeline\Pipeline.php(219): Illuminate\Http\Middleware\ValidatePathEncoding->handle(Object(Illuminate\Http\Request), Object(Closure))
#44 C:\Users\hedra\Desktop\Sourcecode\NexusV2\Nexus-backend\vendor\laravel\framework\src\Illuminate\Pipeline\Pipeline.php(137): Illuminate\Pipeline\Pipeline->{closure:{closure:Illuminate\Pipeline\Pipeline::carry():194}:195}(Object(Illuminate\Http\Request))
#45 C:\Users\hedra\Desktop\Sourcecode\NexusV2\Nexus-backend\vendor\laravel\framework\src\Illuminate\Foundation\Http\Kernel.php(175): Illuminate\Pipeline\Pipeline->then(Object(Closure))
#46 C:\Users\hedra\Desktop\Sourcecode\NexusV2\Nexus-backend\vendor\laravel\framework\src\Illuminate\Foundation\Http\Kernel.php(144): Illuminate\Foundation\Http\Kernel->sendRequestThroughRouter(Object(Illuminate\Http\Request))
#47 C:\Users\hedra\Desktop\Sourcecode\NexusV2\Nexus-backend\vendor\laravel\framework\src\Illuminate\Foundation\Testing\Concerns\MakesHttpRequests.php(607): Illuminate\Foundation\Http\Kernel->handle(Object(Illuminate\Http\Request))
#48 C:\Users\hedra\Desktop\Sourcecode\NexusV2\Nexus-backend\vendor\laravel\framework\src\Illuminate\Foundation\Testing\Concerns\MakesHttpRequests.php(573): Illuminate\Foundation\Testing\TestCase->call('POST', '/api/v1/setting...', Array, Array, Array, Array, '{"provider":"op...')
#49 C:\Users\hedra\Desktop\Sourcecode\NexusV2\Nexus-backend\vendor\laravel\framework\src\Illuminate\Foundation\Testing\Concerns\MakesHttpRequests.php(411): Illuminate\Foundation\Testing\TestCase->json('POST', '/api/v1/setting...', Array, Array, 0)
#50 C:\Users\hedra\Desktop\Sourcecode\NexusV2\Nexus-backend\tests\Feature\Http\Controllers\CredentialValidationEndpointTest.php(91): Illuminate\Foundation\Testing\TestCase->postJson('/api/v1/setting...', Array)
#51 C:\Users\hedra\Desktop\Sourcecode\NexusV2\Nexus-backend\vendor\phpunit\phpunit\src\Framework\TestCase.php(1667): Tests\Feature\Http\Controllers\CredentialValidationEndpointTest->test_validate_credential_with_inline_data()
#52 C:\Users\hedra\Desktop\Sourcecode\NexusV2\Nexus-backend\vendor\phpunit\phpunit\src\Framework\TestCase.php(519): PHPUnit\Framework\TestCase->runTest()
#53 C:\Users\hedra\Desktop\Sourcecode\NexusV2\Nexus-backend\vendor\phpunit\phpunit\src\Framework\TestRunner\TestRunner.php(87): PHPUnit\Framework\TestCase->runBare()
#54 C:\Users\hedra\Desktop\Sourcecode\NexusV2\Nexus-backend\vendor\phpunit\phpunit\src\Framework\TestCase.php(365): PHPUnit\Framework\TestRunner->run(Object(Tests\Feature\Http\Controllers\CredentialValidationEndpointTest))
#55 C:\Users\hedra\Desktop\Sourcecode\NexusV2\Nexus-backend\vendor\phpunit\phpunit\src\Framework\TestSuite.php(369): PHPUnit\Framework\TestCase->run()
#56 C:\Users\hedra\Desktop\Sourcecode\NexusV2\Nexus-backend\vendor\phpunit\phpunit\src\Framework\TestSuite.php(369): PHPUnit\Framework\TestSuite->run()
#57 C:\Users\hedra\Desktop\Sourcecode\NexusV2\Nexus-backend\vendor\phpunit\phpunit\src\Framework\TestSuite.php(369): PHPUnit\Framework\TestSuite->run()
#58 C:\Users\hedra\Desktop\Sourcecode\NexusV2\Nexus-backend\vendor\phpunit\phpunit\src\TextUI\TestRunner.php(64): PHPUnit\Framework\TestSuite->run()
#59 C:\Users\hedra\Desktop\Sourcecode\NexusV2\Nexus-backend\vendor\phpunit\phpunit\src\TextUI\Application.php(211): PHPUnit\TextUI\TestRunner->run(Object(PHPUnit\TextUI\Configuration\Configuration), Object(PHPUnit\Runner\ResultCache\DefaultResultCache), Object(PHPUnit\Framework\TestSuite))
#60 C:\Users\hedra\Desktop\Sourcecode\NexusV2\Nexus-backend\vendor\phpunit\phpunit\phpunit(104): PHPUnit\TextUI\Application->run(Array)
#61 C:\Users\hedra\Desktop\Sourcecode\NexusV2\Nexus-backend\vendor\bin\phpunit(122): include('C:\\Users\\hedra\\...')
#62 {main}

----------------------------------------------------------------------------------

App\Policies\SettingPolicy::create(): Return value must be of type bool, null returned

C:\Users\hedra\Desktop\Sourcecode\NexusV2\Nexus-backend\vendor\laravel\framework\src\Illuminate\Testing\TestResponseAssert.php:45
C:\Users\hedra\Desktop\Sourcecode\NexusV2\Nexus-backend\vendor\laravel\framework\src\Illuminate\Testing\TestResponse.php:176
C:\Users\hedra\Desktop\Sourcecode\NexusV2\Nexus-backend\tests\Feature\Http\Controllers\CredentialValidationEndpointTest.php:96

72) Tests\Feature\Http\Controllers\CredentialValidationEndpointTest::test_health_check_includes_reverb_status
Expected response status code [200] but received 500.
Failed asserting that 500 is identical to 200.

The following exception occurred during the last request:

TypeError: App\Policies\SettingPolicy::create(): Return value must be of type bool, null returned in C:\Users\hedra\Desktop\Sourcecode\NexusV2\Nexus-backend\app\Policies\SettingPolicy.php:37
Stack trace:
#0 C:\Users\hedra\Desktop\Sourcecode\NexusV2\Nexus-backend\vendor\laravel\framework\src\Illuminate\Auth\Access\Gate.php(844): App\Policies\SettingPolicy->create(Object(App\Models\User))
#1 C:\Users\hedra\Desktop\Sourcecode\NexusV2\Nexus-backend\vendor\laravel\framework\src\Illuminate\Auth\Access\Gate.php(797): Illuminate\Auth\Access\Gate->callPolicyMethod(Object(App\Policies\SettingPolicy), 'create', Object(App\Models\User), Array)
#2 C:\Users\hedra\Desktop\Sourcecode\NexusV2\Nexus-backend\vendor\laravel\framework\src\Illuminate\Auth\Access\Gate.php(553): Illuminate\Auth\Access\Gate->{closure:Illuminate\Auth\Access\Gate::resolvePolicyCallback():780}(Object(App\Models\User), 'App\\Models\\Sett...')
#3 C:\Users\hedra\Desktop\Sourcecode\NexusV2\Nexus-backend\vendor\laravel\framework\src\Illuminate\Auth\Access\Gate.php(448): Illuminate\Auth\Access\Gate->callAuthCallback(Object(App\Models\User), 'create', Array)
#4 C:\Users\hedra\Desktop\Sourcecode\NexusV2\Nexus-backend\vendor\laravel\framework\src\Illuminate\Auth\Access\Gate.php(411): Illuminate\Auth\Access\Gate->raw('create', Array)
#5 C:\Users\hedra\Desktop\Sourcecode\NexusV2\Nexus-backend\vendor\laravel\framework\src\Illuminate\Auth\Access\Gate.php(398): Illuminate\Auth\Access\Gate->inspect('create', 'App\\Models\\Sett...')
#6 C:\Users\hedra\Desktop\Sourcecode\NexusV2\Nexus-backend\vendor\laravel\framework\src\Illuminate\Foundation\Auth\Access\AuthorizesRequests.php(25): Illuminate\Auth\Access\Gate->authorize('create', 'App\\Models\\Sett...')
#7 C:\Users\hedra\Desktop\Sourcecode\NexusV2\Nexus-backend\app\Http\Controllers\SettingController.php(478): App\Http\Controllers\Controller->authorize('create', 'App\\Models\\Sett...')
#8 C:\Users\hedra\Desktop\Sourcecode\NexusV2\Nexus-backend\vendor\laravel\framework\src\Illuminate\Routing\ControllerDispatcher.php(46): App\Http\Controllers\SettingController->healthStatus(Object(Illuminate\Http\Request))
#9 C:\Users\hedra\Desktop\Sourcecode\NexusV2\Nexus-backend\vendor\laravel\framework\src\Illuminate\Routing\Route.php(275): Illuminate\Routing\ControllerDispatcher->dispatch(Object(Illuminate\Routing\Route), Object(App\Http\Controllers\SettingController), 'healthStatus')
#10 C:\Users\hedra\Desktop\Sourcecode\NexusV2\Nexus-backend\vendor\laravel\framework\src\Illuminate\Routing\Route.php(215): Illuminate\Routing\Route->runController()
#11 C:\Users\hedra\Desktop\Sourcecode\NexusV2\Nexus-backend\vendor\laravel\framework\src\Illuminate\Routing\Router.php(822): Illuminate\Routing\Route->run()
#12 C:\Users\hedra\Desktop\Sourcecode\NexusV2\Nexus-backend\vendor\laravel\framework\src\Illuminate\Pipeline\Pipeline.php(180): Illuminate\Routing\Router->{closure:Illuminate\Routing\Router::runRouteWithinStack():821}(Object(Illuminate\Http\Request))
#13 C:\Users\hedra\Desktop\Sourcecode\NexusV2\Nexus-backend\vendor\laravel\framework\src\Illuminate\Routing\Middleware\SubstituteBindings.php(52): Illuminate\Pipeline\Pipeline->{closure:Illuminate\Pipeline\Pipeline::prepareDestination():178}(Object(Illuminate\Http\Request))
#14 C:\Users\hedra\Desktop\Sourcecode\NexusV2\Nexus-backend\vendor\laravel\framework\src\Illuminate\Pipeline\Pipeline.php(219): Illuminate\Routing\Middleware\SubstituteBindings->handle(Object(Illuminate\Http\Request), Object(Closure))
#15 C:\Users\hedra\Desktop\Sourcecode\NexusV2\Nexus-backend\vendor\laravel\framework\src\Illuminate\Auth\Middleware\Authenticate.php(63): Illuminate\Pipeline\Pipeline->{closure:{closure:Illuminate\Pipeline\Pipeline::carry():194}:195}(Object(Illuminate\Http\Request))
#16 C:\Users\hedra\Desktop\Sourcecode\NexusV2\Nexus-backend\vendor\laravel\framework\src\Illuminate\Pipeline\Pipeline.php(219): Illuminate\Auth\Middleware\Authenticate->handle(Object(Illuminate\Http\Request), Object(Closure), 'sanctum')
#17 C:\Users\hedra\Desktop\Sourcecode\NexusV2\Nexus-backend\vendor\laravel\framework\src\Illuminate\Pipeline\Pipeline.php(137): Illuminate\Pipeline\Pipeline->{closure:{closure:Illuminate\Pipeline\Pipeline::carry():194}:195}(Object(Illuminate\Http\Request))
#18 C:\Users\hedra\Desktop\Sourcecode\NexusV2\Nexus-backend\vendor\laravel\framework\src\Illuminate\Routing\Router.php(821): Illuminate\Pipeline\Pipeline->then(Object(Closure))
#19 C:\Users\hedra\Desktop\Sourcecode\NexusV2\Nexus-backend\vendor\laravel\framework\src\Illuminate\Routing\Router.php(800): Illuminate\Routing\Router->runRouteWithinStack(Object(Illuminate\Routing\Route), Object(Illuminate\Http\Request))
#20 C:\Users\hedra\Desktop\Sourcecode\NexusV2\Nexus-backend\vendor\laravel\framework\src\Illuminate\Routing\Router.php(764): Illuminate\Routing\Router->runRoute(Object(Illuminate\Http\Request), Object(Illuminate\Routing\Route))
#21 C:\Users\hedra\Desktop\Sourcecode\NexusV2\Nexus-backend\vendor\laravel\framework\src\Illuminate\Routing\Router.php(753): Illuminate\Routing\Router->dispatchToRoute(Object(Illuminate\Http\Request))
#22 C:\Users\hedra\Desktop\Sourcecode\NexusV2\Nexus-backend\vendor\laravel\framework\src\Illuminate\Foundation\Http\Kernel.php(200): Illuminate\Routing\Router->dispatch(Object(Illuminate\Http\Request))
#23 C:\Users\hedra\Desktop\Sourcecode\NexusV2\Nexus-backend\vendor\laravel\framework\src\Illuminate\Pipeline\Pipeline.php(180): Illuminate\Foundation\Http\Kernel->{closure:Illuminate\Foundation\Http\Kernel::dispatchToRouter():197}(Object(Illuminate\Http\Request))
#24 C:\Users\hedra\Desktop\Sourcecode\NexusV2\Nexus-backend\app\Http\Middleware\AutoLoginDevMiddleware.php(29): Illuminate\Pipeline\Pipeline->{closure:Illuminate\Pipeline\Pipeline::prepareDestination():178}(Object(Illuminate\Http\Request))
#25 C:\Users\hedra\Desktop\Sourcecode\NexusV2\Nexus-backend\vendor\laravel\framework\src\Illuminate\Pipeline\Pipeline.php(219): App\Http\Middleware\AutoLoginDevMiddleware->handle(Object(Illuminate\Http\Request), Object(Closure))
#26 C:\Users\hedra\Desktop\Sourcecode\NexusV2\Nexus-backend\vendor\laravel\framework\src\Illuminate\Foundation\Http\Middleware\TransformsRequest.php(21): Illuminate\Pipeline\Pipeline->{closure:{closure:Illuminate\Pipeline\Pipeline::carry():194}:195}(Object(Illuminate\Http\Request))
#27 C:\Users\hedra\Desktop\Sourcecode\NexusV2\Nexus-backend\vendor\laravel\framework\src\Illuminate\Foundation\Http\Middleware\ConvertEmptyStringsToNull.php(31): Illuminate\Foundation\Http\Middleware\TransformsRequest->handle(Object(Illuminate\Http\Request), Object(Closure))
#28 C:\Users\hedra\Desktop\Sourcecode\NexusV2\Nexus-backend\vendor\laravel\framework\src\Illuminate\Pipeline\Pipeline.php(219): Illuminate\Foundation\Http\Middleware\ConvertEmptyStringsToNull->handle(Object(Illuminate\Http\Request), Object(Closure))
#29 C:\Users\hedra\Desktop\Sourcecode\NexusV2\Nexus-backend\vendor\laravel\framework\src\Illuminate\Foundation\Http\Middleware\TransformsRequest.php(21): Illuminate\Pipeline\Pipeline->{closure:{closure:Illuminate\Pipeline\Pipeline::carry():194}:195}(Object(Illuminate\Http\Request))
#30 C:\Users\hedra\Desktop\Sourcecode\NexusV2\Nexus-backend\vendor\laravel\framework\src\Illuminate\Foundation\Http\Middleware\TrimStrings.php(51): Illuminate\Foundation\Http\Middleware\TransformsRequest->handle(Object(Illuminate\Http\Request), Object(Closure))
#31 C:\Users\hedra\Desktop\Sourcecode\NexusV2\Nexus-backend\vendor\laravel\framework\src\Illuminate\Pipeline\Pipeline.php(219): Illuminate\Foundation\Http\Middleware\TrimStrings->handle(Object(Illuminate\Http\Request), Object(Closure))
#32 C:\Users\hedra\Desktop\Sourcecode\NexusV2\Nexus-backend\vendor\laravel\framework\src\Illuminate\Http\Middleware\ValidatePostSize.php(27): Illuminate\Pipeline\Pipeline->{closure:{closure:Illuminate\Pipeline\Pipeline::carry():194}:195}(Object(Illuminate\Http\Request))
#33 C:\Users\hedra\Desktop\Sourcecode\NexusV2\Nexus-backend\vendor\laravel\framework\src\Illuminate\Pipeline\Pipeline.php(219): Illuminate\Http\Middleware\ValidatePostSize->handle(Object(Illuminate\Http\Request), Object(Closure))
#34 C:\Users\hedra\Desktop\Sourcecode\NexusV2\Nexus-backend\vendor\laravel\framework\src\Illuminate\Foundation\Http\Middleware\PreventRequestsDuringMaintenance.php(109): Illuminate\Pipeline\Pipeline->{closure:{closure:Illuminate\Pipeline\Pipeline::carry():194}:195}(Object(Illuminate\Http\Request))
#35 C:\Users\hedra\Desktop\Sourcecode\NexusV2\Nexus-backend\vendor\laravel\framework\src\Illuminate\Pipeline\Pipeline.php(219): Illuminate\Foundation\Http\Middleware\PreventRequestsDuringMaintenance->handle(Object(Illuminate\Http\Request), Object(Closure))
#36 C:\Users\hedra\Desktop\Sourcecode\NexusV2\Nexus-backend\vendor\laravel\framework\src\Illuminate\Http\Middleware\HandleCors.php(74): Illuminate\Pipeline\Pipeline->{closure:{closure:Illuminate\Pipeline\Pipeline::carry():194}:195}(Object(Illuminate\Http\Request))
#37 C:\Users\hedra\Desktop\Sourcecode\NexusV2\Nexus-backend\vendor\laravel\framework\src\Illuminate\Pipeline\Pipeline.php(219): Illuminate\Http\Middleware\HandleCors->handle(Object(Illuminate\Http\Request), Object(Closure))
#38 C:\Users\hedra\Desktop\Sourcecode\NexusV2\Nexus-backend\vendor\laravel\framework\src\Illuminate\Http\Middleware\TrustProxies.php(58): Illuminate\Pipeline\Pipeline->{closure:{closure:Illuminate\Pipeline\Pipeline::carry():194}:195}(Object(Illuminate\Http\Request))
#39 C:\Users\hedra\Desktop\Sourcecode\NexusV2\Nexus-backend\vendor\laravel\framework\src\Illuminate\Pipeline\Pipeline.php(219): Illuminate\Http\Middleware\TrustProxies->handle(Object(Illuminate\Http\Request), Object(Closure))
#40 C:\Users\hedra\Desktop\Sourcecode\NexusV2\Nexus-backend\vendor\laravel\framework\src\Illuminate\Foundation\Http\Middleware\InvokeDeferredCallbacks.php(22): Illuminate\Pipeline\Pipeline->{closure:{closure:Illuminate\Pipeline\Pipeline::carry():194}:195}(Object(Illuminate\Http\Request))
#41 C:\Users\hedra\Desktop\Sourcecode\NexusV2\Nexus-backend\vendor\laravel\framework\src\Illuminate\Pipeline\Pipeline.php(219): Illuminate\Foundation\Http\Middleware\InvokeDeferredCallbacks->handle(Object(Illuminate\Http\Request), Object(Closure))
#42 C:\Users\hedra\Desktop\Sourcecode\NexusV2\Nexus-backend\vendor\laravel\framework\src\Illuminate\Http\Middleware\ValidatePathEncoding.php(28): Illuminate\Pipeline\Pipeline->{closure:{closure:Illuminate\Pipeline\Pipeline::carry():194}:195}(Object(Illuminate\Http\Request))
#43 C:\Users\hedra\Desktop\Sourcecode\NexusV2\Nexus-backend\vendor\laravel\framework\src\Illuminate\Pipeline\Pipeline.php(219): Illuminate\Http\Middleware\ValidatePathEncoding->handle(Object(Illuminate\Http\Request), Object(Closure))
#44 C:\Users\hedra\Desktop\Sourcecode\NexusV2\Nexus-backend\vendor\laravel\framework\src\Illuminate\Pipeline\Pipeline.php(137): Illuminate\Pipeline\Pipeline->{closure:{closure:Illuminate\Pipeline\Pipeline::carry():194}:195}(Object(Illuminate\Http\Request))
#45 C:\Users\hedra\Desktop\Sourcecode\NexusV2\Nexus-backend\vendor\laravel\framework\src\Illuminate\Foundation\Http\Kernel.php(175): Illuminate\Pipeline\Pipeline->then(Object(Closure))
#46 C:\Users\hedra\Desktop\Sourcecode\NexusV2\Nexus-backend\vendor\laravel\framework\src\Illuminate\Foundation\Http\Kernel.php(144): Illuminate\Foundation\Http\Kernel->sendRequestThroughRouter(Object(Illuminate\Http\Request))
#47 C:\Users\hedra\Desktop\Sourcecode\NexusV2\Nexus-backend\vendor\laravel\framework\src\Illuminate\Foundation\Testing\Concerns\MakesHttpRequests.php(607): Illuminate\Foundation\Http\Kernel->handle(Object(Illuminate\Http\Request))
#48 C:\Users\hedra\Desktop\Sourcecode\NexusV2\Nexus-backend\vendor\laravel\framework\src\Illuminate\Foundation\Testing\Concerns\MakesHttpRequests.php(573): Illuminate\Foundation\Testing\TestCase->call('GET', '/api/v1/setting...', Array, Array, Array, Array, '[]')
#49 C:\Users\hedra\Desktop\Sourcecode\NexusV2\Nexus-backend\vendor\laravel\framework\src\Illuminate\Foundation\Testing\Concerns\MakesHttpRequests.php(381): Illuminate\Foundation\Testing\TestCase->json('GET', '/api/v1/setting...', Array, Array, 0)
#50 C:\Users\hedra\Desktop\Sourcecode\NexusV2\Nexus-backend\tests\Feature\Http\Controllers\CredentialValidationEndpointTest.php(115): Illuminate\Foundation\Testing\TestCase->getJson('/api/v1/setting...')
#51 C:\Users\hedra\Desktop\Sourcecode\NexusV2\Nexus-backend\vendor\phpunit\phpunit\src\Framework\TestCase.php(1667): Tests\Feature\Http\Controllers\CredentialValidationEndpointTest->test_health_check_includes_reverb_status()
#52 C:\Users\hedra\Desktop\Sourcecode\NexusV2\Nexus-backend\vendor\phpunit\phpunit\src\Framework\TestCase.php(519): PHPUnit\Framework\TestCase->runTest()
#53 C:\Users\hedra\Desktop\Sourcecode\NexusV2\Nexus-backend\vendor\phpunit\phpunit\src\Framework\TestRunner\TestRunner.php(87): PHPUnit\Framework\TestCase->runBare()
#54 C:\Users\hedra\Desktop\Sourcecode\NexusV2\Nexus-backend\vendor\phpunit\phpunit\src\Framework\TestCase.php(365): PHPUnit\Framework\TestRunner->run(Object(Tests\Feature\Http\Controllers\CredentialValidationEndpointTest))
#55 C:\Users\hedra\Desktop\Sourcecode\NexusV2\Nexus-backend\vendor\phpunit\phpunit\src\Framework\TestSuite.php(369): PHPUnit\Framework\TestCase->run()
#56 C:\Users\hedra\Desktop\Sourcecode\NexusV2\Nexus-backend\vendor\phpunit\phpunit\src\Framework\TestSuite.php(369): PHPUnit\Framework\TestSuite->run()
#57 C:\Users\hedra\Desktop\Sourcecode\NexusV2\Nexus-backend\vendor\phpunit\phpunit\src\Framework\TestSuite.php(369): PHPUnit\Framework\TestSuite->run()
#58 C:\Users\hedra\Desktop\Sourcecode\NexusV2\Nexus-backend\vendor\phpunit\phpunit\src\TextUI\TestRunner.php(64): PHPUnit\Framework\TestSuite->run()
#59 C:\Users\hedra\Desktop\Sourcecode\NexusV2\Nexus-backend\vendor\phpunit\phpunit\src\TextUI\Application.php(211): PHPUnit\TextUI\TestRunner->run(Object(PHPUnit\TextUI\Configuration\Configuration), Object(PHPUnit\Runner\ResultCache\DefaultResultCache), Object(PHPUnit\Framework\TestSuite))
#60 C:\Users\hedra\Desktop\Sourcecode\NexusV2\Nexus-backend\vendor\phpunit\phpunit\phpunit(104): PHPUnit\TextUI\Application->run(Array)
#61 C:\Users\hedra\Desktop\Sourcecode\NexusV2\Nexus-backend\vendor\bin\phpunit(122): include('C:\\Users\\hedra\\...')
#62 {main}

----------------------------------------------------------------------------------

App\Policies\SettingPolicy::create(): Return value must be of type bool, null returned

C:\Users\hedra\Desktop\Sourcecode\NexusV2\Nexus-backend\vendor\laravel\framework\src\Illuminate\Testing\TestResponseAssert.php:45
C:\Users\hedra\Desktop\Sourcecode\NexusV2\Nexus-backend\vendor\laravel\framework\src\Illuminate\Testing\TestResponse.php:176
C:\Users\hedra\Desktop\Sourcecode\NexusV2\Nexus-backend\tests\Feature\Http\Controllers\CredentialValidationEndpointTest.php:117

73) Tests\Feature\Http\Controllers\CredentialValidationEndpointTest::test_health_check_includes_credential_summary
Expected response status code [200] but received 500.
Failed asserting that 500 is identical to 200.

The following exception occurred during the last request:

TypeError: App\Policies\SettingPolicy::create(): Return value must be of type bool, null returned in C:\Users\hedra\Desktop\Sourcecode\NexusV2\Nexus-backend\app\Policies\SettingPolicy.php:37
Stack trace:
#0 C:\Users\hedra\Desktop\Sourcecode\NexusV2\Nexus-backend\vendor\laravel\framework\src\Illuminate\Auth\Access\Gate.php(844): App\Policies\SettingPolicy->create(Object(App\Models\User))
#1 C:\Users\hedra\Desktop\Sourcecode\NexusV2\Nexus-backend\vendor\laravel\framework\src\Illuminate\Auth\Access\Gate.php(797): Illuminate\Auth\Access\Gate->callPolicyMethod(Object(App\Policies\SettingPolicy), 'create', Object(App\Models\User), Array)
#2 C:\Users\hedra\Desktop\Sourcecode\NexusV2\Nexus-backend\vendor\laravel\framework\src\Illuminate\Auth\Access\Gate.php(553): Illuminate\Auth\Access\Gate->{closure:Illuminate\Auth\Access\Gate::resolvePolicyCallback():780}(Object(App\Models\User), 'App\\Models\\Sett...')
#3 C:\Users\hedra\Desktop\Sourcecode\NexusV2\Nexus-backend\vendor\laravel\framework\src\Illuminate\Auth\Access\Gate.php(448): Illuminate\Auth\Access\Gate->callAuthCallback(Object(App\Models\User), 'create', Array)
#4 C:\Users\hedra\Desktop\Sourcecode\NexusV2\Nexus-backend\vendor\laravel\framework\src\Illuminate\Auth\Access\Gate.php(411): Illuminate\Auth\Access\Gate->raw('create', Array)
#5 C:\Users\hedra\Desktop\Sourcecode\NexusV2\Nexus-backend\vendor\laravel\framework\src\Illuminate\Auth\Access\Gate.php(398): Illuminate\Auth\Access\Gate->inspect('create', 'App\\Models\\Sett...')
#6 C:\Users\hedra\Desktop\Sourcecode\NexusV2\Nexus-backend\vendor\laravel\framework\src\Illuminate\Foundation\Auth\Access\AuthorizesRequests.php(25): Illuminate\Auth\Access\Gate->authorize('create', 'App\\Models\\Sett...')
#7 C:\Users\hedra\Desktop\Sourcecode\NexusV2\Nexus-backend\app\Http\Controllers\SettingController.php(478): App\Http\Controllers\Controller->authorize('create', 'App\\Models\\Sett...')
#8 C:\Users\hedra\Desktop\Sourcecode\NexusV2\Nexus-backend\vendor\laravel\framework\src\Illuminate\Routing\ControllerDispatcher.php(46): App\Http\Controllers\SettingController->healthStatus(Object(Illuminate\Http\Request))
#9 C:\Users\hedra\Desktop\Sourcecode\NexusV2\Nexus-backend\vendor\laravel\framework\src\Illuminate\Routing\Route.php(275): Illuminate\Routing\ControllerDispatcher->dispatch(Object(Illuminate\Routing\Route), Object(App\Http\Controllers\SettingController), 'healthStatus')
#10 C:\Users\hedra\Desktop\Sourcecode\NexusV2\Nexus-backend\vendor\laravel\framework\src\Illuminate\Routing\Route.php(215): Illuminate\Routing\Route->runController()
#11 C:\Users\hedra\Desktop\Sourcecode\NexusV2\Nexus-backend\vendor\laravel\framework\src\Illuminate\Routing\Router.php(822): Illuminate\Routing\Route->run()
#12 C:\Users\hedra\Desktop\Sourcecode\NexusV2\Nexus-backend\vendor\laravel\framework\src\Illuminate\Pipeline\Pipeline.php(180): Illuminate\Routing\Router->{closure:Illuminate\Routing\Router::runRouteWithinStack():821}(Object(Illuminate\Http\Request))
#13 C:\Users\hedra\Desktop\Sourcecode\NexusV2\Nexus-backend\vendor\laravel\framework\src\Illuminate\Routing\Middleware\SubstituteBindings.php(52): Illuminate\Pipeline\Pipeline->{closure:Illuminate\Pipeline\Pipeline::prepareDestination():178}(Object(Illuminate\Http\Request))
#14 C:\Users\hedra\Desktop\Sourcecode\NexusV2\Nexus-backend\vendor\laravel\framework\src\Illuminate\Pipeline\Pipeline.php(219): Illuminate\Routing\Middleware\SubstituteBindings->handle(Object(Illuminate\Http\Request), Object(Closure))
#15 C:\Users\hedra\Desktop\Sourcecode\NexusV2\Nexus-backend\vendor\laravel\framework\src\Illuminate\Auth\Middleware\Authenticate.php(63): Illuminate\Pipeline\Pipeline->{closure:{closure:Illuminate\Pipeline\Pipeline::carry():194}:195}(Object(Illuminate\Http\Request))
#16 C:\Users\hedra\Desktop\Sourcecode\NexusV2\Nexus-backend\vendor\laravel\framework\src\Illuminate\Pipeline\Pipeline.php(219): Illuminate\Auth\Middleware\Authenticate->handle(Object(Illuminate\Http\Request), Object(Closure), 'sanctum')
#17 C:\Users\hedra\Desktop\Sourcecode\NexusV2\Nexus-backend\vendor\laravel\framework\src\Illuminate\Pipeline\Pipeline.php(137): Illuminate\Pipeline\Pipeline->{closure:{closure:Illuminate\Pipeline\Pipeline::carry():194}:195}(Object(Illuminate\Http\Request))
#18 C:\Users\hedra\Desktop\Sourcecode\NexusV2\Nexus-backend\vendor\laravel\framework\src\Illuminate\Routing\Router.php(821): Illuminate\Pipeline\Pipeline->then(Object(Closure))
#19 C:\Users\hedra\Desktop\Sourcecode\NexusV2\Nexus-backend\vendor\laravel\framework\src\Illuminate\Routing\Router.php(800): Illuminate\Routing\Router->runRouteWithinStack(Object(Illuminate\Routing\Route), Object(Illuminate\Http\Request))
#20 C:\Users\hedra\Desktop\Sourcecode\NexusV2\Nexus-backend\vendor\laravel\framework\src\Illuminate\Routing\Router.php(764): Illuminate\Routing\Router->runRoute(Object(Illuminate\Http\Request), Object(Illuminate\Routing\Route))
#21 C:\Users\hedra\Desktop\Sourcecode\NexusV2\Nexus-backend\vendor\laravel\framework\src\Illuminate\Routing\Router.php(753): Illuminate\Routing\Router->dispatchToRoute(Object(Illuminate\Http\Request))
#22 C:\Users\hedra\Desktop\Sourcecode\NexusV2\Nexus-backend\vendor\laravel\framework\src\Illuminate\Foundation\Http\Kernel.php(200): Illuminate\Routing\Router->dispatch(Object(Illuminate\Http\Request))
#23 C:\Users\hedra\Desktop\Sourcecode\NexusV2\Nexus-backend\vendor\laravel\framework\src\Illuminate\Pipeline\Pipeline.php(180): Illuminate\Foundation\Http\Kernel->{closure:Illuminate\Foundation\Http\Kernel::dispatchToRouter():197}(Object(Illuminate\Http\Request))
#24 C:\Users\hedra\Desktop\Sourcecode\NexusV2\Nexus-backend\app\Http\Middleware\AutoLoginDevMiddleware.php(29): Illuminate\Pipeline\Pipeline->{closure:Illuminate\Pipeline\Pipeline::prepareDestination():178}(Object(Illuminate\Http\Request))
#25 C:\Users\hedra\Desktop\Sourcecode\NexusV2\Nexus-backend\vendor\laravel\framework\src\Illuminate\Pipeline\Pipeline.php(219): App\Http\Middleware\AutoLoginDevMiddleware->handle(Object(Illuminate\Http\Request), Object(Closure))
#26 C:\Users\hedra\Desktop\Sourcecode\NexusV2\Nexus-backend\vendor\laravel\framework\src\Illuminate\Foundation\Http\Middleware\TransformsRequest.php(21): Illuminate\Pipeline\Pipeline->{closure:{closure:Illuminate\Pipeline\Pipeline::carry():194}:195}(Object(Illuminate\Http\Request))
#27 C:\Users\hedra\Desktop\Sourcecode\NexusV2\Nexus-backend\vendor\laravel\framework\src\Illuminate\Foundation\Http\Middleware\ConvertEmptyStringsToNull.php(31): Illuminate\Foundation\Http\Middleware\TransformsRequest->handle(Object(Illuminate\Http\Request), Object(Closure))
#28 C:\Users\hedra\Desktop\Sourcecode\NexusV2\Nexus-backend\vendor\laravel\framework\src\Illuminate\Pipeline\Pipeline.php(219): Illuminate\Foundation\Http\Middleware\ConvertEmptyStringsToNull->handle(Object(Illuminate\Http\Request), Object(Closure))
#29 C:\Users\hedra\Desktop\Sourcecode\NexusV2\Nexus-backend\vendor\laravel\framework\src\Illuminate\Foundation\Http\Middleware\TransformsRequest.php(21): Illuminate\Pipeline\Pipeline->{closure:{closure:Illuminate\Pipeline\Pipeline::carry():194}:195}(Object(Illuminate\Http\Request))
#30 C:\Users\hedra\Desktop\Sourcecode\NexusV2\Nexus-backend\vendor\laravel\framework\src\Illuminate\Foundation\Http\Middleware\TrimStrings.php(51): Illuminate\Foundation\Http\Middleware\TransformsRequest->handle(Object(Illuminate\Http\Request), Object(Closure))
#31 C:\Users\hedra\Desktop\Sourcecode\NexusV2\Nexus-backend\vendor\laravel\framework\src\Illuminate\Pipeline\Pipeline.php(219): Illuminate\Foundation\Http\Middleware\TrimStrings->handle(Object(Illuminate\Http\Request), Object(Closure))
#32 C:\Users\hedra\Desktop\Sourcecode\NexusV2\Nexus-backend\vendor\laravel\framework\src\Illuminate\Http\Middleware\ValidatePostSize.php(27): Illuminate\Pipeline\Pipeline->{closure:{closure:Illuminate\Pipeline\Pipeline::carry():194}:195}(Object(Illuminate\Http\Request))
#33 C:\Users\hedra\Desktop\Sourcecode\NexusV2\Nexus-backend\vendor\laravel\framework\src\Illuminate\Pipeline\Pipeline.php(219): Illuminate\Http\Middleware\ValidatePostSize->handle(Object(Illuminate\Http\Request), Object(Closure))
#34 C:\Users\hedra\Desktop\Sourcecode\NexusV2\Nexus-backend\vendor\laravel\framework\src\Illuminate\Foundation\Http\Middleware\PreventRequestsDuringMaintenance.php(109): Illuminate\Pipeline\Pipeline->{closure:{closure:Illuminate\Pipeline\Pipeline::carry():194}:195}(Object(Illuminate\Http\Request))
#35 C:\Users\hedra\Desktop\Sourcecode\NexusV2\Nexus-backend\vendor\laravel\framework\src\Illuminate\Pipeline\Pipeline.php(219): Illuminate\Foundation\Http\Middleware\PreventRequestsDuringMaintenance->handle(Object(Illuminate\Http\Request), Object(Closure))
#36 C:\Users\hedra\Desktop\Sourcecode\NexusV2\Nexus-backend\vendor\laravel\framework\src\Illuminate\Http\Middleware\HandleCors.php(74): Illuminate\Pipeline\Pipeline->{closure:{closure:Illuminate\Pipeline\Pipeline::carry():194}:195}(Object(Illuminate\Http\Request))
#37 C:\Users\hedra\Desktop\Sourcecode\NexusV2\Nexus-backend\vendor\laravel\framework\src\Illuminate\Pipeline\Pipeline.php(219): Illuminate\Http\Middleware\HandleCors->handle(Object(Illuminate\Http\Request), Object(Closure))
#38 C:\Users\hedra\Desktop\Sourcecode\NexusV2\Nexus-backend\vendor\laravel\framework\src\Illuminate\Http\Middleware\TrustProxies.php(58): Illuminate\Pipeline\Pipeline->{closure:{closure:Illuminate\Pipeline\Pipeline::carry():194}:195}(Object(Illuminate\Http\Request))
#39 C:\Users\hedra\Desktop\Sourcecode\NexusV2\Nexus-backend\vendor\laravel\framework\src\Illuminate\Pipeline\Pipeline.php(219): Illuminate\Http\Middleware\TrustProxies->handle(Object(Illuminate\Http\Request), Object(Closure))
#40 C:\Users\hedra\Desktop\Sourcecode\NexusV2\Nexus-backend\vendor\laravel\framework\src\Illuminate\Foundation\Http\Middleware\InvokeDeferredCallbacks.php(22): Illuminate\Pipeline\Pipeline->{closure:{closure:Illuminate\Pipeline\Pipeline::carry():194}:195}(Object(Illuminate\Http\Request))
#41 C:\Users\hedra\Desktop\Sourcecode\NexusV2\Nexus-backend\vendor\laravel\framework\src\Illuminate\Pipeline\Pipeline.php(219): Illuminate\Foundation\Http\Middleware\InvokeDeferredCallbacks->handle(Object(Illuminate\Http\Request), Object(Closure))
#42 C:\Users\hedra\Desktop\Sourcecode\NexusV2\Nexus-backend\vendor\laravel\framework\src\Illuminate\Http\Middleware\ValidatePathEncoding.php(28): Illuminate\Pipeline\Pipeline->{closure:{closure:Illuminate\Pipeline\Pipeline::carry():194}:195}(Object(Illuminate\Http\Request))
#43 C:\Users\hedra\Desktop\Sourcecode\NexusV2\Nexus-backend\vendor\laravel\framework\src\Illuminate\Pipeline\Pipeline.php(219): Illuminate\Http\Middleware\ValidatePathEncoding->handle(Object(Illuminate\Http\Request), Object(Closure))
#44 C:\Users\hedra\Desktop\Sourcecode\NexusV2\Nexus-backend\vendor\laravel\framework\src\Illuminate\Pipeline\Pipeline.php(137): Illuminate\Pipeline\Pipeline->{closure:{closure:Illuminate\Pipeline\Pipeline::carry():194}:195}(Object(Illuminate\Http\Request))
#45 C:\Users\hedra\Desktop\Sourcecode\NexusV2\Nexus-backend\vendor\laravel\framework\src\Illuminate\Foundation\Http\Kernel.php(175): Illuminate\Pipeline\Pipeline->then(Object(Closure))
#46 C:\Users\hedra\Desktop\Sourcecode\NexusV2\Nexus-backend\vendor\laravel\framework\src\Illuminate\Foundation\Http\Kernel.php(144): Illuminate\Foundation\Http\Kernel->sendRequestThroughRouter(Object(Illuminate\Http\Request))
#47 C:\Users\hedra\Desktop\Sourcecode\NexusV2\Nexus-backend\vendor\laravel\framework\src\Illuminate\Foundation\Testing\Concerns\MakesHttpRequests.php(607): Illuminate\Foundation\Http\Kernel->handle(Object(Illuminate\Http\Request))
#48 C:\Users\hedra\Desktop\Sourcecode\NexusV2\Nexus-backend\vendor\laravel\framework\src\Illuminate\Foundation\Testing\Concerns\MakesHttpRequests.php(573): Illuminate\Foundation\Testing\TestCase->call('GET', '/api/v1/setting...', Array, Array, Array, Array, '[]')
#49 C:\Users\hedra\Desktop\Sourcecode\NexusV2\Nexus-backend\vendor\laravel\framework\src\Illuminate\Foundation\Testing\Concerns\MakesHttpRequests.php(381): Illuminate\Foundation\Testing\TestCase->json('GET', '/api/v1/setting...', Array, Array, 0)
#50 C:\Users\hedra\Desktop\Sourcecode\NexusV2\Nexus-backend\tests\Feature\Http\Controllers\CredentialValidationEndpointTest.php(130): Illuminate\Foundation\Testing\TestCase->getJson('/api/v1/setting...')
#51 C:\Users\hedra\Desktop\Sourcecode\NexusV2\Nexus-backend\vendor\phpunit\phpunit\src\Framework\TestCase.php(1667): Tests\Feature\Http\Controllers\CredentialValidationEndpointTest->test_health_check_includes_credential_summary()
#52 C:\Users\hedra\Desktop\Sourcecode\NexusV2\Nexus-backend\vendor\phpunit\phpunit\src\Framework\TestCase.php(519): PHPUnit\Framework\TestCase->runTest()
#53 C:\Users\hedra\Desktop\Sourcecode\NexusV2\Nexus-backend\vendor\phpunit\phpunit\src\Framework\TestRunner\TestRunner.php(87): PHPUnit\Framework\TestCase->runBare()
#54 C:\Users\hedra\Desktop\Sourcecode\NexusV2\Nexus-backend\vendor\phpunit\phpunit\src\Framework\TestCase.php(365): PHPUnit\Framework\TestRunner->run(Object(Tests\Feature\Http\Controllers\CredentialValidationEndpointTest))
#55 C:\Users\hedra\Desktop\Sourcecode\NexusV2\Nexus-backend\vendor\phpunit\phpunit\src\Framework\TestSuite.php(369): PHPUnit\Framework\TestCase->run()
#56 C:\Users\hedra\Desktop\Sourcecode\NexusV2\Nexus-backend\vendor\phpunit\phpunit\src\Framework\TestSuite.php(369): PHPUnit\Framework\TestSuite->run()
#57 C:\Users\hedra\Desktop\Sourcecode\NexusV2\Nexus-backend\vendor\phpunit\phpunit\src\Framework\TestSuite.php(369): PHPUnit\Framework\TestSuite->run()
#58 C:\Users\hedra\Desktop\Sourcecode\NexusV2\Nexus-backend\vendor\phpunit\phpunit\src\TextUI\TestRunner.php(64): PHPUnit\Framework\TestSuite->run()
#59 C:\Users\hedra\Desktop\Sourcecode\NexusV2\Nexus-backend\vendor\phpunit\phpunit\src\TextUI\Application.php(211): PHPUnit\TextUI\TestRunner->run(Object(PHPUnit\TextUI\Configuration\Configuration), Object(PHPUnit\Runner\ResultCache\DefaultResultCache), Object(PHPUnit\Framework\TestSuite))
#60 C:\Users\hedra\Desktop\Sourcecode\NexusV2\Nexus-backend\vendor\phpunit\phpunit\phpunit(104): PHPUnit\TextUI\Application->run(Array)
#61 C:\Users\hedra\Desktop\Sourcecode\NexusV2\Nexus-backend\vendor\bin\phpunit(122): include('C:\\Users\\hedra\\...')
#62 {main}

----------------------------------------------------------------------------------

App\Policies\SettingPolicy::create(): Return value must be of type bool, null returned

C:\Users\hedra\Desktop\Sourcecode\NexusV2\Nexus-backend\vendor\laravel\framework\src\Illuminate\Testing\TestResponseAssert.php:45
C:\Users\hedra\Desktop\Sourcecode\NexusV2\Nexus-backend\vendor\laravel\framework\src\Illuminate\Testing\TestResponse.php:176
C:\Users\hedra\Desktop\Sourcecode\NexusV2\Nexus-backend\tests\Feature\Http\Controllers\CredentialValidationEndpointTest.php:132

74) Tests\Feature\IntegrationTest::test_waha_webhook_receives_and_stores_message
Expected response status code [200] but received 422.
Failed asserting that 422 is identical to 200.

The following errors occurred during the last request:

{
    "message": "The session field is required. (and 2 more errors)",
    "errors": {
        "session": [
            "The session field is required."
        ],
        "payload": [
            "The payload field is required."
        ],
        "payload.id": [
            "The payload.id field is required when event is message."
        ]
    }
}

C:\Users\hedra\Desktop\Sourcecode\NexusV2\Nexus-backend\vendor\laravel\framework\src\Illuminate\Testing\TestResponseAssert.php:45
C:\Users\hedra\Desktop\Sourcecode\NexusV2\Nexus-backend\vendor\laravel\framework\src\Illuminate\Testing\TestResponse.php:176
C:\Users\hedra\Desktop\Sourcecode\NexusV2\Nexus-backend\tests\Feature\IntegrationTest.php:29

75) Tests\Feature\IntegrationTest::test_waha_webhook_creates_contact_if_not_exists
Failed asserting that a row in the table [contacts] matches the attributes {
    "name": "New Contact"
}.

The table is empty.

C:\Users\hedra\Desktop\Sourcecode\NexusV2\Nexus-backend\vendor\laravel\framework\src\Illuminate\Foundation\Testing\Concerns\InteractsWithDatabase.php:51
C:\Users\hedra\Desktop\Sourcecode\NexusV2\Nexus-backend\tests\Feature\IntegrationTest.php:44

76) Tests\Feature\IntegrationTest::test_semantic_memory_stores_embeddings
Expected response status code [201] but received 401.
Failed asserting that 401 is identical to 201.

C:\Users\hedra\Desktop\Sourcecode\NexusV2\Nexus-backend\vendor\laravel\framework\src\Illuminate\Testing\TestResponseAssert.php:45
C:\Users\hedra\Desktop\Sourcecode\NexusV2\Nexus-backend\vendor\laravel\framework\src\Illuminate\Testing\TestResponse.php:176
C:\Users\hedra\Desktop\Sourcecode\NexusV2\Nexus-backend\tests\Feature\IntegrationTest.php:59

77) Tests\Feature\IntegrationTest::test_full_conversation_flow_from_webhook_to_response
Expected response status code [200] but received 422.
Failed asserting that 422 is identical to 200.

The following errors occurred during the last request:

{
    "message": "The session field is required. (and 2 more errors)",
    "errors": {
        "session": [
            "The session field is required."
        ],
        "payload": [
            "The payload field is required."
        ],
        "payload.id": [
            "The payload.id field is required when event is message."
        ]
    }
}

C:\Users\hedra\Desktop\Sourcecode\NexusV2\Nexus-backend\vendor\laravel\framework\src\Illuminate\Testing\TestResponseAssert.php:45
C:\Users\hedra\Desktop\Sourcecode\NexusV2\Nexus-backend\vendor\laravel\framework\src\Illuminate\Testing\TestResponse.php:176
C:\Users\hedra\Desktop\Sourcecode\NexusV2\Nexus-backend\tests\Feature\IntegrationTest.php:111

78) Tests\Feature\LogControllerTest::test_clear_removes_old_logs
Failed asserting that a row in the table [logs] does not match the attributes {
    "id": 1
}.

Found similar results: [
    {
        "id": 1
    }
].

C:\Users\hedra\Desktop\Sourcecode\NexusV2\Nexus-backend\vendor\laravel\framework\src\Illuminate\Foundation\Testing\Concerns\InteractsWithDatabase.php:95
C:\Users\hedra\Desktop\Sourcecode\NexusV2\Nexus-backend\tests\Feature\LogControllerTest.php:161

79) Tests\Feature\MemorySchemaTest::test_structured_memories_has_confidence_column_with_default_080
structured_memories table should exist
Failed asserting that false is true.

C:\Users\hedra\Desktop\Sourcecode\NexusV2\Nexus-backend\tests\Feature\MemorySchemaTest.php:33

80) Tests\Feature\MemorySchemaTest::test_contact_memory_versions_table_exists_with_all_required_columns
contact_memory_versions table should exist for version history tracking (Req 10.1)
Failed asserting that false is true.

C:\Users\hedra\Desktop\Sourcecode\NexusV2\Nexus-backend\tests\Feature\MemorySchemaTest.php:79

81) Tests\Feature\MemorySchemaTest::test_memories_table_has_extraction_fields
memories table should exist
Failed asserting that false is true.

C:\Users\hedra\Desktop\Sourcecode\NexusV2\Nexus-backend\tests\Feature\MemorySchemaTest.php:191

82) Tests\Feature\MemorySchemaTest::test_structured_memories_has_required_indexes
structured_memories table should exist
Failed asserting that false is true.

C:\Users\hedra\Desktop\Sourcecode\NexusV2\Nexus-backend\tests\Feature\MemorySchemaTest.php:221

83) Tests\Feature\MemorySchemaTest::test_contact_memory_versions_has_required_indexes
contact_memory_versions table should exist
Failed asserting that false is true.

C:\Users\hedra\Desktop\Sourcecode\NexusV2\Nexus-backend\tests\Feature\MemorySchemaTest.php:256

84) Tests\Feature\MemorySchemaTest::test_memories_table_has_extraction_indexes
memories table should exist
Failed asserting that false is true.

C:\Users\hedra\Desktop\Sourcecode\NexusV2\Nexus-backend\tests\Feature\MemorySchemaTest.php:290

85) Tests\Feature\MemorySchemaTest::test_all_memory_migrations_applied_successfully
memories table should exist
Failed asserting that false is true.

C:\Users\hedra\Desktop\Sourcecode\NexusV2\Nexus-backend\tests\Feature\MemorySchemaTest.php:316

86) Tests\Feature\MonitoringHealthTest::test_monitoring_health_endpoint_reports_healthy_when_checks_pass
Failed asserting that two strings are identical.
--- Expected
+++ Actual
@@ @@
-'healthy'
+'critical'

C:\Users\hedra\Desktop\Sourcecode\NexusV2\Nexus-backend\vendor\laravel\framework\src\Illuminate\Testing\AssertableJsonString.php:243
C:\Users\hedra\Desktop\Sourcecode\NexusV2\Nexus-backend\vendor\laravel\framework\src\Illuminate\Testing\TestResponse.php:875
C:\Users\hedra\Desktop\Sourcecode\NexusV2\Nexus-backend\tests\Feature\MonitoringHealthTest.php:34

87) Tests\Feature\PeopleConnect\PropertyBased\ReplyModeSafetyPropertyTest::test_safety_blocks_on_rate_limit
Failed asserting that two strings are equal.
--- Expected
+++ Actual
@@ @@
-'Rate limit exceeded'
+'Mode is not autopilot'

C:\Users\hedra\Desktop\Sourcecode\NexusV2\Nexus-backend\tests\Feature\PeopleConnect\PropertyBased\ReplyModeSafetyPropertyTest.php:91

88) Tests\Feature\PerformanceTest::test_agent_index_response_time_under_200ms
Expected response status code [200] but received 401.
Failed asserting that 401 is identical to 200.

C:\Users\hedra\Desktop\Sourcecode\NexusV2\Nexus-backend\vendor\laravel\framework\src\Illuminate\Testing\TestResponseAssert.php:45
C:\Users\hedra\Desktop\Sourcecode\NexusV2\Nexus-backend\vendor\laravel\framework\src\Illuminate\Testing\TestResponse.php:176
C:\Users\hedra\Desktop\Sourcecode\NexusV2\Nexus-backend\tests\Feature\PerformanceTest.php:25

89) Tests\Feature\PerformanceTest::test_contact_index_response_time_under_200ms
Expected response status code [200] but received 401.
Failed asserting that 401 is identical to 200.

C:\Users\hedra\Desktop\Sourcecode\NexusV2\Nexus-backend\vendor\laravel\framework\src\Illuminate\Testing\TestResponseAssert.php:45
C:\Users\hedra\Desktop\Sourcecode\NexusV2\Nexus-backend\vendor\laravel\framework\src\Illuminate\Testing\TestResponse.php:176
C:\Users\hedra\Desktop\Sourcecode\NexusV2\Nexus-backend\tests\Feature\PerformanceTest.php:37

90) Tests\Feature\PerformanceTest::test_workflow_index_response_time_under_200ms
Expected response status code [200] but received 401.
Failed asserting that 401 is identical to 200.

C:\Users\hedra\Desktop\Sourcecode\NexusV2\Nexus-backend\vendor\laravel\framework\src\Illuminate\Testing\TestResponseAssert.php:45
C:\Users\hedra\Desktop\Sourcecode\NexusV2\Nexus-backend\vendor\laravel\framework\src\Illuminate\Testing\TestResponse.php:176
C:\Users\hedra\Desktop\Sourcecode\NexusV2\Nexus-backend\tests\Feature\PerformanceTest.php:49

91) Tests\Feature\PerformanceTest::test_database_queries_use_eager_loading
Expected response status code [200] but received 401.
Failed asserting that 401 is identical to 200.

C:\Users\hedra\Desktop\Sourcecode\NexusV2\Nexus-backend\vendor\laravel\framework\src\Illuminate\Testing\TestResponseAssert.php:45
C:\Users\hedra\Desktop\Sourcecode\NexusV2\Nexus-backend\vendor\laravel\framework\src\Illuminate\Testing\TestResponse.php:176
C:\Users\hedra\Desktop\Sourcecode\NexusV2\Nexus-backend\tests\Feature\PerformanceTest.php:63

92) Tests\Feature\PerformanceTest::test_pagination_limits_results_per_page
Expected response status code [200] but received 401.
Failed asserting that 401 is identical to 200.

C:\Users\hedra\Desktop\Sourcecode\NexusV2\Nexus-backend\vendor\laravel\framework\src\Illuminate\Testing\TestResponseAssert.php:45
C:\Users\hedra\Desktop\Sourcecode\NexusV2\Nexus-backend\vendor\laravel\framework\src\Illuminate\Testing\TestResponse.php:176
C:\Users\hedra\Desktop\Sourcecode\NexusV2\Nexus-backend\tests\Feature\PerformanceTest.php:75

93) Tests\Feature\QueueTest::test_sync_memory_job_is_dispatched_on_memory_create
The expected [App\Jobs\SyncMemoryJob] job was not pushed.
Failed asserting that false is true.

C:\Users\hedra\Desktop\Sourcecode\NexusV2\Nexus-backend\vendor\laravel\framework\src\Illuminate\Support\Testing\Fakes\QueueFake.php:124
C:\Users\hedra\Desktop\Sourcecode\NexusV2\Nexus-backend\vendor\laravel\framework\src\Illuminate\Support\Facades\Facade.php:363
C:\Users\hedra\Desktop\Sourcecode\NexusV2\Nexus-backend\tests\Feature\QueueTest.php:26

94) Tests\Feature\UserFlowTest::test_workflow_execution_flow
Expected response status code [200] but received 422.
Failed asserting that 422 is identical to 200.

The following errors occurred during the last request:

{
    "message": "Workflow must have at least one step.",
    "errors": {
        "steps": [
            "Workflow must have at least one step."
        ]
    }
}

C:\Users\hedra\Desktop\Sourcecode\NexusV2\Nexus-backend\vendor\laravel\framework\src\Illuminate\Testing\TestResponseAssert.php:45
C:\Users\hedra\Desktop\Sourcecode\NexusV2\Nexus-backend\vendor\laravel\framework\src\Illuminate\Testing\TestResponse.php:176
C:\Users\hedra\Desktop\Sourcecode\NexusV2\Nexus-backend\tests\Feature\UserFlowTest.php:68

95) Tests\Feature\UserFlowTest::test_memory_management_flow
Failed asserting that 0 is identical to 1.

C:\Users\hedra\Desktop\Sourcecode\NexusV2\Nexus-backend\vendor\laravel\framework\src\Illuminate\Testing\AssertableJsonString.php:243
C:\Users\hedra\Desktop\Sourcecode\NexusV2\Nexus-backend\vendor\laravel\framework\src\Illuminate\Testing\TestResponse.php:875
C:\Users\hedra\Desktop\Sourcecode\NexusV2\Nexus-backend\tests\Feature\UserFlowTest.php:124

96) Tests\Feature\UserFlowTest::test_settings_management_flow
Expected response status code [201] but received 500.
Failed asserting that 500 is identical to 201.

The following exception occurred during the last request:

TypeError: App\Policies\SettingPolicy::create(): Return value must be of type bool, null returned in C:\Users\hedra\Desktop\Sourcecode\NexusV2\Nexus-backend\app\Policies\SettingPolicy.php:37
Stack trace:
#0 C:\Users\hedra\Desktop\Sourcecode\NexusV2\Nexus-backend\vendor\laravel\framework\src\Illuminate\Auth\Access\Gate.php(844): App\Policies\SettingPolicy->create(Object(App\Models\User))
#1 C:\Users\hedra\Desktop\Sourcecode\NexusV2\Nexus-backend\vendor\laravel\framework\src\Illuminate\Auth\Access\Gate.php(797): Illuminate\Auth\Access\Gate->callPolicyMethod(Object(App\Policies\SettingPolicy), 'create', Object(App\Models\User), Array)
#2 C:\Users\hedra\Desktop\Sourcecode\NexusV2\Nexus-backend\vendor\laravel\framework\src\Illuminate\Auth\Access\Gate.php(553): Illuminate\Auth\Access\Gate->{closure:Illuminate\Auth\Access\Gate::resolvePolicyCallback():780}(Object(App\Models\User), 'App\\Models\\Sett...')
#3 C:\Users\hedra\Desktop\Sourcecode\NexusV2\Nexus-backend\vendor\laravel\framework\src\Illuminate\Auth\Access\Gate.php(448): Illuminate\Auth\Access\Gate->callAuthCallback(Object(App\Models\User), 'create', Array)
#4 C:\Users\hedra\Desktop\Sourcecode\NexusV2\Nexus-backend\vendor\laravel\framework\src\Illuminate\Auth\Access\Gate.php(411): Illuminate\Auth\Access\Gate->raw('create', Array)
#5 C:\Users\hedra\Desktop\Sourcecode\NexusV2\Nexus-backend\vendor\laravel\framework\src\Illuminate\Auth\Access\Gate.php(398): Illuminate\Auth\Access\Gate->inspect('create', 'App\\Models\\Sett...')
#6 C:\Users\hedra\Desktop\Sourcecode\NexusV2\Nexus-backend\vendor\laravel\framework\src\Illuminate\Foundation\Auth\Access\AuthorizesRequests.php(25): Illuminate\Auth\Access\Gate->authorize('create', 'App\\Models\\Sett...')
#7 C:\Users\hedra\Desktop\Sourcecode\NexusV2\Nexus-backend\app\Http\Controllers\SettingController.php(150): App\Http\Controllers\Controller->authorize('create', 'App\\Models\\Sett...')
#8 C:\Users\hedra\Desktop\Sourcecode\NexusV2\Nexus-backend\vendor\laravel\framework\src\Illuminate\Routing\ControllerDispatcher.php(46): App\Http\Controllers\SettingController->store(Object(Illuminate\Http\Request))
#9 C:\Users\hedra\Desktop\Sourcecode\NexusV2\Nexus-backend\vendor\laravel\framework\src\Illuminate\Routing\Route.php(275): Illuminate\Routing\ControllerDispatcher->dispatch(Object(Illuminate\Routing\Route), Object(App\Http\Controllers\SettingController), 'store')
#10 C:\Users\hedra\Desktop\Sourcecode\NexusV2\Nexus-backend\vendor\laravel\framework\src\Illuminate\Routing\Route.php(215): Illuminate\Routing\Route->runController()
#11 C:\Users\hedra\Desktop\Sourcecode\NexusV2\Nexus-backend\vendor\laravel\framework\src\Illuminate\Routing\Router.php(822): Illuminate\Routing\Route->run()
#12 C:\Users\hedra\Desktop\Sourcecode\NexusV2\Nexus-backend\vendor\laravel\framework\src\Illuminate\Pipeline\Pipeline.php(180): Illuminate\Routing\Router->{closure:Illuminate\Routing\Router::runRouteWithinStack():821}(Object(Illuminate\Http\Request))
#13 C:\Users\hedra\Desktop\Sourcecode\NexusV2\Nexus-backend\vendor\laravel\framework\src\Illuminate\Routing\Middleware\SubstituteBindings.php(52): Illuminate\Pipeline\Pipeline->{closure:Illuminate\Pipeline\Pipeline::prepareDestination():178}(Object(Illuminate\Http\Request))
#14 C:\Users\hedra\Desktop\Sourcecode\NexusV2\Nexus-backend\vendor\laravel\framework\src\Illuminate\Pipeline\Pipeline.php(219): Illuminate\Routing\Middleware\SubstituteBindings->handle(Object(Illuminate\Http\Request), Object(Closure))
#15 C:\Users\hedra\Desktop\Sourcecode\NexusV2\Nexus-backend\vendor\laravel\framework\src\Illuminate\Auth\Middleware\Authenticate.php(63): Illuminate\Pipeline\Pipeline->{closure:{closure:Illuminate\Pipeline\Pipeline::carry():194}:195}(Object(Illuminate\Http\Request))
#16 C:\Users\hedra\Desktop\Sourcecode\NexusV2\Nexus-backend\vendor\laravel\framework\src\Illuminate\Pipeline\Pipeline.php(219): Illuminate\Auth\Middleware\Authenticate->handle(Object(Illuminate\Http\Request), Object(Closure), 'sanctum')
#17 C:\Users\hedra\Desktop\Sourcecode\NexusV2\Nexus-backend\vendor\laravel\framework\src\Illuminate\Pipeline\Pipeline.php(137): Illuminate\Pipeline\Pipeline->{closure:{closure:Illuminate\Pipeline\Pipeline::carry():194}:195}(Object(Illuminate\Http\Request))
#18 C:\Users\hedra\Desktop\Sourcecode\NexusV2\Nexus-backend\vendor\laravel\framework\src\Illuminate\Routing\Router.php(821): Illuminate\Pipeline\Pipeline->then(Object(Closure))
#19 C:\Users\hedra\Desktop\Sourcecode\NexusV2\Nexus-backend\vendor\laravel\framework\src\Illuminate\Routing\Router.php(800): Illuminate\Routing\Router->runRouteWithinStack(Object(Illuminate\Routing\Route), Object(Illuminate\Http\Request))
#20 C:\Users\hedra\Desktop\Sourcecode\NexusV2\Nexus-backend\vendor\laravel\framework\src\Illuminate\Routing\Router.php(764): Illuminate\Routing\Router->runRoute(Object(Illuminate\Http\Request), Object(Illuminate\Routing\Route))
#21 C:\Users\hedra\Desktop\Sourcecode\NexusV2\Nexus-backend\vendor\laravel\framework\src\Illuminate\Routing\Router.php(753): Illuminate\Routing\Router->dispatchToRoute(Object(Illuminate\Http\Request))
#22 C:\Users\hedra\Desktop\Sourcecode\NexusV2\Nexus-backend\vendor\laravel\framework\src\Illuminate\Foundation\Http\Kernel.php(200): Illuminate\Routing\Router->dispatch(Object(Illuminate\Http\Request))
#23 C:\Users\hedra\Desktop\Sourcecode\NexusV2\Nexus-backend\vendor\laravel\framework\src\Illuminate\Pipeline\Pipeline.php(180): Illuminate\Foundation\Http\Kernel->{closure:Illuminate\Foundation\Http\Kernel::dispatchToRouter():197}(Object(Illuminate\Http\Request))
#24 C:\Users\hedra\Desktop\Sourcecode\NexusV2\Nexus-backend\app\Http\Middleware\AutoLoginDevMiddleware.php(29): Illuminate\Pipeline\Pipeline->{closure:Illuminate\Pipeline\Pipeline::prepareDestination():178}(Object(Illuminate\Http\Request))
#25 C:\Users\hedra\Desktop\Sourcecode\NexusV2\Nexus-backend\vendor\laravel\framework\src\Illuminate\Pipeline\Pipeline.php(219): App\Http\Middleware\AutoLoginDevMiddleware->handle(Object(Illuminate\Http\Request), Object(Closure))
#26 C:\Users\hedra\Desktop\Sourcecode\NexusV2\Nexus-backend\vendor\laravel\framework\src\Illuminate\Foundation\Http\Middleware\TransformsRequest.php(21): Illuminate\Pipeline\Pipeline->{closure:{closure:Illuminate\Pipeline\Pipeline::carry():194}:195}(Object(Illuminate\Http\Request))
#27 C:\Users\hedra\Desktop\Sourcecode\NexusV2\Nexus-backend\vendor\laravel\framework\src\Illuminate\Foundation\Http\Middleware\ConvertEmptyStringsToNull.php(31): Illuminate\Foundation\Http\Middleware\TransformsRequest->handle(Object(Illuminate\Http\Request), Object(Closure))
#28 C:\Users\hedra\Desktop\Sourcecode\NexusV2\Nexus-backend\vendor\laravel\framework\src\Illuminate\Pipeline\Pipeline.php(219): Illuminate\Foundation\Http\Middleware\ConvertEmptyStringsToNull->handle(Object(Illuminate\Http\Request), Object(Closure))
#29 C:\Users\hedra\Desktop\Sourcecode\NexusV2\Nexus-backend\vendor\laravel\framework\src\Illuminate\Foundation\Http\Middleware\TransformsRequest.php(21): Illuminate\Pipeline\Pipeline->{closure:{closure:Illuminate\Pipeline\Pipeline::carry():194}:195}(Object(Illuminate\Http\Request))
#30 C:\Users\hedra\Desktop\Sourcecode\NexusV2\Nexus-backend\vendor\laravel\framework\src\Illuminate\Foundation\Http\Middleware\TrimStrings.php(51): Illuminate\Foundation\Http\Middleware\TransformsRequest->handle(Object(Illuminate\Http\Request), Object(Closure))
#31 C:\Users\hedra\Desktop\Sourcecode\NexusV2\Nexus-backend\vendor\laravel\framework\src\Illuminate\Pipeline\Pipeline.php(219): Illuminate\Foundation\Http\Middleware\TrimStrings->handle(Object(Illuminate\Http\Request), Object(Closure))
#32 C:\Users\hedra\Desktop\Sourcecode\NexusV2\Nexus-backend\vendor\laravel\framework\src\Illuminate\Http\Middleware\ValidatePostSize.php(27): Illuminate\Pipeline\Pipeline->{closure:{closure:Illuminate\Pipeline\Pipeline::carry():194}:195}(Object(Illuminate\Http\Request))
#33 C:\Users\hedra\Desktop\Sourcecode\NexusV2\Nexus-backend\vendor\laravel\framework\src\Illuminate\Pipeline\Pipeline.php(219): Illuminate\Http\Middleware\ValidatePostSize->handle(Object(Illuminate\Http\Request), Object(Closure))
#34 C:\Users\hedra\Desktop\Sourcecode\NexusV2\Nexus-backend\vendor\laravel\framework\src\Illuminate\Foundation\Http\Middleware\PreventRequestsDuringMaintenance.php(109): Illuminate\Pipeline\Pipeline->{closure:{closure:Illuminate\Pipeline\Pipeline::carry():194}:195}(Object(Illuminate\Http\Request))
#35 C:\Users\hedra\Desktop\Sourcecode\NexusV2\Nexus-backend\vendor\laravel\framework\src\Illuminate\Pipeline\Pipeline.php(219): Illuminate\Foundation\Http\Middleware\PreventRequestsDuringMaintenance->handle(Object(Illuminate\Http\Request), Object(Closure))
#36 C:\Users\hedra\Desktop\Sourcecode\NexusV2\Nexus-backend\vendor\laravel\framework\src\Illuminate\Http\Middleware\HandleCors.php(74): Illuminate\Pipeline\Pipeline->{closure:{closure:Illuminate\Pipeline\Pipeline::carry():194}:195}(Object(Illuminate\Http\Request))
#37 C:\Users\hedra\Desktop\Sourcecode\NexusV2\Nexus-backend\vendor\laravel\framework\src\Illuminate\Pipeline\Pipeline.php(219): Illuminate\Http\Middleware\HandleCors->handle(Object(Illuminate\Http\Request), Object(Closure))
#38 C:\Users\hedra\Desktop\Sourcecode\NexusV2\Nexus-backend\vendor\laravel\framework\src\Illuminate\Http\Middleware\TrustProxies.php(58): Illuminate\Pipeline\Pipeline->{closure:{closure:Illuminate\Pipeline\Pipeline::carry():194}:195}(Object(Illuminate\Http\Request))
#39 C:\Users\hedra\Desktop\Sourcecode\NexusV2\Nexus-backend\vendor\laravel\framework\src\Illuminate\Pipeline\Pipeline.php(219): Illuminate\Http\Middleware\TrustProxies->handle(Object(Illuminate\Http\Request), Object(Closure))
#40 C:\Users\hedra\Desktop\Sourcecode\NexusV2\Nexus-backend\vendor\laravel\framework\src\Illuminate\Foundation\Http\Middleware\InvokeDeferredCallbacks.php(22): Illuminate\Pipeline\Pipeline->{closure:{closure:Illuminate\Pipeline\Pipeline::carry():194}:195}(Object(Illuminate\Http\Request))
#41 C:\Users\hedra\Desktop\Sourcecode\NexusV2\Nexus-backend\vendor\laravel\framework\src\Illuminate\Pipeline\Pipeline.php(219): Illuminate\Foundation\Http\Middleware\InvokeDeferredCallbacks->handle(Object(Illuminate\Http\Request), Object(Closure))
#42 C:\Users\hedra\Desktop\Sourcecode\NexusV2\Nexus-backend\vendor\laravel\framework\src\Illuminate\Http\Middleware\ValidatePathEncoding.php(28): Illuminate\Pipeline\Pipeline->{closure:{closure:Illuminate\Pipeline\Pipeline::carry():194}:195}(Object(Illuminate\Http\Request))
#43 C:\Users\hedra\Desktop\Sourcecode\NexusV2\Nexus-backend\vendor\laravel\framework\src\Illuminate\Pipeline\Pipeline.php(219): Illuminate\Http\Middleware\ValidatePathEncoding->handle(Object(Illuminate\Http\Request), Object(Closure))
#44 C:\Users\hedra\Desktop\Sourcecode\NexusV2\Nexus-backend\vendor\laravel\framework\src\Illuminate\Pipeline\Pipeline.php(137): Illuminate\Pipeline\Pipeline->{closure:{closure:Illuminate\Pipeline\Pipeline::carry():194}:195}(Object(Illuminate\Http\Request))
#45 C:\Users\hedra\Desktop\Sourcecode\NexusV2\Nexus-backend\vendor\laravel\framework\src\Illuminate\Foundation\Http\Kernel.php(175): Illuminate\Pipeline\Pipeline->then(Object(Closure))
#46 C:\Users\hedra\Desktop\Sourcecode\NexusV2\Nexus-backend\vendor\laravel\framework\src\Illuminate\Foundation\Http\Kernel.php(144): Illuminate\Foundation\Http\Kernel->sendRequestThroughRouter(Object(Illuminate\Http\Request))
#47 C:\Users\hedra\Desktop\Sourcecode\NexusV2\Nexus-backend\vendor\laravel\framework\src\Illuminate\Foundation\Testing\Concerns\MakesHttpRequests.php(607): Illuminate\Foundation\Http\Kernel->handle(Object(Illuminate\Http\Request))
#48 C:\Users\hedra\Desktop\Sourcecode\NexusV2\Nexus-backend\vendor\laravel\framework\src\Illuminate\Foundation\Testing\Concerns\MakesHttpRequests.php(573): Illuminate\Foundation\Testing\TestCase->call('POST', '/api/v1/setting...', Array, Array, Array, Array, '{"key":"test_fe...')
#49 C:\Users\hedra\Desktop\Sourcecode\NexusV2\Nexus-backend\vendor\laravel\framework\src\Illuminate\Foundation\Testing\Concerns\MakesHttpRequests.php(411): Illuminate\Foundation\Testing\TestCase->json('POST', '/api/v1/setting...', Array, Array, 0)
#50 C:\Users\hedra\Desktop\Sourcecode\NexusV2\Nexus-backend\tests\Feature\UserFlowTest.php(144): Illuminate\Foundation\Testing\TestCase->postJson('/api/v1/setting...', Array)
#51 C:\Users\hedra\Desktop\Sourcecode\NexusV2\Nexus-backend\vendor\phpunit\phpunit\src\Framework\TestCase.php(1667): Tests\Feature\UserFlowTest->test_settings_management_flow()
#52 C:\Users\hedra\Desktop\Sourcecode\NexusV2\Nexus-backend\vendor\phpunit\phpunit\src\Framework\TestCase.php(519): PHPUnit\Framework\TestCase->runTest()
#53 C:\Users\hedra\Desktop\Sourcecode\NexusV2\Nexus-backend\vendor\phpunit\phpunit\src\Framework\TestRunner\TestRunner.php(87): PHPUnit\Framework\TestCase->runBare()
#54 C:\Users\hedra\Desktop\Sourcecode\NexusV2\Nexus-backend\vendor\phpunit\phpunit\src\Framework\TestCase.php(365): PHPUnit\Framework\TestRunner->run(Object(Tests\Feature\UserFlowTest))
#55 C:\Users\hedra\Desktop\Sourcecode\NexusV2\Nexus-backend\vendor\phpunit\phpunit\src\Framework\TestSuite.php(369): PHPUnit\Framework\TestCase->run()
#56 C:\Users\hedra\Desktop\Sourcecode\NexusV2\Nexus-backend\vendor\phpunit\phpunit\src\Framework\TestSuite.php(369): PHPUnit\Framework\TestSuite->run()
#57 C:\Users\hedra\Desktop\Sourcecode\NexusV2\Nexus-backend\vendor\phpunit\phpunit\src\Framework\TestSuite.php(369): PHPUnit\Framework\TestSuite->run()
#58 C:\Users\hedra\Desktop\Sourcecode\NexusV2\Nexus-backend\vendor\phpunit\phpunit\src\TextUI\TestRunner.php(64): PHPUnit\Framework\TestSuite->run()
#59 C:\Users\hedra\Desktop\Sourcecode\NexusV2\Nexus-backend\vendor\phpunit\phpunit\src\TextUI\Application.php(211): PHPUnit\TextUI\TestRunner->run(Object(PHPUnit\TextUI\Configuration\Configuration), Object(PHPUnit\Runner\ResultCache\DefaultResultCache), Object(PHPUnit\Framework\TestSuite))
#60 C:\Users\hedra\Desktop\Sourcecode\NexusV2\Nexus-backend\vendor\phpunit\phpunit\phpunit(104): PHPUnit\TextUI\Application->run(Array)
#61 C:\Users\hedra\Desktop\Sourcecode\NexusV2\Nexus-backend\vendor\bin\phpunit(122): include('C:\\Users\\hedra\\...')
#62 {main}

----------------------------------------------------------------------------------

App\Policies\SettingPolicy::create(): Return value must be of type bool, null returned

C:\Users\hedra\Desktop\Sourcecode\NexusV2\Nexus-backend\vendor\laravel\framework\src\Illuminate\Testing\TestResponseAssert.php:45
C:\Users\hedra\Desktop\Sourcecode\NexusV2\Nexus-backend\vendor\laravel\framework\src\Illuminate\Testing\TestResponse.php:176
C:\Users\hedra\Desktop\Sourcecode\NexusV2\Nexus-backend\tests\Feature\UserFlowTest.php:151

--

There were 4 risky tests:

1) Tests\Unit\HedraSoul\SoulyContextAssemblerTest::test_excluded_items_contains_keys_and_reasons
This test did not perform any assertions

C:\Users\hedra\Desktop\Sourcecode\NexusV2\Nexus-backend\tests\Unit\HedraSoul\SoulyContextAssemblerTest.php:153

2) Tests\Feature\ErrorHandlingTest::test_server_errors_have_message_and_error_fields
This test did not perform any assertions

C:\Users\hedra\Desktop\Sourcecode\NexusV2\Nexus-backend\tests\Feature\ErrorHandlingTest.php:120

3) Tests\Feature\Http\AgentsHubTest::test_run_dispatches_async_and_returns_trace_id
* Test code or tested code did not remove its own error handlers

* Test code or tested code did not remove its own exception handlers

C:\Users\hedra\Desktop\Sourcecode\NexusV2\Nexus-backend\tests\Feature\Http\AgentsHubTest.php:360

4) Tests\Feature\MonitoringHealthTest::test_monitoring_health_endpoint_reports_healthy_when_checks_pass
* Test code or tested code did not remove its own error handlers

* Test code or tested code did not remove its own exception handlers

C:\Users\hedra\Desktop\Sourcecode\NexusV2\Nexus-backend\tests\Feature\MonitoringHealthTest.php:14

ERRORS!
Tests: 619, Assertions: 1561, Errors: 96, Failures: 96, PHPUnit Deprecations: 54, Risky: 4.
