
   WARN  Metadata found in doc-comment for method Tests\Unit\CircuitBreakerTest::it_allows_request_when_closed(). Metadata in doc-comments is deprecated and will no longer be supported in PHPUnit 12. Update your test code to use attributes instead.

   WARN  Metadata found in doc-comment for method Tests\Unit\CircuitBreakerTest::it_opens_after_consecutive_failures(). Metadata in doc-comments is deprecated and will no longer be supported in PHPUnit 12. Update your test code to use attributes instead.

   WARN  Metadata found in doc-comment for method Tests\Unit\CircuitBreakerTest::it_half_opens_after_timeout_and_closes_on_success(). Metadata in doc-comments is deprecated and will no longer be supported in PHPUnit 12. Update your test code to use attributes instead.

   WARN  Metadata found in doc-comment for method Tests\Unit\CircuitBreakerTest::it_half_opens_and_reopens_on_failure(). Metadata in doc-comments is deprecated and will no longer be supported in PHPUnit 12. Update your test code to use attributes instead.

   WARN  Metadata found in doc-comment for method Tests\Unit\CircuitBreakerTest::it_gets_status(). Metadata in doc-comments is deprecated and will no longer be supported in PHPUnit 12. Update your test code to use attributes instead.

   WARN  Metadata found in doc-comment for method Tests\Unit\DynamicProviderRegistryTest::it_gets_provider_configuration(). Metadata in doc-comments is deprecated and will no longer be supported in PHPUnit 12. Update your test code to use attributes instead.

   WARN  Metadata found in doc-comment for method Tests\Unit\DynamicProviderRegistryTest::it_returns_null_for_inactive_provider(). Metadata in doc-comments is deprecated and will no longer be supported in PHPUnit 12. Update your test code to use attributes instead.

   WARN  Metadata found in doc-comment for method Tests\Unit\DynamicProviderRegistryTest::it_registers_a_new_provider(). Metadata in doc-comments is deprecated and will no longer be supported in PHPUnit 12. Update your test code to use attributes instead.

   WARN  Metadata found in doc-comment for method Tests\Unit\DynamicProviderRegistryTest::it_syncs_models_for_a_provider(). Metadata in doc-comments is deprecated and will no longer be supported in PHPUnit 12. Update your test code to use attributes instead.

   WARN  Metadata found in doc-comment for method Tests\Unit\EncryptedApiKeyStorageTest::it_stores_and_retrieves_encrypted_api_key(). Metadata in doc-comments is deprecated and will no longer be supported in PHPUnit 12. Update your test code to use attributes instead.

   WARN  Metadata found in doc-comment for method Tests\Unit\EncryptedApiKeyStorageTest::it_returns_null_for_nonexistent_provider_key(). Metadata in doc-comments is deprecated and will no longer be supported in PHPUnit 12. Update your test code to use attributes instead.

   WARN  Metadata found in doc-comment for method Tests\Unit\EncryptedApiKeyStorageTest::it_checks_if_key_exists_for_provider(). Metadata in doc-comments is deprecated and will no longer be supported in PHPUnit 12. Update your test code to use attributes instead.

   WARN  Metadata found in doc-comment for method Tests\Unit\EncryptedApiKeyStorageTest::it_updates_existing_api_key(). Metadata in doc-comments is deprecated and will no longer be supported in PHPUnit 12. Update your test code to use attributes instead.

   WARN  Metadata found in doc-comment for method Tests\Unit\EncryptedApiKeyStorageTest::it_deactivates_api_key(). Metadata in doc-comments is deprecated and will no longer be supported in PHPUnit 12. Update your test code to use attributes instead.

   WARN  Metadata found in doc-comment for method Tests\Unit\IntentRoutingEngineTest::it_resolves_intent_to_provider_and_model(). Metadata in doc-comments is deprecated and will no longer be supported in PHPUnit 12. Update your test code to use attributes instead.

   WARN  Metadata found in doc-comment for method Tests\Unit\IntentRoutingEngineTest::it_returns_null_for_unknown_intent(). Metadata in doc-comments is deprecated and will no longer be supported in PHPUnit 12. Update your test code to use attributes instead.

   WARN  Metadata found in doc-comment for method Tests\Unit\IntentRoutingEngineTest::it_gets_fallback_options(). Metadata in doc-comments is deprecated and will no longer be supported in PHPUnit 12. Update your test code to use attributes instead.

   WARN  Metadata found in doc-comment for method Tests\Unit\IntentRoutingEngineTest::it_creates_or_updates_intent_routing(). Metadata in doc-comments is deprecated and will no longer be supported in PHPUnit 12. Update your test code to use attributes instead.

   WARN  Metadata found in doc-comment for method Tests\Unit\IntentRoutingEngineTest::it_deletes_intent_routing(). Metadata in doc-comments is deprecated and will no longer be supported in PHPUnit 12. Update your test code to use attributes instead.

   WARN  Metadata found in doc-comment for method Tests\Unit\PayloadAdapterFactoryTest::it_adapts_payload_for_openai_format(). Metadata in doc-comments is deprecated and will no longer be supported in PHPUnit 12. Update your test code to use attributes instead.

   WARN  Metadata found in doc-comment for method Tests\Unit\PayloadAdapterFactoryTest::it_adapts_payload_for_anthropic_format(). Metadata in doc-comments is deprecated and will no longer be supported in PHPUnit 12. Update your test code to use attributes instead.

   WARN  Metadata found in doc-comment for method Tests\Unit\PayloadAdapterFactoryTest::it_adapts_payload_for_groq_format(). Metadata in doc-comments is deprecated and will no longer be supported in PHPUnit 12. Update your test code to use attributes instead.

   WARN  Metadata found in doc-comment for method Tests\Unit\PayloadAdapterFactoryTest::it_adapts_payload_for_gemini_format(). Metadata in doc-comments is deprecated and will no longer be supported in PHPUnit 12. Update your test code to use attributes instead.

   WARN  Metadata found in doc-comment for method Tests\Unit\PayloadAdapterFactoryTest::it_adapts_response_from_openai_format(). Metadata in doc-comments is deprecated and will no longer be supported in PHPUnit 12. Update your test code to use attributes instead.

   WARN  Metadata found in doc-comment for method Tests\Unit\PayloadAdapterFactoryTest::it_adapts_response_from_anthropic_format(). Metadata in doc-comments is deprecated and will no longer be supported in PHPUnit 12. Update your test code to use attributes instead.

   WARN  Metadata found in doc-comment for method Tests\Unit\PayloadAdapterFactoryTest::it_adapts_response_from_gemini_format(). Metadata in doc-comments is deprecated and will no longer be supported in PHPUnit 12. Update your test code to use attributes instead.

   WARN  Metadata found in doc-comment for method Tests\Unit\UsageTrackerTest::it_tracks_usage_for_a_provider(). Metadata in doc-comments is deprecated and will no longer be supported in PHPUnit 12. Update your test code to use attributes instead.

   WARN  Metadata found in doc-comment for method Tests\Unit\UsageTrackerTest::it_gets_usage_stats_for_a_provider(). Metadata in doc-comments is deprecated and will no longer be supported in PHPUnit 12. Update your test code to use attributes instead.

   WARN  Metadata found in doc-comment for method Tests\Unit\UsageTrackerTest::it_gets_usage_stats_for_a_model(). Metadata in doc-comments is deprecated and will no longer be supported in PHPUnit 12. Update your test code to use attributes instead.

   WARN  Metadata found in doc-comment for method Tests\Unit\UsageTrackerTest::it_gets_total_cost_for_a_provider(). Metadata in doc-comments is deprecated and will no longer be supported in PHPUnit 12. Update your test code to use attributes instead.

   WARN  Metadata found in doc-comment for method Tests\Unit\UsageTrackerTest::it_gets_total_cost_for_a_model(). Metadata in doc-comments is deprecated and will no longer be supported in PHPUnit 12. Update your test code to use attributes instead.

   WARN  Metadata found in doc-comment for method Tests\Feature\AiProviderTest::it_creates_a_new_provider(). Metadata in doc-comments is deprecated and will no longer be supported in PHPUnit 12. Update your test code to use attributes instead.

   WARN  Metadata found in doc-comment for method Tests\Feature\AiProviderTest::it_lists_all_providers(). Metadata in doc-comments is deprecated and will no longer be supported in PHPUnit 12. Update your test code to use attributes instead.

   WARN  Metadata found in doc-comment for method Tests\Feature\AiProviderTest::it_gets_a_specific_provider(). Metadata in doc-comments is deprecated and will no longer be supported in PHPUnit 12. Update your test code to use attributes instead.

   WARN  Metadata found in doc-comment for method Tests\Feature\AiProviderTest::it_updates_a_provider(). Metadata in doc-comments is deprecated and will no longer be supported in PHPUnit 12. Update your test code to use attributes instead.

   WARN  Metadata found in doc-comment for method Tests\Feature\AiProviderTest::it_deletes_a_provider(). Metadata in doc-comments is deprecated and will no longer be supported in PHPUnit 12. Update your test code to use attributes instead.

   WARN  Metadata found in doc-comment for method Tests\Feature\AiProviderTest::it_syncs_models_for_a_provider(). Metadata in doc-comments is deprecated and will no longer be supported in PHPUnit 12. Update your test code to use attributes instead.

   WARN  Metadata found in doc-comment for method Tests\Feature\AiProviderTest::it_tests_provider_connection_successfully_with_case_insensitive_headers(). Metadata in doc-comments is deprecated and will no longer be supported in PHPUnit 12. Update your test code to use attributes instead.

   WARN  Metadata found in doc-comment for method Tests\Feature\AiRequestTest::it_handles_an_ai_request_via_intent_routing(). Metadata in doc-comments is deprecated and will no longer be supported in PHPUnit 12. Update your test code to use attributes instead.

   WARN  Metadata found in doc-comment for method Tests\Feature\AiRequestTest::it_returns_error_for_unknown_intent(). Metadata in doc-comments is deprecated and will no longer be supported in PHPUnit 12. Update your test code to use attributes instead.

   WARN  Metadata found in doc-comment for method Tests\Feature\AiRequestTest::it_uses_fallback_when_primary_provider_fails(). Metadata in doc-comments is deprecated and will no longer be supported in PHPUnit 12. Update your test code to use attributes instead.

   WARN  Metadata found in doc-comment for method Tests\Feature\CircuitBreakerTest::it_executes_primary_callback_successfully(). Metadata in doc-comments is deprecated and will no longer be supported in PHPUnit 12. Update your test code to use attributes instead.

   WARN  Metadata found in doc-comment for method Tests\Feature\CircuitBreakerTest::it_falls_back_to_secondary_when_primary_fails(). Metadata in doc-comments is deprecated and will no longer be supported in PHPUnit 12. Update your test code to use attributes instead.

   WARN  Metadata found in doc-comment for method Tests\Feature\CircuitBreakerTest::it_returns_failure_when_all_providers_fail(). Metadata in doc-comments is deprecated and will no longer be supported in PHPUnit 12. Update your test code to use attributes instead.

   WARN  Metadata found in doc-comment for method Tests\Feature\CircuitBreakerTest::it_logs_rate_limit_exceptions_and_tries_fallback(). Metadata in doc-comments is deprecated and will no longer be supported in PHPUnit 12. Update your test code to use attributes instead.

   WARN  Metadata found in doc-comment for method Tests\Feature\CostAnalyticsTest::forecast_endpoint_returns_valid_structure(). Metadata in doc-comments is deprecated and will no longer be supported in PHPUnit 12. Update your test code to use attributes instead.

   WARN  Metadata found in doc-comment for method Tests\Feature\CostAnalyticsTest::forecast_status_is_healthy_when_no_budget_set(). Metadata in doc-comments is deprecated and will no longer be supported in PHPUnit 12. Update your test code to use attributes instead.

   WARN  Metadata found in doc-comment for method Tests\Feature\CostAnalyticsTest::set_budget_endpoint_requires_monthly_limit(). Metadata in doc-comments is deprecated and will no longer be supported in PHPUnit 12. Update your test code to use attributes instead.

   WARN  Metadata found in doc-comment for method Tests\Feature\CostAnalyticsTest::set_budget_endpoint_creates_budget(). Metadata in doc-comments is deprecated and will no longer be supported in PHPUnit 12. Update your test code to use attributes instead.

   WARN  Metadata found in doc-comment for method Tests\Feature\CostAnalyticsTest::audit_trail_endpoint_returns_list(). Metadata in doc-comments is deprecated and will no longer be supported in PHPUnit 12. Update your test code to use attributes instead.

   WARN  Metadata found in doc-comment for method Tests\Feature\SemanticCacheTest::it_returns_null_for_cache_miss(). Metadata in doc-comments is deprecated and will no longer be supported in PHPUnit 12. Update your test code to use attributes instead.

   WARN  Metadata found in doc-comment for method Tests\Feature\SemanticCacheTest::it_returns_cached_result_after_put(). Metadata in doc-comments is deprecated and will no longer be supported in PHPUnit 12. Update your test code to use attributes instead.

   WARN  Metadata found in doc-comment for method Tests\Feature\SemanticCacheTest::it_distinguishes_different_prompts(). Metadata in doc-comments is deprecated and will no longer be supported in PHPUnit 12. Update your test code to use attributes instead.

   WARN  Metadata found in doc-comment for method Tests\Feature\SemanticCacheTest::it_returns_same_cache_key_for_identical_params_different_order(). Metadata in doc-comments is deprecated and will no longer be supported in PHPUnit 12. Update your test code to use attributes instead.

   PASS  Tests\Unit\ActionTest
  ✓ agent execute action returns success result                                                                  1.00s  
  ✓ agent execute action handles reflection agent                                                                0.05s  
  ✓ agent execute action handles team agent                                                                      0.06s  
  ✓ agent execute action handles specialized agent                                                               0.05s  
  ✓ agent execute action handles supervisor agent                                                                0.05s  
  ✓ agent execute action validates required context                                                              0.05s  
  ✓ workflow execute action runs all steps                                                                       0.09s  
  ✓ workflow execute action handles condition step                                                               0.07s  
  ✓ workflow execute action handles delay step                                                                   0.04s  
  ✓ workflow execute action handles agent step                                                                   0.04s  
  ✓ task cancel action stops running task                                                                        0.07s  
  ✓ task pause action pauses running task                                                                        0.05s  
  ✓ task resume action resumes paused task                                                                       0.06s  
  ✓ task complete action marks task completed                                                                    0.06s  
  ✓ task fail action marks task failed                                                                           0.04s  
  ✓ memory store action creates memory                                                                           0.05s  
  ✓ memory search action filters by type                                                                         0.06s  
  ✓ contact create action persists contact                                                                       0.04s  
  ✓ contact update action modifies contact                                                                       0.04s  
  ✓ contact delete action soft deletes contact                                                                   0.05s  
  ✓ setting set action updates value                                                                             0.03s  
  ✓ setting get action returns typed value                                                                       0.04s  
  ✓ log info action creates log entry                                                                            0.04s  
  ✓ log error action creates log entry                                                                           0.04s  
  ✓ log debug action creates log entry                                                                           0.06s  

   PASS  Tests\Unit\CircuitBreakerTest
  ✓ it allows request when closed                                                                                0.10s  
  ✓ it opens after consecutive failures                                                                          0.08s  
  ✓ it half opens after timeout and closes on success                                                            2.05s  
  ✓ it half opens and reopens on failure                                                                         2.06s  
  ✓ it gets status                                                                                               0.08s  

   PASS  Tests\Unit\DynamicProviderRegistryTest
  ✓ it gets provider configuration                                                                               0.14s  
  ✓ it returns null for inactive provider                                                                        0.07s  
  ✓ it registers a new provider                                                                                  0.07s  
  ✓ it syncs models for a provider                                                                               0.16s  

   PASS  Tests\Unit\EncryptedApiKeyStorageTest
  ✓ it stores and retrieves encrypted api key                                                                    0.09s  
  ✓ it returns null for nonexistent provider key                                                                 0.07s  
  ✓ it checks if key exists for provider                                                                         0.06s  
  ✓ it updates existing api key                                                                                  0.06s  
  ✓ it deactivates api key                                                                                       0.06s  

   PASS  Tests\Unit\ExampleTest
  ✓ that true is true                                                                                            0.01s  

   PASS  Tests\Unit\HedraSoul\ApprovalInboxServiceTest
  ✓ create produces pending request                                                                              0.06s  
  ✓ approve sets approved status                                                                                 0.12s  
  ✓ approve dispatches job                                                                                       0.07s  
  ✓ reject sets rejected status                                                                                  0.09s  
  ✓ reject does not dispatch job                                                                                 0.09s  
  ✓ defer sets deferred status                                                                                   0.08s  
  ✓ defer schedules reminder job                                                                                 0.07s  
  ✓ get pending approvals                                                                                        0.10s  
  ✓ get approvals with status filter                                                                             0.08s  
  ✓ get approval by id                                                                                           0.08s  
  ✓ approve preserves decision notes                                                                             0.09s  
  ✓ reject preserves decision notes                                                                              0.10s  
  ✓ multiple approval cycles                                                                                     0.09s  

   PASS  Tests\Unit\HedraSoul\HedraMemoryServiceTest
  ✓ suggest from message creates pending                                                                         0.12s  
  ✓ approve sets approved status                                                                                 0.09s  
  ✓ approve creates single fact                                                                                  0.08s  
  ✓ reject sets rejected status                                                                                  0.08s  
  ✓ reject creates no fact                                                                                       0.10s  
  ✓ create fact directly                                                                                         0.08s  
  ✓ update fact creates version                                                                                  0.07s  
  ✓ delete fact                                                                                                  0.08s  
  ✓ search finds facts                                                                                           0.07s  
  ✓ get pending suggestions                                                                                      0.05s  
  ✓ get facts returns approved                                                                                   0.05s  
  ✓ get facts with type filter                                                                                   0.06s  
  ✓ pbt 100 random suggestions facts only for approved                                                           0.29s  
  ✓ memory type classification                                                                                   0.05s  
  ✓ approve creates version record                                                                               0.06s  
  ✓ multiple suggestion cycles                                                                                   0.05s  

   PASS  Tests\Unit\HedraSoul\MessageServiceTest
  ✓ it stores a message                                                                                          0.09s  

   PASS  Tests\Unit\HedraSoul\SessionServiceTest
  ✓ it creates a new session                                                                                     0.05s  
  ✓ it retrieves current session                                                                                 0.05s  

   PASS  Tests\Unit\HedraSoul\SoulyActionPolicyServiceTest
  ✓ chat only blocks write actions                                                                               0.06s  
  ✓ chat only allows read actions                                                                                0.06s  
  ✓ copilot mode enforcement                                                                                     0.06s  
  ✓ operator mode enforcement                                                                                    0.06s  
  ✓ autopilot limited mode enforcement                                                                           0.05s  
  ✓ emergency paused blocks all                                                                                  0.06s  
  ✓ quarantine blocks all intents                                                                                0.07s  
  ✓ blocked action returns explanation                                                                           0.06s  
  ✓ 100 random mode risk combinations                                                                            0.19s  
  ✓ policy result always has required fields                                                                     0.09s  
  ✓ allowed action returns explanation                                                                           0.08s  

   PASS  Tests\Unit\HedraSoul\SoulyCommandRouterTest
  ✓ plain question returns answer intent                                                                         0.08s  
  ✓ draft intent classification                                                                                  0.06s  
  ✓ create task intent classification                                                                            0.08s  
  ✓ execute agent intent classification                                                                          0.09s  
  ✓ start workflow intent classification                                                                         0.07s  
  ✓ schedule work intent classification                                                                          0.06s  
  ✓ open approval intent classification                                                                          0.08s  
  ✓ update profile intent classification                                                                         0.07s  
  ✓ suggest memory intent classification                                                                         0.08s  
  ✓ suggest setting intent classification                                                                        0.08s  
  ✓ notify intent classification                                                                                 0.09s  
  ✓ risk levels match intent types                                                                               0.12s  
  ✓ policy service invoked and result included                                                                   0.09s  
  ✓ command intent contains all required fields                                                                  0.07s  

   WARN  Tests\Unit\HedraSoul\SoulyContextAssemblerTest
  ✓ snapshot includes all required sections                                                                      0.14s  
  ✓ token estimate calculation                                                                                   0.08s  
  ✓ old messages removed when over budget                                                                        0.14s  
  ! excluded items contains keys and reasons → This test did not perform any assertions                          0.15s  
  ✓ context snapshot record persisted                                                                            0.09s  
  ✓ snapshot contains instruction content                                                                        0.10s  
  ✓ snapshot includes recent messages                                                                            0.11s  
  ✓ snapshot includes injected facts                                                                             0.11s  
  ✓ snapshot includes tool permissions                                                                           0.10s  
  ✓ snapshot risk classification                                                                                 0.08s  

   PASS  Tests\Unit\HedraSoul\SoulyInstructionVersionServiceTest
  ✓ create draft produces draft status                                                                           0.09s  
  ✓ create draft increments version number                                                                       0.08s  
  ✓ activate sets version to active                                                                              0.10s  
  ✓ activate archives previous active                                                                            0.09s  
  ✓ rollback activates prior version                                                                             0.10s  
  ✓ test sandbox returns response                                                                                0.09s  
  ✓ test sandbox persists no side effects                                                                        0.11s  
  ✓ pbt activate maintains single active version                                                                 0.38s  
  ✓ diff returns version info                                                                                    0.08s  
  ✓ get versions returns all                                                                                     0.10s  
  ✓ get versions with status filter                                                                              0.10s  
  ✓ get active returns current active                                                                            0.09s  
  ✓ activate updates runtime profile                                                                             0.10s  
  ✓ rollback complex scenario                                                                                    0.09s  
  ✓ version numbers always increase                                                                              0.08s  
  ✓ content preserved through lifecycle                                                                          0.08s  

   PASS  Tests\Unit\IntentRoutingEngineTest
  ✓ it resolves intent to provider and model                                                                     0.09s  
  ✓ it returns null for unknown intent                                                                           0.06s  
  ✓ it gets fallback options                                                                                     0.08s  
  ✓ it creates or updates intent routing                                                                         0.10s  
  ✓ it deletes intent routing                                                                                    0.08s  

   PASS  Tests\Unit\LogServiceTest
  ✓ log creates record                                                                                           0.08s  
  ✓ log with all levels                                                                                          0.10s  
  ✓ log with related entity                                                                                      0.07s  
  ✓ log with context                                                                                             0.08s  
  ✓ get stats                                                                                                    0.08s  
  ✓ get levels                                                                                                   0.07s  
  ✓ get channels                                                                                                 0.07s  
  ✓ get errors                                                                                                   0.08s  
  ✓ get by id                                                                                                    0.07s  
  ✓ delete                                                                                                       0.10s  
  ✓ delete nonexistent returns false                                                                             0.06s  
  ✓ by channel                                                                                                   0.06s  
  ✓ clear old logs                                                                                               0.07s  
  ✓ log related helper                                                                                           0.08s  

   PASS  Tests\Unit\ModelTest
  ✓ agent has correct fillable attributes                                                                        0.09s  
  ✓ agent has correct casts                                                                                      0.07s  
  ✓ agent default status is idle                                                                                 0.07s  
  ✓ agent default is active is true                                                                              0.06s  
  ✓ agent type constants exist                                                                                   0.07s  
  ✓ agent status constants exist                                                                                 0.05s  
  ✓ agent can be created with factory                                                                            0.06s  
  ✓ agent has tools relationship                                                                                 0.09s  
  ✓ agent has skills relationship                                                                                0.08s  
  ✓ agent has tasks relationship                                                                                 0.07s  
  ✓ agent active tools returns only active                                                                       0.09s  
  ✓ agent is running returns true when running                                                                   0.08s  
  ✓ agent is idle returns true when idle                                                                         0.09s  
  ✓ agent has error returns true when error                                                                      0.07s  
  ✓ agent get success rate returns zero when no executions                                                       0.06s  
  ✓ agent get success rate calculates correctly                                                                  0.09s  
  ✓ agent increment execution updates counters                                                                   0.10s  
  ✓ agent record success updates status                                                                          0.07s  
  ✓ agent record error updates status                                                                            0.08s  
  ✓ agent scope by type filters correctly                                                                        0.08s  
  ✓ agent scope active filters correctly                                                                         0.07s  
  ✓ agent type label attribute                                                                                   0.06s  
  ✓ agent status label attribute                                                                                 0.08s  
  ✓ workflow has correct fillable attributes                                                                     0.08s  
  ✓ workflow has correct casts                                                                                   0.08s  
  ✓ workflow default status is draft                                                                             0.11s  
  ✓ workflow default trigger type is manual                                                                      0.07s  
  ✓ workflow status constants exist                                                                              0.08s  
  ✓ workflow trigger constants exist                                                                             0.10s  
  ✓ workflow can be created with factory                                                                         0.09s  
  ✓ workflow has tasks relationship                                                                              0.09s  
  ✓ workflow is running returns true when running                                                                0.07s  
  ✓ workflow is draft returns true when draft                                                                    0.10s  
  ✓ workflow can execute returns true for draft active workflow                                                  0.07s  
  ✓ workflow can execute returns false when inactive                                                             0.09s  
  ✓ workflow get success rate calculates correctly                                                               0.08s  
  ✓ workflow progress attribute calculates correctly                                                             0.07s  
  ✓ workflow progress returns zero for empty steps                                                               0.08s  
  ✓ workflow total steps attribute                                                                               0.09s  
  ✓ workflow completed steps attribute                                                                           0.08s  
  ✓ workflow scope by status filters correctly                                                                   0.10s  
  ✓ workflow scope active filters correctly                                                                      0.09s  
  ✓ workflow status label attribute                                                                              0.07s  
  ✓ workflow trigger type label attribute                                                                        0.08s  
  ✓ setting has correct fillable attributes                                                                      0.09s  
  ✓ setting has correct casts                                                                                    0.11s  
  ✓ setting type constants exist                                                                                 0.09s  
  ✓ setting group constants exist                                                                                0.07s  
  ✓ setting can be created with factory                                                                          0.07s  
  ✓ setting get typed value returns boolean                                                                      0.08s  
  ✓ setting get typed value returns integer                                                                      0.09s  
  ✓ setting get typed value returns json                                                                         0.08s  
  ✓ setting scope by group filters correctly                                                                     0.10s  
  ✓ setting scope public filters correctly                                                                       0.07s  
  ✓ setting group label attribute                                                                                0.07s  
  ✓ contact has correct fillable attributes                                                                      0.08s  
  ✓ contact type constants exist                                                                                 0.09s  
  ✓ contact can be created with factory                                                                          0.08s  
  ✓ contact has conversations relationship                                                                       0.11s  
  ✓ contact has notes relationship                                                                               0.09s  
  ✓ contact has memories relationship                                                                            0.09s  
  ✓ contact scope of type filters correctly                                                                      0.09s  
  ✓ contact scope search filters by name                                                                         0.10s  
  ✓ contact scope search filters by email                                                                        0.11s  
  ✓ contact type label attribute                                                                                 0.10s  
  ✓ contact get available types returns all types                                                                0.08s  
  ✓ memory has correct fillable attributes                                                                       0.09s  
  ✓ memory has correct casts                                                                                     0.09s  
  ✓ memory belongs to contact                                                                                    0.11s  
  ✓ memory belongs to conversation                                                                               0.08s  
  ✓ message has correct fillable attributes                                                                      0.08s  
  ✓ message has correct casts                                                                                    0.07s  
  ✓ message belongs to conversation                                                                              0.08s  
  ✓ conversation has correct fillable attributes                                                                 0.07s  
  ✓ conversation has correct casts                                                                               0.09s  
  ✓ conversation belongs to contact                                                                              0.09s  
  ✓ conversation belongs to topic                                                                                0.09s  
  ✓ conversation has messages relationship                                                                       0.08s  
  ✓ conversation has sessions relationship                                                                       0.09s  
  ✓ base model has common casts                                                                                  0.07s  
  ✓ base model generates uuid                                                                                    0.07s  
  ✓ base model scope by status single status                                                                     0.09s  
  ✓ base model scope by status array status                                                                      0.09s  
  ✓ base model scope active filters correctly                                                                    0.07s  
  ✓ base model scope inactive filters correctly                                                                  0.07s  

   PASS  Tests\Unit\PayloadAdapterFactoryTest
  ✓ it adapts payload for openai format                                                                          0.23s  
  ✓ it adapts payload for anthropic format                                                                       0.08s  
  ✓ it adapts payload for groq format                                                                            0.09s  
  ✓ it adapts payload for gemini format                                                                          0.09s  
  ✓ it adapts response from openai format                                                                        0.08s  
  ✓ it adapts response from anthropic format                                                                     0.09s  
  ✓ it adapts response from gemini format                                                                        0.08s  

   PASS  Tests\Unit\ServiceTest
  ✓ agent lifecycle initialize sets running status                                                               0.09s  
  ✓ agent lifecycle transition to valid status                                                                   0.06s  
  ✓ agent lifecycle transition to invalid status throws exception                                                0.06s  
  ✓ agent lifecycle idle sets idle status                                                                        0.09s  
  ✓ agent lifecycle pause sets paused status                                                                     0.09s  
  ✓ agent lifecycle resume sets running status                                                                   0.12s  
  ✓ agent lifecycle complete records success                                                                     0.10s  
  ✓ agent lifecycle fail records error                                                                           0.12s  
  ✓ agent lifecycle can transition returns true for valid                                                        0.09s  
  ✓ agent lifecycle can transition returns false for invalid                                                     0.08s  
  ✓ agent lifecycle get available transitions                                                                    0.09s  
  ✓ agent lifecycle get lifecycle state                                                                          0.11s  
  ✓ agent configuration load returns merged config                                                               0.11s  
  ✓ agent configuration get returns specific value                                                               0.10s  
  ✓ agent configuration get returns default for missing                                                          0.10s  
  ✓ agent configuration set updates setting                                                                      0.10s  
  ✓ agent configuration update bulk updates settings                                                             0.09s  
  ✓ agent configuration reset restores defaults                                                                  0.12s  
  ✓ agent configuration validate returns errors for missing required                                             0.09s  
  ✓ agent configuration validate returns errors for wrong type                                                   0.08s  
  ✓ agent configuration get default config                                                                       0.07s  
  ✓ agent registry resolve returns agent instance                                                                0.08s  
  ✓ agent registry resolve throws for unknown type                                                               0.08s  
  ✓ agent registry has returns true for registered type                                                          0.10s  
  ✓ agent registry has returns false for unknown type                                                            0.08s  
  ✓ agent registry register adds new type                                                                        0.08s  
  ✓ agent registry all returns all types                                                                         0.07s  
  ✓ agent registry get registered types                                                                          0.08s  
  ✓ agent registry get agent class                                                                               0.07s  
  ✓ agent registry clear cache resets instances                                                                  0.08s  
  ✓ agent tool registry register adds tool                                                                       0.08s  
  ✓ agent tool registry get returns tool definition                                                              0.09s  
  ✓ agent tool registry get returns null for missing                                                             0.09s  
  ✓ agent tool registry execute with callback                                                                    0.08s  
  ✓ agent tool registry execute without callback uses default                                                    0.08s  
  ✓ agent tool registry execute throws for missing tool                                                          0.07s  
  ✓ agent tool registry validate parameters throws for missing required                                          0.08s  
  ✓ agent tool registry register from model                                                                      0.07s  
  ✓ agent tool registry unregister removes tool                                                                  0.09s  
  ✓ agent tool registry clear removes all tools                                                                  0.09s  
  ✓ agent tool executor execute tool success                                                                     0.08s  
  ✓ agent tool executor execute tool not found                                                                   0.07s  
  ✓ agent tool executor execute tools multiple                                                                   0.09s  
  ✓ agent tool executor execute tools missing name                                                               0.08s  
  ✓ agent tool executor get execution history                                                                    0.08s  
  ✓ agent tool executor clear history                                                                            0.09s  
  ✓ agent tool executor get success rate                                                                         0.10s  
  ✓ agent skill library register adds skill                                                                      0.08s  
  ✓ agent skill library get returns skill definition                                                             0.10s  
  ✓ agent skill library get by category filters correctly                                                        0.08s  
  ✓ agent skill library execute with callback                                                                    0.08s  
  ✓ agent skill library execute throws for missing skill                                                         0.08s  
  ✓ agent skill library register from model                                                                      0.11s  
  ✓ agent skill library search finds skill by name                                                               0.11s  
  ✓ agent skill library clear removes all skills                                                                 0.09s  
  ✓ mcp integration service register server                                                                      0.08s  
  ✓ mcp integration service get server                                                                           0.10s  
  ✓ mcp integration service connect returns success                                                              0.12s  
  ✓ mcp integration service connect throws for disabled server                                                   0.08s  
  ✓ mcp integration service disconnect                                                                           0.09s  
  ✓ mcp integration service list tools                                                                           0.11s  
  ✓ mcp integration service call tool                                                                            0.09s  
  ✓ mcp integration service attach to agent                                                                      0.09s  
  ✓ mcp integration service detach from agent                                                                    0.08s  
  ✓ mcp integration service get agent servers                                                                    0.08s  
  ✓ mcp integration service unregister                                                                           0.08s  
  ✓ mcp integration service clear                                                                                0.09s  

   PASS  Tests\Unit\UsageTrackerTest
  ✓ it tracks usage for a provider                                                                               0.22s  
  ✓ it gets usage stats for a provider                                                                           0.10s  
  ✓ it gets usage stats for a model                                                                              0.14s  
  ✓ it gets total cost for a provider                                                                            0.10s  
  ✓ it gets total cost for a model                                                                               0.12s  

   FAIL  Tests\Feature\AIInteractionTest
  ⨯ ai model execute returns response structure                                                                  0.11s  
  ⨯ ai model execute with fallback chain                                                                         0.17s  
  ⨯ ai model select by criteria                                                                                  0.10s  
  ⨯ ai model cost optimization                                                                                   0.10s  
  ⨯ ai model quality routing                                                                                     0.11s  
  ⨯ ai model speed routing                                                                                       0.09s  
  ⨯ agent execute with ai model                                                                                  0.12s  

   FAIL  Tests\Feature\AgentUpdateTest
  ⨯ agent update merges settings                                                                                 0.15s  

   PASS  Tests\Feature\AiProviderTest
  ✓ it creates a new provider                                                                                    0.16s  
  ✓ it lists all providers                                                                                       0.13s  
  ✓ it gets a specific provider                                                                                  0.08s  
  ✓ it updates a provider                                                                                        0.09s  
  ✓ it deletes a provider                                                                                        0.08s  
  ✓ it syncs models for a provider                                                                               0.12s  
  ✓ it tests provider connection successfully with case insensitive headers                                      0.12s  

   PASS  Tests\Feature\AiRequestTest
  ✓ it handles an ai request via intent routing                                                                  0.12s  
  ✓ it returns error for unknown intent                                                                          0.12s  
  ✓ it uses fallback when primary provider fails                                                                 0.13s  

   FAIL  Tests\Feature\ApiTest
  ✓ api requires authentication for protected routes                                                             0.17s  
  ✓ api allows access with valid token                                                                           0.14s  
  ✓ api returns json content type                                                                                0.11s  
  ✓ api returns consistent error format                                                                          0.11s  
  ⨯ api paginates index responses                                                                                0.20s  
  ✓ api filters agents by type                                                                                   0.11s  
  ✓ api filters workflows by status                                                                              0.14s  
  ⨯ api searches contacts by name                                                                                0.22s  
  ✓ api enforces rate limits                                                                                     0.77s  
  ✓ api handles cors preflight                                                                                   0.17s  
  ⨯ api health endpoint returns status                                                                           0.10s  

   FAIL  Tests\Feature\AsyncEngineFlowTest
  ⨯ webhook endpoint dispatches ai inference job                                                                 0.22s  
  ✓ memory index endpoint dispatches extract memory job                                                          0.18s  

   PASS  Tests\Feature\CircuitBreakerTest
  ✓ it executes primary callback successfully                                                                    0.10s  
  ✓ it falls back to secondary when primary fails                                                                0.12s  
  ✓ it returns failure when all providers fail                                                                   0.11s  
  ✓ it logs rate limit exceptions and tries fallback                                                             0.20s  

   FAIL  Tests\Feature\Console\MonitorReverbHealthCommandTest
  ⨯ monitor reverb health command returns success when reverb is healthy                                         2.22s  
  ⨯ monitor reverb health command reports failure when reverb is unhealthy                                       2.16s  

   FAIL  Tests\Feature\Console\MonitorSettingsHealthCommandTest
  ✓ monitor settings health command executes                                                                     0.11s  
  ✓ monitor settings health command handles failures                                                             0.13s  
  ⨯ settings health check is scheduled                                                                           0.10s  

   FAIL  Tests\Feature\ContactAnalyticsTest
  ⨯ contact analytics returns time series and counts                                                             0.15s  

   FAIL  Tests\Feature\ContactImportAndMessagesTest
  ⨯ whatsapp txt preview and commit create messages                                                              0.20s  
  ⨯ message routes filter search and source specific views                                                       0.15s  
  ⨯ facebook import and rollback                                                                                 0.19s  
  ⨯ contacthub supporting vnext endpoints                                                                        0.17s  

   FAIL  Tests\Feature\ContactIntelligenceTest
  ⨯ successful analysis populates evidence references and source message ids                                     0.22s  
  ⨯ ai failure marks run failed without writing findings                                                         0.15s  
  ⨯ evidence references include message details                                                                  0.11s  
  ⨯ all finding types have independent evidence                                                                  0.12s  
  ⨯ empty message body excludes from evidence                                                                    0.10s  
  ⨯ one finding failure does not abort entire run                                                                0.09s  

   PASS  Tests\Feature\ContactPhase2Test
  ✓ stats endpoint returns expected keys                                                                         0.17s  
  ✓ get global reply mode defaults to manual                                                                     0.13s  
  ✓ set global reply mode to copilot                                                                             0.20s  
  ✓ set global reply mode to autopilot returns warning flag                                                      0.15s  
  ✓ set global reply mode rejects invalid mode                                                                   0.14s  
  ✓ get contact reply mode inherits global                                                                       0.13s  
  ✓ set contact reply mode override                                                                              0.19s  
  ✓ clear contact reply mode override                                                                            0.19s  

   PASS  Tests\Feature\ContactServicesTest
  ✓ identity resolver resolves correctly                                                                         0.14s  
  ✓ profile assembler builds complete profile                                                                    0.15s  
  ✓ audit service logs events                                                                                    0.11s  
  ✓ privacy service erases and exports                                                                           0.16s  
  ✓ analytics service gets metrics                                                                               0.15s  

   FAIL  Tests\Feature\ContactsHubTest
  ✓ contact crud and search workflow                                                                             0.28s  
  ✓ contact import export endpoints                                                                              0.14s  
  ✓ contact upsert with identifiers updates existing contact                                                     0.17s  
  ⨯ contact merge and erase and enrich workflows                                                                 0.19s  
  ✓ contact analytics and related endpoints                                                                      0.13s  
  ✓ contact subresource endpoints work                                                                           0.18s  

   FAIL  Tests\Feature\ControllerTest
  ⨯ agent controller index returns paginated results                                                             0.15s  
  ✓ agent controller store creates new agent                                                                     0.13s  
  ⨯ agent controller execute starts agent                                                                        0.13s  
  ✓ workflow controller store creates new workflow                                                               0.14s  
  ⨯ workflow controller execute runs workflow                                                                    0.10s  
  ⨯ task controller store creates and enqueues task                                                              0.13s  
  ✓ task controller cancel updates status                                                                        0.11s  
  ⨯ memory controller store working memory                                                                       0.10s  
  ✓ memory controller store episodic memory                                                                      0.14s  
  ⨯ setting controller store creates setting                                                                     0.12s  
  ⨯ log controller stats returns statistics                                                                      0.13s  
  ✓ ai model controller store creates model                                                                      0.10s  
  ✓ contact controller import creates multiple contacts                                                          0.15s  

   FAIL  Tests\Feature\ConversationHubTest
  ⨯ conversation messages payload contains channel thread and metadata                                           0.13s  
  ⨯ send message accepts channel thread and metadata                                                             0.11s  

   PASS  Tests\Feature\CostAnalyticsTest
  ✓ forecast endpoint returns valid structure                                                                    0.13s  
  ✓ forecast status is healthy when no budget set                                                                0.16s  
  ✓ set budget endpoint requires monthly limit                                                                   0.17s  
  ✓ set budget endpoint creates budget                                                                           0.24s  
  ✓ audit trail endpoint returns list                                                                            0.19s  

   FAIL  Tests\Feature\DashboardTest
  ⨯ dashboard stats endpoint returns aggregated data                                                             0.20s  
  ✓ dashboard stats are cached                                                                                   0.18s  
  ✓ dashboard health returns service statuses                                                                    0.13s  
  ✓ dashboard activity feed returns paginated logs                                                               0.16s  
  ⨯ job retry endpoint requeues job                                                                              0.16s  
  ⨯ proactive ai suggestions actions                                                                             0.14s  

   PASS  Tests\Feature\DatabaseModelsTest
  ✓ phase two tables exist                                                                                       0.14s  
  ✓ conversation sessions table has expected columns                                                             0.13s  

   FAIL  Tests\Feature\ErrorHandlingTest
  ⨯ agent creation validates required fields                                                                     0.18s  
  ⨯ workflow creation validates required steps                                                                   0.16s  
  ⨯ memory creation validates type                                                                               0.11s  
  ⨯ agent not found returns 404                                                                                  0.16s  
  ⨯ workflow not found returns 404                                                                               0.15s  
  ⨯ contact not found returns 404                                                                                0.13s  
  ⨯ agent already running returns conflict                                                                       0.27s  
  ⨯ workflow already running returns conflict                                                                    0.49s  
  ⨯ invalid json returns 400                                                                                     0.22s  
  ⨯ memory service unavailable returns error                                                                     0.20s  
  ⨯ error responses have consistent format                                                                       0.18s  
  ! server errors have message and error fields → This test did not perform any assertions                       0.18s  

   FAIL  Tests\Feature\EventTest
  ⨯ contact created event is dispatched                                                                          0.15s  
  ⨯ message received event is dispatched                                                                         0.13s  
  ⨯ memory indexed event is dispatched after episodic memory store                                               0.20s  
  ⨯ workflow started event is dispatched                                                                         0.13s  
  ⨯ workflow completed event is dispatched                                                                       0.16s  
  ⨯ agent executed event is dispatched                                                                           0.18s  

   FAIL  Tests\Feature\ExampleTest
  ⨯ the application returns a successful response                                                                0.18s  

   FAIL  Tests\Feature\HedraSoul\HedraSoulApiTest
  ⨯ it can get current session                                                                                   0.14s  
  ⨯ it can post a message                                                                                        0.12s  

   FAIL  Tests\Feature\HedraSoul\HedraSoulApprovalsApiTest
  ⨯ post approve sets approved status and metadata                                                               0.18s  
  ⨯ execute souly command job is dispatched on approve                                                           0.13s  
  ⨯ post reject sets rejected status no job dispatch                                                             0.13s  
  ⨯ post defer sets deferred status                                                                              0.20s  
  ⨯ dispatch approval reminder job is scheduled on defer                                                         0.15s  
  ⨯ get approvals returns list with status filter                                                                0.16s  
  ⨯ get approvals returns full list                                                                              0.15s  
  ⨯ get approval detail returns full data                                                                        0.13s  
  ⨯ post approve returns 401 without auth                                                                        0.14s  
  ⨯ post reject returns 401 without auth                                                                         0.27s  
  ⨯ post defer returns 401 without auth                                                                          0.22s  
  ⨯ get approvals returns 401 without auth                                                                       0.29s  
  ⨯ get approval detail returns 401 without auth                                                                 0.18s  

   FAIL  Tests\Feature\HedraSoul\HedraSoulInstructionsApiTest
  ⨯ post instructions creates draft and returns 201                                                              0.20s  
  ⨯ post activate sets active and archives previous                                                              0.15s  
  ⨯ post activate returns 202 when autonomy expands                                                              0.20s  
  ⨯ post rollback restores prior version                                                                         0.11s  
  ⨯ post test returns response no side effects                                                                   0.13s  
  ⨯ get instructions returns list                                                                                0.14s  
  ⨯ get instruction by id returns version and diff                                                               0.11s  
  ⨯ patch instruction updates draft                                                                              0.09s  
  ⨯ patch instruction cannot update active version                                                               0.16s  
  ⨯ instructions endpoints return 401 without auth                                                               0.12s  

   FAIL  Tests\Feature\HedraSoul\HedraSoulMemoriesApiTest
  ⨯ post memory approve sets approved status                                                                     0.12s  
  ⨯ post memory approve creates profile fact                                                                     0.10s  
  ⨯ post memory reject sets rejected status                                                                      0.10s  
  ⨯ post memory reject creates no fact                                                                           0.14s  
  ⨯ get memories returns facts and suggestions                                                                   0.11s  
  ⨯ get memories supports status filter                                                                          0.12s  
  ⨯ get memories supports type filter                                                                            0.12s  
  ⨯ post memory creates fact directly and returns 201                                                            0.12s  
  ⨯ patch memory updates fact                                                                                    0.17s  
  ⨯ post memory maintenance rebuild embeddings                                                                   0.14s  
  ⨯ post memory maintenance prune stale                                                                          0.14s  
  ⨯ post memory approve returns 401 without auth                                                                 0.14s  
  ⨯ post memory reject returns 401 without auth                                                                  0.17s  
  ⨯ get memories returns 401 without auth                                                                        0.11s  
  ⨯ post memory returns 401 without auth                                                                         0.18s  
  ⨯ patch memory returns 401 without auth                                                                        0.13s  
  ⨯ post memory maintenance returns 401 without auth                                                             0.12s  

   FAIL  Tests\Feature\HedraSoul\HedraSoulMessageApiTest
  ⨯ post message saves record and returns 202
  ⨯ process hedrasoul message job is dispatched
  ⨯ get session messages returns paginated messages
  ⨯ get message trace returns trace or 404
  ⨯ get message trace returns 404 when trace not found
  ⨯ get message context returns context snapshot or 404
  ⨯ get message context returns 404 when context not found
  ⨯ post message returns 401 without auth
  ⨯ get session messages returns 401 without auth
  ⨯ get message trace returns 401 without auth
  ⨯ get message context returns 401 without auth

   FAIL  Tests\Feature\HedraSoul\HedraSoulSessionApiTest
  ⨯ post hedrasoul sessions creates session and returns 201                                                      0.14s  
  ⨯ get hedrasoul sessions returns paginated list for user                                                       0.12s  
  ⨯ get hedrasoul session by id returns data or 404                                                              0.10s  
  ✓ get hedrasoul session with invalid id returns 404                                                            0.10s  
  ⨯ patch hedrasoul session updates title and returns 200                                                        0.09s  
  ⨯ post hedrasoul session archive sets status archived and returns 200                                          0.10s  
  ⨯ get hedrasoul sessions returns 401 without auth                                                              0.16s  
  ⨯ post hedrasoul sessions returns 401 without auth                                                             0.13s  
  ⨯ get hedrasoul session by id returns 401 without auth                                                         0.10s  
  ⨯ patch hedrasoul session returns 401 without auth                                                             0.10s  
  ⨯ post hedrasoul session archive returns 401 without auth                                                      0.13s  

   FAIL  Tests\Feature\HedraSoul\HedraSoulSoulyControlApiTest
  ⨯ post quarantine sets quarantine true returns 200                                                             0.13s  
  ⨯ post resume sets quarantine false returns 200                                                                0.10s  
  ⨯ patch autonomy updates mode                                                                                  0.10s  
  ⨯ patch autonomy broadcasts event                                                                              0.09s  
  ⨯ patch model with valid id updates and returns 200                                                            0.16s  
  ⨯ patch model with invalid id returns 422                                                                      0.12s  
  ⨯ get status returns runtime profile 200                                                                       0.11s  
  ⨯ post simulate returns result without side effects                                                            0.12s  
  ⨯ post quarantine returns 401 without auth                                                                     0.14s  
  ⨯ post resume returns 401 without auth                                                                         0.16s  
  ⨯ patch autonomy returns 401 without auth                                                                      0.12s  
  ⨯ patch model returns 401 without auth                                                                         0.16s  
  ⨯ get status returns 401 without auth                                                                          0.13s  
  ⨯ post simulate returns 401 without auth                                                                       0.12s  
  ⨯ patch autonomy with invalid mode returns 422                                                                 0.13s  
  ⨯ patch autonomy accepts all valid modes                                                                       0.11s  

   FAIL  Tests\Feature\Http\AgentsHubTest
  ✓ index returns paginated agent list                                                                           0.16s  
  ✓ index filters by status                                                                                      0.12s  
  ✓ index filters by type                                                                                        0.14s  
  ✓ index searches by name                                                                                       0.12s  
  ✓ store creates agent with valid payload                                                                       0.12s  
  ✓ store rejects missing required fields                                                                        0.13s  
  ✓ store rejects duplicate key                                                                                  0.17s  
  ✓ store rejects invalid type                                                                                   0.12s  
  ✓ show returns agent with relations                                                                            0.12s  
  ✓ show returns 404 for missing agent                                                                           0.13s  
  ✓ update modifies agent fields                                                                                 0.13s  
  ✓ update rate limit per minute                                                                                 0.15s  
  ✓ destroy deactivates non system agent                                                                         0.11s  
  ✓ destroy blocks system agents                                                                                 0.16s  
  ✓ get status returns agent health metrics                                                                      0.14s  
  ⨯ status reflects execution count                                                                              0.18s  
  ⨯ quarantine sets agent status                                                                                 0.12s  
  ✓ run returns error for quarantined agent                                                                      0.11s  
  ⨯ unquarantine restores agent to active                                                                        0.14s  
  ⨯ simulate returns thought process                                                                             0.20s  
  ⨯ simulate logs runtime trace                                                                                  0.13s  
  ✓ simulate is blocked for quarantined agent                                                                    0.15s  
  ✓ simulate requires input field                                                                                0.13s  
  ⨯ run dispatches async and returns trace id                                                                    0.14s  
  ✓ run requires input field                                                                                     0.10s  
  ⨯ logs returns paginated runtime logs                                                                          0.12s  
  ✓ logs returns empty for agent with no history                                                                 0.15s  
  ✓ agent inherits persona system prompt                                                                         0.14s  
  ✓ persona index returns list                                                                                   0.11s  
  ✓ persona store creates valid persona                                                                          0.11s  

   FAIL  Tests\Feature\Http\Controllers\CredentialValidationEndpointTest
  ⨯ validate credential endpoint validates single setting                                                        0.26s  
  ⨯ validate all credentials endpoint                                                                            0.13s  
  ⨯ health status endpoint                                                                                       0.13s  
  ⨯ validate credential with inline data                                                                         0.15s  
  ✓ unauthenticated user cannot validate                                                                         0.13s  
  ⨯ health check includes reverb status                                                                          0.11s  
  ⨯ health check includes credential summary                                                                     0.12s  

   FAIL  Tests\Feature\Http\Controllers\SettingsHubAdminControllerTest
  ⨯ dashboard overview returns statistics
  ⨯ dashboard overview requires authorization
  ⨯ audit trail returns logs
  ⨯ audit trail filters by type
  ⨯ compliance status checks critical settings
  ⨯ multi tenancy status shows distribution
  ⨯ performance metrics returns stats
  ⨯ export settings as json
  ⨯ export settings as csv
  ⨯ export settings by scope
  ⨯ export settings masks encrypted by default
  ⨯ export settings includes encrypted when requested
  ⨯ all admin routes require authorization

   FAIL  Tests\Feature\IntegrationTest
  ⨯ waha webhook receives and stores message                                                                     0.11s  
  ⨯ waha webhook creates contact if not exists                                                                   0.11s  
  ⨯ semantic memory stores embeddings                                                                            0.12s  
  ⨯ ai model execute with openai provider                                                                        0.12s  
  ⨯ ai model execute with gemini provider                                                                        0.10s  
  ⨯ full conversation flow from webhook to response                                                              0.12s  
  ⨯ memory sync job syncs to external stores                                                                     0.12s  

   FAIL  Tests\Feature\LogControllerTest
  ✓ index returns logs                                                                                           0.15s  
  ✓ index filters by level                                                                                       0.17s  
  ✓ index filters by channel                                                                                     0.11s  
  ✓ show returns log                                                                                             0.12s  
  ✓ show returns 404 for missing log                                                                             0.15s  
  ✓ destroy deletes log                                                                                          0.13s  
  ✓ stats returns statistics                                                                                     0.18s  
  ✓ levels returns available levels                                                                              0.14s  
  ✓ channels returns available channels                                                                          0.13s  
  ✓ categories alias returns channels                                                                            0.16s  
  ✓ errors returns error logs                                                                                    0.15s  
  ⨯ clear removes old logs                                                                                       0.17s  
  ✓ clear without days parameter clears all                                                                      0.16s  
  ✓ unauthenticated user cannot access logs                                                                      0.20s  

   FAIL  Tests\Feature\MemorySchemaTest
  ⨯ structured memories has confidence column with default 080                                                   0.14s  
  ⨯ contact memory versions table exists with all required columns                                               0.15s  
  ⨯ memories table has extraction fields                                                                         0.11s  
  ⨯ structured memories has required indexes                                                                     0.11s  
  ⨯ contact memory versions has required indexes                                                                 0.13s  
  ⨯ memories table has extraction indexes                                                                        0.09s  
  ⨯ all memory migrations applied successfully                                                                   0.09s  

   FAIL  Tests\Feature\MonitoringHealthTest
  ⨯ monitoring health endpoint reports healthy when checks pass                                                  2.18s  

   PASS  Tests\Feature\PeopleConnect\ApiEndpointsTest
  ✓ stats endpoint returns correct data                                                                          0.18s  
  ✓ search endpoint finds contact                                                                                0.21s  
  ✓ livemsgs endpoint returns messages                                                                           0.13s  

   PASS  Tests\Feature\PeopleConnect\IngestionPipelineTest
  ✓ ingestion service deduplicates raw events and dispatches job                                                 0.10s  
  ✓ process job creates contact conversation session and message                                                 0.17s  
  ✓ process job deduplicates messages                                                                            0.16s  

   FAIL  Tests\Feature\PeopleConnect\PropertyBased\DedupSessionPropertyTest
  ⨯ idempotency property for deduplication                                                                       0.12s  

   FAIL  Tests\Feature\PeopleConnect\PropertyBased\ReplyModeSafetyPropertyTest
  ✓ safety blocks when not autopilot                                                                             0.12s  
  ⨯ safety blocks on rate limit                                                                                  0.14s  

   PASS  Tests\Feature\PeopleConnect\WahaWebhookTest
  ✓ rejects webhook without secret                                                                               0.13s  
  ✓ rejects webhook with invalid secret                                                                          0.10s  
  ✓ rejects invalid payload structure                                                                            0.11s  
  ✓ accepts valid webhook and dispatches job                                                                     0.11s  
  ✓ accepts webhook with valid hmac sha512                                                                       0.14s  
  ✓ accepts webhook with valid hmac sha256                                                                       0.13s  
  ✓ rejects webhook with invalid hmac signature                                                                  0.12s  

   FAIL  Tests\Feature\PerformanceTest
  ⨯ agent index response time under 200ms                                                                        0.13s  
  ⨯ contact index response time under 200ms                                                                      0.15s  
  ⨯ workflow index response time under 200ms                                                                     0.13s  
  ⨯ database queries use eager loading                                                                           0.18s  
  ⨯ pagination limits results per page                                                                           0.28s  
  ✓ memory usage stays within reasonable limits                                                                  0.35s  

   FAIL  Tests\Feature\QueueTest
  ⨯ sync memory job is dispatched on memory create                                                               0.15s  
  ⨯ sync memory job handles failure gracefully                                                                   0.15s  
  ✓ queue connection is sync in testing                                                                          0.09s  
  ⨯ job can be pushed to queue                                                                                   0.10s  

   FAIL  Tests\Feature\ScheduleTest
  ⨯ reverb monitoring command is scheduled                                                                       0.09s  

   PASS  Tests\Feature\SemanticCacheTest
  ✓ it returns null for cache miss                                                                               0.09s  
  ✓ it returns cached result after put                                                                           0.10s  
  ✓ it distinguishes different prompts                                                                           0.09s  
  ✓ it returns same cache key for identical params different order                                               0.09s  

   PASS  Tests\Feature\TaskCrudTest
  ✓ task crud and transition actions work                                                                        0.18s  

   FAIL  Tests\Feature\UserFlowTest
  ✓ contact onboarding flow                                                                                      0.16s  
  ⨯ workflow execution flow                                                                                      0.11s  
  ✓ agent task lifecycle flow                                                                                    0.16s  
  ⨯ memory management flow                                                                                       0.14s  
  ⨯ settings management flow                                                                                     0.17s  
  ────────────────────────────────────────────────────────────────────────────────────────────────────────────────────  
   FAILED  Tests\Feature\AIInteractionTest > ai model execute returns response structure               QueryException   
  SQLSTATE[HY000]: General error: 1 table ai_models has no column named provider (Connection: sqlite, Database: :memory:, SQL: insert into "ai_models" ("name", "provider_id", "context_window", "input_cost_per_m", "output_cost_per_m", "last_synced_at", "provider", "model", "api_key", "id", "updated_at", "created_at") values (dolor Model, ?, ?, ?, 0.042134, 2026-06-03 12:25:19, openai, gpt-4, test-key, 1be3843f-d991-4e3a-8096-398fe4ad430c, 2026-06-24 16:21:46, 2026-06-24 16:21:46))

  at vendor\laravel\framework\src\Illuminate\Database\Connection.php:857
    853▕             $exceptionType = ($isUniqueConstraintError = $this->isUniqueConstraintError($e))
    854▕                 ? UniqueConstraintViolationException::class
    855▕                 : QueryException::class;
    856▕ 
  ➜ 857▕             $exception = new $exceptionType(
    858▕                 $this->getNameWithReadWriteType(),
    859▕                 $query,
    860▕                 $this->prepareBindings($bindings),
    861▕                 $e,

  1   vendor\laravel\framework\src\Illuminate\Database\Connection.php:857

  2   vendor\laravel\framework\src\Illuminate\Database\Connection.php:595
      NunoMaduro\Collision\Exceptions\TestException::("SQLSTATE[HY000]: General error: 1 table ai_models has no column named provider")

  ────────────────────────────────────────────────────────────────────────────────────────────────────────────────────  
   FAILED  Tests\Feature\AIInteractionTest > ai model execute with fallback chain                                       
  Expected response status code [200] but received 405.
Failed asserting that 405 is identical to 200.

  at tests\Feature\AIInteractionTest.php:45
     41▕             'prompt' => 'Hello, world!',
     42▕             'providers' => ['openai', 'google'],
     43▕         ]);
     44▕ 
  ➜  45▕         $response->assertStatus(200)
     46▕             ->assertJsonStructure([
     47▕                 'success',
     48▕                 'response',
     49▕                 'provider_used',

  ────────────────────────────────────────────────────────────────────────────────────────────────────────────────────  
   FAILED  Tests\Feature\AIInteractionTest > ai model select by criteria                                                
  Expected response status code [200] but received 405.
Failed asserting that 405 is identical to 200.

  at tests\Feature\AIInteractionTest.php:59
     55▕         $response = $this->postJson('/api/v1/ai-models/select', [
     56▕             'criteria' => ['cost' => 'low', 'quality' => 'high'],
     57▕         ]);
     58▕ 
  ➜  59▕         $response->assertStatus(200)
     60▕             ->assertJsonStructure(['data' => []]);
     61▕     }
     62▕ 
     63▕     public function test_ai_model_cost_optimization(): void

  ────────────────────────────────────────────────────────────────────────────────────────────────────────────────────  
   FAILED  Tests\Feature\AIInteractionTest > ai model cost optimization                                                 
  Expected response status code [200] but received 405.
Failed asserting that 405 is identical to 200.

  at tests\Feature\AIInteractionTest.php:70
     66▕             'prompt' => 'Test prompt',
     67▕             'max_cost' => 0.01,
     68▕         ]);
     69▕ 
  ➜  70▕         $response->assertStatus(200)
     71▕             ->assertJsonStructure(['data' => []]);
     72▕     }
     73▕ 
     74▕     public function test_ai_model_quality_routing(): void

  ────────────────────────────────────────────────────────────────────────────────────────────────────────────────────  
   FAILED  Tests\Feature\AIInteractionTest > ai model quality routing                                                   
  Expected response status code [200] but received 405.
Failed asserting that 405 is identical to 200.

  at tests\Feature\AIInteractionTest.php:81
     77▕             'tier' => 'high',
     78▕             'prompt' => 'Test prompt',
     79▕         ]);
     80▕ 
  ➜  81▕         $response->assertStatus(200)
     82▕             ->assertJsonStructure(['data' => []]);
     83▕     }
     84▕ 
     85▕     public function test_ai_model_speed_routing(): void

  ────────────────────────────────────────────────────────────────────────────────────────────────────────────────────  
   FAILED  Tests\Feature\AIInteractionTest > ai model speed routing                                                     
  Expected response status code [200] but received 405.
Failed asserting that 405 is identical to 200.

  at tests\Feature\AIInteractionTest.php:92
     88▕             'tier' => 'fast',
     89▕             'prompt' => 'Test prompt',
     90▕         ]);
     91▕ 
  ➜  92▕         $response->assertStatus(200)
     93▕             ->assertJsonStructure(['data' => []]);
     94▕     }
     95▕ 
     96▕     public function test_agent_execute_with_ai_model(): void

  ────────────────────────────────────────────────────────────────────────────────────────────────────────────────────  
   FAILED  Tests\Feature\AIInteractionTest > agent execute with ai model                                                
  Expected response status code [200] but received 405.
Failed asserting that 405 is identical to 200.

  at tests\Feature\AIInteractionTest.php:108
    104▕         $response = $this->postJson("/api/v1/agents/{$agent->id}/execute", [
    105▕             'context' => ['prompt' => 'Test agent execution'],
    106▕         ]);
    107▕ 
  ➜ 108▕         $response->assertStatus(200);
    109▕     }
    110▕ }
    111▕

  ────────────────────────────────────────────────────────────────────────────────────────────────────────────────────  
   FAILED  Tests\Feature\AgentUpdateTest > agent update merges settings                                                 
  Expected response status code [200] but received 405.
Failed asserting that 405 is identical to 200.

  at tests\Feature\AgentUpdateTest.php:29
     25▕             'max_tokens' => 1500,
     26▕             'guidelines' => 'These are some test guidelines.',
     27▕         ]);
     28▕ 
  ➜  29▕         $response->assertStatus(200);
     30▕         $this->assertDatabaseHas('agents', [
     31▕             'id' => $agent->id,
     32▕             'name' => 'Updated Agent Name',
     33▕         ]);

  ────────────────────────────────────────────────────────────────────────────────────────────────────────────────────  
   FAILED  Tests\Feature\ApiTest > api paginates index responses                                                        
  Failed asserting that an array has the key 'meta'.

  at tests\Feature\ApiTest.php:81
     77▕ 
     78▕         $response = $this->getJson('/api/v1/agents');
     79▕ 
     80▕         $response->assertStatus(200)
  ➜  81▕             ->assertJsonStructure([
     82▕                 'data' => [],
     83▕                 'meta' => [
     84▕                     'current_page',
     85▕                     'last_page',

  ────────────────────────────────────────────────────────────────────────────────────────────────────────────────────  
   FAILED  Tests\Feature\ApiTest > api searches contacts by name                                            TypeError   
  PHPUnit\Framework\Assert::assertCount(): Argument #2 ($haystack) must be of type Countable|Traversable|array, null given, called in C:\Users\hedra\Desktop\Sourcecode\NexusV2\Nexus-backend\vendor\laravel\framework\src\Illuminate\Testing\AssertableJsonString.php on line 74

  at tests\Feature\ApiTest.php:135
    131▕ 
    132▕         $response = $this->getJson('/api/v1/contacts?search=Alice');
    133▕ 
    134▕         $response->assertStatus(200)
  ➜ 135▕             ->assertJsonCount(1, 'data.data');
    136▕     }
    137▕ 
    138▕     // ─── API Rate Limiting ───────────────────────────────────────────────
    139▕

  ────────────────────────────────────────────────────────────────────────────────────────────────────────────────────  
   FAILED  Tests\Feature\ApiTest > api health endpoint returns status                                                   
  Failed asserting that an array has the key 'services'.

  at tests\Feature\ApiTest.php:172
    168▕     {
    169▕         $response = $this->getJson('/api/v1/health');
    170▕ 
    171▕         $response->assertStatus(200)
  ➜ 172▕             ->assertJsonStructure([
    173▕                 'status',
    174▕                 'timestamp',
    175▕                 'services' => [
    176▕                     'database',

  ────────────────────────────────────────────────────────────────────────────────────────────────────────────────────  
   FAILED  Tests\Feature\AsyncEngineFlowTest > webhook endpoint dispatches ai inference job                             
  Expected response status code [202] but received 422.
Failed asserting that 422 is identical to 202.

The following errors occurred during the last request:

{
    "message": "The event field is required. (and 2 more errors)",
    "errors": {
        "event": [
            "The event field is required."
        ],
        "session": [
            "The session field is required."
        ],
        "payload": [
            "The payload field is required."
        ]
    }
}

  at tests\Feature\AsyncEngineFlowTest.php:33
     29▕             'channel' => 'whatsapp',
     30▕             'metadata' => ['source' => 'waha'],
     31▕         ]);
     32▕ 
  ➜  33▕         $response->assertStatus(202)
     34▕             ->assertJson([ 'message' => 'Webhook message queued for processing' ]);
     35▕ 
     36▕         Bus::assertDispatched(ProcessAiInferenceJob::class, function ($job) use ($conversation) {
     37▕             $reflection = new \ReflectionObject($job);

  ────────────────────────────────────────────────────────────────────────────────────────────────────────────────────  
   FAILED  Tests\Feature\Console\MonitorReverbHealthCommandTest > monitor reverb health command returns success when…   
  Expected status code 0 but received 1.
Failed asserting that 1 matches expected 0.

  at tests\Feature\Console\MonitorReverbHealthCommandTest.php:27
     23▕         ]);
     24▕ 
     25▕         $this->artisan('monitor:reverb-health')
     26▕             ->expectsOutput('Reverb health check passed.')
  ➜  27▕             ->assertExitCode(0);
     28▕     }
     29▕ 
     30▕     public function test_monitor_reverb_health_command_reports_failure_when_reverb_is_unhealthy(): void
     31▕     {

  ────────────────────────────────────────────────────────────────────────────────────────────────────────────────────  
   FAILED  Tests\Feature\Console\MonitorReverbHealthCommandTest > monitor reverb health comman…  AssertionFailedError   
  Output "Reverb health check failed with status 503." was not printed.

  at tests\Feature\Console\MonitorReverbHealthCommandTest.php:44
     40▕         ]);
     41▕ 
     42▕         $this->artisan('monitor:reverb-health')
     43▕             ->expectsOutput('Reverb health check failed with status 503.')
  ➜  44▕             ->assertExitCode(1);
     45▕     }
     46▕ }
     47▕

  ────────────────────────────────────────────────────────────────────────────────────────────────────────────────────  
   FAILED  Tests\Feature\Console\MonitorSettingsHealthCommandTest > settings health chec…  BindingResolutionException   
  Target class [App\Console\Kernel] does not exist.

  at vendor\laravel\framework\src\Illuminate\Container\Container.php:1127
    1123▕ 
    1124▕         try {
    1125▕             $reflector = new ReflectionClass($concrete);
    1126▕         } catch (ReflectionException $e) {
  ➜ 1127▕             throw new BindingResolutionException("Target class [$concrete] does not exist.", 0, $e);
    1128▕         }
    1129▕ 
    1130▕         // If the type is not instantiable, the developer is attempting to resolve
    1131▕         // an abstract type such as an Interface or Abstract Class and there is

  1   vendor\laravel\framework\src\Illuminate\Container\Container.php:1127

  2   vendor\laravel\framework\src\Illuminate\Container\Container.php:1125
      NunoMaduro\Collision\Exceptions\TestException::("Class "App\Console\Kernel" does not exist")

  ────────────────────────────────────────────────────────────────────────────────────────────────────────────────────  
   FAILED  Tests\Feature\ContactAnalyticsTest > contact analytics returns time series and co…  BadMethodCallException   
  Call to undefined method App\Models\Contact::user()

  at vendor\laravel\framework\src\Illuminate\Support\Traits\ForwardsCalls.php:67
     63▕      * @throws \BadMethodCallException
     64▕      */
     65▕     protected static function throwBadMethodCallException($method)
     66▕     {
  ➜  67▕         throw new BadMethodCallException(sprintf(
     68▕             'Call to undefined method %s::%s()', static::class, $method
     69▕         ));
     70▕     }
     71▕ }

  1   vendor\laravel\framework\src\Illuminate\Support\Traits\ForwardsCalls.php:67
  2   vendor\laravel\framework\src\Illuminate\Support\Traits\ForwardsCalls.php:36

  ────────────────────────────────────────────────────────────────────────────────────────────────────────────────────  
   FAILED  Tests\Feature\ContactImportAndMessagesTest > whatsapp txt preview and commit create messages                 
  Expected response status code [200] but received 500.
Failed asserting that 500 is identical to 200.

The following exception occurred during the last request:

TypeError: Cannot assign null to property App\Services\Contact\WahaImportService::$wahaSecret of type string in C:\Users\hedra\Desktop\Sourcecode\NexusV2\Nexus-backend\app\Services\Contact\WahaImportService.php:16
Stack trace:
#0 C:\Users\hedra\Desktop\Sourcecode\NexusV2\Nexus-backend\app\Services\Contact\ContactImportPipeline.php(22): App\Services\Contact\WahaImportService->__construct()
#1 C:\Users\hedra\Desktop\Sourcecode\NexusV2\Nexus-backend\vendor\laravel\framework\src\Illuminate\Container\Container.php(1171): App\Services\Contact\ContactImportPipeline->__construct()
#2 C:\Users\hedra\Desktop\Sourcecode\NexusV2\Nexus-backend\vendor\laravel\framework\src\Illuminate\Container\Container.php(936): Illuminate\Container\Container->build('App\\Services\\Co...')
#3 C:\Users\hedra\Desktop\Sourcecode\NexusV2\Nexus-backend\vendor\laravel\framework\src\Illuminate\Foundation\Application.php(1078): Illuminate\Container\Container->resolve('App\\Services\\Co...', Array, true)
#4 C:\Users\hedra\Desktop\Sourcecode\NexusV2\Nexus-backend\vendor\laravel\framework\src\Illuminate\Container\Container.php(864): Illuminate\Foundation\Application->resolve('App\\Services\\Co...', Array)
#5 C:\Users\hedra\Desktop\Sourcecode\NexusV2\Nexus-backend\vendor\laravel\framework\src\Illuminate\Foundation\Application.php(1058): Illuminate\Container\Container->make('App\\Services\\Co...', Array)
#6 C:\Users\hedra\Desktop\Sourcecode\NexusV2\Nexus-backend\vendor\laravel\framework\src\Illuminate\Container\Container.php(1339): Illuminate\Foundation\Application->make('App\\Services\\Co...')
#7 C:\Users\hedra\Desktop\Sourcecode\NexusV2\Nexus-backend\vendor\laravel\framework\src\Illuminate\Container\Container.php(1240): Illuminate\Container\Container->resolveClass(Object(ReflectionParameter), 'App\\Services\\Co...')
#8 C:\Users\hedra\Desktop\Sourcecode\NexusV2\Nexus-backend\vendor\laravel\framework\src\Illuminate\Container\Container.php(1165): Illuminate\Container\Container->resolveDependencies(Array)
#9 C:\Users\hedra\Desktop\Sourcecode\NexusV2\Nexus-backend\vendor\laravel\framework\src\Illuminate\Container\Container.php(936): Illuminate\Container\Container->build('App\\Http\\Contro...')
#10 C:\Users\hedra\Desktop\Sourcecode\NexusV2\Nexus-backend\vendor\laravel\framework\src\Illuminate\Foundation\Application.php(1078): Illuminate\Container\Container->resolve('App\\Http\\Contro...', Array, true)
#11 C:\Users\hedra\Desktop\Sourcecode\NexusV2\Nexus-backend\vendor\laravel\framework\src\Illuminate\Container\Container.php(864): Illuminate\Foundation\Application->resolve('App\\Http\\Contro...', Array)
#12 C:\Users\hedra\Desktop\Sourcecode\NexusV2\Nexus-backend\vendor\laravel\framework\src\Illuminate\Foundation\Application.php(1058): Illuminate\Container\Container->make('App\\Http\\Contro...', Array)
#13 C:\Users\hedra\Desktop\Sourcecode\NexusV2\Nexus-backend\vendor\laravel\framework\src\Illuminate\Routing\Route.php(296): Illuminate\Foundation\Application->make('App\\Http\\Contro...')
#14 C:\Users\hedra\Desktop\Sourcecode\NexusV2\Nexus-backend\vendor\laravel\framework\src\Illuminate\Routing\Route.php(276): Illuminate\Routing\Route->getController()
#15 C:\Users\hedra\Desktop\Sourcecode\NexusV2\Nexus-backend\vendor\laravel\framework\src\Illuminate\Routing\Route.php(215): Illuminate\Routing\Route->runController()
#16 C:\Users\hedra\Desktop\Sourcecode\NexusV2\Nexus-backend\vendor\laravel\framework\src\Illuminate\Routing\Router.php(822): Illuminate\Routing\Route->run()
#17 C:\Users\hedra\Desktop\Sourcecode\NexusV2\Nexus-backend\vendor\laravel\framework\src\Illuminate\Pipeline\Pipeline.php(180): Illuminate\Routing\Router->{closure:Illuminate\Routing\Router::runRouteWithinStack():821}(Object(Illuminate\Http\Request))
#18 C:\Users\hedra\Desktop\Sourcecode\NexusV2\Nexus-backend\vendor\laravel\framework\src\Illuminate\Routing\Middleware\SubstituteBindings.php(52): Illuminate\Pipeline\Pipeline->{closure:Illuminate\Pipeline\Pipeline::prepareDestination():178}(Object(Illuminate\Http\Request))
#19 C:\Users\hedra\Desktop\Sourcecode\NexusV2\Nexus-backend\vendor\laravel\framework\src\Illuminate\Pipeline\Pipeline.php(219): Illuminate\Routing\Middleware\SubstituteBindings->handle(Object(Illuminate\Http\Request), Object(Closure))
#20 C:\Users\hedra\Desktop\Sourcecode\NexusV2\Nexus-backend\vendor\laravel\framework\src\Illuminate\Auth\Middleware\Authenticate.php(63): Illuminate\Pipeline\Pipeline->{closure:{closure:Illuminate\Pipeline\Pipeline::carry():194}:195}(Object(Illuminate\Http\Request))
#21 C:\Users\hedra\Desktop\Sourcecode\NexusV2\Nexus-backend\vendor\laravel\framework\src\Illuminate\Pipeline\Pipeline.php(219): Illuminate\Auth\Middleware\Authenticate->handle(Object(Illuminate\Http\Request), Object(Closure), 'sanctum')
#22 C:\Users\hedra\Desktop\Sourcecode\NexusV2\Nexus-backend\vendor\laravel\framework\src\Illuminate\Pipeline\Pipeline.php(137): Illuminate\Pipeline\Pipeline->{closure:{closure:Illuminate\Pipeline\Pipeline::carry():194}:195}(Object(Illuminate\Http\Request))
#23 C:\Users\hedra\Desktop\Sourcecode\NexusV2\Nexus-backend\vendor\laravel\framework\src\Illuminate\Routing\Router.php(821): Illuminate\Pipeline\Pipeline->then(Object(Closure))
#24 C:\Users\hedra\Desktop\Sourcecode\NexusV2\Nexus-backend\vendor\laravel\framework\src\Illuminate\Routing\Router.php(800): Illuminate\Routing\Router->runRouteWithinStack(Object(Illuminate\Routing\Route), Object(Illuminate\Http\Request))
#25 C:\Users\hedra\Desktop\Sourcecode\NexusV2\Nexus-backend\vendor\laravel\framework\src\Illuminate\Routing\Router.php(764): Illuminate\Routing\Router->runRoute(Object(Illuminate\Http\Request), Object(Illuminate\Routing\Route))
#26 C:\Users\hedra\Desktop\Sourcecode\NexusV2\Nexus-backend\vendor\laravel\framework\src\Illuminate\Routing\Router.php(753): Illuminate\Routing\Router->dispatchToRoute(Object(Illuminate\Http\Request))
#27 C:\Users\hedra\Desktop\Sourcecode\NexusV2\Nexus-backend\vendor\laravel\framework\src\Illuminate\Foundation\Http\Kernel.php(200): Illuminate\Routing\Router->dispatch(Object(Illuminate\Http\Request))
#28 C:\Users\hedra\Desktop\Sourcecode\NexusV2\Nexus-backend\vendor\laravel\framework\src\Illuminate\Pipeline\Pipeline.php(180): Illuminate\Foundation\Http\Kernel->{closure:Illuminate\Foundation\Http\Kernel::dispatchToRouter():197}(Object(Illuminate\Http\Request))
#29 C:\Users\hedra\Desktop\Sourcecode\NexusV2\Nexus-backend\app\Http\Middleware\AutoLoginDevMiddleware.php(29): Illuminate\Pipeline\Pipeline->{closure:Illuminate\Pipeline\Pipeline::prepareDestination():178}(Object(Illuminate\Http\Request))
#30 C:\Users\hedra\Desktop\Sourcecode\NexusV2\Nexus-backend\vendor\laravel\framework\src\Illuminate\Pipeline\Pipeline.php(219): App\Http\Middleware\AutoLoginDevMiddleware->handle(Object(Illuminate\Http\Request), Object(Closure))
#31 C:\Users\hedra\Desktop\Sourcecode\NexusV2\Nexus-backend\vendor\laravel\framework\src\Illuminate\Foundation\Http\Middleware\TransformsRequest.php(21): Illuminate\Pipeline\Pipeline->{closure:{closure:Illuminate\Pipeline\Pipeline::carry():194}:195}(Object(Illuminate\Http\Request))
#32 C:\Users\hedra\Desktop\Sourcecode\NexusV2\Nexus-backend\vendor\laravel\framework\src\Illuminate\Foundation\Http\Middleware\ConvertEmptyStringsToNull.php(31): Illuminate\Foundation\Http\Middleware\TransformsRequest->handle(Object(Illuminate\Http\Request), Object(Closure))
#33 C:\Users\hedra\Desktop\Sourcecode\NexusV2\Nexus-backend\vendor\laravel\framework\src\Illuminate\Pipeline\Pipeline.php(219): Illuminate\Foundation\Http\Middleware\ConvertEmptyStringsToNull->handle(Object(Illuminate\Http\Request), Object(Closure))
#34 C:\Users\hedra\Desktop\Sourcecode\NexusV2\Nexus-backend\vendor\laravel\framework\src\Illuminate\Foundation\Http\Middleware\TransformsRequest.php(21): Illuminate\Pipeline\Pipeline->{closure:{closure:Illuminate\Pipeline\Pipeline::carry():194}:195}(Object(Illuminate\Http\Request))
#35 C:\Users\hedra\Desktop\Sourcecode\NexusV2\Nexus-backend\vendor\laravel\framework\src\Illuminate\Foundation\Http\Middleware\TrimStrings.php(51): Illuminate\Foundation\Http\Middleware\TransformsRequest->handle(Object(Illuminate\Http\Request), Object(Closure))
#36 C:\Users\hedra\Desktop\Sourcecode\NexusV2\Nexus-backend\vendor\laravel\framework\src\Illuminate\Pipeline\Pipeline.php(219): Illuminate\Foundation\Http\Middleware\TrimStrings->handle(Object(Illuminate\Http\Request), Object(Closure))
#37 C:\Users\hedra\Desktop\Sourcecode\NexusV2\Nexus-backend\vendor\laravel\framework\src\Illuminate\Http\Middleware\ValidatePostSize.php(27): Illuminate\Pipeline\Pipeline->{closure:{closure:Illuminate\Pipeline\Pipeline::carry():194}:195}(Object(Illuminate\Http\Request))
#38 C:\Users\hedra\Desktop\Sourcecode\NexusV2\Nexus-backend\vendor\laravel\framework\src\Illuminate\Pipeline\Pipeline.php(219): Illuminate\Http\Middleware\ValidatePostSize->handle(Object(Illuminate\Http\Request), Object(Closure))
#39 C:\Users\hedra\Desktop\Sourcecode\NexusV2\Nexus-backend\vendor\laravel\framework\src\Illuminate\Foundation\Http\Middleware\PreventRequestsDuringMaintenance.php(109): Illuminate\Pipeline\Pipeline->{closure:{closure:Illuminate\Pipeline\Pipeline::carry():194}:195}(Object(Illuminate\Http\Request))
#40 C:\Users\hedra\Desktop\Sourcecode\NexusV2\Nexus-backend\vendor\laravel\framework\src\Illuminate\Pipeline\Pipeline.php(219): Illuminate\Foundation\Http\Middleware\PreventRequestsDuringMaintenance->handle(Object(Illuminate\Http\Request), Object(Closure))
#41 C:\Users\hedra\Desktop\Sourcecode\NexusV2\Nexus-backend\vendor\laravel\framework\src\Illuminate\Http\Middleware\HandleCors.php(74): Illuminate\Pipeline\Pipeline->{closure:{closure:Illuminate\Pipeline\Pipeline::carry():194}:195}(Object(Illuminate\Http\Request))
#42 C:\Users\hedra\Desktop\Sourcecode\NexusV2\Nexus-backend\vendor\laravel\framework\src\Illuminate\Pipeline\Pipeline.php(219): Illuminate\Http\Middleware\HandleCors->handle(Object(Illuminate\Http\Request), Object(Closure))
#43 C:\Users\hedra\Desktop\Sourcecode\NexusV2\Nexus-backend\vendor\laravel\framework\src\Illuminate\Http\Middleware\TrustProxies.php(58): Illuminate\Pipeline\Pipeline->{closure:{closure:Illuminate\Pipeline\Pipeline::carry():194}:195}(Object(Illuminate\Http\Request))
#44 C:\Users\hedra\Desktop\Sourcecode\NexusV2\Nexus-backend\vendor\laravel\framework\src\Illuminate\Pipeline\Pipeline.php(219): Illuminate\Http\Middleware\TrustProxies->handle(Object(Illuminate\Http\Request), Object(Closure))
#45 C:\Users\hedra\Desktop\Sourcecode\NexusV2\Nexus-backend\vendor\laravel\framework\src\Illuminate\Foundation\Http\Middleware\InvokeDeferredCallbacks.php(22): Illuminate\Pipeline\Pipeline->{closure:{closure:Illuminate\Pipeline\Pipeline::carry():194}:195}(Object(Illuminate\Http\Request))
#46 C:\Users\hedra\Desktop\Sourcecode\NexusV2\Nexus-backend\vendor\laravel\framework\src\Illuminate\Pipeline\Pipeline.php(219): Illuminate\Foundation\Http\Middleware\InvokeDeferredCallbacks->handle(Object(Illuminate\Http\Request), Object(Closure))
#47 C:\Users\hedra\Desktop\Sourcecode\NexusV2\Nexus-backend\vendor\laravel\framework\src\Illuminate\Http\Middleware\ValidatePathEncoding.php(28): Illuminate\Pipeline\Pipeline->{closure:{closure:Illuminate\Pipeline\Pipeline::carry():194}:195}(Object(Illuminate\Http\Request))
#48 C:\Users\hedra\Desktop\Sourcecode\NexusV2\Nexus-backend\vendor\laravel\framework\src\Illuminate\Pipeline\Pipeline.php(219): Illuminate\Http\Middleware\ValidatePathEncoding->handle(Object(Illuminate\Http\Request), Object(Closure))
#49 C:\Users\hedra\Desktop\Sourcecode\NexusV2\Nexus-backend\vendor\laravel\framework\src\Illuminate\Pipeline\Pipeline.php(137): Illuminate\Pipeline\Pipeline->{closure:{closure:Illuminate\Pipeline\Pipeline::carry():194}:195}(Object(Illuminate\Http\Request))
#50 C:\Users\hedra\Desktop\Sourcecode\NexusV2\Nexus-backend\vendor\laravel\framework\src\Illuminate\Foundation\Http\Kernel.php(175): Illuminate\Pipeline\Pipeline->then(Object(Closure))
#51 C:\Users\hedra\Desktop\Sourcecode\NexusV2\Nexus-backend\vendor\laravel\framework\src\Illuminate\Foundation\Http\Kernel.php(144): Illuminate\Foundation\Http\Kernel->sendRequestThroughRouter(Object(Illuminate\Http\Request))
#52 C:\Users\hedra\Desktop\Sourcecode\NexusV2\Nexus-backend\vendor\laravel\framework\src\Illuminate\Foundation\Testing\Concerns\MakesHttpRequests.php(607): Illuminate\Foundation\Http\Kernel->handle(Object(Illuminate\Http\Request))
#53 C:\Users\hedra\Desktop\Sourcecode\NexusV2\Nexus-backend\vendor\laravel\framework\src\Illuminate\Foundation\Testing\Concerns\MakesHttpRequests.php(573): Illuminate\Foundation\Testing\TestCase->call('POST', '/api/v1/contact...', Array, Array, Array, Array, '{"contact_id":1...')
#54 C:\Users\hedra\Desktop\Sourcecode\NexusV2\Nexus-backend\vendor\laravel\framework\src\Illuminate\Foundation\Testing\Concerns\MakesHttpRequests.php(411): Illuminate\Foundation\Testing\TestCase->json('POST', '/api/v1/contact...', Array, Array, 0)
#55 C:\Users\hedra\Desktop\Sourcecode\NexusV2\Nexus-backend\tests\Feature\ContactImportAndMessagesTest.php(37): Illuminate\Foundation\Testing\TestCase->postJson('/api/v1/contact...', Array)
#56 C:\Users\hedra\Desktop\Sourcecode\NexusV2\Nexus-backend\vendor\phpunit\phpunit\src\Framework\TestCase.php(1667): Tests\Feature\ContactImportAndMessagesTest->test_whatsapp_txt_preview_and_commit_create_messages()
#57 C:\Users\hedra\Desktop\Sourcecode\NexusV2\Nexus-backend\vendor\phpunit\phpunit\src\Framework\TestCase.php(519): PHPUnit\Framework\TestCase->runTest()
#58 C:\Users\hedra\Desktop\Sourcecode\NexusV2\Nexus-backend\vendor\phpunit\phpunit\src\Framework\TestRunner\TestRunner.php(87): PHPUnit\Framework\TestCase->runBare()
#59 C:\Users\hedra\Desktop\Sourcecode\NexusV2\Nexus-backend\vendor\phpunit\phpunit\src\Framework\TestCase.php(365): PHPUnit\Framework\TestRunner->run(Object(Tests\Feature\ContactImportAndMessagesTest))
#60 C:\Users\hedra\Desktop\Sourcecode\NexusV2\Nexus-backend\vendor\phpunit\phpunit\src\Framework\TestSuite.php(369): PHPUnit\Framework\TestCase->run()
#61 C:\Users\hedra\Desktop\Sourcecode\NexusV2\Nexus-backend\vendor\phpunit\phpunit\src\Framework\TestSuite.php(369): PHPUnit\Framework\TestSuite->run()
#62 C:\Users\hedra\Desktop\Sourcecode\NexusV2\Nexus-backend\vendor\phpunit\phpunit\src\Framework\TestSuite.php(369): PHPUnit\Framework\TestSuite->run()
#63 C:\Users\hedra\Desktop\Sourcecode\NexusV2\Nexus-backend\vendor\phpunit\phpunit\src\TextUI\TestRunner.php(64): PHPUnit\Framework\TestSuite->run()
#64 C:\Users\hedra\Desktop\Sourcecode\NexusV2\Nexus-backend\vendor\phpunit\phpunit\src\TextUI\Application.php(211): PHPUnit\TextUI\TestRunner->run(Object(PHPUnit\TextUI\Configuration\Configuration), Object(PHPUnit\Runner\ResultCache\DefaultResultCache), Object(PHPUnit\Framework\TestSuite))
#65 C:\Users\hedra\Desktop\Sourcecode\NexusV2\Nexus-backend\vendor\phpunit\phpunit\phpunit(104): PHPUnit\TextUI\Application->run(Array)
#66 {main}

----------------------------------------------------------------------------------

Cannot assign null to property App\Services\Contact\WahaImportService::$wahaSecret of type string

  at tests\Feature\ContactImportAndMessagesTest.php:43
     39▕             'source' => 'whatsapp',
     40▕             'format' => 'txt',
     41▕             'content' => $content,
     42▕             'timezone' => 'Africa/Cairo',
  ➜  43▕         ])->assertStatus(200)
     44▕             ->assertJsonPath('data.success', true)
     45▕             ->assertJsonPath('data.total_messages', 3)
     46▕             ->assertJsonPath('data.inbound_count', 2)
     47▕             ->assertJsonPath('data.outbound_count', 1);

  ────────────────────────────────────────────────────────────────────────────────────────────────────────────────────  
   FAILED  Tests\Feature\ContactImportAndMessagesTest > message routes filter search and source specific views          
  Expected response status code [200] but received 500.
Failed asserting that 500 is identical to 200.

The following exception occurred during the last request:

TypeError: Cannot assign null to property App\Services\Contact\WahaImportService::$wahaSecret of type string in C:\Users\hedra\Desktop\Sourcecode\NexusV2\Nexus-backend\app\Services\Contact\WahaImportService.php:16
Stack trace:
#0 C:\Users\hedra\Desktop\Sourcecode\NexusV2\Nexus-backend\app\Services\Contact\ContactImportPipeline.php(22): App\Services\Contact\WahaImportService->__construct()
#1 C:\Users\hedra\Desktop\Sourcecode\NexusV2\Nexus-backend\vendor\laravel\framework\src\Illuminate\Container\Container.php(1171): App\Services\Contact\ContactImportPipeline->__construct()
#2 C:\Users\hedra\Desktop\Sourcecode\NexusV2\Nexus-backend\vendor\laravel\framework\src\Illuminate\Container\Container.php(936): Illuminate\Container\Container->build('App\\Services\\Co...')
#3 C:\Users\hedra\Desktop\Sourcecode\NexusV2\Nexus-backend\vendor\laravel\framework\src\Illuminate\Foundation\Application.php(1078): Illuminate\Container\Container->resolve('App\\Services\\Co...', Array, true)
#4 C:\Users\hedra\Desktop\Sourcecode\NexusV2\Nexus-backend\vendor\laravel\framework\src\Illuminate\Container\Container.php(864): Illuminate\Foundation\Application->resolve('App\\Services\\Co...', Array)
#5 C:\Users\hedra\Desktop\Sourcecode\NexusV2\Nexus-backend\vendor\laravel\framework\src\Illuminate\Foundation\Application.php(1058): Illuminate\Container\Container->make('App\\Services\\Co...', Array)
#6 C:\Users\hedra\Desktop\Sourcecode\NexusV2\Nexus-backend\vendor\laravel\framework\src\Illuminate\Container\Container.php(1339): Illuminate\Foundation\Application->make('App\\Services\\Co...')
#7 C:\Users\hedra\Desktop\Sourcecode\NexusV2\Nexus-backend\vendor\laravel\framework\src\Illuminate\Container\Container.php(1240): Illuminate\Container\Container->resolveClass(Object(ReflectionParameter), 'App\\Services\\Co...')
#8 C:\Users\hedra\Desktop\Sourcecode\NexusV2\Nexus-backend\vendor\laravel\framework\src\Illuminate\Container\Container.php(1165): Illuminate\Container\Container->resolveDependencies(Array)
#9 C:\Users\hedra\Desktop\Sourcecode\NexusV2\Nexus-backend\vendor\laravel\framework\src\Illuminate\Container\Container.php(936): Illuminate\Container\Container->build('App\\Http\\Contro...')
#10 C:\Users\hedra\Desktop\Sourcecode\NexusV2\Nexus-backend\vendor\laravel\framework\src\Illuminate\Foundation\Application.php(1078): Illuminate\Container\Container->resolve('App\\Http\\Contro...', Array, true)
#11 C:\Users\hedra\Desktop\Sourcecode\NexusV2\Nexus-backend\vendor\laravel\framework\src\Illuminate\Container\Container.php(864): Illuminate\Foundation\Application->resolve('App\\Http\\Contro...', Array)
#12 C:\Users\hedra\Desktop\Sourcecode\NexusV2\Nexus-backend\vendor\laravel\framework\src\Illuminate\Foundation\Application.php(1058): Illuminate\Container\Container->make('App\\Http\\Contro...', Array)
#13 C:\Users\hedra\Desktop\Sourcecode\NexusV2\Nexus-backend\vendor\laravel\framework\src\Illuminate\Routing\Route.php(296): Illuminate\Foundation\Application->make('App\\Http\\Contro...')
#14 C:\Users\hedra\Desktop\Sourcecode\NexusV2\Nexus-backend\vendor\laravel\framework\src\Illuminate\Routing\Route.php(276): Illuminate\Routing\Route->getController()
#15 C:\Users\hedra\Desktop\Sourcecode\NexusV2\Nexus-backend\vendor\laravel\framework\src\Illuminate\Routing\Route.php(215): Illuminate\Routing\Route->runController()
#16 C:\Users\hedra\Desktop\Sourcecode\NexusV2\Nexus-backend\vendor\laravel\framework\src\Illuminate\Routing\Router.php(822): Illuminate\Routing\Route->run()
#17 C:\Users\hedra\Desktop\Sourcecode\NexusV2\Nexus-backend\vendor\laravel\framework\src\Illuminate\Pipeline\Pipeline.php(180): Illuminate\Routing\Router->{closure:Illuminate\Routing\Router::runRouteWithinStack():821}(Object(Illuminate\Http\Request))
#18 C:\Users\hedra\Desktop\Sourcecode\NexusV2\Nexus-backend\vendor\laravel\framework\src\Illuminate\Routing\Middleware\SubstituteBindings.php(52): Illuminate\Pipeline\Pipeline->{closure:Illuminate\Pipeline\Pipeline::prepareDestination():178}(Object(Illuminate\Http\Request))
#19 C:\Users\hedra\Desktop\Sourcecode\NexusV2\Nexus-backend\vendor\laravel\framework\src\Illuminate\Pipeline\Pipeline.php(219): Illuminate\Routing\Middleware\SubstituteBindings->handle(Object(Illuminate\Http\Request), Object(Closure))
#20 C:\Users\hedra\Desktop\Sourcecode\NexusV2\Nexus-backend\vendor\laravel\framework\src\Illuminate\Routing\Middleware\ThrottleRequests.php(168): Illuminate\Pipeline\Pipeline->{closure:{closure:Illuminate\Pipeline\Pipeline::carry():194}:195}(Object(Illuminate\Http\Request))
#21 C:\Users\hedra\Desktop\Sourcecode\NexusV2\Nexus-backend\vendor\laravel\framework\src\Illuminate\Routing\Middleware\ThrottleRequests.php(93): Illuminate\Routing\Middleware\ThrottleRequests->handleRequest(Object(Illuminate\Http\Request), Object(Closure), Array)
#22 C:\Users\hedra\Desktop\Sourcecode\NexusV2\Nexus-backend\vendor\laravel\framework\src\Illuminate\Pipeline\Pipeline.php(219): Illuminate\Routing\Middleware\ThrottleRequests->handle(Object(Illuminate\Http\Request), Object(Closure), '5', '1')
#23 C:\Users\hedra\Desktop\Sourcecode\NexusV2\Nexus-backend\vendor\laravel\framework\src\Illuminate\Auth\Middleware\Authenticate.php(63): Illuminate\Pipeline\Pipeline->{closure:{closure:Illuminate\Pipeline\Pipeline::carry():194}:195}(Object(Illuminate\Http\Request))
#24 C:\Users\hedra\Desktop\Sourcecode\NexusV2\Nexus-backend\vendor\laravel\framework\src\Illuminate\Pipeline\Pipeline.php(219): Illuminate\Auth\Middleware\Authenticate->handle(Object(Illuminate\Http\Request), Object(Closure), 'sanctum')
#25 C:\Users\hedra\Desktop\Sourcecode\NexusV2\Nexus-backend\vendor\laravel\framework\src\Illuminate\Pipeline\Pipeline.php(137): Illuminate\Pipeline\Pipeline->{closure:{closure:Illuminate\Pipeline\Pipeline::carry():194}:195}(Object(Illuminate\Http\Request))
#26 C:\Users\hedra\Desktop\Sourcecode\NexusV2\Nexus-backend\vendor\laravel\framework\src\Illuminate\Routing\Router.php(821): Illuminate\Pipeline\Pipeline->then(Object(Closure))
#27 C:\Users\hedra\Desktop\Sourcecode\NexusV2\Nexus-backend\vendor\laravel\framework\src\Illuminate\Routing\Router.php(800): Illuminate\Routing\Router->runRouteWithinStack(Object(Illuminate\Routing\Route), Object(Illuminate\Http\Request))
#28 C:\Users\hedra\Desktop\Sourcecode\NexusV2\Nexus-backend\vendor\laravel\framework\src\Illuminate\Routing\Router.php(764): Illuminate\Routing\Router->runRoute(Object(Illuminate\Http\Request), Object(Illuminate\Routing\Route))
#29 C:\Users\hedra\Desktop\Sourcecode\NexusV2\Nexus-backend\vendor\laravel\framework\src\Illuminate\Routing\Router.php(753): Illuminate\Routing\Router->dispatchToRoute(Object(Illuminate\Http\Request))
#30 C:\Users\hedra\Desktop\Sourcecode\NexusV2\Nexus-backend\vendor\laravel\framework\src\Illuminate\Foundation\Http\Kernel.php(200): Illuminate\Routing\Router->dispatch(Object(Illuminate\Http\Request))
#31 C:\Users\hedra\Desktop\Sourcecode\NexusV2\Nexus-backend\vendor\laravel\framework\src\Illuminate\Pipeline\Pipeline.php(180): Illuminate\Foundation\Http\Kernel->{closure:Illuminate\Foundation\Http\Kernel::dispatchToRouter():197}(Object(Illuminate\Http\Request))
#32 C:\Users\hedra\Desktop\Sourcecode\NexusV2\Nexus-backend\app\Http\Middleware\AutoLoginDevMiddleware.php(29): Illuminate\Pipeline\Pipeline->{closure:Illuminate\Pipeline\Pipeline::prepareDestination():178}(Object(Illuminate\Http\Request))
#33 C:\Users\hedra\Desktop\Sourcecode\NexusV2\Nexus-backend\vendor\laravel\framework\src\Illuminate\Pipeline\Pipeline.php(219): App\Http\Middleware\AutoLoginDevMiddleware->handle(Object(Illuminate\Http\Request), Object(Closure))
#34 C:\Users\hedra\Desktop\Sourcecode\NexusV2\Nexus-backend\vendor\laravel\framework\src\Illuminate\Foundation\Http\Middleware\TransformsRequest.php(21): Illuminate\Pipeline\Pipeline->{closure:{closure:Illuminate\Pipeline\Pipeline::carry():194}:195}(Object(Illuminate\Http\Request))
#35 C:\Users\hedra\Desktop\Sourcecode\NexusV2\Nexus-backend\vendor\laravel\framework\src\Illuminate\Foundation\Http\Middleware\ConvertEmptyStringsToNull.php(31): Illuminate\Foundation\Http\Middleware\TransformsRequest->handle(Object(Illuminate\Http\Request), Object(Closure))
#36 C:\Users\hedra\Desktop\Sourcecode\NexusV2\Nexus-backend\vendor\laravel\framework\src\Illuminate\Pipeline\Pipeline.php(219): Illuminate\Foundation\Http\Middleware\ConvertEmptyStringsToNull->handle(Object(Illuminate\Http\Request), Object(Closure))
#37 C:\Users\hedra\Desktop\Sourcecode\NexusV2\Nexus-backend\vendor\laravel\framework\src\Illuminate\Foundation\Http\Middleware\TransformsRequest.php(21): Illuminate\Pipeline\Pipeline->{closure:{closure:Illuminate\Pipeline\Pipeline::carry():194}:195}(Object(Illuminate\Http\Request))
#38 C:\Users\hedra\Desktop\Sourcecode\NexusV2\Nexus-backend\vendor\laravel\framework\src\Illuminate\Foundation\Http\Middleware\TrimStrings.php(51): Illuminate\Foundation\Http\Middleware\TransformsRequest->handle(Object(Illuminate\Http\Request), Object(Closure))
#39 C:\Users\hedra\Desktop\Sourcecode\NexusV2\Nexus-backend\vendor\laravel\framework\src\Illuminate\Pipeline\Pipeline.php(219): Illuminate\Foundation\Http\Middleware\TrimStrings->handle(Object(Illuminate\Http\Request), Object(Closure))
#40 C:\Users\hedra\Desktop\Sourcecode\NexusV2\Nexus-backend\vendor\laravel\framework\src\Illuminate\Http\Middleware\ValidatePostSize.php(27): Illuminate\Pipeline\Pipeline->{closure:{closure:Illuminate\Pipeline\Pipeline::carry():194}:195}(Object(Illuminate\Http\Request))
#41 C:\Users\hedra\Desktop\Sourcecode\NexusV2\Nexus-backend\vendor\laravel\framework\src\Illuminate\Pipeline\Pipeline.php(219): Illuminate\Http\Middleware\ValidatePostSize->handle(Object(Illuminate\Http\Request), Object(Closure))
#42 C:\Users\hedra\Desktop\Sourcecode\NexusV2\Nexus-backend\vendor\laravel\framework\src\Illuminate\Foundation\Http\Middleware\PreventRequestsDuringMaintenance.php(109): Illuminate\Pipeline\Pipeline->{closure:{closure:Illuminate\Pipeline\Pipeline::carry():194}:195}(Object(Illuminate\Http\Request))
#43 C:\Users\hedra\Desktop\Sourcecode\NexusV2\Nexus-backend\vendor\laravel\framework\src\Illuminate\Pipeline\Pipeline.php(219): Illuminate\Foundation\Http\Middleware\PreventRequestsDuringMaintenance->handle(Object(Illuminate\Http\Request), Object(Closure))
#44 C:\Users\hedra\Desktop\Sourcecode\NexusV2\Nexus-backend\vendor\laravel\framework\src\Illuminate\Http\Middleware\HandleCors.php(74): Illuminate\Pipeline\Pipeline->{closure:{closure:Illuminate\Pipeline\Pipeline::carry():194}:195}(Object(Illuminate\Http\Request))
#45 C:\Users\hedra\Desktop\Sourcecode\NexusV2\Nexus-backend\vendor\laravel\framework\src\Illuminate\Pipeline\Pipeline.php(219): Illuminate\Http\Middleware\HandleCors->handle(Object(Illuminate\Http\Request), Object(Closure))
#46 C:\Users\hedra\Desktop\Sourcecode\NexusV2\Nexus-backend\vendor\laravel\framework\src\Illuminate\Http\Middleware\TrustProxies.php(58): Illuminate\Pipeline\Pipeline->{closure:{closure:Illuminate\Pipeline\Pipeline::carry():194}:195}(Object(Illuminate\Http\Request))
#47 C:\Users\hedra\Desktop\Sourcecode\NexusV2\Nexus-backend\vendor\laravel\framework\src\Illuminate\Pipeline\Pipeline.php(219): Illuminate\Http\Middleware\TrustProxies->handle(Object(Illuminate\Http\Request), Object(Closure))
#48 C:\Users\hedra\Desktop\Sourcecode\NexusV2\Nexus-backend\vendor\laravel\framework\src\Illuminate\Foundation\Http\Middleware\InvokeDeferredCallbacks.php(22): Illuminate\Pipeline\Pipeline->{closure:{closure:Illuminate\Pipeline\Pipeline::carry():194}:195}(Object(Illuminate\Http\Request))
#49 C:\Users\hedra\Desktop\Sourcecode\NexusV2\Nexus-backend\vendor\laravel\framework\src\Illuminate\Pipeline\Pipeline.php(219): Illuminate\Foundation\Http\Middleware\InvokeDeferredCallbacks->handle(Object(Illuminate\Http\Request), Object(Closure))
#50 C:\Users\hedra\Desktop\Sourcecode\NexusV2\Nexus-backend\vendor\laravel\framework\src\Illuminate\Http\Middleware\ValidatePathEncoding.php(28): Illuminate\Pipeline\Pipeline->{closure:{closure:Illuminate\Pipeline\Pipeline::carry():194}:195}(Object(Illuminate\Http\Request))
#51 C:\Users\hedra\Desktop\Sourcecode\NexusV2\Nexus-backend\vendor\laravel\framework\src\Illuminate\Pipeline\Pipeline.php(219): Illuminate\Http\Middleware\ValidatePathEncoding->handle(Object(Illuminate\Http\Request), Object(Closure))
#52 C:\Users\hedra\Desktop\Sourcecode\NexusV2\Nexus-backend\vendor\laravel\framework\src\Illuminate\Pipeline\Pipeline.php(137): Illuminate\Pipeline\Pipeline->{closure:{closure:Illuminate\Pipeline\Pipeline::carry():194}:195}(Object(Illuminate\Http\Request))
#53 C:\Users\hedra\Desktop\Sourcecode\NexusV2\Nexus-backend\vendor\laravel\framework\src\Illuminate\Foundation\Http\Kernel.php(175): Illuminate\Pipeline\Pipeline->then(Object(Closure))
#54 C:\Users\hedra\Desktop\Sourcecode\NexusV2\Nexus-backend\vendor\laravel\framework\src\Illuminate\Foundation\Http\Kernel.php(144): Illuminate\Foundation\Http\Kernel->sendRequestThroughRouter(Object(Illuminate\Http\Request))
#55 C:\Users\hedra\Desktop\Sourcecode\NexusV2\Nexus-backend\vendor\laravel\framework\src\Illuminate\Foundation\Testing\Concerns\MakesHttpRequests.php(607): Illuminate\Foundation\Http\Kernel->handle(Object(Illuminate\Http\Request))
#56 C:\Users\hedra\Desktop\Sourcecode\NexusV2\Nexus-backend\vendor\laravel\framework\src\Illuminate\Foundation\Testing\Concerns\MakesHttpRequests.php(573): Illuminate\Foundation\Testing\TestCase->call('POST', '/api/v1/contact...', Array, Array, Array, Array, '{"contact_id":1...')
#57 C:\Users\hedra\Desktop\Sourcecode\NexusV2\Nexus-backend\vendor\laravel\framework\src\Illuminate\Foundation\Testing\Concerns\MakesHttpRequests.php(411): Illuminate\Foundation\Testing\TestCase->json('POST', '/api/v1/contact...', Array, Array, 0)
#58 C:\Users\hedra\Desktop\Sourcecode\NexusV2\Nexus-backend\tests\Feature\ContactImportAndMessagesTest.php(83): Illuminate\Foundation\Testing\TestCase->postJson('/api/v1/contact...', Array)
#59 C:\Users\hedra\Desktop\Sourcecode\NexusV2\Nexus-backend\vendor\phpunit\phpunit\src\Framework\TestCase.php(1667): Tests\Feature\ContactImportAndMessagesTest->test_message_routes_filter_search_and_source_specific_views()
#60 C:\Users\hedra\Desktop\Sourcecode\NexusV2\Nexus-backend\vendor\phpunit\phpunit\src\Framework\TestCase.php(519): PHPUnit\Framework\TestCase->runTest()
#61 C:\Users\hedra\Desktop\Sourcecode\NexusV2\Nexus-backend\vendor\phpunit\phpunit\src\Framework\TestRunner\TestRunner.php(87): PHPUnit\Framework\TestCase->runBare()
#62 C:\Users\hedra\Desktop\Sourcecode\NexusV2\Nexus-backend\vendor\phpunit\phpunit\src\Framework\TestCase.php(365): PHPUnit\Framework\TestRunner->run(Object(Tests\Feature\ContactImportAndMessagesTest))
#63 C:\Users\hedra\Desktop\Sourcecode\NexusV2\Nexus-backend\vendor\phpunit\phpunit\src\Framework\TestSuite.php(369): PHPUnit\Framework\TestCase->run()
#64 C:\Users\hedra\Desktop\Sourcecode\NexusV2\Nexus-backend\vendor\phpunit\phpunit\src\Framework\TestSuite.php(369): PHPUnit\Framework\TestSuite->run()
#65 C:\Users\hedra\Desktop\Sourcecode\NexusV2\Nexus-backend\vendor\phpunit\phpunit\src\Framework\TestSuite.php(369): PHPUnit\Framework\TestSuite->run()
#66 C:\Users\hedra\Desktop\Sourcecode\NexusV2\Nexus-backend\vendor\phpunit\phpunit\src\TextUI\TestRunner.php(64): PHPUnit\Framework\TestSuite->run()
#67 C:\Users\hedra\Desktop\Sourcecode\NexusV2\Nexus-backend\vendor\phpunit\phpunit\src\TextUI\Application.php(211): PHPUnit\TextUI\TestRunner->run(Object(PHPUnit\TextUI\Configuration\Configuration), Object(PHPUnit\Runner\ResultCache\DefaultResultCache), Object(PHPUnit\Framework\TestSuite))
#68 C:\Users\hedra\Desktop\Sourcecode\NexusV2\Nexus-backend\vendor\phpunit\phpunit\phpunit(104): PHPUnit\TextUI\Application->run(Array)
#69 {main}

----------------------------------------------------------------------------------

Cannot assign null to property App\Services\Contact\WahaImportService::$wahaSecret of type string

  at tests\Feature\ContactImportAndMessagesTest.php:106
    102▕                         'body' => 'I will send it today',
    103▕                     ],
    104▕                 ],
    105▕             ]),
  ➜ 106▕         ])->assertStatus(200);
    107▕ 
    108▕         $this->getJson("/api/v1/contacts/{$contact->id}/messages?search=pricing")
    109▕             ->assertStatus(200)
    110▕             ->assertJsonPath('data.data.0.body', 'Need the pricing sheet');

  ────────────────────────────────────────────────────────────────────────────────────────────────────────────────────  
   FAILED  Tests\Feature\ContactImportAndMessagesTest > facebook import and rollback                                    
  Expected response status code [200] but received 500.
Failed asserting that 500 is identical to 200.

The following exception occurred during the last request:

TypeError: Cannot assign null to property App\Services\Contact\WahaImportService::$wahaSecret of type string in C:\Users\hedra\Desktop\Sourcecode\NexusV2\Nexus-backend\app\Services\Contact\WahaImportService.php:16
Stack trace:
#0 C:\Users\hedra\Desktop\Sourcecode\NexusV2\Nexus-backend\app\Services\Contact\ContactImportPipeline.php(22): App\Services\Contact\WahaImportService->__construct()
#1 C:\Users\hedra\Desktop\Sourcecode\NexusV2\Nexus-backend\vendor\laravel\framework\src\Illuminate\Container\Container.php(1171): App\Services\Contact\ContactImportPipeline->__construct()
#2 C:\Users\hedra\Desktop\Sourcecode\NexusV2\Nexus-backend\vendor\laravel\framework\src\Illuminate\Container\Container.php(936): Illuminate\Container\Container->build('App\\Services\\Co...')
#3 C:\Users\hedra\Desktop\Sourcecode\NexusV2\Nexus-backend\vendor\laravel\framework\src\Illuminate\Foundation\Application.php(1078): Illuminate\Container\Container->resolve('App\\Services\\Co...', Array, true)
#4 C:\Users\hedra\Desktop\Sourcecode\NexusV2\Nexus-backend\vendor\laravel\framework\src\Illuminate\Container\Container.php(864): Illuminate\Foundation\Application->resolve('App\\Services\\Co...', Array)
#5 C:\Users\hedra\Desktop\Sourcecode\NexusV2\Nexus-backend\vendor\laravel\framework\src\Illuminate\Foundation\Application.php(1058): Illuminate\Container\Container->make('App\\Services\\Co...', Array)
#6 C:\Users\hedra\Desktop\Sourcecode\NexusV2\Nexus-backend\vendor\laravel\framework\src\Illuminate\Container\Container.php(1339): Illuminate\Foundation\Application->make('App\\Services\\Co...')
#7 C:\Users\hedra\Desktop\Sourcecode\NexusV2\Nexus-backend\vendor\laravel\framework\src\Illuminate\Container\Container.php(1240): Illuminate\Container\Container->resolveClass(Object(ReflectionParameter), 'App\\Services\\Co...')
#8 C:\Users\hedra\Desktop\Sourcecode\NexusV2\Nexus-backend\vendor\laravel\framework\src\Illuminate\Container\Container.php(1165): Illuminate\Container\Container->resolveDependencies(Array)
#9 C:\Users\hedra\Desktop\Sourcecode\NexusV2\Nexus-backend\vendor\laravel\framework\src\Illuminate\Container\Container.php(936): Illuminate\Container\Container->build('App\\Http\\Contro...')
#10 C:\Users\hedra\Desktop\Sourcecode\NexusV2\Nexus-backend\vendor\laravel\framework\src\Illuminate\Foundation\Application.php(1078): Illuminate\Container\Container->resolve('App\\Http\\Contro...', Array, true)
#11 C:\Users\hedra\Desktop\Sourcecode\NexusV2\Nexus-backend\vendor\laravel\framework\src\Illuminate\Container\Container.php(864): Illuminate\Foundation\Application->resolve('App\\Http\\Contro...', Array)
#12 C:\Users\hedra\Desktop\Sourcecode\NexusV2\Nexus-backend\vendor\laravel\framework\src\Illuminate\Foundation\Application.php(1058): Illuminate\Container\Container->make('App\\Http\\Contro...', Array)
#13 C:\Users\hedra\Desktop\Sourcecode\NexusV2\Nexus-backend\vendor\laravel\framework\src\Illuminate\Routing\Route.php(296): Illuminate\Foundation\Application->make('App\\Http\\Contro...')
#14 C:\Users\hedra\Desktop\Sourcecode\NexusV2\Nexus-backend\vendor\laravel\framework\src\Illuminate\Routing\Route.php(276): Illuminate\Routing\Route->getController()
#15 C:\Users\hedra\Desktop\Sourcecode\NexusV2\Nexus-backend\vendor\laravel\framework\src\Illuminate\Routing\Route.php(215): Illuminate\Routing\Route->runController()
#16 C:\Users\hedra\Desktop\Sourcecode\NexusV2\Nexus-backend\vendor\laravel\framework\src\Illuminate\Routing\Router.php(822): Illuminate\Routing\Route->run()
#17 C:\Users\hedra\Desktop\Sourcecode\NexusV2\Nexus-backend\vendor\laravel\framework\src\Illuminate\Pipeline\Pipeline.php(180): Illuminate\Routing\Router->{closure:Illuminate\Routing\Router::runRouteWithinStack():821}(Object(Illuminate\Http\Request))
#18 C:\Users\hedra\Desktop\Sourcecode\NexusV2\Nexus-backend\vendor\laravel\framework\src\Illuminate\Routing\Middleware\SubstituteBindings.php(52): Illuminate\Pipeline\Pipeline->{closure:Illuminate\Pipeline\Pipeline::prepareDestination():178}(Object(Illuminate\Http\Request))
#19 C:\Users\hedra\Desktop\Sourcecode\NexusV2\Nexus-backend\vendor\laravel\framework\src\Illuminate\Pipeline\Pipeline.php(219): Illuminate\Routing\Middleware\SubstituteBindings->handle(Object(Illuminate\Http\Request), Object(Closure))
#20 C:\Users\hedra\Desktop\Sourcecode\NexusV2\Nexus-backend\vendor\laravel\framework\src\Illuminate\Routing\Middleware\ThrottleRequests.php(168): Illuminate\Pipeline\Pipeline->{closure:{closure:Illuminate\Pipeline\Pipeline::carry():194}:195}(Object(Illuminate\Http\Request))
#21 C:\Users\hedra\Desktop\Sourcecode\NexusV2\Nexus-backend\vendor\laravel\framework\src\Illuminate\Routing\Middleware\ThrottleRequests.php(93): Illuminate\Routing\Middleware\ThrottleRequests->handleRequest(Object(Illuminate\Http\Request), Object(Closure), Array)
#22 C:\Users\hedra\Desktop\Sourcecode\NexusV2\Nexus-backend\vendor\laravel\framework\src\Illuminate\Pipeline\Pipeline.php(219): Illuminate\Routing\Middleware\ThrottleRequests->handle(Object(Illuminate\Http\Request), Object(Closure), '5', '1')
#23 C:\Users\hedra\Desktop\Sourcecode\NexusV2\Nexus-backend\vendor\laravel\framework\src\Illuminate\Auth\Middleware\Authenticate.php(63): Illuminate\Pipeline\Pipeline->{closure:{closure:Illuminate\Pipeline\Pipeline::carry():194}:195}(Object(Illuminate\Http\Request))
#24 C:\Users\hedra\Desktop\Sourcecode\NexusV2\Nexus-backend\vendor\laravel\framework\src\Illuminate\Pipeline\Pipeline.php(219): Illuminate\Auth\Middleware\Authenticate->handle(Object(Illuminate\Http\Request), Object(Closure), 'sanctum')
#25 C:\Users\hedra\Desktop\Sourcecode\NexusV2\Nexus-backend\vendor\laravel\framework\src\Illuminate\Pipeline\Pipeline.php(137): Illuminate\Pipeline\Pipeline->{closure:{closure:Illuminate\Pipeline\Pipeline::carry():194}:195}(Object(Illuminate\Http\Request))
#26 C:\Users\hedra\Desktop\Sourcecode\NexusV2\Nexus-backend\vendor\laravel\framework\src\Illuminate\Routing\Router.php(821): Illuminate\Pipeline\Pipeline->then(Object(Closure))
#27 C:\Users\hedra\Desktop\Sourcecode\NexusV2\Nexus-backend\vendor\laravel\framework\src\Illuminate\Routing\Router.php(800): Illuminate\Routing\Router->runRouteWithinStack(Object(Illuminate\Routing\Route), Object(Illuminate\Http\Request))
#28 C:\Users\hedra\Desktop\Sourcecode\NexusV2\Nexus-backend\vendor\laravel\framework\src\Illuminate\Routing\Router.php(764): Illuminate\Routing\Router->runRoute(Object(Illuminate\Http\Request), Object(Illuminate\Routing\Route))
#29 C:\Users\hedra\Desktop\Sourcecode\NexusV2\Nexus-backend\vendor\laravel\framework\src\Illuminate\Routing\Router.php(753): Illuminate\Routing\Router->dispatchToRoute(Object(Illuminate\Http\Request))
#30 C:\Users\hedra\Desktop\Sourcecode\NexusV2\Nexus-backend\vendor\laravel\framework\src\Illuminate\Foundation\Http\Kernel.php(200): Illuminate\Routing\Router->dispatch(Object(Illuminate\Http\Request))
#31 C:\Users\hedra\Desktop\Sourcecode\NexusV2\Nexus-backend\vendor\laravel\framework\src\Illuminate\Pipeline\Pipeline.php(180): Illuminate\Foundation\Http\Kernel->{closure:Illuminate\Foundation\Http\Kernel::dispatchToRouter():197}(Object(Illuminate\Http\Request))
#32 C:\Users\hedra\Desktop\Sourcecode\NexusV2\Nexus-backend\app\Http\Middleware\AutoLoginDevMiddleware.php(29): Illuminate\Pipeline\Pipeline->{closure:Illuminate\Pipeline\Pipeline::prepareDestination():178}(Object(Illuminate\Http\Request))
#33 C:\Users\hedra\Desktop\Sourcecode\NexusV2\Nexus-backend\vendor\laravel\framework\src\Illuminate\Pipeline\Pipeline.php(219): App\Http\Middleware\AutoLoginDevMiddleware->handle(Object(Illuminate\Http\Request), Object(Closure))
#34 C:\Users\hedra\Desktop\Sourcecode\NexusV2\Nexus-backend\vendor\laravel\framework\src\Illuminate\Foundation\Http\Middleware\TransformsRequest.php(21): Illuminate\Pipeline\Pipeline->{closure:{closure:Illuminate\Pipeline\Pipeline::carry():194}:195}(Object(Illuminate\Http\Request))
#35 C:\Users\hedra\Desktop\Sourcecode\NexusV2\Nexus-backend\vendor\laravel\framework\src\Illuminate\Foundation\Http\Middleware\ConvertEmptyStringsToNull.php(31): Illuminate\Foundation\Http\Middleware\TransformsRequest->handle(Object(Illuminate\Http\Request), Object(Closure))
#36 C:\Users\hedra\Desktop\Sourcecode\NexusV2\Nexus-backend\vendor\laravel\framework\src\Illuminate\Pipeline\Pipeline.php(219): Illuminate\Foundation\Http\Middleware\ConvertEmptyStringsToNull->handle(Object(Illuminate\Http\Request), Object(Closure))
#37 C:\Users\hedra\Desktop\Sourcecode\NexusV2\Nexus-backend\vendor\laravel\framework\src\Illuminate\Foundation\Http\Middleware\TransformsRequest.php(21): Illuminate\Pipeline\Pipeline->{closure:{closure:Illuminate\Pipeline\Pipeline::carry():194}:195}(Object(Illuminate\Http\Request))
#38 C:\Users\hedra\Desktop\Sourcecode\NexusV2\Nexus-backend\vendor\laravel\framework\src\Illuminate\Foundation\Http\Middleware\TrimStrings.php(51): Illuminate\Foundation\Http\Middleware\TransformsRequest->handle(Object(Illuminate\Http\Request), Object(Closure))
#39 C:\Users\hedra\Desktop\Sourcecode\NexusV2\Nexus-backend\vendor\laravel\framework\src\Illuminate\Pipeline\Pipeline.php(219): Illuminate\Foundation\Http\Middleware\TrimStrings->handle(Object(Illuminate\Http\Request), Object(Closure))
#40 C:\Users\hedra\Desktop\Sourcecode\NexusV2\Nexus-backend\vendor\laravel\framework\src\Illuminate\Http\Middleware\ValidatePostSize.php(27): Illuminate\Pipeline\Pipeline->{closure:{closure:Illuminate\Pipeline\Pipeline::carry():194}:195}(Object(Illuminate\Http\Request))
#41 C:\Users\hedra\Desktop\Sourcecode\NexusV2\Nexus-backend\vendor\laravel\framework\src\Illuminate\Pipeline\Pipeline.php(219): Illuminate\Http\Middleware\ValidatePostSize->handle(Object(Illuminate\Http\Request), Object(Closure))
#42 C:\Users\hedra\Desktop\Sourcecode\NexusV2\Nexus-backend\vendor\laravel\framework\src\Illuminate\Foundation\Http\Middleware\PreventRequestsDuringMaintenance.php(109): Illuminate\Pipeline\Pipeline->{closure:{closure:Illuminate\Pipeline\Pipeline::carry():194}:195}(Object(Illuminate\Http\Request))
#43 C:\Users\hedra\Desktop\Sourcecode\NexusV2\Nexus-backend\vendor\laravel\framework\src\Illuminate\Pipeline\Pipeline.php(219): Illuminate\Foundation\Http\Middleware\PreventRequestsDuringMaintenance->handle(Object(Illuminate\Http\Request), Object(Closure))
#44 C:\Users\hedra\Desktop\Sourcecode\NexusV2\Nexus-backend\vendor\laravel\framework\src\Illuminate\Http\Middleware\HandleCors.php(74): Illuminate\Pipeline\Pipeline->{closure:{closure:Illuminate\Pipeline\Pipeline::carry():194}:195}(Object(Illuminate\Http\Request))
#45 C:\Users\hedra\Desktop\Sourcecode\NexusV2\Nexus-backend\vendor\laravel\framework\src\Illuminate\Pipeline\Pipeline.php(219): Illuminate\Http\Middleware\HandleCors->handle(Object(Illuminate\Http\Request), Object(Closure))
#46 C:\Users\hedra\Desktop\Sourcecode\NexusV2\Nexus-backend\vendor\laravel\framework\src\Illuminate\Http\Middleware\TrustProxies.php(58): Illuminate\Pipeline\Pipeline->{closure:{closure:Illuminate\Pipeline\Pipeline::carry():194}:195}(Object(Illuminate\Http\Request))
#47 C:\Users\hedra\Desktop\Sourcecode\NexusV2\Nexus-backend\vendor\laravel\framework\src\Illuminate\Pipeline\Pipeline.php(219): Illuminate\Http\Middleware\TrustProxies->handle(Object(Illuminate\Http\Request), Object(Closure))
#48 C:\Users\hedra\Desktop\Sourcecode\NexusV2\Nexus-backend\vendor\laravel\framework\src\Illuminate\Foundation\Http\Middleware\InvokeDeferredCallbacks.php(22): Illuminate\Pipeline\Pipeline->{closure:{closure:Illuminate\Pipeline\Pipeline::carry():194}:195}(Object(Illuminate\Http\Request))
#49 C:\Users\hedra\Desktop\Sourcecode\NexusV2\Nexus-backend\vendor\laravel\framework\src\Illuminate\Pipeline\Pipeline.php(219): Illuminate\Foundation\Http\Middleware\InvokeDeferredCallbacks->handle(Object(Illuminate\Http\Request), Object(Closure))
#50 C:\Users\hedra\Desktop\Sourcecode\NexusV2\Nexus-backend\vendor\laravel\framework\src\Illuminate\Http\Middleware\ValidatePathEncoding.php(28): Illuminate\Pipeline\Pipeline->{closure:{closure:Illuminate\Pipeline\Pipeline::carry():194}:195}(Object(Illuminate\Http\Request))
#51 C:\Users\hedra\Desktop\Sourcecode\NexusV2\Nexus-backend\vendor\laravel\framework\src\Illuminate\Pipeline\Pipeline.php(219): Illuminate\Http\Middleware\ValidatePathEncoding->handle(Object(Illuminate\Http\Request), Object(Closure))
#52 C:\Users\hedra\Desktop\Sourcecode\NexusV2\Nexus-backend\vendor\laravel\framework\src\Illuminate\Pipeline\Pipeline.php(137): Illuminate\Pipeline\Pipeline->{closure:{closure:Illuminate\Pipeline\Pipeline::carry():194}:195}(Object(Illuminate\Http\Request))
#53 C:\Users\hedra\Desktop\Sourcecode\NexusV2\Nexus-backend\vendor\laravel\framework\src\Illuminate\Foundation\Http\Kernel.php(175): Illuminate\Pipeline\Pipeline->then(Object(Closure))
#54 C:\Users\hedra\Desktop\Sourcecode\NexusV2\Nexus-backend\vendor\laravel\framework\src\Illuminate\Foundation\Http\Kernel.php(144): Illuminate\Foundation\Http\Kernel->sendRequestThroughRouter(Object(Illuminate\Http\Request))
#55 C:\Users\hedra\Desktop\Sourcecode\NexusV2\Nexus-backend\vendor\laravel\framework\src\Illuminate\Foundation\Testing\Concerns\MakesHttpRequests.php(607): Illuminate\Foundation\Http\Kernel->handle(Object(Illuminate\Http\Request))
#56 C:\Users\hedra\Desktop\Sourcecode\NexusV2\Nexus-backend\vendor\laravel\framework\src\Illuminate\Foundation\Testing\Concerns\MakesHttpRequests.php(573): Illuminate\Foundation\Testing\TestCase->call('POST', '/api/v1/contact...', Array, Array, Array, Array, '{"contact_id":1...')
#57 C:\Users\hedra\Desktop\Sourcecode\NexusV2\Nexus-backend\vendor\laravel\framework\src\Illuminate\Foundation\Testing\Concerns\MakesHttpRequests.php(411): Illuminate\Foundation\Testing\TestCase->json('POST', '/api/v1/contact...', Array, Array, 0)
#58 C:\Users\hedra\Desktop\Sourcecode\NexusV2\Nexus-backend\tests\Feature\ContactImportAndMessagesTest.php(125): Illuminate\Foundation\Testing\TestCase->postJson('/api/v1/contact...', Array)
#59 C:\Users\hedra\Desktop\Sourcecode\NexusV2\Nexus-backend\vendor\phpunit\phpunit\src\Framework\TestCase.php(1667): Tests\Feature\ContactImportAndMessagesTest->test_facebook_import_and_rollback()
#60 C:\Users\hedra\Desktop\Sourcecode\NexusV2\Nexus-backend\vendor\phpunit\phpunit\src\Framework\TestCase.php(519): PHPUnit\Framework\TestCase->runTest()
#61 C:\Users\hedra\Desktop\Sourcecode\NexusV2\Nexus-backend\vendor\phpunit\phpunit\src\Framework\TestRunner\TestRunner.php(87): PHPUnit\Framework\TestCase->runBare()
#62 C:\Users\hedra\Desktop\Sourcecode\NexusV2\Nexus-backend\vendor\phpunit\phpunit\src\Framework\TestCase.php(365): PHPUnit\Framework\TestRunner->run(Object(Tests\Feature\ContactImportAndMessagesTest))
#63 C:\Users\hedra\Desktop\Sourcecode\NexusV2\Nexus-backend\vendor\phpunit\phpunit\src\Framework\TestSuite.php(369): PHPUnit\Framework\TestCase->run()
#64 C:\Users\hedra\Desktop\Sourcecode\NexusV2\Nexus-backend\vendor\phpunit\phpunit\src\Framework\TestSuite.php(369): PHPUnit\Framework\TestSuite->run()
#65 C:\Users\hedra\Desktop\Sourcecode\NexusV2\Nexus-backend\vendor\phpunit\phpunit\src\Framework\TestSuite.php(369): PHPUnit\Framework\TestSuite->run()
#66 C:\Users\hedra\Desktop\Sourcecode\NexusV2\Nexus-backend\vendor\phpunit\phpunit\src\TextUI\TestRunner.php(64): PHPUnit\Framework\TestSuite->run()
#67 C:\Users\hedra\Desktop\Sourcecode\NexusV2\Nexus-backend\vendor\phpunit\phpunit\src\TextUI\Application.php(211): PHPUnit\TextUI\TestRunner->run(Object(PHPUnit\TextUI\Configuration\Configuration), Object(PHPUnit\Runner\ResultCache\DefaultResultCache), Object(PHPUnit\Framework\TestSuite))
#68 C:\Users\hedra\Desktop\Sourcecode\NexusV2\Nexus-backend\vendor\phpunit\phpunit\phpunit(104): PHPUnit\TextUI\Application->run(Array)
#69 {main}

----------------------------------------------------------------------------------

Cannot assign null to property App\Services\Contact\WahaImportService::$wahaSecret of type string

  at tests\Feature\ContactImportAndMessagesTest.php:139
    135▕                         'content' => 'Facebook hello',
    136▕                     ],
    137▕                 ],
    138▕             ]),
  ➜ 139▕         ])->assertStatus(200)
    140▕             ->assertJsonPath('data.created', 1);
    141▕ 
    142▕         $batchId = $response->json('data.batch_id');
    143▕         $this->assertDatabaseHas('contact_messages', ['import_batch_id' => $batchId, 'body' => 'Facebook hello']);

  ────────────────────────────────────────────────────────────────────────────────────────────────────────────────────  
   FAILED  Tests\Feature\ContactImportAndMessagesTest > contacthub supporting vnext endpoints                           
  Failed asserting that two strings are identical.
--- Expected
+++ Actual
@@ @@
-'pending'
+'queued'

  at tests\Feature\ContactImportAndMessagesTest.php:165
    161▕ 
    162▕         $this->postJson("/api/v1/contacts/{$contact->id}/analysis-runs", [
    163▕             'options' => ['source' => 'all'],
    164▕         ])->assertStatus(201)
  ➜ 165▕             ->assertJsonPath('data.status', 'pending');
    166▕ 
    167▕         $this->postJson("/api/v1/contacts/{$contact->id}/memory-maintenance", [
    168▕             'operation' => 'detect_conflicts',
    169▕             'dry_run' => true,

  ────────────────────────────────────────────────────────────────────────────────────────────────────────────────────  
   FAILED  Tests\Feature\ContactIntelligenceTest > successful analysis populates evidence re…  BadMethodCallException   
  Call to undefined method App\Models\ContactMessage::factory()

  at vendor\laravel\framework\src\Illuminate\Support\Traits\ForwardsCalls.php:67
     63▕      * @throws \BadMethodCallException
     64▕      */
     65▕     protected static function throwBadMethodCallException($method)
     66▕     {
  ➜  67▕         throw new BadMethodCallException(sprintf(
     68▕             'Call to undefined method %s::%s()', static::class, $method
     69▕         ));
     70▕     }
     71▕ }

  1   vendor\laravel\framework\src\Illuminate\Support\Traits\ForwardsCalls.php:67
  2   vendor\laravel\framework\src\Illuminate\Support\Traits\ForwardsCalls.php:36

  ────────────────────────────────────────────────────────────────────────────────────────────────────────────────────  
   FAILED  Tests\Feature\ContactIntelligenceTest > ai failure marks run failed without writi…  BadMethodCallException   
  Call to undefined method App\Models\ContactMessage::factory()

  at vendor\laravel\framework\src\Illuminate\Support\Traits\ForwardsCalls.php:67
     63▕      * @throws \BadMethodCallException
     64▕      */
     65▕     protected static function throwBadMethodCallException($method)
     66▕     {
  ➜  67▕         throw new BadMethodCallException(sprintf(
     68▕             'Call to undefined method %s::%s()', static::class, $method
     69▕         ));
     70▕     }
     71▕ }

  1   vendor\laravel\framework\src\Illuminate\Support\Traits\ForwardsCalls.php:67
  2   vendor\laravel\framework\src\Illuminate\Support\Traits\ForwardsCalls.php:36

  ────────────────────────────────────────────────────────────────────────────────────────────────────────────────────  
   FAILED  Tests\Feature\ContactIntelligenceTest > evidence references include message detai…  BadMethodCallException   
  Call to undefined method App\Models\ContactMessage::factory()

  at vendor\laravel\framework\src\Illuminate\Support\Traits\ForwardsCalls.php:67
     63▕      * @throws \BadMethodCallException
     64▕      */
     65▕     protected static function throwBadMethodCallException($method)
     66▕     {
  ➜  67▕         throw new BadMethodCallException(sprintf(
     68▕             'Call to undefined method %s::%s()', static::class, $method
     69▕         ));
     70▕     }
     71▕ }

  1   vendor\laravel\framework\src\Illuminate\Support\Traits\ForwardsCalls.php:67
  2   vendor\laravel\framework\src\Illuminate\Support\Traits\ForwardsCalls.php:36

  ────────────────────────────────────────────────────────────────────────────────────────────────────────────────────  
   FAILED  Tests\Feature\ContactIntelligenceTest > all finding types have independent eviden…  BadMethodCallException   
  Call to undefined method App\Models\ContactMessage::factory()

  at vendor\laravel\framework\src\Illuminate\Support\Traits\ForwardsCalls.php:67
     63▕      * @throws \BadMethodCallException
     64▕      */
     65▕     protected static function throwBadMethodCallException($method)
     66▕     {
  ➜  67▕         throw new BadMethodCallException(sprintf(
     68▕             'Call to undefined method %s::%s()', static::class, $method
     69▕         ));
     70▕     }
     71▕ }

  1   vendor\laravel\framework\src\Illuminate\Support\Traits\ForwardsCalls.php:67
  2   vendor\laravel\framework\src\Illuminate\Support\Traits\ForwardsCalls.php:36

  ────────────────────────────────────────────────────────────────────────────────────────────────────────────────────  
   FAILED  Tests\Feature\ContactIntelligenceTest > empty message body excludes from evidence   BadMethodCallException   
  Call to undefined method App\Models\ContactMessage::factory()

  at vendor\laravel\framework\src\Illuminate\Support\Traits\ForwardsCalls.php:67
     63▕      * @throws \BadMethodCallException
     64▕      */
     65▕     protected static function throwBadMethodCallException($method)
     66▕     {
  ➜  67▕         throw new BadMethodCallException(sprintf(
     68▕             'Call to undefined method %s::%s()', static::class, $method
     69▕         ));
     70▕     }
     71▕ }

  1   vendor\laravel\framework\src\Illuminate\Support\Traits\ForwardsCalls.php:67
  2   vendor\laravel\framework\src\Illuminate\Support\Traits\ForwardsCalls.php:36

  ────────────────────────────────────────────────────────────────────────────────────────────────────────────────────  
   FAILED  Tests\Feature\ContactIntelligenceTest > one finding failure does not abort entire…  BadMethodCallException   
  Call to undefined method App\Models\ContactMessage::factory()

  at vendor\laravel\framework\src\Illuminate\Support\Traits\ForwardsCalls.php:67
     63▕      * @throws \BadMethodCallException
     64▕      */
     65▕     protected static function throwBadMethodCallException($method)
     66▕     {
  ➜  67▕         throw new BadMethodCallException(sprintf(
     68▕             'Call to undefined method %s::%s()', static::class, $method
     69▕         ));
     70▕     }
     71▕ }

  1   vendor\laravel\framework\src\Illuminate\Support\Traits\ForwardsCalls.php:67
  2   vendor\laravel\framework\src\Illuminate\Support\Traits\ForwardsCalls.php:36

  ────────────────────────────────────────────────────────────────────────────────────────────────────────────────────  
   FAILED  Tests\Feature\ContactsHubTest > contact merge and erase and enrich workflows                                 
  Expected response status code [200] but received 405.
Failed asserting that 405 is identical to 200.

  at tests\Feature\ContactsHubTest.php:139
    135▕         $enrichResponse->assertStatus(200);
    136▕         $this->assertEquals('Enriched Corp', $enrichResponse->json('data.company'));
    137▕ 
    138▕         $eraseResponse = $this->deleteJson("/api/v1/contacts/{$primaryContact->id}/erase");
  ➜ 139▕         $eraseResponse->assertStatus(200);
    140▕         $this->assertSoftDeleted('contacts', ['id' => $primaryContact->id]);
    141▕         $this->assertDatabaseMissing('contact_identifiers', ['contact_id' => $primaryContact->id]);
    142▕     }
    143▕

  ────────────────────────────────────────────────────────────────────────────────────────────────────────────────────  
   FAILED  Tests\Feature\ControllerTest > agent controller index returns paginated results                              
  Failed asserting that an array has the key 'meta'.

  at tests\Feature\ControllerTest.php:30
     26▕     {
     27▕         Agent::factory()->count(3)->create();
     28▕         $response = $this->getJson('/api/v1/agents');
     29▕         $response->assertStatus(200)
  ➜  30▕             ->assertJsonStructure(['data' => [], 'meta' => []]);
     31▕     }
     32▕ 
     33▕     public function test_agent_controller_store_creates_new_agent(): void
     34▕     {

  ────────────────────────────────────────────────────────────────────────────────────────────────────────────────────  
   FAILED  Tests\Feature\ControllerTest > agent controller execute starts agent                                         
  Expected response status code [200] but received 405.
Failed asserting that 405 is identical to 200.

  at tests\Feature\ControllerTest.php:49
     45▕     public function test_agent_controller_execute_starts_agent(): void
     46▕     {
     47▕         $agent = Agent::factory()->create(['status' => Agent::STATUS_IDLE]);
     48▕         $response = $this->postJson("/api/v1/agents/{$agent->id}/execute");
  ➜  49▕         $response->assertStatus(200)
     50▕             ->assertJsonPath('message', 'Agent execution started');
     51▕     }
     52▕ 
     53▕     public function test_workflow_controller_store_creates_new_workflow(): void

  ────────────────────────────────────────────────────────────────────────────────────────────────────────────────────  
   FAILED  Tests\Feature\ControllerTest > workflow controller execute runs workflow                                     
  Expected response status code [200] but received 422.
Failed asserting that 422 is identical to 200.

The following errors occurred during the last request:

{
    "message": "Workflow must have at least one step.",
    "errors": {
        "steps": [
            "Workflow must have at least one step."
        ]
    }
}

  at tests\Feature\ControllerTest.php:73
     69▕             'is_active' => true,
     70▕             'steps' => [['name' => 'Step 1', 'action' => 'log', 'message' => 'Test']],
     71▕         ]);
     72▕         $response = $this->postJson("/api/v1/workflows/{$workflow->id}/execute");
  ➜  73▕         $response->assertStatus(200)
     74▕             ->assertJsonPath('message', 'Workflow execution completed');
     75▕     }
     76▕ 
     77▕     public function test_task_controller_store_creates_and_enqueues_task(): void

  ────────────────────────────────────────────────────────────────────────────────────────────────────────────────────  
   FAILED  Tests\Feature\ControllerTest > task controller store creates and enqueues task                               
  Failed asserting that a row in the table [agent_tasks] matches the attributes {
    "title": "Test Task",
    "status": "pending"
}.

Found similar results: [
    {
        "title": "Test Task",
        "status": "in-progress"
    }
].

  at tests\Feature\ControllerTest.php:86
     82▕             'agent_id' => $agent->id,
     83▕         ]);
     84▕         $response->assertStatus(201)
     85▕             ->assertJsonPath('data.title', 'Test Task');
  ➜  86▕         $this->assertDatabaseHas('agent_tasks', ['title' => 'Test Task', 'status' => 'pending']);
     87▕     }
     88▕ 
     89▕     public function test_task_controller_cancel_updates_status(): void
     90▕     {

  ────────────────────────────────────────────────────────────────────────────────────────────────────────────────────  
   FAILED  Tests\Feature\ControllerTest > memory controller store working memory                                        
  Expected response status code [201] but received 500.
Failed asserting that 500 is identical to 201.

  at tests\Feature\ControllerTest.php:104
    100▕             'type' => 'working',
    101▕             'key' => 'test_key',
    102▕             'value' => 'test_value',
    103▕         ]);
  ➜ 104▕         $response->assertStatus(201)
    105▕             ->assertJsonPath('type', 'working');
    106▕     }
    107▕ 
    108▕     public function test_memory_controller_store_episodic_memory(): void

  ────────────────────────────────────────────────────────────────────────────────────────────────────────────────────  
   FAILED  Tests\Feature\ControllerTest > setting controller store creates setting                                      
  Expected response status code [201] but received 500.
Failed asserting that 500 is identical to 201.

The following exception occurred during the last request:

TypeError: App\Policies\SettingPolicy::create(): Return value must be of type bool, null returned in C:\Users\hedra\Desktop\Sourcecode\NexusV2\Nexus-backend\app\Policies\SettingPolicy.php:37
Stack trace:
#0 C:\Users\hedra\Desktop\Sourcecode\NexusV2\Nexus-backend\vendor\laravel\framework\src\Illuminate\Auth\Access\Gate.php(844): App\Policies\SettingPolicy->create(Object(App\Models\User))
#1 C:\Users\hedra\Desktop\Sourcecode\NexusV2\Nexus-backend\vendor\laravel\framework\src\Illuminate\Auth\Access\Gate.php(797): Illuminate\Auth\Access\Gate->callPolicyMethod(Object(App\Policies\SettingPolicy), 'create', Object(App\Models\User), Array)
#2 C:\Users\hedra\Desktop\Sourcecode\NexusV2\Nexus-backend\vendor\laravel\framework\src\Illuminate\Auth\Access\Gate.php(553): Illuminate\Auth\Access\Gate->{closure:Illuminate\Auth\Access\Gate::resolvePolicyCallback():780}(Object(App\Models\User), 'App\\Models\\Sett...')
#3 C:\Users\hedra\Desktop\Sourcecode\NexusV2\Nexus-backend\vendor\laravel\framework\src\Illuminate\Auth\Access\Gate.php(448): Illuminate\Auth\Access\Gate->callAuthCallback(Object(App\Models\User), 'create', Array)
#4 C:\Users\hedra\Desktop\Sourcecode\NexusV2\Nexus-backend\vendor\laravel\framework\src\Illuminate\Auth\Access\Gate.php(411): Illuminate\Auth\Access\Gate->raw('create', Array)
#5 C:\Users\hedra\Desktop\Sourcecode\NexusV2\Nexus-backend\vendor\laravel\framework\src\Illuminate\Auth\Access\Gate.php(398): Illuminate\Auth\Access\Gate->inspect('create', 'App\\Models\\Sett...')
#6 C:\Users\hedra\Desktop\Sourcecode\NexusV2\Nexus-backend\vendor\laravel\framework\src\Illuminate\Foundation\Auth\Access\AuthorizesRequests.php(25): Illuminate\Auth\Access\Gate->authorize('create', 'App\\Models\\Sett...')
#7 C:\Users\hedra\Desktop\Sourcecode\NexusV2\Nexus-backend\app\Http\Controllers\SettingController.php(150): App\Http\Controllers\Controller->authorize('create', 'App\\Models\\Sett...')
#8 C:\Users\hedra\Desktop\Sourcecode\NexusV2\Nexus-backend\vendor\laravel\framework\src\Illuminate\Routing\ControllerDispatcher.php(46): App\Http\Controllers\SettingController->store(Object(Illuminate\Http\Request))
#9 C:\Users\hedra\Desktop\Sourcecode\NexusV2\Nexus-backend\vendor\laravel\framework\src\Illuminate\Routing\Route.php(275): Illuminate\Routing\ControllerDispatcher->dispatch(Object(Illuminate\Routing\Route), Object(App\Http\Controllers\SettingController), 'store')
#10 C:\Users\hedra\Desktop\Sourcecode\NexusV2\Nexus-backend\vendor\laravel\framework\src\Illuminate\Routing\Route.php(215): Illuminate\Routing\Route->runController()
#11 C:\Users\hedra\Desktop\Sourcecode\NexusV2\Nexus-backend\vendor\laravel\framework\src\Illuminate\Routing\Router.php(822): Illuminate\Routing\Route->run()
#12 C:\Users\hedra\Desktop\Sourcecode\NexusV2\Nexus-backend\vendor\laravel\framework\src\Illuminate\Pipeline\Pipeline.php(180): Illuminate\Routing\Router->{closure:Illuminate\Routing\Router::runRouteWithinStack():821}(Object(Illuminate\Http\Request))
#13 C:\Users\hedra\Desktop\Sourcecode\NexusV2\Nexus-backend\vendor\laravel\framework\src\Illuminate\Routing\Middleware\SubstituteBindings.php(52): Illuminate\Pipeline\Pipeline->{closure:Illuminate\Pipeline\Pipeline::prepareDestination():178}(Object(Illuminate\Http\Request))
#14 C:\Users\hedra\Desktop\Sourcecode\NexusV2\Nexus-backend\vendor\laravel\framework\src\Illuminate\Pipeline\Pipeline.php(219): Illuminate\Routing\Middleware\SubstituteBindings->handle(Object(Illuminate\Http\Request), Object(Closure))
#15 C:\Users\hedra\Desktop\Sourcecode\NexusV2\Nexus-backend\vendor\laravel\framework\src\Illuminate\Auth\Middleware\Authenticate.php(63): Illuminate\Pipeline\Pipeline->{closure:{closure:Illuminate\Pipeline\Pipeline::carry():194}:195}(Object(Illuminate\Http\Request))
#16 C:\Users\hedra\Desktop\Sourcecode\NexusV2\Nexus-backend\vendor\laravel\framework\src\Illuminate\Pipeline\Pipeline.php(219): Illuminate\Auth\Middleware\Authenticate->handle(Object(Illuminate\Http\Request), Object(Closure), 'sanctum')
#17 C:\Users\hedra\Desktop\Sourcecode\NexusV2\Nexus-backend\vendor\laravel\framework\src\Illuminate\Pipeline\Pipeline.php(137): Illuminate\Pipeline\Pipeline->{closure:{closure:Illuminate\Pipeline\Pipeline::carry():194}:195}(Object(Illuminate\Http\Request))
#18 C:\Users\hedra\Desktop\Sourcecode\NexusV2\Nexus-backend\vendor\laravel\framework\src\Illuminate\Routing\Router.php(821): Illuminate\Pipeline\Pipeline->then(Object(Closure))
#19 C:\Users\hedra\Desktop\Sourcecode\NexusV2\Nexus-backend\vendor\laravel\framework\src\Illuminate\Routing\Router.php(800): Illuminate\Routing\Router->runRouteWithinStack(Object(Illuminate\Routing\Route), Object(Illuminate\Http\Request))
#20 C:\Users\hedra\Desktop\Sourcecode\NexusV2\Nexus-backend\vendor\laravel\framework\src\Illuminate\Routing\Router.php(764): Illuminate\Routing\Router->runRoute(Object(Illuminate\Http\Request), Object(Illuminate\Routing\Route))
#21 C:\Users\hedra\Desktop\Sourcecode\NexusV2\Nexus-backend\vendor\laravel\framework\src\Illuminate\Routing\Router.php(753): Illuminate\Routing\Router->dispatchToRoute(Object(Illuminate\Http\Request))
#22 C:\Users\hedra\Desktop\Sourcecode\NexusV2\Nexus-backend\vendor\laravel\framework\src\Illuminate\Foundation\Http\Kernel.php(200): Illuminate\Routing\Router->dispatch(Object(Illuminate\Http\Request))
#23 C:\Users\hedra\Desktop\Sourcecode\NexusV2\Nexus-backend\vendor\laravel\framework\src\Illuminate\Pipeline\Pipeline.php(180): Illuminate\Foundation\Http\Kernel->{closure:Illuminate\Foundation\Http\Kernel::dispatchToRouter():197}(Object(Illuminate\Http\Request))
#24 C:\Users\hedra\Desktop\Sourcecode\NexusV2\Nexus-backend\app\Http\Middleware\AutoLoginDevMiddleware.php(29): Illuminate\Pipeline\Pipeline->{closure:Illuminate\Pipeline\Pipeline::prepareDestination():178}(Object(Illuminate\Http\Request))
#25 C:\Users\hedra\Desktop\Sourcecode\NexusV2\Nexus-backend\vendor\laravel\framework\src\Illuminate\Pipeline\Pipeline.php(219): App\Http\Middleware\AutoLoginDevMiddleware->handle(Object(Illuminate\Http\Request), Object(Closure))
#26 C:\Users\hedra\Desktop\Sourcecode\NexusV2\Nexus-backend\vendor\laravel\framework\src\Illuminate\Foundation\Http\Middleware\TransformsRequest.php(21): Illuminate\Pipeline\Pipeline->{closure:{closure:Illuminate\Pipeline\Pipeline::carry():194}:195}(Object(Illuminate\Http\Request))
#27 C:\Users\hedra\Desktop\Sourcecode\NexusV2\Nexus-backend\vendor\laravel\framework\src\Illuminate\Foundation\Http\Middleware\ConvertEmptyStringsToNull.php(31): Illuminate\Foundation\Http\Middleware\TransformsRequest->handle(Object(Illuminate\Http\Request), Object(Closure))
#28 C:\Users\hedra\Desktop\Sourcecode\NexusV2\Nexus-backend\vendor\laravel\framework\src\Illuminate\Pipeline\Pipeline.php(219): Illuminate\Foundation\Http\Middleware\ConvertEmptyStringsToNull->handle(Object(Illuminate\Http\Request), Object(Closure))
#29 C:\Users\hedra\Desktop\Sourcecode\NexusV2\Nexus-backend\vendor\laravel\framework\src\Illuminate\Foundation\Http\Middleware\TransformsRequest.php(21): Illuminate\Pipeline\Pipeline->{closure:{closure:Illuminate\Pipeline\Pipeline::carry():194}:195}(Object(Illuminate\Http\Request))
#30 C:\Users\hedra\Desktop\Sourcecode\NexusV2\Nexus-backend\vendor\laravel\framework\src\Illuminate\Foundation\Http\Middleware\TrimStrings.php(51): Illuminate\Foundation\Http\Middleware\TransformsRequest->handle(Object(Illuminate\Http\Request), Object(Closure))
#31 C:\Users\hedra\Desktop\Sourcecode\NexusV2\Nexus-backend\vendor\laravel\framework\src\Illuminate\Pipeline\Pipeline.php(219): Illuminate\Foundation\Http\Middleware\TrimStrings->handle(Object(Illuminate\Http\Request), Object(Closure))
#32 C:\Users\hedra\Desktop\Sourcecode\NexusV2\Nexus-backend\vendor\laravel\framework\src\Illuminate\Http\Middleware\ValidatePostSize.php(27): Illuminate\Pipeline\Pipeline->{closure:{closure:Illuminate\Pipeline\Pipeline::carry():194}:195}(Object(Illuminate\Http\Request))
#33 C:\Users\hedra\Desktop\Sourcecode\NexusV2\Nexus-backend\vendor\laravel\framework\src\Illuminate\Pipeline\Pipeline.php(219): Illuminate\Http\Middleware\ValidatePostSize->handle(Object(Illuminate\Http\Request), Object(Closure))
#34 C:\Users\hedra\Desktop\Sourcecode\NexusV2\Nexus-backend\vendor\laravel\framework\src\Illuminate\Foundation\Http\Middleware\PreventRequestsDuringMaintenance.php(109): Illuminate\Pipeline\Pipeline->{closure:{closure:Illuminate\Pipeline\Pipeline::carry():194}:195}(Object(Illuminate\Http\Request))
#35 C:\Users\hedra\Desktop\Sourcecode\NexusV2\Nexus-backend\vendor\laravel\framework\src\Illuminate\Pipeline\Pipeline.php(219): Illuminate\Foundation\Http\Middleware\PreventRequestsDuringMaintenance->handle(Object(Illuminate\Http\Request), Object(Closure))
#36 C:\Users\hedra\Desktop\Sourcecode\NexusV2\Nexus-backend\vendor\laravel\framework\src\Illuminate\Http\Middleware\HandleCors.php(74): Illuminate\Pipeline\Pipeline->{closure:{closure:Illuminate\Pipeline\Pipeline::carry():194}:195}(Object(Illuminate\Http\Request))
#37 C:\Users\hedra\Desktop\Sourcecode\NexusV2\Nexus-backend\vendor\laravel\framework\src\Illuminate\Pipeline\Pipeline.php(219): Illuminate\Http\Middleware\HandleCors->handle(Object(Illuminate\Http\Request), Object(Closure))
#38 C:\Users\hedra\Desktop\Sourcecode\NexusV2\Nexus-backend\vendor\laravel\framework\src\Illuminate\Http\Middleware\TrustProxies.php(58): Illuminate\Pipeline\Pipeline->{closure:{closure:Illuminate\Pipeline\Pipeline::carry():194}:195}(Object(Illuminate\Http\Request))
#39 C:\Users\hedra\Desktop\Sourcecode\NexusV2\Nexus-backend\vendor\laravel\framework\src\Illuminate\Pipeline\Pipeline.php(219): Illuminate\Http\Middleware\TrustProxies->handle(Object(Illuminate\Http\Request), Object(Closure))
#40 C:\Users\hedra\Desktop\Sourcecode\NexusV2\Nexus-backend\vendor\laravel\framework\src\Illuminate\Foundation\Http\Middleware\InvokeDeferredCallbacks.php(22): Illuminate\Pipeline\Pipeline->{closure:{closure:Illuminate\Pipeline\Pipeline::carry():194}:195}(Object(Illuminate\Http\Request))
#41 C:\Users\hedra\Desktop\Sourcecode\NexusV2\Nexus-backend\vendor\laravel\framework\src\Illuminate\Pipeline\Pipeline.php(219): Illuminate\Foundation\Http\Middleware\InvokeDeferredCallbacks->handle(Object(Illuminate\Http\Request), Object(Closure))
#42 C:\Users\hedra\Desktop\Sourcecode\NexusV2\Nexus-backend\vendor\laravel\framework\src\Illuminate\Http\Middleware\ValidatePathEncoding.php(28): Illuminate\Pipeline\Pipeline->{closure:{closure:Illuminate\Pipeline\Pipeline::carry():194}:195}(Object(Illuminate\Http\Request))
#43 C:\Users\hedra\Desktop\Sourcecode\NexusV2\Nexus-backend\vendor\laravel\framework\src\Illuminate\Pipeline\Pipeline.php(219): Illuminate\Http\Middleware\ValidatePathEncoding->handle(Object(Illuminate\Http\Request), Object(Closure))
#44 C:\Users\hedra\Desktop\Sourcecode\NexusV2\Nexus-backend\vendor\laravel\framework\src\Illuminate\Pipeline\Pipeline.php(137): Illuminate\Pipeline\Pipeline->{closure:{closure:Illuminate\Pipeline\Pipeline::carry():194}:195}(Object(Illuminate\Http\Request))
#45 C:\Users\hedra\Desktop\Sourcecode\NexusV2\Nexus-backend\vendor\laravel\framework\src\Illuminate\Foundation\Http\Kernel.php(175): Illuminate\Pipeline\Pipeline->then(Object(Closure))
#46 C:\Users\hedra\Desktop\Sourcecode\NexusV2\Nexus-backend\vendor\laravel\framework\src\Illuminate\Foundation\Http\Kernel.php(144): Illuminate\Foundation\Http\Kernel->sendRequestThroughRouter(Object(Illuminate\Http\Request))
#47 C:\Users\hedra\Desktop\Sourcecode\NexusV2\Nexus-backend\vendor\laravel\framework\src\Illuminate\Foundation\Testing\Concerns\MakesHttpRequests.php(607): Illuminate\Foundation\Http\Kernel->handle(Object(Illuminate\Http\Request))
#48 C:\Users\hedra\Desktop\Sourcecode\NexusV2\Nexus-backend\vendor\laravel\framework\src\Illuminate\Foundation\Testing\Concerns\MakesHttpRequests.php(573): Illuminate\Foundation\Testing\TestCase->call('POST', '/api/v1/setting...', Array, Array, Array, Array, '{"key":"test_se...')
#49 C:\Users\hedra\Desktop\Sourcecode\NexusV2\Nexus-backend\vendor\laravel\framework\src\Illuminate\Foundation\Testing\Concerns\MakesHttpRequests.php(411): Illuminate\Foundation\Testing\TestCase->json('POST', '/api/v1/setting...', Array, Array, 0)
#50 C:\Users\hedra\Desktop\Sourcecode\NexusV2\Nexus-backend\tests\Feature\ControllerTest.php(122): Illuminate\Foundation\Testing\TestCase->postJson('/api/v1/setting...', Array)
#51 C:\Users\hedra\Desktop\Sourcecode\NexusV2\Nexus-backend\vendor\phpunit\phpunit\src\Framework\TestCase.php(1667): Tests\Feature\ControllerTest->test_setting_controller_store_creates_setting()
#52 C:\Users\hedra\Desktop\Sourcecode\NexusV2\Nexus-backend\vendor\phpunit\phpunit\src\Framework\TestCase.php(519): PHPUnit\Framework\TestCase->runTest()
#53 C:\Users\hedra\Desktop\Sourcecode\NexusV2\Nexus-backend\vendor\phpunit\phpunit\src\Framework\TestRunner\TestRunner.php(87): PHPUnit\Framework\TestCase->runBare()
#54 C:\Users\hedra\Desktop\Sourcecode\NexusV2\Nexus-backend\vendor\phpunit\phpunit\src\Framework\TestCase.php(365): PHPUnit\Framework\TestRunner->run(Object(Tests\Feature\ControllerTest))
#55 C:\Users\hedra\Desktop\Sourcecode\NexusV2\Nexus-backend\vendor\phpunit\phpunit\src\Framework\TestSuite.php(369): PHPUnit\Framework\TestCase->run()
#56 C:\Users\hedra\Desktop\Sourcecode\NexusV2\Nexus-backend\vendor\phpunit\phpunit\src\Framework\TestSuite.php(369): PHPUnit\Framework\TestSuite->run()
#57 C:\Users\hedra\Desktop\Sourcecode\NexusV2\Nexus-backend\vendor\phpunit\phpunit\src\Framework\TestSuite.php(369): PHPUnit\Framework\TestSuite->run()
#58 C:\Users\hedra\Desktop\Sourcecode\NexusV2\Nexus-backend\vendor\phpunit\phpunit\src\TextUI\TestRunner.php(64): PHPUnit\Framework\TestSuite->run()
#59 C:\Users\hedra\Desktop\Sourcecode\NexusV2\Nexus-backend\vendor\phpunit\phpunit\src\TextUI\Application.php(211): PHPUnit\TextUI\TestRunner->run(Object(PHPUnit\TextUI\Configuration\Configuration), Object(PHPUnit\Runner\ResultCache\DefaultResultCache), Object(PHPUnit\Framework\TestSuite))
#60 C:\Users\hedra\Desktop\Sourcecode\NexusV2\Nexus-backend\vendor\phpunit\phpunit\phpunit(104): PHPUnit\TextUI\Application->run(Array)
#61 {main}

----------------------------------------------------------------------------------

App\Policies\SettingPolicy::create(): Return value must be of type bool, null returned

  at tests\Feature\ControllerTest.php:128
    124▕             'value' => 'test_value',
    125▕             'type' => 'string',
    126▕             'group' => 'general',
    127▕         ]);
  ➜ 128▕         $response->assertStatus(201);
    129▕         $this->assertDatabaseHas('settings', ['key' => 'test_setting']);
    130▕     }
    131▕ 
    132▕     public function test_log_controller_stats_returns_statistics(): void

  ────────────────────────────────────────────────────────────────────────────────────────────────────────────────────  
   FAILED  Tests\Feature\ControllerTest > log controller stats returns statistics                                       
  Failed asserting that an array has the key 'by_category'.

  at tests\Feature\ControllerTest.php:136
    132▕     public function test_log_controller_stats_returns_statistics(): void
    133▕     {
    134▕         $response = $this->getJson('/api/v1/logs/stats');
    135▕         $response->assertStatus(200)
  ➜ 136▕             ->assertJsonStructure(['data' => ['total', 'by_level', 'by_category', 'today', 'errors_today']]);
    137▕     }
    138▕ 
    139▕     public function test_ai_model_controller_store_creates_model(): void
    140▕     {

  ────────────────────────────────────────────────────────────────────────────────────────────────────────────────────  
   FAILED  Tests\Feature\ConversationHubTest > conversation messages payload contains channel thread and metadata       
  Expected response status code [200] but received 404.
Failed asserting that 404 is identical to 200.

  at tests\Feature\ConversationHubTest.php:21
     17▕         $conversationId = 123;
     18▕ 
     19▕         $response = $this->getJson("/api/v1/conversations/{$conversationId}/messages");
     20▕ 
  ➜  21▕         $response->assertStatus(200)
     22▕             ->assertJsonStructure([
     23▕                 'data' => [
     24▕                     'conversation_id',
     25▕                     'messages' => [

  ────────────────────────────────────────────────────────────────────────────────────────────────────────────────────  
   FAILED  Tests\Feature\ConversationHubTest > send message accepts channel thread and metadata                         
  Expected response status code [201] but received 404.
Failed asserting that 404 is identical to 201.

  at tests\Feature\ConversationHubTest.php:51
     47▕         ];
     48▕ 
     49▕         $response = $this->postJson("/api/v1/conversations/{$conversationId}/send-message", $payload);
     50▕ 
  ➜  51▕         $response->assertStatus(201)
     52▕             ->assertJsonPath('data.conversation_id', $conversationId)
     53▕             ->assertJsonPath('data.sender', 'agent')
     54▕             ->assertJsonPath('data.channel', 'email')
     55▕             ->assertJsonPath('data.thread_id', 'thread-789')

  ────────────────────────────────────────────────────────────────────────────────────────────────────────────────────  
   FAILED  Tests\Feature\DashboardTest > dashboard stats endpoint returns aggregated data              QueryException   
  SQLSTATE[HY000]: General error: 1 table conversations has no column named user_id (Connection: sqlite, Database: :memory:, SQL: insert into "conversations" ("user_id", "status", "created_at", "updated_at") values (1, active, 2026-06-24 16:22:04, 2026-06-24 16:22:04))

  at vendor\laravel\framework\src\Illuminate\Database\Connection.php:857
    853▕             $exceptionType = ($isUniqueConstraintError = $this->isUniqueConstraintError($e))
    854▕                 ? UniqueConstraintViolationException::class
    855▕                 : QueryException::class;
    856▕ 
  ➜ 857▕             $exception = new $exceptionType(
    858▕                 $this->getNameWithReadWriteType(),
    859▕                 $query,
    860▕                 $this->prepareBindings($bindings),
    861▕                 $e,

  1   vendor\laravel\framework\src\Illuminate\Database\Connection.php:857

  2   vendor\laravel\framework\src\Illuminate\Database\Connection.php:595
      NunoMaduro\Collision\Exceptions\TestException::("SQLSTATE[HY000]: General error: 1 table conversations has no column named user_id")

  ────────────────────────────────────────────────────────────────────────────────────────────────────────────────────  
   FAILED  Tests\Feature\DashboardTest > job retry endpoint requeues job                               QueryException   
  SQLSTATE[23000]: Integrity constraint violation: 19 NOT NULL constraint failed: failed_jobs.uuid (Connection: sqlite, Database: :memory:, SQL: insert into "failed_jobs" ("connection", "queue", "payload", "exception", "failed_at") values (redis, default, {"displayName":"TestJob"}, SomeException, 2026-06-24 16:22:05))

  at vendor\laravel\framework\src\Illuminate\Database\Connection.php:857
    853▕             $exceptionType = ($isUniqueConstraintError = $this->isUniqueConstraintError($e))
    854▕                 ? UniqueConstraintViolationException::class
    855▕                 : QueryException::class;
    856▕ 
  ➜ 857▕             $exception = new $exceptionType(
    858▕                 $this->getNameWithReadWriteType(),
    859▕                 $query,
    860▕                 $this->prepareBindings($bindings),
    861▕                 $e,

  1   vendor\laravel\framework\src\Illuminate\Database\Connection.php:857

  2   vendor\laravel\framework\src\Illuminate\Database\Connection.php:601
      NunoMaduro\Collision\Exceptions\TestException::("SQLSTATE[23000]: Integrity constraint violation: 19 NOT NULL constraint failed: failed_jobs.uuid")

  ────────────────────────────────────────────────────────────────────────────────────────────────────────────────────  
   FAILED  Tests\Feature\DashboardTest > proactive ai suggestions actions                              QueryException   
  SQLSTATE[HY000]: General error: 1 no such table: proactive_logs (Connection: sqlite, Database: :memory:, SQL: insert into "proactive_logs" ("user_id", "title", "body", "category", "status", "created_at", "updated_at") values (1, Optimize Prompt, Make agent faster, contact_insight, pending, 2026-06-24 16:22:05, 2026-06-24 16:22:05))

  at vendor\laravel\framework\src\Illuminate\Database\Connection.php:857
    853▕             $exceptionType = ($isUniqueConstraintError = $this->isUniqueConstraintError($e))
    854▕                 ? UniqueConstraintViolationException::class
    855▕                 : QueryException::class;
    856▕ 
  ➜ 857▕             $exception = new $exceptionType(
    858▕                 $this->getNameWithReadWriteType(),
    859▕                 $query,
    860▕                 $this->prepareBindings($bindings),
    861▕                 $e,

  1   vendor\laravel\framework\src\Illuminate\Database\Connection.php:857

  2   vendor\laravel\framework\src\Illuminate\Database\Connection.php:595
      NunoMaduro\Collision\Exceptions\TestException::("SQLSTATE[HY000]: General error: 1 no such table: proactive_logs")

  ────────────────────────────────────────────────────────────────────────────────────────────────────────────────────  
   FAILED  Tests\Feature\ErrorHandlingTest > agent creation validates required fields                                   
  Expected response status code [422] but received 401.
Failed asserting that 401 is identical to 422.

  at tests\Feature\ErrorHandlingTest.php:21
     17▕     public function test_agent_creation_validates_required_fields(): void
     18▕     {
     19▕         $response = $this->postJson('/api/v1/agents', []);
     20▕ 
  ➜  21▕         $response->assertStatus(422)
     22▕             ->assertJsonValidationErrors(['name', 'key', 'type']);
     23▕     }
     24▕ 
     25▕     public function test_workflow_creation_validates_required_steps(): void

  ────────────────────────────────────────────────────────────────────────────────────────────────────────────────────  
   FAILED  Tests\Feature\ErrorHandlingTest > workflow creation validates required steps                                 
  Expected response status code [422] but received 401.
Failed asserting that 401 is identical to 422.

  at tests\Feature\ErrorHandlingTest.php:34
     30▕             'trigger_type' => 'manual',
     31▕             'steps' => [],
     32▕         ]);
     33▕ 
  ➜  34▕         $response->assertStatus(422)
     35▕             ->assertJsonValidationErrors(['steps']);
     36▕     }
     37▕ 
     38▕     public function test_memory_creation_validates_type(): void

  ────────────────────────────────────────────────────────────────────────────────────────────────────────────────────  
   FAILED  Tests\Feature\ErrorHandlingTest > memory creation validates type                                             
  Expected response status code [422] but received 401.
Failed asserting that 401 is identical to 422.

  at tests\Feature\ErrorHandlingTest.php:44
     40▕         $response = $this->postJson('/api/v1/memories', [
     41▕             'type' => 'invalid_type',
     42▕         ]);
     43▕ 
  ➜  44▕         $response->assertStatus(422)
     45▕             ->assertJsonValidationErrors(['type']);
     46▕     }
     47▕ 
     48▕     // ─── Not Found Errors ────────────────────────────────────────────────

  ────────────────────────────────────────────────────────────────────────────────────────────────────────────────────  
   FAILED  Tests\Feature\ErrorHandlingTest > agent not found returns 404                                                
  Expected response status code [404] but received 401.
Failed asserting that 401 is identical to 404.

  at tests\Feature\ErrorHandlingTest.php:53
     49▕ 
     50▕     public function test_agent_not_found_returns_404(): void
     51▕     {
     52▕         $response = $this->getJson('/api/v1/agents/99999');
  ➜  53▕         $response->assertStatus(404);
     54▕     }
     55▕ 
     56▕     public function test_workflow_not_found_returns_404(): void
     57▕     {

  ────────────────────────────────────────────────────────────────────────────────────────────────────────────────────  
   FAILED  Tests\Feature\ErrorHandlingTest > workflow not found returns 404                                             
  Expected response status code [404] but received 401.
Failed asserting that 401 is identical to 404.

  at tests\Feature\ErrorHandlingTest.php:59
     55▕ 
     56▕     public function test_workflow_not_found_returns_404(): void
     57▕     {
     58▕         $response = $this->getJson('/api/v1/workflows/99999');
  ➜  59▕         $response->assertStatus(404);
     60▕     }
     61▕ 
     62▕     public function test_contact_not_found_returns_404(): void
     63▕     {

  ────────────────────────────────────────────────────────────────────────────────────────────────────────────────────  
   FAILED  Tests\Feature\ErrorHandlingTest > contact not found returns 404                                              
  Expected response status code [404] but received 401.
Failed asserting that 401 is identical to 404.

  at tests\Feature\ErrorHandlingTest.php:65
     61▕ 
     62▕     public function test_contact_not_found_returns_404(): void
     63▕     {
     64▕         $response = $this->getJson('/api/v1/contacts/99999');
  ➜  65▕         $response->assertStatus(404);
     66▕     }
     67▕ 
     68▕     // ─── Conflict Errors ─────────────────────────────────────────────────
     69▕

  ────────────────────────────────────────────────────────────────────────────────────────────────────────────────────  
   FAILED  Tests\Feature\ErrorHandlingTest > agent already running returns conflict                                     
  Expected response status code [409] but received 405.
Failed asserting that 405 is identical to 409.

  at tests\Feature\ErrorHandlingTest.php:74
     70▕     public function test_agent_already_running_returns_conflict(): void
     71▕     {
     72▕         $agent = Agent::factory()->create(['status' => Agent::STATUS_RUNNING]);
     73▕         $response = $this->postJson("/api/v1/agents/{$agent->id}/execute");
  ➜  74▕         $response->assertStatus(409)
     75▕             ->assertJsonPath('message', 'Agent is already running');
     76▕     }
     77▕ 
     78▕     public function test_workflow_already_running_returns_conflict(): void

  ────────────────────────────────────────────────────────────────────────────────────────────────────────────────────  
   FAILED  Tests\Feature\ErrorHandlingTest > workflow already running returns conflict                                  
  Expected response status code [409] but received 401.
Failed asserting that 401 is identical to 409.

  at tests\Feature\ErrorHandlingTest.php:82
     78▕     public function test_workflow_already_running_returns_conflict(): void
     79▕     {
     80▕         $workflow = Workflow::factory()->create(['status' => Workflow::STATUS_RUNNING]);
     81▕         $response = $this->postJson("/api/v1/workflows/{$workflow->id}/execute");
  ➜  82▕         $response->assertStatus(409)
     83▕             ->assertJsonPath('message', 'Workflow is already running');
     84▕     }
     85▕ 
     86▕     // ─── Server Errors ───────────────────────────────────────────────────

  ────────────────────────────────────────────────────────────────────────────────────────────────────────────────────  
   FAILED  Tests\Feature\ErrorHandlingTest > invalid json returns 400                                                   
  Expected response status code [422] but received 401.
Failed asserting that 401 is identical to 422.

  at tests\Feature\ErrorHandlingTest.php:94
     90▕         $response = $this->postJson('/api/v1/agents', [], [
     91▕             'HTTP_Content-Type' => 'application/json',
     92▕         ]);
     93▕ 
  ➜  94▕         $response->assertStatus(422);
     95▕     }
     96▕ 
     97▕     // ─── Graceful Degradation ────────────────────────────────────────────
     98▕

  ────────────────────────────────────────────────────────────────────────────────────────────────────────────────────  
   FAILED  Tests\Feature\ErrorHandlingTest > memory service unavailable returns error                                   
  Expected response status code [422] but received 401.
Failed asserting that 401 is identical to 422.

  at tests\Feature\ErrorHandlingTest.php:107
    103▕             'contactId' => 99999,
    104▕             'content' => 'Test',
    105▕         ]);
    106▕ 
  ➜ 107▕         $response->assertStatus(422);
    108▕     }
    109▕ 
    110▕     // ─── Error Response Format ───────────────────────────────────────────
    111▕

  ────────────────────────────────────────────────────────────────────────────────────────────────────────────────────  
   FAILED  Tests\Feature\ErrorHandlingTest > error responses have consistent format                                     
  Expected response status code [422] but received 401.
Failed asserting that 401 is identical to 422.

  at tests\Feature\ErrorHandlingTest.php:116
    112▕     public function test_error_responses_have_consistent_format(): void
    113▕     {
    114▕         $response = $this->postJson('/api/v1/agents', []);
    115▕ 
  ➜ 116▕         $response->assertStatus(422)
    117▕             ->assertJsonStructure(['errors']);
    118▕     }
    119▕ 
    120▕     public function test_server_errors_have_message_and_error_fields(): void

  ────────────────────────────────────────────────────────────────────────────────────────────────────────────────────  
   FAILED  Tests\Feature\EventTest > contact created event is dispatched                                                
  Expected response status code [201] but received 401.
Failed asserting that 401 is identical to 201.

  at tests\Feature\EventTest.php:28
     24▕             'name' => 'Test Contact',
     25▕             'email' => 'test@example.com',
     26▕             'type' => 'contact',
     27▕         ]);
  ➜  28▕         $response->assertStatus(201);
     29▕         Event::assertDispatched(ContactCreated::class);
     30▕     }
     31▕ 
     32▕     public function test_message_received_event_is_dispatched(): void

  ────────────────────────────────────────────────────────────────────────────────────────────────────────────────────  
   FAILED  Tests\Feature\EventTest > message received event is dispatched                                               
  Expected response status code [200] but received 422.
Failed asserting that 422 is identical to 200.

The following errors occurred during the last request:

{
    "message": "The session field is required. (and 2 more errors)",
    "errors": {
        "session": [
            "The session field is required."
        ],
        "payload": [
            "The payload field is required."
        ],
        "payload.id": [
            "The payload.id field is required when event is message."
        ]
    }
}

  at tests\Feature\EventTest.php:43
     39▕                 'content' => 'Hello',
     40▕                 'from' => 'Test User',
     41▕             ],
     42▕         ]);
  ➜  43▕         $response->assertStatus(200);
     44▕         Event::assertDispatched(MessageReceived::class);
     45▕     }
     46▕ 
     47▕     public function test_memory_indexed_event_is_dispatched_after_episodic_memory_store(): void

  ────────────────────────────────────────────────────────────────────────────────────────────────────────────────────  
   FAILED  Tests\Feature\EventTest > memory indexed event is dispatched after episodic memory store                     
  The expected [App\Events\MemoryIndexed] event was not dispatched.
Failed asserting that false is true.

  at vendor\laravel\framework\src\Illuminate\Support\Testing\Fakes\EventFake.php:144
    140▕         if (is_int($callback)) {
    141▕             return $this->assertDispatchedTimes($event, $callback);
    142▕         }
    143▕ 
  ➜ 144▕         PHPUnit::assertTrue(
    145▕             $this->dispatched($event, $callback)->count() > 0,
    146▕             "The expected [{$event}] event was not dispatched."
    147▕         );
    148▕     }

  1   vendor\laravel\framework\src\Illuminate\Support\Testing\Fakes\EventFake.php:144
  2   vendor\laravel\framework\src\Illuminate\Support\Facades\Facade.php:363

  ────────────────────────────────────────────────────────────────────────────────────────────────────────────────────  
   FAILED  Tests\Feature\EventTest > workflow started event is dispatched                                               
  Expected response status code [200] but received 401.
Failed asserting that 401 is identical to 200.

  at tests\Feature\EventTest.php:80
     76▕             'is_active' => true,
     77▕             'steps' => [['name' => 'Step 1', 'action' => 'log', 'message' => 'Test']],
     78▕         ]);
     79▕         $response = $this->postJson("/api/v1/workflows/{$workflow->id}/execute");
  ➜  80▕         $response->assertStatus(200);
     81▕         Event::assertDispatched(WorkflowStarted::class);
     82▕     }
     83▕ 
     84▕     public function test_workflow_completed_event_is_dispatched(): void

  ────────────────────────────────────────────────────────────────────────────────────────────────────────────────────  
   FAILED  Tests\Feature\EventTest > workflow completed event is dispatched                                             
  Expected response status code [200] but received 401.
Failed asserting that 401 is identical to 200.

  at tests\Feature\EventTest.php:93
     89▕             'is_active' => true,
     90▕             'steps' => [['name' => 'Step 1', 'action' => 'log', 'message' => 'Test']],
     91▕         ]);
     92▕         $response = $this->postJson("/api/v1/workflows/{$workflow->id}/execute");
  ➜  93▕         $response->assertStatus(200);
     94▕         Event::assertDispatched(WorkflowCompleted::class);
     95▕     }
     96▕ 
     97▕     public function test_agent_executed_event_is_dispatched(): void

  ────────────────────────────────────────────────────────────────────────────────────────────────────────────────────  
   FAILED  Tests\Feature\EventTest > agent executed event is dispatched                                                 
  Expected response status code [200] but received 405.
Failed asserting that 405 is identical to 200.

  at tests\Feature\EventTest.php:102
     98▕     {
     99▕         Event::fake([AgentExecuted::class]);
    100▕         $agent = \App\Models\Agent::factory()->create(['status' => \App\Models\Agent::STATUS_IDLE]);
    101▕         $response = $this->postJson("/api/v1/agents/{$agent->id}/execute");
  ➜ 102▕         $response->assertStatus(200);
    103▕         Event::assertDispatched(AgentExecuted::class);
    104▕     }
    105▕ }
    106▕

  ────────────────────────────────────────────────────────────────────────────────────────────────────────────────────  
   FAILED  Tests\Feature\ExampleTest > the application returns a successful response                                    
  Expected response status code [200] but received 404.
Failed asserting that 404 is identical to 200.

  at tests\Feature\ExampleTest.php:17
     13▕     public function test_the_application_returns_a_successful_response(): void
     14▕     {
     15▕         $response = $this->get('/');
     16▕ 
  ➜  17▕         $response->assertStatus(200);
     18▕     }
     19▕ }
     20▕

  ────────────────────────────────────────────────────────────────────────────────────────────────────────────────────  
   FAILED  Tests\Feature\HedraSoul\HedraSoulApiTest > it can get current session                       QueryException   
  SQLSTATE[23000]: Integrity constraint violation: 19 NOT NULL constraint failed: hedrasoul_context_snapshots.session_id (Connection: sqlite, Database: :memory:, SQL: insert into "hedrasoul_context_snapshots" ("created_at") values (2026-06-24 16:22:09))

  at vendor\laravel\framework\src\Illuminate\Database\Connection.php:857
    853▕             $exceptionType = ($isUniqueConstraintError = $this->isUniqueConstraintError($e))
    854▕                 ? UniqueConstraintViolationException::class
    855▕                 : QueryException::class;
    856▕ 
  ➜ 857▕             $exception = new $exceptionType(
    858▕                 $this->getNameWithReadWriteType(),
    859▕                 $query,
    860▕                 $this->prepareBindings($bindings),
    861▕                 $e,

  1   vendor\laravel\framework\src\Illuminate\Database\Connection.php:857

  2   vendor\laravel\framework\src\Illuminate\Database\Connection.php:601
      NunoMaduro\Collision\Exceptions\TestException::("SQLSTATE[23000]: Integrity constraint violation: 19 NOT NULL constraint failed: hedrasoul_context_snapshots.session_id")

  ────────────────────────────────────────────────────────────────────────────────────────────────────────────────────  
   FAILED  Tests\Feature\HedraSoul\HedraSoulApiTest > it can post a message                            QueryException   
  SQLSTATE[23000]: Integrity constraint violation: 19 NOT NULL constraint failed: hedrasoul_context_snapshots.session_id (Connection: sqlite, Database: :memory:, SQL: insert into "hedrasoul_context_snapshots" ("created_at") values (2026-06-24 16:22:09))

  at vendor\laravel\framework\src\Illuminate\Database\Connection.php:857
    853▕             $exceptionType = ($isUniqueConstraintError = $this->isUniqueConstraintError($e))
    854▕                 ? UniqueConstraintViolationException::class
    855▕                 : QueryException::class;
    856▕ 
  ➜ 857▕             $exception = new $exceptionType(
    858▕                 $this->getNameWithReadWriteType(),
    859▕                 $query,
    860▕                 $this->prepareBindings($bindings),
    861▕                 $e,

  1   vendor\laravel\framework\src\Illuminate\Database\Connection.php:857

  2   vendor\laravel\framework\src\Illuminate\Database\Connection.php:601
      NunoMaduro\Collision\Exceptions\TestException::("SQLSTATE[23000]: Integrity constraint violation: 19 NOT NULL constraint failed: hedrasoul_context_snapshots.session_id")

  ────────────────────────────────────────────────────────────────────────────────────────────────────────────────────  
   FAILED  Tests\Feature\HedraSoul\HedraSoulApprovalsApiTest > post approve sets approved st…  BadMethodCallException   
  Call to undefined method App\Models\HedrasoulApprovalRequest::factory()

  at vendor\laravel\framework\src\Illuminate\Support\Traits\ForwardsCalls.php:67
     63▕      * @throws \BadMethodCallException
     64▕      */
     65▕     protected static function throwBadMethodCallException($method)
     66▕     {
  ➜  67▕         throw new BadMethodCallException(sprintf(
     68▕             'Call to undefined method %s::%s()', static::class, $method
     69▕         ));
     70▕     }
     71▕ }

  1   vendor\laravel\framework\src\Illuminate\Support\Traits\ForwardsCalls.php:67
  2   vendor\laravel\framework\src\Illuminate\Support\Traits\ForwardsCalls.php:36

  ────────────────────────────────────────────────────────────────────────────────────────────────────────────────────  
   FAILED  Tests\Feature\HedraSoul\HedraSoulApprovalsApiTest > execute souly command job is…   BadMethodCallException   
  Call to undefined method App\Models\HedrasoulApprovalRequest::factory()

  at vendor\laravel\framework\src\Illuminate\Support\Traits\ForwardsCalls.php:67
     63▕      * @throws \BadMethodCallException
     64▕      */
     65▕     protected static function throwBadMethodCallException($method)
     66▕     {
  ➜  67▕         throw new BadMethodCallException(sprintf(
     68▕             'Call to undefined method %s::%s()', static::class, $method
     69▕         ));
     70▕     }
     71▕ }

  1   vendor\laravel\framework\src\Illuminate\Support\Traits\ForwardsCalls.php:67
  2   vendor\laravel\framework\src\Illuminate\Support\Traits\ForwardsCalls.php:36

  ────────────────────────────────────────────────────────────────────────────────────────────────────────────────────  
   FAILED  Tests\Feature\HedraSoul\HedraSoulApprovalsApiTest > post reject sets rejected sta…  BadMethodCallException   
  Call to undefined method App\Models\HedrasoulApprovalRequest::factory()

  at vendor\laravel\framework\src\Illuminate\Support\Traits\ForwardsCalls.php:67
     63▕      * @throws \BadMethodCallException
     64▕      */
     65▕     protected static function throwBadMethodCallException($method)
     66▕     {
  ➜  67▕         throw new BadMethodCallException(sprintf(
     68▕             'Call to undefined method %s::%s()', static::class, $method
     69▕         ));
     70▕     }
     71▕ }

  1   vendor\laravel\framework\src\Illuminate\Support\Traits\ForwardsCalls.php:67
  2   vendor\laravel\framework\src\Illuminate\Support\Traits\ForwardsCalls.php:36

  ────────────────────────────────────────────────────────────────────────────────────────────────────────────────────  
   FAILED  Tests\Feature\HedraSoul\HedraSoulApprovalsApiTest > post defer sets deferred stat…  BadMethodCallException   
  Call to undefined method App\Models\HedrasoulApprovalRequest::factory()

  at vendor\laravel\framework\src\Illuminate\Support\Traits\ForwardsCalls.php:67
     63▕      * @throws \BadMethodCallException
     64▕      */
     65▕     protected static function throwBadMethodCallException($method)
     66▕     {
  ➜  67▕         throw new BadMethodCallException(sprintf(
     68▕             'Call to undefined method %s::%s()', static::class, $method
     69▕         ));
     70▕     }
     71▕ }

  1   vendor\laravel\framework\src\Illuminate\Support\Traits\ForwardsCalls.php:67
  2   vendor\laravel\framework\src\Illuminate\Support\Traits\ForwardsCalls.php:36

  ────────────────────────────────────────────────────────────────────────────────────────────────────────────────────  
   FAILED  Tests\Feature\HedraSoul\HedraSoulApprovalsApiTest > dispatch approval reminder jo…  BadMethodCallException   
  Call to undefined method App\Models\HedrasoulApprovalRequest::factory()

  at vendor\laravel\framework\src\Illuminate\Support\Traits\ForwardsCalls.php:67
     63▕      * @throws \BadMethodCallException
     64▕      */
     65▕     protected static function throwBadMethodCallException($method)
     66▕     {
  ➜  67▕         throw new BadMethodCallException(sprintf(
     68▕             'Call to undefined method %s::%s()', static::class, $method
     69▕         ));
     70▕     }
     71▕ }

  1   vendor\laravel\framework\src\Illuminate\Support\Traits\ForwardsCalls.php:67
  2   vendor\laravel\framework\src\Illuminate\Support\Traits\ForwardsCalls.php:36

  ────────────────────────────────────────────────────────────────────────────────────────────────────────────────────  
   FAILED  Tests\Feature\HedraSoul\HedraSoulApprovalsApiTest > get approvals returns list wi…  BadMethodCallException   
  Call to undefined method App\Models\HedrasoulApprovalRequest::factory()

  at vendor\laravel\framework\src\Illuminate\Support\Traits\ForwardsCalls.php:67
     63▕      * @throws \BadMethodCallException
     64▕      */
     65▕     protected static function throwBadMethodCallException($method)
     66▕     {
  ➜  67▕         throw new BadMethodCallException(sprintf(
     68▕             'Call to undefined method %s::%s()', static::class, $method
     69▕         ));
     70▕     }
     71▕ }

  1   vendor\laravel\framework\src\Illuminate\Support\Traits\ForwardsCalls.php:67
  2   vendor\laravel\framework\src\Illuminate\Support\Traits\ForwardsCalls.php:36

  ────────────────────────────────────────────────────────────────────────────────────────────────────────────────────  
   FAILED  Tests\Feature\HedraSoul\HedraSoulApprovalsApiTest > get approvals returns full li…  BadMethodCallException   
  Call to undefined method App\Models\HedrasoulApprovalRequest::factory()

  at vendor\laravel\framework\src\Illuminate\Support\Traits\ForwardsCalls.php:67
     63▕      * @throws \BadMethodCallException
     64▕      */
     65▕     protected static function throwBadMethodCallException($method)
     66▕     {
  ➜  67▕         throw new BadMethodCallException(sprintf(
     68▕             'Call to undefined method %s::%s()', static::class, $method
     69▕         ));
     70▕     }
     71▕ }

  1   vendor\laravel\framework\src\Illuminate\Support\Traits\ForwardsCalls.php:67
  2   vendor\laravel\framework\src\Illuminate\Support\Traits\ForwardsCalls.php:36

  ────────────────────────────────────────────────────────────────────────────────────────────────────────────────────  
   FAILED  Tests\Feature\HedraSoul\HedraSoulApprovalsApiTest > get approval detail returns f…  BadMethodCallException   
  Call to undefined method App\Models\HedrasoulApprovalRequest::factory()

  at vendor\laravel\framework\src\Illuminate\Support\Traits\ForwardsCalls.php:67
     63▕      * @throws \BadMethodCallException
     64▕      */
     65▕     protected static function throwBadMethodCallException($method)
     66▕     {
  ➜  67▕         throw new BadMethodCallException(sprintf(
     68▕             'Call to undefined method %s::%s()', static::class, $method
     69▕         ));
     70▕     }
     71▕ }

  1   vendor\laravel\framework\src\Illuminate\Support\Traits\ForwardsCalls.php:67
  2   vendor\laravel\framework\src\Illuminate\Support\Traits\ForwardsCalls.php:36

  ────────────────────────────────────────────────────────────────────────────────────────────────────────────────────  
   FAILED  Tests\Feature\HedraSoul\HedraSoulApprovalsApiTest > post approve returns 401 with…  BadMethodCallException   
  Call to undefined method App\Models\HedrasoulApprovalRequest::factory()

  at vendor\laravel\framework\src\Illuminate\Support\Traits\ForwardsCalls.php:67
     63▕      * @throws \BadMethodCallException
     64▕      */
     65▕     protected static function throwBadMethodCallException($method)
     66▕     {
  ➜  67▕         throw new BadMethodCallException(sprintf(
     68▕             'Call to undefined method %s::%s()', static::class, $method
     69▕         ));
     70▕     }
     71▕ }

  1   vendor\laravel\framework\src\Illuminate\Support\Traits\ForwardsCalls.php:67
  2   vendor\laravel\framework\src\Illuminate\Support\Traits\ForwardsCalls.php:36

  ────────────────────────────────────────────────────────────────────────────────────────────────────────────────────  
   FAILED  Tests\Feature\HedraSoul\HedraSoulApprovalsApiTest > post reject returns 401 witho…  BadMethodCallException   
  Call to undefined method App\Models\HedrasoulApprovalRequest::factory()

  at vendor\laravel\framework\src\Illuminate\Support\Traits\ForwardsCalls.php:67
     63▕      * @throws \BadMethodCallException
     64▕      */
     65▕     protected static function throwBadMethodCallException($method)
     66▕     {
  ➜  67▕         throw new BadMethodCallException(sprintf(
     68▕             'Call to undefined method %s::%s()', static::class, $method
     69▕         ));
     70▕     }
     71▕ }

  1   vendor\laravel\framework\src\Illuminate\Support\Traits\ForwardsCalls.php:67
  2   vendor\laravel\framework\src\Illuminate\Support\Traits\ForwardsCalls.php:36

  ────────────────────────────────────────────────────────────────────────────────────────────────────────────────────  
   FAILED  Tests\Feature\HedraSoul\HedraSoulApprovalsApiTest > post defer returns 401 withou…  BadMethodCallException   
  Call to undefined method App\Models\HedrasoulApprovalRequest::factory()

  at vendor\laravel\framework\src\Illuminate\Support\Traits\ForwardsCalls.php:67
     63▕      * @throws \BadMethodCallException
     64▕      */
     65▕     protected static function throwBadMethodCallException($method)
     66▕     {
  ➜  67▕         throw new BadMethodCallException(sprintf(
     68▕             'Call to undefined method %s::%s()', static::class, $method
     69▕         ));
     70▕     }
     71▕ }

  1   vendor\laravel\framework\src\Illuminate\Support\Traits\ForwardsCalls.php:67
  2   vendor\laravel\framework\src\Illuminate\Support\Traits\ForwardsCalls.php:36

  ────────────────────────────────────────────────────────────────────────────────────────────────────────────────────  
   FAILED  Tests\Feature\HedraSoul\HedraSoulApprovalsApiTest > get approvals returns 401 without auth                   
  Expected response status code [401] but received 404.
Failed asserting that 404 is identical to 401.

  at tests\Feature\HedraSoul\HedraSoulApprovalsApiTest.php:233
    229▕     public function test_get_approvals_returns_401_without_auth()
    230▕     {
    231▕         $response = $this->getJson('/api/hedrasoul/approvals');
    232▕ 
  ➜ 233▕         $response->assertStatus(401);
    234▕     }
    235▕ 
    236▕     /**
    237▕      * Test GET /hedrasoul/approvals/{id} returns 401 without authentication

  ────────────────────────────────────────────────────────────────────────────────────────────────────────────────────  
   FAILED  Tests\Feature\HedraSoul\HedraSoulApprovalsApiTest > get approval detail returns 4…  BadMethodCallException   
  Call to undefined method App\Models\HedrasoulApprovalRequest::factory()

  at vendor\laravel\framework\src\Illuminate\Support\Traits\ForwardsCalls.php:67
     63▕      * @throws \BadMethodCallException
     64▕      */
     65▕     protected static function throwBadMethodCallException($method)
     66▕     {
  ➜  67▕         throw new BadMethodCallException(sprintf(
     68▕             'Call to undefined method %s::%s()', static::class, $method
     69▕         ));
     70▕     }
     71▕ }

  1   vendor\laravel\framework\src\Illuminate\Support\Traits\ForwardsCalls.php:67
  2   vendor\laravel\framework\src\Illuminate\Support\Traits\ForwardsCalls.php:36

  ────────────────────────────────────────────────────────────────────────────────────────────────────────────────────  
   FAILED  Tests\Feature\HedraSoul\HedraSoulInstructionsApiTest > post instructions creates draft and returns 201       
  Expected response status code [201] but received 405.
Failed asserting that 405 is identical to 201.

  at tests\Feature\HedraSoul\HedraSoulInstructionsApiTest.php:34
     30▕                 'content' => ['system' => 'You are Souly', 'tone' => 'helpful'],
     31▕                 'change_reason' => 'Initial instruction set',
     32▕             ]);
     33▕ 
  ➜  34▕         $response->assertStatus(201);
     35▕         $response->assertJsonPath('status', 'draft');
     36▕         $response->assertJsonPath('change_reason', 'Initial instruction set');
     37▕ 
     38▕         $this->assertDatabaseHas('souly_instruction_versions', [

  ────────────────────────────────────────────────────────────────────────────────────────────────────────────────────  
   FAILED  Tests\Feature\HedraSoul\HedraSoulInstructionsApiTest > post activate sets active…   BadMethodCallException   
  Call to undefined method App\Models\SoulyInstructionVersion::factory()

  at vendor\laravel\framework\src\Illuminate\Support\Traits\ForwardsCalls.php:67
     63▕      * @throws \BadMethodCallException
     64▕      */
     65▕     protected static function throwBadMethodCallException($method)
     66▕     {
  ➜  67▕         throw new BadMethodCallException(sprintf(
     68▕             'Call to undefined method %s::%s()', static::class, $method
     69▕         ));
     70▕     }
     71▕ }

  1   vendor\laravel\framework\src\Illuminate\Support\Traits\ForwardsCalls.php:67
  2   vendor\laravel\framework\src\Illuminate\Support\Traits\ForwardsCalls.php:36

  ────────────────────────────────────────────────────────────────────────────────────────────────────────────────────  
   FAILED  Tests\Feature\HedraSoul\HedraSoulInstructionsApiTest > post activate returns 202…   BadMethodCallException   
  Call to undefined method App\Models\SoulyInstructionVersion::factory()

  at vendor\laravel\framework\src\Illuminate\Support\Traits\ForwardsCalls.php:67
     63▕      * @throws \BadMethodCallException
     64▕      */
     65▕     protected static function throwBadMethodCallException($method)
     66▕     {
  ➜  67▕         throw new BadMethodCallException(sprintf(
     68▕             'Call to undefined method %s::%s()', static::class, $method
     69▕         ));
     70▕     }
     71▕ }

  1   vendor\laravel\framework\src\Illuminate\Support\Traits\ForwardsCalls.php:67
  2   vendor\laravel\framework\src\Illuminate\Support\Traits\ForwardsCalls.php:36

  ────────────────────────────────────────────────────────────────────────────────────────────────────────────────────  
   FAILED  Tests\Feature\HedraSoul\HedraSoulInstructionsApiTest > post rollback restores pri…  BadMethodCallException   
  Call to undefined method App\Models\SoulyInstructionVersion::factory()

  at vendor\laravel\framework\src\Illuminate\Support\Traits\ForwardsCalls.php:67
     63▕      * @throws \BadMethodCallException
     64▕      */
     65▕     protected static function throwBadMethodCallException($method)
     66▕     {
  ➜  67▕         throw new BadMethodCallException(sprintf(
     68▕             'Call to undefined method %s::%s()', static::class, $method
     69▕         ));
     70▕     }
     71▕ }

  1   vendor\laravel\framework\src\Illuminate\Support\Traits\ForwardsCalls.php:67
  2   vendor\laravel\framework\src\Illuminate\Support\Traits\ForwardsCalls.php:36

  ────────────────────────────────────────────────────────────────────────────────────────────────────────────────────  
   FAILED  Tests\Feature\HedraSoul\HedraSoulInstructionsApiTest > post test returns response…  BadMethodCallException   
  Call to undefined method App\Models\SoulyInstructionVersion::factory()

  at vendor\laravel\framework\src\Illuminate\Support\Traits\ForwardsCalls.php:67
     63▕      * @throws \BadMethodCallException
     64▕      */
     65▕     protected static function throwBadMethodCallException($method)
     66▕     {
  ➜  67▕         throw new BadMethodCallException(sprintf(
     68▕             'Call to undefined method %s::%s()', static::class, $method
     69▕         ));
     70▕     }
     71▕ }

  1   vendor\laravel\framework\src\Illuminate\Support\Traits\ForwardsCalls.php:67
  2   vendor\laravel\framework\src\Illuminate\Support\Traits\ForwardsCalls.php:36

  ────────────────────────────────────────────────────────────────────────────────────────────────────────────────────  
   FAILED  Tests\Feature\HedraSoul\HedraSoulInstructionsApiTest > get instructions returns l…  BadMethodCallException   
  Call to undefined method App\Models\SoulyInstructionVersion::factory()

  at vendor\laravel\framework\src\Illuminate\Support\Traits\ForwardsCalls.php:67
     63▕      * @throws \BadMethodCallException
     64▕      */
     65▕     protected static function throwBadMethodCallException($method)
     66▕     {
  ➜  67▕         throw new BadMethodCallException(sprintf(
     68▕             'Call to undefined method %s::%s()', static::class, $method
     69▕         ));
     70▕     }
     71▕ }

  1   vendor\laravel\framework\src\Illuminate\Support\Traits\ForwardsCalls.php:67
  2   vendor\laravel\framework\src\Illuminate\Support\Traits\ForwardsCalls.php:36

  ────────────────────────────────────────────────────────────────────────────────────────────────────────────────────  
   FAILED  Tests\Feature\HedraSoul\HedraSoulInstructionsApiTest > get instruction by id retu…  BadMethodCallException   
  Call to undefined method App\Models\SoulyInstructionVersion::factory()

  at vendor\laravel\framework\src\Illuminate\Support\Traits\ForwardsCalls.php:67
     63▕      * @throws \BadMethodCallException
     64▕      */
     65▕     protected static function throwBadMethodCallException($method)
     66▕     {
  ➜  67▕         throw new BadMethodCallException(sprintf(
     68▕             'Call to undefined method %s::%s()', static::class, $method
     69▕         ));
     70▕     }
     71▕ }

  1   vendor\laravel\framework\src\Illuminate\Support\Traits\ForwardsCalls.php:67
  2   vendor\laravel\framework\src\Illuminate\Support\Traits\ForwardsCalls.php:36

  ────────────────────────────────────────────────────────────────────────────────────────────────────────────────────  
   FAILED  Tests\Feature\HedraSoul\HedraSoulInstructionsApiTest > patch instruction updates…   BadMethodCallException   
  Call to undefined method App\Models\SoulyInstructionVersion::factory()

  at vendor\laravel\framework\src\Illuminate\Support\Traits\ForwardsCalls.php:67
     63▕      * @throws \BadMethodCallException
     64▕      */
     65▕     protected static function throwBadMethodCallException($method)
     66▕     {
  ➜  67▕         throw new BadMethodCallException(sprintf(
     68▕             'Call to undefined method %s::%s()', static::class, $method
     69▕         ));
     70▕     }
     71▕ }

  1   vendor\laravel\framework\src\Illuminate\Support\Traits\ForwardsCalls.php:67
  2   vendor\laravel\framework\src\Illuminate\Support\Traits\ForwardsCalls.php:36

  ────────────────────────────────────────────────────────────────────────────────────────────────────────────────────  
   FAILED  Tests\Feature\HedraSoul\HedraSoulInstructionsApiTest > patch instruction cannot u…  BadMethodCallException   
  Call to undefined method App\Models\SoulyInstructionVersion::factory()

  at vendor\laravel\framework\src\Illuminate\Support\Traits\ForwardsCalls.php:67
     63▕      * @throws \BadMethodCallException
     64▕      */
     65▕     protected static function throwBadMethodCallException($method)
     66▕     {
  ➜  67▕         throw new BadMethodCallException(sprintf(
     68▕             'Call to undefined method %s::%s()', static::class, $method
     69▕         ));
     70▕     }
     71▕ }

  1   vendor\laravel\framework\src\Illuminate\Support\Traits\ForwardsCalls.php:67
  2   vendor\laravel\framework\src\Illuminate\Support\Traits\ForwardsCalls.php:36

  ────────────────────────────────────────────────────────────────────────────────────────────────────────────────────  
   FAILED  Tests\Feature\HedraSoul\HedraSoulInstructionsApiTest > instructions endpoints ret…  BadMethodCallException   
  Call to undefined method App\Models\SoulyInstructionVersion::factory()

  at vendor\laravel\framework\src\Illuminate\Support\Traits\ForwardsCalls.php:67
     63▕      * @throws \BadMethodCallException
     64▕      */
     65▕     protected static function throwBadMethodCallException($method)
     66▕     {
  ➜  67▕         throw new BadMethodCallException(sprintf(
     68▕             'Call to undefined method %s::%s()', static::class, $method
     69▕         ));
     70▕     }
     71▕ }

  1   vendor\laravel\framework\src\Illuminate\Support\Traits\ForwardsCalls.php:67
  2   vendor\laravel\framework\src\Illuminate\Support\Traits\ForwardsCalls.php:36

  ────────────────────────────────────────────────────────────────────────────────────────────────────────────────────  
   FAILED  Tests\Feature\HedraSoul\HedraSoulMemoriesApiTest > post memory approve sets appro…  BadMethodCallException   
  Call to undefined method App\Models\HedraMemorySuggestion::factory()

  at vendor\laravel\framework\src\Illuminate\Support\Traits\ForwardsCalls.php:67
     63▕      * @throws \BadMethodCallException
     64▕      */
     65▕     protected static function throwBadMethodCallException($method)
     66▕     {
  ➜  67▕         throw new BadMethodCallException(sprintf(
     68▕             'Call to undefined method %s::%s()', static::class, $method
     69▕         ));
     70▕     }
     71▕ }

  1   vendor\laravel\framework\src\Illuminate\Support\Traits\ForwardsCalls.php:67
  2   vendor\laravel\framework\src\Illuminate\Support\Traits\ForwardsCalls.php:36

  ────────────────────────────────────────────────────────────────────────────────────────────────────────────────────  
   FAILED  Tests\Feature\HedraSoul\HedraSoulMemoriesApiTest > post memory approve creates pr…  BadMethodCallException   
  Call to undefined method App\Models\HedraMemorySuggestion::factory()

  at vendor\laravel\framework\src\Illuminate\Support\Traits\ForwardsCalls.php:67
     63▕      * @throws \BadMethodCallException
     64▕      */
     65▕     protected static function throwBadMethodCallException($method)
     66▕     {
  ➜  67▕         throw new BadMethodCallException(sprintf(
     68▕             'Call to undefined method %s::%s()', static::class, $method
     69▕         ));
     70▕     }
     71▕ }

  1   vendor\laravel\framework\src\Illuminate\Support\Traits\ForwardsCalls.php:67
  2   vendor\laravel\framework\src\Illuminate\Support\Traits\ForwardsCalls.php:36

  ────────────────────────────────────────────────────────────────────────────────────────────────────────────────────  
   FAILED  Tests\Feature\HedraSoul\HedraSoulMemoriesApiTest > post memory reject sets reject…  BadMethodCallException   
  Call to undefined method App\Models\HedraMemorySuggestion::factory()

  at vendor\laravel\framework\src\Illuminate\Support\Traits\ForwardsCalls.php:67
     63▕      * @throws \BadMethodCallException
     64▕      */
     65▕     protected static function throwBadMethodCallException($method)
     66▕     {
  ➜  67▕         throw new BadMethodCallException(sprintf(
     68▕             'Call to undefined method %s::%s()', static::class, $method
     69▕         ));
     70▕     }
     71▕ }

  1   vendor\laravel\framework\src\Illuminate\Support\Traits\ForwardsCalls.php:67
  2   vendor\laravel\framework\src\Illuminate\Support\Traits\ForwardsCalls.php:36

  ────────────────────────────────────────────────────────────────────────────────────────────────────────────────────  
   FAILED  Tests\Feature\HedraSoul\HedraSoulMemoriesApiTest > post memory reject creates no…   BadMethodCallException   
  Call to undefined method App\Models\HedraMemorySuggestion::factory()

  at vendor\laravel\framework\src\Illuminate\Support\Traits\ForwardsCalls.php:67
     63▕      * @throws \BadMethodCallException
     64▕      */
     65▕     protected static function throwBadMethodCallException($method)
     66▕     {
  ➜  67▕         throw new BadMethodCallException(sprintf(
     68▕             'Call to undefined method %s::%s()', static::class, $method
     69▕         ));
     70▕     }
     71▕ }

  1   vendor\laravel\framework\src\Illuminate\Support\Traits\ForwardsCalls.php:67
  2   vendor\laravel\framework\src\Illuminate\Support\Traits\ForwardsCalls.php:36

  ────────────────────────────────────────────────────────────────────────────────────────────────────────────────────  
   FAILED  Tests\Feature\HedraSoul\HedraSoulMemoriesApiTest > get memories returns facts and…  BadMethodCallException   
  Call to undefined method App\Models\HedraProfileFact::factory()

  at vendor\laravel\framework\src\Illuminate\Support\Traits\ForwardsCalls.php:67
     63▕      * @throws \BadMethodCallException
     64▕      */
     65▕     protected static function throwBadMethodCallException($method)
     66▕     {
  ➜  67▕         throw new BadMethodCallException(sprintf(
     68▕             'Call to undefined method %s::%s()', static::class, $method
     69▕         ));
     70▕     }
     71▕ }

  1   vendor\laravel\framework\src\Illuminate\Support\Traits\ForwardsCalls.php:67
  2   vendor\laravel\framework\src\Illuminate\Support\Traits\ForwardsCalls.php:36

  ────────────────────────────────────────────────────────────────────────────────────────────────────────────────────  
   FAILED  Tests\Feature\HedraSoul\HedraSoulMemoriesApiTest > get memories supports status f…  BadMethodCallException   
  Call to undefined method App\Models\HedraProfileFact::factory()

  at vendor\laravel\framework\src\Illuminate\Support\Traits\ForwardsCalls.php:67
     63▕      * @throws \BadMethodCallException
     64▕      */
     65▕     protected static function throwBadMethodCallException($method)
     66▕     {
  ➜  67▕         throw new BadMethodCallException(sprintf(
     68▕             'Call to undefined method %s::%s()', static::class, $method
     69▕         ));
     70▕     }
     71▕ }

  1   vendor\laravel\framework\src\Illuminate\Support\Traits\ForwardsCalls.php:67
  2   vendor\laravel\framework\src\Illuminate\Support\Traits\ForwardsCalls.php:36

  ────────────────────────────────────────────────────────────────────────────────────────────────────────────────────  
   FAILED  Tests\Feature\HedraSoul\HedraSoulMemoriesApiTest > get memories supports type fil…  BadMethodCallException   
  Call to undefined method App\Models\HedraProfileFact::factory()

  at vendor\laravel\framework\src\Illuminate\Support\Traits\ForwardsCalls.php:67
     63▕      * @throws \BadMethodCallException
     64▕      */
     65▕     protected static function throwBadMethodCallException($method)
     66▕     {
  ➜  67▕         throw new BadMethodCallException(sprintf(
     68▕             'Call to undefined method %s::%s()', static::class, $method
     69▕         ));
     70▕     }
     71▕ }

  1   vendor\laravel\framework\src\Illuminate\Support\Traits\ForwardsCalls.php:67
  2   vendor\laravel\framework\src\Illuminate\Support\Traits\ForwardsCalls.php:36

  ────────────────────────────────────────────────────────────────────────────────────────────────────────────────────  
   FAILED  Tests\Feature\HedraSoul\HedraSoulMemoriesApiTest > post memory creates fact directly and returns 201         
  Expected response status code [201] but received 405.
Failed asserting that 405 is identical to 201.

  at tests\Feature\HedraSoul\HedraSoulMemoriesApiTest.php:166
    162▕                 'sensitivity' => 'internal',
    163▕                 'visibility_scope' => 'personal',
    164▕             ]);
    165▕ 
  ➜ 166▕         $response->assertStatus(201);
    167▕         $response->assertJsonPath('memory_type', 'preference');
    168▕         $response->assertJsonPath('content', 'Hedra prefers email communication');
    169▕ 
    170▕         $this->assertDatabaseHas('hedra_profile_facts', [

  ────────────────────────────────────────────────────────────────────────────────────────────────────────────────────  
   FAILED  Tests\Feature\HedraSoul\HedraSoulMemoriesApiTest > patch memory updates fact        BadMethodCallException   
  Call to undefined method App\Models\HedraProfileFact::factory()

  at vendor\laravel\framework\src\Illuminate\Support\Traits\ForwardsCalls.php:67
     63▕      * @throws \BadMethodCallException
     64▕      */
     65▕     protected static function throwBadMethodCallException($method)
     66▕     {
  ➜  67▕         throw new BadMethodCallException(sprintf(
     68▕             'Call to undefined method %s::%s()', static::class, $method
     69▕         ));
     70▕     }
     71▕ }

  1   vendor\laravel\framework\src\Illuminate\Support\Traits\ForwardsCalls.php:67
  2   vendor\laravel\framework\src\Illuminate\Support\Traits\ForwardsCalls.php:36

  ────────────────────────────────────────────────────────────────────────────────────────────────────────────────────  
   FAILED  Tests\Feature\HedraSoul\HedraSoulMemoriesApiTest > post memory maintenance rebuild embeddings                
  Expected response status code [202] but received 405.
Failed asserting that 405 is identical to 202.

  at tests\Feature\HedraSoul\HedraSoulMemoriesApiTest.php:210
    206▕             ->postJson('/api/hedrasoul/memory-maintenance', [
    207▕                 'action' => 'rebuild_embeddings',
    208▕             ]);
    209▕ 
  ➜ 210▕         $response->assertStatus(202);
    211▕     }
    212▕ 
    213▕     /**
    214▕      * Test POST /hedrasoul/memory-maintenance with prune_stale action

  ────────────────────────────────────────────────────────────────────────────────────────────────────────────────────  
   FAILED  Tests\Feature\HedraSoul\HedraSoulMemoriesApiTest > post memory maintenance prune stale                       
  Expected response status code [202] but received 405.
Failed asserting that 405 is identical to 202.

  at tests\Feature\HedraSoul\HedraSoulMemoriesApiTest.php:223
    219▕             ->postJson('/api/hedrasoul/memory-maintenance', [
    220▕                 'action' => 'prune_stale',
    221▕             ]);
    222▕ 
  ➜ 223▕         $response->assertStatus(202);
    224▕     }
    225▕ 
    226▕     /**
    227▕      * Test POST /hedrasoul/memories/{id}/approve returns 401 without authentication

  ────────────────────────────────────────────────────────────────────────────────────────────────────────────────────  
   FAILED  Tests\Feature\HedraSoul\HedraSoulMemoriesApiTest > post memory approve returns 40…  BadMethodCallException   
  Call to undefined method App\Models\HedraMemorySuggestion::factory()

  at vendor\laravel\framework\src\Illuminate\Support\Traits\ForwardsCalls.php:67
     63▕      * @throws \BadMethodCallException
     64▕      */
     65▕     protected static function throwBadMethodCallException($method)
     66▕     {
  ➜  67▕         throw new BadMethodCallException(sprintf(
     68▕             'Call to undefined method %s::%s()', static::class, $method
     69▕         ));
     70▕     }
     71▕ }

  1   vendor\laravel\framework\src\Illuminate\Support\Traits\ForwardsCalls.php:67
  2   vendor\laravel\framework\src\Illuminate\Support\Traits\ForwardsCalls.php:36

  ────────────────────────────────────────────────────────────────────────────────────────────────────────────────────  
   FAILED  Tests\Feature\HedraSoul\HedraSoulMemoriesApiTest > post memory reject returns 401…  BadMethodCallException   
  Call to undefined method App\Models\HedraMemorySuggestion::factory()

  at vendor\laravel\framework\src\Illuminate\Support\Traits\ForwardsCalls.php:67
     63▕      * @throws \BadMethodCallException
     64▕      */
     65▕     protected static function throwBadMethodCallException($method)
     66▕     {
  ➜  67▕         throw new BadMethodCallException(sprintf(
     68▕             'Call to undefined method %s::%s()', static::class, $method
     69▕         ));
     70▕     }
     71▕ }

  1   vendor\laravel\framework\src\Illuminate\Support\Traits\ForwardsCalls.php:67
  2   vendor\laravel\framework\src\Illuminate\Support\Traits\ForwardsCalls.php:36

  ────────────────────────────────────────────────────────────────────────────────────────────────────────────────────  
   FAILED  Tests\Feature\HedraSoul\HedraSoulMemoriesApiTest > get memories returns 401 without auth                     
  Expected response status code [401] but received 404.
Failed asserting that 404 is identical to 401.

  at tests\Feature\HedraSoul\HedraSoulMemoriesApiTest.php:257
    253▕     public function test_get_memories_returns_401_without_auth()
    254▕     {
    255▕         $response = $this->getJson('/api/hedrasoul/memories');
    256▕ 
  ➜ 257▕         $response->assertStatus(401);
    258▕     }
    259▕ 
    260▕     /**
    261▕      * Test POST /hedrasoul/memories returns 401 without authentication

  ────────────────────────────────────────────────────────────────────────────────────────────────────────────────────  
   FAILED  Tests\Feature\HedraSoul\HedraSoulMemoriesApiTest > post memory returns 401 without auth                      
  Expected response status code [401] but received 405.
Failed asserting that 405 is identical to 401.

  at tests\Feature\HedraSoul\HedraSoulMemoriesApiTest.php:271
    267▕             'content' => 'Test',
    268▕             'confidence' => 0.9,
    269▕         ]);
    270▕ 
  ➜ 271▕         $response->assertStatus(401);
    272▕     }
    273▕ 
    274▕     /**
    275▕      * Test PATCH /hedrasoul/memories/{id} returns 401 without authentication

  ────────────────────────────────────────────────────────────────────────────────────────────────────────────────────  
   FAILED  Tests\Feature\HedraSoul\HedraSoulMemoriesApiTest > patch memory returns 401 witho…  BadMethodCallException   
  Call to undefined method App\Models\HedraProfileFact::factory()

  at vendor\laravel\framework\src\Illuminate\Support\Traits\ForwardsCalls.php:67
     63▕      * @throws \BadMethodCallException
     64▕      */
     65▕     protected static function throwBadMethodCallException($method)
     66▕     {
  ➜  67▕         throw new BadMethodCallException(sprintf(
     68▕             'Call to undefined method %s::%s()', static::class, $method
     69▕         ));
     70▕     }
     71▕ }

  1   vendor\laravel\framework\src\Illuminate\Support\Traits\ForwardsCalls.php:67
  2   vendor\laravel\framework\src\Illuminate\Support\Traits\ForwardsCalls.php:36

  ────────────────────────────────────────────────────────────────────────────────────────────────────────────────────  
   FAILED  Tests\Feature\HedraSoul\HedraSoulMemoriesApiTest > post memory maintenance returns 401 without auth          
  Expected response status code [401] but received 405.
Failed asserting that 405 is identical to 401.

  at tests\Feature\HedraSoul\HedraSoulMemoriesApiTest.php:297
    293▕         $response = $this->postJson('/api/hedrasoul/memory-maintenance', [
    294▕             'action' => 'rebuild_embeddings',
    295▕         ]);
    296▕ 
  ➜ 297▕         $response->assertStatus(401);
    298▕     }
    299▕ }
    300▕

  ────────────────────────────────────────────────────────────────────────────────────────────────────────────────────  
   FAILED  Tests\Feature\HedraSoul\HedraSoulMessageApiTest > post message saves record and r…  BadMethodCallException   
  Call to undefined method App\Models\HedrasoulSession::factory()

  at vendor\laravel\framework\src\Illuminate\Support\Traits\ForwardsCalls.php:67
     63▕      * @throws \BadMethodCallException
     64▕      */
     65▕     protected static function throwBadMethodCallException($method)
     66▕     {
  ➜  67▕         throw new BadMethodCallException(sprintf(
     68▕             'Call to undefined method %s::%s()', static::class, $method
     69▕         ));
     70▕     }
     71▕ }

  1   vendor\laravel\framework\src\Illuminate\Support\Traits\ForwardsCalls.php:67
  2   vendor\laravel\framework\src\Illuminate\Support\Traits\ForwardsCalls.php:36

  ────────────────────────────────────────────────────────────────────────────────────────────────────────────────────  
   FAILED  Tests\Feature\HedraSoul\HedraSoulMessageApiTest > process hedrasoul message job i…  BadMethodCallException   
  Call to undefined method App\Models\HedrasoulSession::factory()

  at vendor\laravel\framework\src\Illuminate\Support\Traits\ForwardsCalls.php:67
     63▕      * @throws \BadMethodCallException
     64▕      */
     65▕     protected static function throwBadMethodCallException($method)
     66▕     {
  ➜  67▕         throw new BadMethodCallException(sprintf(
     68▕             'Call to undefined method %s::%s()', static::class, $method
     69▕         ));
     70▕     }
     71▕ }

  1   vendor\laravel\framework\src\Illuminate\Support\Traits\ForwardsCalls.php:67
  2   vendor\laravel\framework\src\Illuminate\Support\Traits\ForwardsCalls.php:36

  ────────────────────────────────────────────────────────────────────────────────────────────────────────────────────  
   FAILED  Tests\Feature\HedraSoul\HedraSoulMessageApiTest > get session messages returns pa…  BadMethodCallException   
  Call to undefined method App\Models\HedrasoulSession::factory()

  at vendor\laravel\framework\src\Illuminate\Support\Traits\ForwardsCalls.php:67
     63▕      * @throws \BadMethodCallException
     64▕      */
     65▕     protected static function throwBadMethodCallException($method)
     66▕     {
  ➜  67▕         throw new BadMethodCallException(sprintf(
     68▕             'Call to undefined method %s::%s()', static::class, $method
     69▕         ));
     70▕     }
     71▕ }

  1   vendor\laravel\framework\src\Illuminate\Support\Traits\ForwardsCalls.php:67
  2   vendor\laravel\framework\src\Illuminate\Support\Traits\ForwardsCalls.php:36

  ────────────────────────────────────────────────────────────────────────────────────────────────────────────────────  
   FAILED  Tests\Feature\HedraSoul\HedraSoulMessageApiTest > get message trace returns trace…  BadMethodCallException   
  Call to undefined method App\Models\HedrasoulSession::factory()

  at vendor\laravel\framework\src\Illuminate\Support\Traits\ForwardsCalls.php:67
     63▕      * @throws \BadMethodCallException
     64▕      */
     65▕     protected static function throwBadMethodCallException($method)
     66▕     {
  ➜  67▕         throw new BadMethodCallException(sprintf(
     68▕             'Call to undefined method %s::%s()', static::class, $method
     69▕         ));
     70▕     }
     71▕ }

  1   vendor\laravel\framework\src\Illuminate\Support\Traits\ForwardsCalls.php:67
  2   vendor\laravel\framework\src\Illuminate\Support\Traits\ForwardsCalls.php:36

  ────────────────────────────────────────────────────────────────────────────────────────────────────────────────────  
   FAILED  Tests\Feature\HedraSoul\HedraSoulMessageApiTest > get message trace returns 404 w…  BadMethodCallException   
  Call to undefined method App\Models\HedrasoulSession::factory()

  at vendor\laravel\framework\src\Illuminate\Support\Traits\ForwardsCalls.php:67
     63▕      * @throws \BadMethodCallException
     64▕      */
     65▕     protected static function throwBadMethodCallException($method)
     66▕     {
  ➜  67▕         throw new BadMethodCallException(sprintf(
     68▕             'Call to undefined method %s::%s()', static::class, $method
     69▕         ));
     70▕     }
     71▕ }

  1   vendor\laravel\framework\src\Illuminate\Support\Traits\ForwardsCalls.php:67
  2   vendor\laravel\framework\src\Illuminate\Support\Traits\ForwardsCalls.php:36

  ────────────────────────────────────────────────────────────────────────────────────────────────────────────────────  
   FAILED  Tests\Feature\HedraSoul\HedraSoulMessageApiTest > get message context returns con…  BadMethodCallException   
  Call to undefined method App\Models\HedrasoulSession::factory()

  at vendor\laravel\framework\src\Illuminate\Support\Traits\ForwardsCalls.php:67
     63▕      * @throws \BadMethodCallException
     64▕      */
     65▕     protected static function throwBadMethodCallException($method)
     66▕     {
  ➜  67▕         throw new BadMethodCallException(sprintf(
     68▕             'Call to undefined method %s::%s()', static::class, $method
     69▕         ));
     70▕     }
     71▕ }

  1   vendor\laravel\framework\src\Illuminate\Support\Traits\ForwardsCalls.php:67
  2   vendor\laravel\framework\src\Illuminate\Support\Traits\ForwardsCalls.php:36

  ────────────────────────────────────────────────────────────────────────────────────────────────────────────────────  
   FAILED  Tests\Feature\HedraSoul\HedraSoulMessageApiTest > get message context returns 404…  BadMethodCallException   
  Call to undefined method App\Models\HedrasoulSession::factory()

  at vendor\laravel\framework\src\Illuminate\Support\Traits\ForwardsCalls.php:67
     63▕      * @throws \BadMethodCallException
     64▕      */
     65▕     protected static function throwBadMethodCallException($method)
     66▕     {
  ➜  67▕         throw new BadMethodCallException(sprintf(
     68▕             'Call to undefined method %s::%s()', static::class, $method
     69▕         ));
     70▕     }
     71▕ }

  1   vendor\laravel\framework\src\Illuminate\Support\Traits\ForwardsCalls.php:67
  2   vendor\laravel\framework\src\Illuminate\Support\Traits\ForwardsCalls.php:36

  ────────────────────────────────────────────────────────────────────────────────────────────────────────────────────  
   FAILED  Tests\Feature\HedraSoul\HedraSoulMessageApiTest > post message returns 401 withou…  BadMethodCallException   
  Call to undefined method App\Models\HedrasoulSession::factory()

  at vendor\laravel\framework\src\Illuminate\Support\Traits\ForwardsCalls.php:67
     63▕      * @throws \BadMethodCallException
     64▕      */
     65▕     protected static function throwBadMethodCallException($method)
     66▕     {
  ➜  67▕         throw new BadMethodCallException(sprintf(
     68▕             'Call to undefined method %s::%s()', static::class, $method
     69▕         ));
     70▕     }
     71▕ }

  1   vendor\laravel\framework\src\Illuminate\Support\Traits\ForwardsCalls.php:67
  2   vendor\laravel\framework\src\Illuminate\Support\Traits\ForwardsCalls.php:36

  ────────────────────────────────────────────────────────────────────────────────────────────────────────────────────  
   FAILED  Tests\Feature\HedraSoul\HedraSoulMessageApiTest > get session messages returns 40…  BadMethodCallException   
  Call to undefined method App\Models\HedrasoulSession::factory()

  at vendor\laravel\framework\src\Illuminate\Support\Traits\ForwardsCalls.php:67
     63▕      * @throws \BadMethodCallException
     64▕      */
     65▕     protected static function throwBadMethodCallException($method)
     66▕     {
  ➜  67▕         throw new BadMethodCallException(sprintf(
     68▕             'Call to undefined method %s::%s()', static::class, $method
     69▕         ));
     70▕     }
     71▕ }

  1   vendor\laravel\framework\src\Illuminate\Support\Traits\ForwardsCalls.php:67
  2   vendor\laravel\framework\src\Illuminate\Support\Traits\ForwardsCalls.php:36

  ────────────────────────────────────────────────────────────────────────────────────────────────────────────────────  
   FAILED  Tests\Feature\HedraSoul\HedraSoulMessageApiTest > get message trace returns 401 w…  BadMethodCallException   
  Call to undefined method App\Models\HedrasoulSession::factory()

  at vendor\laravel\framework\src\Illuminate\Support\Traits\ForwardsCalls.php:67
     63▕      * @throws \BadMethodCallException
     64▕      */
     65▕     protected static function throwBadMethodCallException($method)
     66▕     {
  ➜  67▕         throw new BadMethodCallException(sprintf(
     68▕             'Call to undefined method %s::%s()', static::class, $method
     69▕         ));
     70▕     }
     71▕ }

  1   vendor\laravel\framework\src\Illuminate\Support\Traits\ForwardsCalls.php:67
  2   vendor\laravel\framework\src\Illuminate\Support\Traits\ForwardsCalls.php:36

  ────────────────────────────────────────────────────────────────────────────────────────────────────────────────────  
   FAILED  Tests\Feature\HedraSoul\HedraSoulMessageApiTest > get message context returns 401…  BadMethodCallException   
  Call to undefined method App\Models\HedrasoulSession::factory()

  at vendor\laravel\framework\src\Illuminate\Support\Traits\ForwardsCalls.php:67
     63▕      * @throws \BadMethodCallException
     64▕      */
     65▕     protected static function throwBadMethodCallException($method)
     66▕     {
  ➜  67▕         throw new BadMethodCallException(sprintf(
     68▕             'Call to undefined method %s::%s()', static::class, $method
     69▕         ));
     70▕     }
     71▕ }

  1   vendor\laravel\framework\src\Illuminate\Support\Traits\ForwardsCalls.php:67
  2   vendor\laravel\framework\src\Illuminate\Support\Traits\ForwardsCalls.php:36

  ────────────────────────────────────────────────────────────────────────────────────────────────────────────────────  
   FAILED  Tests\Feature\HedraSoul\HedraSoulSessionApiTest > post hedrasoul sessions creates session and returns 201    
  Expected response status code [201] but received 405.
Failed asserting that 405 is identical to 201.

  at tests\Feature\HedraSoul\HedraSoulSessionApiTest.php:33
     29▕             ->postJson('/api/hedrasoul/sessions', [
     30▕                 'title' => 'Test Session',
     31▕             ]);
     32▕ 
  ➜  33▕         $response->assertStatus(201);
     34▕         $response->assertJsonPath('title', 'Test Session');
     35▕         $response->assertJsonPath('status', 'active');
     36▕ 
     37▕         $this->assertDatabaseHas('hedrasoul_sessions', [

  ────────────────────────────────────────────────────────────────────────────────────────────────────────────────────  
   FAILED  Tests\Feature\HedraSoul\HedraSoulSessionApiTest > get hedrasoul sessions returns…   BadMethodCallException   
  Call to undefined method App\Models\HedrasoulSession::factory()

  at vendor\laravel\framework\src\Illuminate\Support\Traits\ForwardsCalls.php:67
     63▕      * @throws \BadMethodCallException
     64▕      */
     65▕     protected static function throwBadMethodCallException($method)
     66▕     {
  ➜  67▕         throw new BadMethodCallException(sprintf(
     68▕             'Call to undefined method %s::%s()', static::class, $method
     69▕         ));
     70▕     }
     71▕ }

  1   vendor\laravel\framework\src\Illuminate\Support\Traits\ForwardsCalls.php:67
  2   vendor\laravel\framework\src\Illuminate\Support\Traits\ForwardsCalls.php:36

  ────────────────────────────────────────────────────────────────────────────────────────────────────────────────────  
   FAILED  Tests\Feature\HedraSoul\HedraSoulSessionApiTest > get hedrasoul session by id ret…  BadMethodCallException   
  Call to undefined method App\Models\HedrasoulSession::factory()

  at vendor\laravel\framework\src\Illuminate\Support\Traits\ForwardsCalls.php:67
     63▕      * @throws \BadMethodCallException
     64▕      */
     65▕     protected static function throwBadMethodCallException($method)
     66▕     {
  ➜  67▕         throw new BadMethodCallException(sprintf(
     68▕             'Call to undefined method %s::%s()', static::class, $method
     69▕         ));
     70▕     }
     71▕ }

  1   vendor\laravel\framework\src\Illuminate\Support\Traits\ForwardsCalls.php:67
  2   vendor\laravel\framework\src\Illuminate\Support\Traits\ForwardsCalls.php:36

  ────────────────────────────────────────────────────────────────────────────────────────────────────────────────────  
   FAILED  Tests\Feature\HedraSoul\HedraSoulSessionApiTest > patch hedrasoul session updates…  BadMethodCallException   
  Call to undefined method App\Models\HedrasoulSession::factory()

  at vendor\laravel\framework\src\Illuminate\Support\Traits\ForwardsCalls.php:67
     63▕      * @throws \BadMethodCallException
     64▕      */
     65▕     protected static function throwBadMethodCallException($method)
     66▕     {
  ➜  67▕         throw new BadMethodCallException(sprintf(
     68▕             'Call to undefined method %s::%s()', static::class, $method
     69▕         ));
     70▕     }
     71▕ }

  1   vendor\laravel\framework\src\Illuminate\Support\Traits\ForwardsCalls.php:67
  2   vendor\laravel\framework\src\Illuminate\Support\Traits\ForwardsCalls.php:36

  ────────────────────────────────────────────────────────────────────────────────────────────────────────────────────  
   FAILED  Tests\Feature\HedraSoul\HedraSoulSessionApiTest > post hedrasoul session archive…   BadMethodCallException   
  Call to undefined method App\Models\HedrasoulSession::factory()

  at vendor\laravel\framework\src\Illuminate\Support\Traits\ForwardsCalls.php:67
     63▕      * @throws \BadMethodCallException
     64▕      */
     65▕     protected static function throwBadMethodCallException($method)
     66▕     {
  ➜  67▕         throw new BadMethodCallException(sprintf(
     68▕             'Call to undefined method %s::%s()', static::class, $method
     69▕         ));
     70▕     }
     71▕ }

  1   vendor\laravel\framework\src\Illuminate\Support\Traits\ForwardsCalls.php:67
  2   vendor\laravel\framework\src\Illuminate\Support\Traits\ForwardsCalls.php:36

  ────────────────────────────────────────────────────────────────────────────────────────────────────────────────────  
   FAILED  Tests\Feature\HedraSoul\HedraSoulSessionApiTest > get hedrasoul sessions returns 401 without auth            
  Expected response status code [401] but received 404.
Failed asserting that 404 is identical to 401.

  at tests\Feature\HedraSoul\HedraSoulSessionApiTest.php:136
    132▕     public function test_get_hedrasoul_sessions_returns_401_without_auth()
    133▕     {
    134▕         $response = $this->getJson('/api/hedrasoul/sessions');
    135▕ 
  ➜ 136▕         $response->assertStatus(401);
    137▕         $response->assertJsonPath('message', 'Unauthenticated.');
    138▕     }
    139▕ 
    140▕     /**

  ────────────────────────────────────────────────────────────────────────────────────────────────────────────────────  
   FAILED  Tests\Feature\HedraSoul\HedraSoulSessionApiTest > post hedrasoul sessions returns 401 without auth           
  Expected response status code [401] but received 405.
Failed asserting that 405 is identical to 401.

  at tests\Feature\HedraSoul\HedraSoulSessionApiTest.php:149
    145▕         $response = $this->postJson('/api/hedrasoul/sessions', [
    146▕             'title' => 'Test Session',
    147▕         ]);
    148▕ 
  ➜ 149▕         $response->assertStatus(401);
    150▕         $response->assertJsonPath('message', 'Unauthenticated.');
    151▕     }
    152▕ 
    153▕     /**

  ────────────────────────────────────────────────────────────────────────────────────────────────────────────────────  
   FAILED  Tests\Feature\HedraSoul\HedraSoulSessionApiTest > get hedrasoul session by id ret…  BadMethodCallException   
  Call to undefined method App\Models\HedrasoulSession::factory()

  at vendor\laravel\framework\src\Illuminate\Support\Traits\ForwardsCalls.php:67
     63▕      * @throws \BadMethodCallException
     64▕      */
     65▕     protected static function throwBadMethodCallException($method)
     66▕     {
  ➜  67▕         throw new BadMethodCallException(sprintf(
     68▕             'Call to undefined method %s::%s()', static::class, $method
     69▕         ));
     70▕     }
     71▕ }

  1   vendor\laravel\framework\src\Illuminate\Support\Traits\ForwardsCalls.php:67
  2   vendor\laravel\framework\src\Illuminate\Support\Traits\ForwardsCalls.php:36

  ────────────────────────────────────────────────────────────────────────────────────────────────────────────────────  
   FAILED  Tests\Feature\HedraSoul\HedraSoulSessionApiTest > patch hedrasoul session returns…  BadMethodCallException   
  Call to undefined method App\Models\HedrasoulSession::factory()

  at vendor\laravel\framework\src\Illuminate\Support\Traits\ForwardsCalls.php:67
     63▕      * @throws \BadMethodCallException
     64▕      */
     65▕     protected static function throwBadMethodCallException($method)
     66▕     {
  ➜  67▕         throw new BadMethodCallException(sprintf(
     68▕             'Call to undefined method %s::%s()', static::class, $method
     69▕         ));
     70▕     }
     71▕ }

  1   vendor\laravel\framework\src\Illuminate\Support\Traits\ForwardsCalls.php:67
  2   vendor\laravel\framework\src\Illuminate\Support\Traits\ForwardsCalls.php:36

  ────────────────────────────────────────────────────────────────────────────────────────────────────────────────────  
   FAILED  Tests\Feature\HedraSoul\HedraSoulSessionApiTest > post hedrasoul session archive…   BadMethodCallException   
  Call to undefined method App\Models\HedrasoulSession::factory()

  at vendor\laravel\framework\src\Illuminate\Support\Traits\ForwardsCalls.php:67
     63▕      * @throws \BadMethodCallException
     64▕      */
     65▕     protected static function throwBadMethodCallException($method)
     66▕     {
  ➜  67▕         throw new BadMethodCallException(sprintf(
     68▕             'Call to undefined method %s::%s()', static::class, $method
     69▕         ));
     70▕     }
     71▕ }

  1   vendor\laravel\framework\src\Illuminate\Support\Traits\ForwardsCalls.php:67
  2   vendor\laravel\framework\src\Illuminate\Support\Traits\ForwardsCalls.php:36

  ────────────────────────────────────────────────────────────────────────────────────────────────────────────────────  
   FAILED  Tests\Feature\HedraSoul\HedraSoulSoulyControlApiTest > post quarantine sets quara…  BadMethodCallException   
  Call to undefined method App\Models\SoulyRuntimeProfile::factory()

  at vendor\laravel\framework\src\Illuminate\Support\Traits\ForwardsCalls.php:67
     63▕      * @throws \BadMethodCallException
     64▕      */
     65▕     protected static function throwBadMethodCallException($method)
     66▕     {
  ➜  67▕         throw new BadMethodCallException(sprintf(
     68▕             'Call to undefined method %s::%s()', static::class, $method
     69▕         ));
     70▕     }
     71▕ }

  1   vendor\laravel\framework\src\Illuminate\Support\Traits\ForwardsCalls.php:67
  2   vendor\laravel\framework\src\Illuminate\Support\Traits\ForwardsCalls.php:36

  ────────────────────────────────────────────────────────────────────────────────────────────────────────────────────  
   FAILED  Tests\Feature\HedraSoul\HedraSoulSoulyControlApiTest > post resume sets quarantin…  BadMethodCallException   
  Call to undefined method App\Models\SoulyRuntimeProfile::factory()

  at vendor\laravel\framework\src\Illuminate\Support\Traits\ForwardsCalls.php:67
     63▕      * @throws \BadMethodCallException
     64▕      */
     65▕     protected static function throwBadMethodCallException($method)
     66▕     {
  ➜  67▕         throw new BadMethodCallException(sprintf(
     68▕             'Call to undefined method %s::%s()', static::class, $method
     69▕         ));
     70▕     }
     71▕ }

  1   vendor\laravel\framework\src\Illuminate\Support\Traits\ForwardsCalls.php:67
  2   vendor\laravel\framework\src\Illuminate\Support\Traits\ForwardsCalls.php:36

  ────────────────────────────────────────────────────────────────────────────────────────────────────────────────────  
   FAILED  Tests\Feature\HedraSoul\HedraSoulSoulyControlApiTest > patch autonomy updates mod…  BadMethodCallException   
  Call to undefined method App\Models\SoulyRuntimeProfile::factory()

  at vendor\laravel\framework\src\Illuminate\Support\Traits\ForwardsCalls.php:67
     63▕      * @throws \BadMethodCallException
     64▕      */
     65▕     protected static function throwBadMethodCallException($method)
     66▕     {
  ➜  67▕         throw new BadMethodCallException(sprintf(
     68▕             'Call to undefined method %s::%s()', static::class, $method
     69▕         ));
     70▕     }
     71▕ }

  1   vendor\laravel\framework\src\Illuminate\Support\Traits\ForwardsCalls.php:67
  2   vendor\laravel\framework\src\Illuminate\Support\Traits\ForwardsCalls.php:36

  ────────────────────────────────────────────────────────────────────────────────────────────────────────────────────  
   FAILED  Tests\Feature\HedraSoul\HedraSoulSoulyControlApiTest > patch autonomy broadcasts…   BadMethodCallException   
  Call to undefined method App\Models\SoulyRuntimeProfile::factory()

  at vendor\laravel\framework\src\Illuminate\Support\Traits\ForwardsCalls.php:67
     63▕      * @throws \BadMethodCallException
     64▕      */
     65▕     protected static function throwBadMethodCallException($method)
     66▕     {
  ➜  67▕         throw new BadMethodCallException(sprintf(
     68▕             'Call to undefined method %s::%s()', static::class, $method
     69▕         ));
     70▕     }
     71▕ }

  1   vendor\laravel\framework\src\Illuminate\Support\Traits\ForwardsCalls.php:67
  2   vendor\laravel\framework\src\Illuminate\Support\Traits\ForwardsCalls.php:36

  ────────────────────────────────────────────────────────────────────────────────────────────────────────────────────  
   FAILED  Tests\Feature\HedraSoul\HedraSoulSoulyControlApiTest > patch model with valid id…   BadMethodCallException   
  Call to undefined method App\Models\SoulyRuntimeProfile::factory()

  at vendor\laravel\framework\src\Illuminate\Support\Traits\ForwardsCalls.php:67
     63▕      * @throws \BadMethodCallException
     64▕      */
     65▕     protected static function throwBadMethodCallException($method)
     66▕     {
  ➜  67▕         throw new BadMethodCallException(sprintf(
     68▕             'Call to undefined method %s::%s()', static::class, $method
     69▕         ));
     70▕     }
     71▕ }

  1   vendor\laravel\framework\src\Illuminate\Support\Traits\ForwardsCalls.php:67
  2   vendor\laravel\framework\src\Illuminate\Support\Traits\ForwardsCalls.php:36

  ────────────────────────────────────────────────────────────────────────────────────────────────────────────────────  
   FAILED  Tests\Feature\HedraSoul\HedraSoulSoulyControlApiTest > patch model with invalid i…  BadMethodCallException   
  Call to undefined method App\Models\SoulyRuntimeProfile::factory()

  at vendor\laravel\framework\src\Illuminate\Support\Traits\ForwardsCalls.php:67
     63▕      * @throws \BadMethodCallException
     64▕      */
     65▕     protected static function throwBadMethodCallException($method)
     66▕     {
  ➜  67▕         throw new BadMethodCallException(sprintf(
     68▕             'Call to undefined method %s::%s()', static::class, $method
     69▕         ));
     70▕     }
     71▕ }

  1   vendor\laravel\framework\src\Illuminate\Support\Traits\ForwardsCalls.php:67
  2   vendor\laravel\framework\src\Illuminate\Support\Traits\ForwardsCalls.php:36

  ────────────────────────────────────────────────────────────────────────────────────────────────────────────────────  
   FAILED  Tests\Feature\HedraSoul\HedraSoulSoulyControlApiTest > get status returns runtime…  BadMethodCallException   
  Call to undefined method App\Models\SoulyRuntimeProfile::factory()

  at vendor\laravel\framework\src\Illuminate\Support\Traits\ForwardsCalls.php:67
     63▕      * @throws \BadMethodCallException
     64▕      */
     65▕     protected static function throwBadMethodCallException($method)
     66▕     {
  ➜  67▕         throw new BadMethodCallException(sprintf(
     68▕             'Call to undefined method %s::%s()', static::class, $method
     69▕         ));
     70▕     }
     71▕ }

  1   vendor\laravel\framework\src\Illuminate\Support\Traits\ForwardsCalls.php:67
  2   vendor\laravel\framework\src\Illuminate\Support\Traits\ForwardsCalls.php:36

  ────────────────────────────────────────────────────────────────────────────────────────────────────────────────────  
   FAILED  Tests\Feature\HedraSoul\HedraSoulSoulyControlApiTest > post simulate returns resu…  BadMethodCallException   
  Call to undefined method App\Models\SoulyRuntimeProfile::factory()

  at vendor\laravel\framework\src\Illuminate\Support\Traits\ForwardsCalls.php:67
     63▕      * @throws \BadMethodCallException
     64▕      */
     65▕     protected static function throwBadMethodCallException($method)
     66▕     {
  ➜  67▕         throw new BadMethodCallException(sprintf(
     68▕             'Call to undefined method %s::%s()', static::class, $method
     69▕         ));
     70▕     }
     71▕ }

  1   vendor\laravel\framework\src\Illuminate\Support\Traits\ForwardsCalls.php:67
  2   vendor\laravel\framework\src\Illuminate\Support\Traits\ForwardsCalls.php:36

  ────────────────────────────────────────────────────────────────────────────────────────────────────────────────────  
   FAILED  Tests\Feature\HedraSoul\HedraSoulSoulyControlApiTest > post quarantine returns 401 without auth              
  Expected response status code [401] but received 405.
Failed asserting that 405 is identical to 401.

  at tests\Feature\HedraSoul\HedraSoulSoulyControlApiTest.php:192
    188▕     public function test_post_quarantine_returns_401_without_auth()
    189▕     {
    190▕         $response = $this->postJson('/api/hedrasoul/souly/quarantine');
    191▕ 
  ➜ 192▕         $response->assertStatus(401);
    193▕     }
    194▕ 
    195▕     /**
    196▕      * Test POST /hedrasoul/souly/resume returns 401 without authentication

  ────────────────────────────────────────────────────────────────────────────────────────────────────────────────────  
   FAILED  Tests\Feature\HedraSoul\HedraSoulSoulyControlApiTest > post resume returns 401 without auth                  
  Expected response status code [401] but received 405.
Failed asserting that 405 is identical to 401.

  at tests\Feature\HedraSoul\HedraSoulSoulyControlApiTest.php:202
    198▕     public function test_post_resume_returns_401_without_auth()
    199▕     {
    200▕         $response = $this->postJson('/api/hedrasoul/souly/resume');
    201▕ 
  ➜ 202▕         $response->assertStatus(401);
    203▕     }
    204▕ 
    205▕     /**
    206▕      * Test PATCH /hedrasoul/souly/autonomy returns 401 without authentication

  ────────────────────────────────────────────────────────────────────────────────────────────────────────────────────  
   FAILED  Tests\Feature\HedraSoul\HedraSoulSoulyControlApiTest > patch autonomy returns 401 without auth               
  Expected response status code [401] but received 405.
Failed asserting that 405 is identical to 401.

  at tests\Feature\HedraSoul\HedraSoulSoulyControlApiTest.php:214
    210▕         $response = $this->patchJson('/api/hedrasoul/souly/autonomy', [
    211▕             'autonomy_mode' => 'copilot',
    212▕         ]);
    213▕ 
  ➜ 214▕         $response->assertStatus(401);
    215▕     }
    216▕ 
    217▕     /**
    218▕      * Test PATCH /hedrasoul/souly/model returns 401 without authentication

  ────────────────────────────────────────────────────────────────────────────────────────────────────────────────────  
   FAILED  Tests\Feature\HedraSoul\HedraSoulSoulyControlApiTest > patch model returns 401 without auth                  
  Expected response status code [401] but received 405.
Failed asserting that 405 is identical to 401.

  at tests\Feature\HedraSoul\HedraSoulSoulyControlApiTest.php:226
    222▕         $response = $this->patchJson('/api/hedrasoul/souly/model', [
    223▕             'model_instance_id' => 1,
    224▕         ]);
    225▕ 
  ➜ 226▕         $response->assertStatus(401);
    227▕     }
    228▕ 
    229▕     /**
    230▕      * Test GET /hedrasoul/souly/status returns 401 without authentication

  ────────────────────────────────────────────────────────────────────────────────────────────────────────────────────  
   FAILED  Tests\Feature\HedraSoul\HedraSoulSoulyControlApiTest > get status returns 401 without auth                   
  Expected response status code [401] but received 404.
Failed asserting that 404 is identical to 401.

  at tests\Feature\HedraSoul\HedraSoulSoulyControlApiTest.php:236
    232▕     public function test_get_status_returns_401_without_auth()
    233▕     {
    234▕         $response = $this->getJson('/api/hedrasoul/souly/status');
    235▕ 
  ➜ 236▕         $response->assertStatus(401);
    237▕     }
    238▕ 
    239▕     /**
    240▕      * Test POST /hedrasoul/souly/simulate returns 401 without authentication

  ────────────────────────────────────────────────────────────────────────────────────────────────────────────────────  
   FAILED  Tests\Feature\HedraSoul\HedraSoulSoulyControlApiTest > post simulate returns 401 without auth                
  Expected response status code [401] but received 405.
Failed asserting that 405 is identical to 401.

  at tests\Feature\HedraSoul\HedraSoulSoulyControlApiTest.php:249
    245▕             'body' => 'Test message',
    246▕             'session_id' => 1,
    247▕         ]);
    248▕ 
  ➜ 249▕         $response->assertStatus(401);
    250▕     }
    251▕ 
    252▕     /**
    253▕      * Test PATCH /hedrasoul/souly/autonomy with invalid mode returns 422

  ────────────────────────────────────────────────────────────────────────────────────────────────────────────────────  
   FAILED  Tests\Feature\HedraSoul\HedraSoulSoulyControlApiTest > patch autonomy with invali…  BadMethodCallException   
  Call to undefined method App\Models\SoulyRuntimeProfile::factory()

  at vendor\laravel\framework\src\Illuminate\Support\Traits\ForwardsCalls.php:67
     63▕      * @throws \BadMethodCallException
     64▕      */
     65▕     protected static function throwBadMethodCallException($method)
     66▕     {
  ➜  67▕         throw new BadMethodCallException(sprintf(
     68▕             'Call to undefined method %s::%s()', static::class, $method
     69▕         ));
     70▕     }
     71▕ }

  1   vendor\laravel\framework\src\Illuminate\Support\Traits\ForwardsCalls.php:67
  2   vendor\laravel\framework\src\Illuminate\Support\Traits\ForwardsCalls.php:36

  ────────────────────────────────────────────────────────────────────────────────────────────────────────────────────  
   FAILED  Tests\Feature\HedraSoul\HedraSoulSoulyControlApiTest > patch autonomy accepts all…  BadMethodCallException   
  Call to undefined method App\Models\SoulyRuntimeProfile::factory()

  at vendor\laravel\framework\src\Illuminate\Support\Traits\ForwardsCalls.php:67
     63▕      * @throws \BadMethodCallException
     64▕      */
     65▕     protected static function throwBadMethodCallException($method)
     66▕     {
  ➜  67▕         throw new BadMethodCallException(sprintf(
     68▕             'Call to undefined method %s::%s()', static::class, $method
     69▕         ));
     70▕     }
     71▕ }

  1   vendor\laravel\framework\src\Illuminate\Support\Traits\ForwardsCalls.php:67
  2   vendor\laravel\framework\src\Illuminate\Support\Traits\ForwardsCalls.php:36

  ────────────────────────────────────────────────────────────────────────────────────────────────────────────────────  
   FAILED  Tests\Feature\Http\AgentsHubTest > status reflects execution count                                           
  Failed asserting that 0 is identical to 5.

  at tests\Feature\Http\AgentsHubTest.php:264
    260▕ 
    261▕         $response = $this->getJson("/api/v1/agents/{$this->agent->id}/status");
    262▕ 
    263▕         $response->assertStatus(200)
  ➜ 264▕             ->assertJsonPath('data.execution_count', 5)
    265▕             ->assertJsonPath('data.success_count', 4)
    266▕             ->assertJsonPath('data.success_rate', 80.0);
    267▕     }
    268▕

  ────────────────────────────────────────────────────────────────────────────────────────────────────────────────────  
   FAILED  Tests\Feature\Http\AgentsHubTest > quarantine sets agent status                                              
  Failed asserting that a row in the table [agents] matches the attributes {
    "id": 1,
    "status": "quarantined"
}.

Found similar results: [
    {
        "id": 1,
        "status": "active"
    }
].

  at tests\Feature\Http\AgentsHubTest.php:280
    276▕             'reason' => 'Exceeded error threshold during load test.',
    277▕         ]);
    278▕ 
    279▕         $response->assertStatus(200)->assertJsonPath('success', true);
  ➜ 280▕         $this->assertDatabaseHas('agents', ['id' => $this->agent->id, 'status' => Agent::STATUS_QUARANTINED]);
    281▕     }
    282▕ 
    283▕     public function test_run_returns_error_for_quarantined_agent(): void
    284▕     {

  ────────────────────────────────────────────────────────────────────────────────────────────────────────────────────  
   FAILED  Tests\Feature\Http\AgentsHubTest > unquarantine restores agent to active                                     
  Expected response status code [200] but received 400.
Failed asserting that 400 is identical to 200.

  at tests\Feature\Http\AgentsHubTest.php:302
    298▕         $this->assertDatabaseHas('agents', ['id' => $this->agent->id, 'status' => Agent::STATUS_QUARANTINED]);
    299▕ 
    300▕         $response = $this->postJson("/api/v1/agents/{$this->agent->id}/unquarantine");
    301▕ 
  ➜ 302▕         $response->assertStatus(200)->assertJsonPath('success', true);
    303▕         $this->assertDatabaseHas('agents', ['id' => $this->agent->id, 'status' => Agent::STATUS_ACTIVE]);
    304▕     }
    305▕ 
    306▕     // ─────────────────────────────────────────────

  ────────────────────────────────────────────────────────────────────────────────────────────────────────────────────  
   FAILED  Tests\Feature\Http\AgentsHubTest > simulate returns thought process                                          
  Expected response status code [200] but received 400.
Failed asserting that 400 is identical to 200.

  at tests\Feature\Http\AgentsHubTest.php:317
    313▕             'input'      => ['task' => 'Analyze this dataset.'],
    314▕             'mock_tools' => [],
    315▕         ]);
    316▕ 
  ➜ 317▕         $response->assertStatus(200)
    318▕             ->assertJsonPath('success', true)
    319▕             ->assertJsonPath('mode', 'simulation')
    320▕             ->assertJsonStructure([
    321▕                 'success', 'mode', 'trace_id', 'duration_ms',

  ────────────────────────────────────────────────────────────────────────────────────────────────────────────────────  
   FAILED  Tests\Feature\Http\AgentsHubTest > simulate logs runtime trace                                               
  Failed asserting that a row in the table [agent_runtime_logs] matches the attributes {
    "agent_id": 1,
    "step": "simulation"
}.

The table is empty.

  at tests\Feature\Http\AgentsHubTest.php:333
    329▕         $this->postJson("/api/v1/agents/{$this->agent->id}/simulate", [
    330▕             'input' => 'Test input payload.',
    331▕         ]);
    332▕ 
  ➜ 333▕         $this->assertDatabaseHas('agent_runtime_logs', [
    334▕             'agent_id' => $this->agent->id,
    335▕             'step'     => 'simulation',
    336▕         ]);
    337▕     }

  ────────────────────────────────────────────────────────────────────────────────────────────────────────────────────  
   FAILED  Tests\Feature\Http\AgentsHubTest > run dispatches async and returns trace id                                 
  Expected response status code [200] but received 400.
Failed asserting that 400 is identical to 200.

  at tests\Feature\Http\AgentsHubTest.php:379
    375▕             'input' => 'Process async task.',
    376▕             'async' => true,
    377▕         ]);
    378▕ 
  ➜ 379▕         $response->assertStatus(200)
    380▕             ->assertJsonPath('success', true)
    381▕             ->assertJsonPath('mode', 'async')
    382▕             ->assertJsonPath('trace_id', 'mock-trace-id-1234');
    383▕     }

  ────────────────────────────────────────────────────────────────────────────────────────────────────────────────────  
   FAILED  Tests\Feature\Http\AgentsHubTest > logs returns paginated runtime logs                      QueryException   
  SQLSTATE[23000]: Integrity constraint violation: 19 NOT NULL constraint failed: agent_runtime_logs.id (Connection: sqlite, Database: :memory:, SQL: insert into "agent_runtime_logs" ("agent_id", "trace_id", "step", "input", "output", "duration_ms", "updated_at", "created_at") values (1, 5f1d68ab-2c56-40d6-96f8-91876c3e0234, completed, {"task":"test"}, {"result":"ok"}, 100, 2026-06-24 16:22:23, 2026-06-24 16:22:23))

  at vendor\laravel\framework\src\Illuminate\Database\Connection.php:857
    853▕             $exceptionType = ($isUniqueConstraintError = $this->isUniqueConstraintError($e))
    854▕                 ? UniqueConstraintViolationException::class
    855▕                 : QueryException::class;
    856▕ 
  ➜ 857▕             $exception = new $exceptionType(
    858▕                 $this->getNameWithReadWriteType(),
    859▕                 $query,
    860▕                 $this->prepareBindings($bindings),
    861▕                 $e,

  1   vendor\laravel\framework\src\Illuminate\Database\Connection.php:857

  2   vendor\laravel\framework\src\Illuminate\Database\Connection.php:601
      NunoMaduro\Collision\Exceptions\TestException::("SQLSTATE[23000]: Integrity constraint violation: 19 NOT NULL constraint failed: agent_runtime_logs.id")

  ────────────────────────────────────────────────────────────────────────────────────────────────────────────────────  
   FAILED  Tests\Feature\Http\Controllers\CredentialValidationEndpointTest > validate credential endpoint validates…    
  Expected response status code [200] but received 500.
Failed asserting that 500 is identical to 200.

The following exception occurred during the last request:

TypeError: App\Policies\SettingPolicy::create(): Return value must be of type bool, null returned in C:\Users\hedra\Desktop\Sourcecode\NexusV2\Nexus-backend\app\Policies\SettingPolicy.php:37
Stack trace:
#0 C:\Users\hedra\Desktop\Sourcecode\NexusV2\Nexus-backend\vendor\laravel\framework\src\Illuminate\Auth\Access\Gate.php(844): App\Policies\SettingPolicy->create(Object(App\Models\User))
#1 C:\Users\hedra\Desktop\Sourcecode\NexusV2\Nexus-backend\vendor\laravel\framework\src\Illuminate\Auth\Access\Gate.php(797): Illuminate\Auth\Access\Gate->callPolicyMethod(Object(App\Policies\SettingPolicy), 'create', Object(App\Models\User), Array)
#2 C:\Users\hedra\Desktop\Sourcecode\NexusV2\Nexus-backend\vendor\laravel\framework\src\Illuminate\Auth\Access\Gate.php(553): Illuminate\Auth\Access\Gate->{closure:Illuminate\Auth\Access\Gate::resolvePolicyCallback():780}(Object(App\Models\User), 'App\\Models\\Sett...')
#3 C:\Users\hedra\Desktop\Sourcecode\NexusV2\Nexus-backend\vendor\laravel\framework\src\Illuminate\Auth\Access\Gate.php(448): Illuminate\Auth\Access\Gate->callAuthCallback(Object(App\Models\User), 'create', Array)
#4 C:\Users\hedra\Desktop\Sourcecode\NexusV2\Nexus-backend\vendor\laravel\framework\src\Illuminate\Auth\Access\Gate.php(411): Illuminate\Auth\Access\Gate->raw('create', Array)
#5 C:\Users\hedra\Desktop\Sourcecode\NexusV2\Nexus-backend\vendor\laravel\framework\src\Illuminate\Auth\Access\Gate.php(398): Illuminate\Auth\Access\Gate->inspect('create', 'App\\Models\\Sett...')
#6 C:\Users\hedra\Desktop\Sourcecode\NexusV2\Nexus-backend\vendor\laravel\framework\src\Illuminate\Foundation\Auth\Access\AuthorizesRequests.php(25): Illuminate\Auth\Access\Gate->authorize('create', 'App\\Models\\Sett...')
#7 C:\Users\hedra\Desktop\Sourcecode\NexusV2\Nexus-backend\app\Http\Controllers\SettingController.php(415): App\Http\Controllers\Controller->authorize('create', 'App\\Models\\Sett...')
#8 C:\Users\hedra\Desktop\Sourcecode\NexusV2\Nexus-backend\vendor\laravel\framework\src\Illuminate\Routing\ControllerDispatcher.php(46): App\Http\Controllers\SettingController->validateCredential(Object(Illuminate\Http\Request))
#9 C:\Users\hedra\Desktop\Sourcecode\NexusV2\Nexus-backend\vendor\laravel\framework\src\Illuminate\Routing\Route.php(275): Illuminate\Routing\ControllerDispatcher->dispatch(Object(Illuminate\Routing\Route), Object(App\Http\Controllers\SettingController), 'validateCredent...')
#10 C:\Users\hedra\Desktop\Sourcecode\NexusV2\Nexus-backend\vendor\laravel\framework\src\Illuminate\Routing\Route.php(215): Illuminate\Routing\Route->runController()
#11 C:\Users\hedra\Desktop\Sourcecode\NexusV2\Nexus-backend\vendor\laravel\framework\src\Illuminate\Routing\Router.php(822): Illuminate\Routing\Route->run()
#12 C:\Users\hedra\Desktop\Sourcecode\NexusV2\Nexus-backend\vendor\laravel\framework\src\Illuminate\Pipeline\Pipeline.php(180): Illuminate\Routing\Router->{closure:Illuminate\Routing\Router::runRouteWithinStack():821}(Object(Illuminate\Http\Request))
#13 C:\Users\hedra\Desktop\Sourcecode\NexusV2\Nexus-backend\vendor\laravel\framework\src\Illuminate\Routing\Middleware\SubstituteBindings.php(52): Illuminate\Pipeline\Pipeline->{closure:Illuminate\Pipeline\Pipeline::prepareDestination():178}(Object(Illuminate\Http\Request))
#14 C:\Users\hedra\Desktop\Sourcecode\NexusV2\Nexus-backend\vendor\laravel\framework\src\Illuminate\Pipeline\Pipeline.php(219): Illuminate\Routing\Middleware\SubstituteBindings->handle(Object(Illuminate\Http\Request), Object(Closure))
#15 C:\Users\hedra\Desktop\Sourcecode\NexusV2\Nexus-backend\vendor\laravel\framework\src\Illuminate\Auth\Middleware\Authenticate.php(63): Illuminate\Pipeline\Pipeline->{closure:{closure:Illuminate\Pipeline\Pipeline::carry():194}:195}(Object(Illuminate\Http\Request))
#16 C:\Users\hedra\Desktop\Sourcecode\NexusV2\Nexus-backend\vendor\laravel\framework\src\Illuminate\Pipeline\Pipeline.php(219): Illuminate\Auth\Middleware\Authenticate->handle(Object(Illuminate\Http\Request), Object(Closure), 'sanctum')
#17 C:\Users\hedra\Desktop\Sourcecode\NexusV2\Nexus-backend\vendor\laravel\framework\src\Illuminate\Pipeline\Pipeline.php(137): Illuminate\Pipeline\Pipeline->{closure:{closure:Illuminate\Pipeline\Pipeline::carry():194}:195}(Object(Illuminate\Http\Request))
#18 C:\Users\hedra\Desktop\Sourcecode\NexusV2\Nexus-backend\vendor\laravel\framework\src\Illuminate\Routing\Router.php(821): Illuminate\Pipeline\Pipeline->then(Object(Closure))
#19 C:\Users\hedra\Desktop\Sourcecode\NexusV2\Nexus-backend\vendor\laravel\framework\src\Illuminate\Routing\Router.php(800): Illuminate\Routing\Router->runRouteWithinStack(Object(Illuminate\Routing\Route), Object(Illuminate\Http\Request))
#20 C:\Users\hedra\Desktop\Sourcecode\NexusV2\Nexus-backend\vendor\laravel\framework\src\Illuminate\Routing\Router.php(764): Illuminate\Routing\Router->runRoute(Object(Illuminate\Http\Request), Object(Illuminate\Routing\Route))
#21 C:\Users\hedra\Desktop\Sourcecode\NexusV2\Nexus-backend\vendor\laravel\framework\src\Illuminate\Routing\Router.php(753): Illuminate\Routing\Router->dispatchToRoute(Object(Illuminate\Http\Request))
#22 C:\Users\hedra\Desktop\Sourcecode\NexusV2\Nexus-backend\vendor\laravel\framework\src\Illuminate\Foundation\Http\Kernel.php(200): Illuminate\Routing\Router->dispatch(Object(Illuminate\Http\Request))
#23 C:\Users\hedra\Desktop\Sourcecode\NexusV2\Nexus-backend\vendor\laravel\framework\src\Illuminate\Pipeline\Pipeline.php(180): Illuminate\Foundation\Http\Kernel->{closure:Illuminate\Foundation\Http\Kernel::dispatchToRouter():197}(Object(Illuminate\Http\Request))
#24 C:\Users\hedra\Desktop\Sourcecode\NexusV2\Nexus-backend\app\Http\Middleware\AutoLoginDevMiddleware.php(29): Illuminate\Pipeline\Pipeline->{closure:Illuminate\Pipeline\Pipeline::prepareDestination():178}(Object(Illuminate\Http\Request))
#25 C:\Users\hedra\Desktop\Sourcecode\NexusV2\Nexus-backend\vendor\laravel\framework\src\Illuminate\Pipeline\Pipeline.php(219): App\Http\Middleware\AutoLoginDevMiddleware->handle(Object(Illuminate\Http\Request), Object(Closure))
#26 C:\Users\hedra\Desktop\Sourcecode\NexusV2\Nexus-backend\vendor\laravel\framework\src\Illuminate\Foundation\Http\Middleware\TransformsRequest.php(21): Illuminate\Pipeline\Pipeline->{closure:{closure:Illuminate\Pipeline\Pipeline::carry():194}:195}(Object(Illuminate\Http\Request))
#27 C:\Users\hedra\Desktop\Sourcecode\NexusV2\Nexus-backend\vendor\laravel\framework\src\Illuminate\Foundation\Http\Middleware\ConvertEmptyStringsToNull.php(31): Illuminate\Foundation\Http\Middleware\TransformsRequest->handle(Object(Illuminate\Http\Request), Object(Closure))
#28 C:\Users\hedra\Desktop\Sourcecode\NexusV2\Nexus-backend\vendor\laravel\framework\src\Illuminate\Pipeline\Pipeline.php(219): Illuminate\Foundation\Http\Middleware\ConvertEmptyStringsToNull->handle(Object(Illuminate\Http\Request), Object(Closure))
#29 C:\Users\hedra\Desktop\Sourcecode\NexusV2\Nexus-backend\vendor\laravel\framework\src\Illuminate\Foundation\Http\Middleware\TransformsRequest.php(21): Illuminate\Pipeline\Pipeline->{closure:{closure:Illuminate\Pipeline\Pipeline::carry():194}:195}(Object(Illuminate\Http\Request))
#30 C:\Users\hedra\Desktop\Sourcecode\NexusV2\Nexus-backend\vendor\laravel\framework\src\Illuminate\Foundation\Http\Middleware\TrimStrings.php(51): Illuminate\Foundation\Http\Middleware\TransformsRequest->handle(Object(Illuminate\Http\Request), Object(Closure))
#31 C:\Users\hedra\Desktop\Sourcecode\NexusV2\Nexus-backend\vendor\laravel\framework\src\Illuminate\Pipeline\Pipeline.php(219): Illuminate\Foundation\Http\Middleware\TrimStrings->handle(Object(Illuminate\Http\Request), Object(Closure))
#32 C:\Users\hedra\Desktop\Sourcecode\NexusV2\Nexus-backend\vendor\laravel\framework\src\Illuminate\Http\Middleware\ValidatePostSize.php(27): Illuminate\Pipeline\Pipeline->{closure:{closure:Illuminate\Pipeline\Pipeline::carry():194}:195}(Object(Illuminate\Http\Request))
#33 C:\Users\hedra\Desktop\Sourcecode\NexusV2\Nexus-backend\vendor\laravel\framework\src\Illuminate\Pipeline\Pipeline.php(219): Illuminate\Http\Middleware\ValidatePostSize->handle(Object(Illuminate\Http\Request), Object(Closure))
#34 C:\Users\hedra\Desktop\Sourcecode\NexusV2\Nexus-backend\vendor\laravel\framework\src\Illuminate\Foundation\Http\Middleware\PreventRequestsDuringMaintenance.php(109): Illuminate\Pipeline\Pipeline->{closure:{closure:Illuminate\Pipeline\Pipeline::carry():194}:195}(Object(Illuminate\Http\Request))
#35 C:\Users\hedra\Desktop\Sourcecode\NexusV2\Nexus-backend\vendor\laravel\framework\src\Illuminate\Pipeline\Pipeline.php(219): Illuminate\Foundation\Http\Middleware\PreventRequestsDuringMaintenance->handle(Object(Illuminate\Http\Request), Object(Closure))
#36 C:\Users\hedra\Desktop\Sourcecode\NexusV2\Nexus-backend\vendor\laravel\framework\src\Illuminate\Http\Middleware\HandleCors.php(74): Illuminate\Pipeline\Pipeline->{closure:{closure:Illuminate\Pipeline\Pipeline::carry():194}:195}(Object(Illuminate\Http\Request))
#37 C:\Users\hedra\Desktop\Sourcecode\NexusV2\Nexus-backend\vendor\laravel\framework\src\Illuminate\Pipeline\Pipeline.php(219): Illuminate\Http\Middleware\HandleCors->handle(Object(Illuminate\Http\Request), Object(Closure))
#38 C:\Users\hedra\Desktop\Sourcecode\NexusV2\Nexus-backend\vendor\laravel\framework\src\Illuminate\Http\Middleware\TrustProxies.php(58): Illuminate\Pipeline\Pipeline->{closure:{closure:Illuminate\Pipeline\Pipeline::carry():194}:195}(Object(Illuminate\Http\Request))
#39 C:\Users\hedra\Desktop\Sourcecode\NexusV2\Nexus-backend\vendor\laravel\framework\src\Illuminate\Pipeline\Pipeline.php(219): Illuminate\Http\Middleware\TrustProxies->handle(Object(Illuminate\Http\Request), Object(Closure))
#40 C:\Users\hedra\Desktop\Sourcecode\NexusV2\Nexus-backend\vendor\laravel\framework\src\Illuminate\Foundation\Http\Middleware\InvokeDeferredCallbacks.php(22): Illuminate\Pipeline\Pipeline->{closure:{closure:Illuminate\Pipeline\Pipeline::carry():194}:195}(Object(Illuminate\Http\Request))
#41 C:\Users\hedra\Desktop\Sourcecode\NexusV2\Nexus-backend\vendor\laravel\framework\src\Illuminate\Pipeline\Pipeline.php(219): Illuminate\Foundation\Http\Middleware\InvokeDeferredCallbacks->handle(Object(Illuminate\Http\Request), Object(Closure))
#42 C:\Users\hedra\Desktop\Sourcecode\NexusV2\Nexus-backend\vendor\laravel\framework\src\Illuminate\Http\Middleware\ValidatePathEncoding.php(28): Illuminate\Pipeline\Pipeline->{closure:{closure:Illuminate\Pipeline\Pipeline::carry():194}:195}(Object(Illuminate\Http\Request))
#43 C:\Users\hedra\Desktop\Sourcecode\NexusV2\Nexus-backend\vendor\laravel\framework\src\Illuminate\Pipeline\Pipeline.php(219): Illuminate\Http\Middleware\ValidatePathEncoding->handle(Object(Illuminate\Http\Request), Object(Closure))
#44 C:\Users\hedra\Desktop\Sourcecode\NexusV2\Nexus-backend\vendor\laravel\framework\src\Illuminate\Pipeline\Pipeline.php(137): Illuminate\Pipeline\Pipeline->{closure:{closure:Illuminate\Pipeline\Pipeline::carry():194}:195}(Object(Illuminate\Http\Request))
#45 C:\Users\hedra\Desktop\Sourcecode\NexusV2\Nexus-backend\vendor\laravel\framework\src\Illuminate\Foundation\Http\Kernel.php(175): Illuminate\Pipeline\Pipeline->then(Object(Closure))
#46 C:\Users\hedra\Desktop\Sourcecode\NexusV2\Nexus-backend\vendor\laravel\framework\src\Illuminate\Foundation\Http\Kernel.php(144): Illuminate\Foundation\Http\Kernel->sendRequestThroughRouter(Object(Illuminate\Http\Request))
#47 C:\Users\hedra\Desktop\Sourcecode\NexusV2\Nexus-backend\vendor\laravel\framework\src\Illuminate\Foundation\Testing\Concerns\MakesHttpRequests.php(607): Illuminate\Foundation\Http\Kernel->handle(Object(Illuminate\Http\Request))
#48 C:\Users\hedra\Desktop\Sourcecode\NexusV2\Nexus-backend\vendor\laravel\framework\src\Illuminate\Foundation\Testing\Concerns\MakesHttpRequests.php(573): Illuminate\Foundation\Testing\TestCase->call('POST', '/api/v1/setting...', Array, Array, Array, Array, '{"key":"integra...')
#49 C:\Users\hedra\Desktop\Sourcecode\NexusV2\Nexus-backend\vendor\laravel\framework\src\Illuminate\Foundation\Testing\Concerns\MakesHttpRequests.php(411): Illuminate\Foundation\Testing\TestCase->json('POST', '/api/v1/setting...', Array, Array, 0)
#50 C:\Users\hedra\Desktop\Sourcecode\NexusV2\Nexus-backend\tests\Feature\Http\Controllers\CredentialValidationEndpointTest.php(32): Illuminate\Foundation\Testing\TestCase->postJson('/api/v1/setting...', Array)
#51 C:\Users\hedra\Desktop\Sourcecode\NexusV2\Nexus-backend\vendor\phpunit\phpunit\src\Framework\TestCase.php(1667): Tests\Feature\Http\Controllers\CredentialValidationEndpointTest->test_validate_credential_endpoint_validates_single_setting()
#52 C:\Users\hedra\Desktop\Sourcecode\NexusV2\Nexus-backend\vendor\phpunit\phpunit\src\Framework\TestCase.php(519): PHPUnit\Framework\TestCase->runTest()
#53 C:\Users\hedra\Desktop\Sourcecode\NexusV2\Nexus-backend\vendor\phpunit\phpunit\src\Framework\TestRunner\TestRunner.php(87): PHPUnit\Framework\TestCase->runBare()
#54 C:\Users\hedra\Desktop\Sourcecode\NexusV2\Nexus-backend\vendor\phpunit\phpunit\src\Framework\TestCase.php(365): PHPUnit\Framework\TestRunner->run(Object(Tests\Feature\Http\Controllers\CredentialValidationEndpointTest))
#55 C:\Users\hedra\Desktop\Sourcecode\NexusV2\Nexus-backend\vendor\phpunit\phpunit\src\Framework\TestSuite.php(369): PHPUnit\Framework\TestCase->run()
#56 C:\Users\hedra\Desktop\Sourcecode\NexusV2\Nexus-backend\vendor\phpunit\phpunit\src\Framework\TestSuite.php(369): PHPUnit\Framework\TestSuite->run()
#57 C:\Users\hedra\Desktop\Sourcecode\NexusV2\Nexus-backend\vendor\phpunit\phpunit\src\Framework\TestSuite.php(369): PHPUnit\Framework\TestSuite->run()
#58 C:\Users\hedra\Desktop\Sourcecode\NexusV2\Nexus-backend\vendor\phpunit\phpunit\src\TextUI\TestRunner.php(64): PHPUnit\Framework\TestSuite->run()
#59 C:\Users\hedra\Desktop\Sourcecode\NexusV2\Nexus-backend\vendor\phpunit\phpunit\src\TextUI\Application.php(211): PHPUnit\TextUI\TestRunner->run(Object(PHPUnit\TextUI\Configuration\Configuration), Object(PHPUnit\Runner\ResultCache\DefaultResultCache), Object(PHPUnit\Framework\TestSuite))
#60 C:\Users\hedra\Desktop\Sourcecode\NexusV2\Nexus-backend\vendor\phpunit\phpunit\phpunit(104): PHPUnit\TextUI\Application->run(Array)
#61 {main}

----------------------------------------------------------------------------------

App\Policies\SettingPolicy::create(): Return value must be of type bool, null returned

  at tests\Feature\Http\Controllers\CredentialValidationEndpointTest.php:36
     32▕             ->postJson('/api/v1/settings/credentials/validate', [
     33▕                 'key' => 'integrations.openai_key',
     34▕             ]);
     35▕ 
  ➜  36▕         $response->assertStatus(200)
     37▕             ->assertJsonStructure([
     38▕                 'success',
     39▕                 'data' => [
     40▕                     'key',

  ────────────────────────────────────────────────────────────────────────────────────────────────────────────────────  
   FAILED  Tests\Feature\Http\Controllers\CredentialValidationEndpointTest > validate all credentials endpoint          
  Expected response status code [200] but received 500.
Failed asserting that 500 is identical to 200.

The following exception occurred during the last request:

TypeError: App\Policies\SettingPolicy::create(): Return value must be of type bool, null returned in C:\Users\hedra\Desktop\Sourcecode\NexusV2\Nexus-backend\app\Policies\SettingPolicy.php:37
Stack trace:
#0 C:\Users\hedra\Desktop\Sourcecode\NexusV2\Nexus-backend\vendor\laravel\framework\src\Illuminate\Auth\Access\Gate.php(844): App\Policies\SettingPolicy->create(Object(App\Models\User))
#1 C:\Users\hedra\Desktop\Sourcecode\NexusV2\Nexus-backend\vendor\laravel\framework\src\Illuminate\Auth\Access\Gate.php(797): Illuminate\Auth\Access\Gate->callPolicyMethod(Object(App\Policies\SettingPolicy), 'create', Object(App\Models\User), Array)
#2 C:\Users\hedra\Desktop\Sourcecode\NexusV2\Nexus-backend\vendor\laravel\framework\src\Illuminate\Auth\Access\Gate.php(553): Illuminate\Auth\Access\Gate->{closure:Illuminate\Auth\Access\Gate::resolvePolicyCallback():780}(Object(App\Models\User), 'App\\Models\\Sett...')
#3 C:\Users\hedra\Desktop\Sourcecode\NexusV2\Nexus-backend\vendor\laravel\framework\src\Illuminate\Auth\Access\Gate.php(448): Illuminate\Auth\Access\Gate->callAuthCallback(Object(App\Models\User), 'create', Array)
#4 C:\Users\hedra\Desktop\Sourcecode\NexusV2\Nexus-backend\vendor\laravel\framework\src\Illuminate\Auth\Access\Gate.php(411): Illuminate\Auth\Access\Gate->raw('create', Array)
#5 C:\Users\hedra\Desktop\Sourcecode\NexusV2\Nexus-backend\vendor\laravel\framework\src\Illuminate\Auth\Access\Gate.php(398): Illuminate\Auth\Access\Gate->inspect('create', 'App\\Models\\Sett...')
#6 C:\Users\hedra\Desktop\Sourcecode\NexusV2\Nexus-backend\vendor\laravel\framework\src\Illuminate\Foundation\Auth\Access\AuthorizesRequests.php(25): Illuminate\Auth\Access\Gate->authorize('create', 'App\\Models\\Sett...')
#7 C:\Users\hedra\Desktop\Sourcecode\NexusV2\Nexus-backend\app\Http\Controllers\SettingController.php(460): App\Http\Controllers\Controller->authorize('create', 'App\\Models\\Sett...')
#8 C:\Users\hedra\Desktop\Sourcecode\NexusV2\Nexus-backend\vendor\laravel\framework\src\Illuminate\Routing\ControllerDispatcher.php(46): App\Http\Controllers\SettingController->validateAllCredentials()
#9 C:\Users\hedra\Desktop\Sourcecode\NexusV2\Nexus-backend\vendor\laravel\framework\src\Illuminate\Routing\Route.php(275): Illuminate\Routing\ControllerDispatcher->dispatch(Object(Illuminate\Routing\Route), Object(App\Http\Controllers\SettingController), 'validateAllCred...')
#10 C:\Users\hedra\Desktop\Sourcecode\NexusV2\Nexus-backend\vendor\laravel\framework\src\Illuminate\Routing\Route.php(215): Illuminate\Routing\Route->runController()
#11 C:\Users\hedra\Desktop\Sourcecode\NexusV2\Nexus-backend\vendor\laravel\framework\src\Illuminate\Routing\Router.php(822): Illuminate\Routing\Route->run()
#12 C:\Users\hedra\Desktop\Sourcecode\NexusV2\Nexus-backend\vendor\laravel\framework\src\Illuminate\Pipeline\Pipeline.php(180): Illuminate\Routing\Router->{closure:Illuminate\Routing\Router::runRouteWithinStack():821}(Object(Illuminate\Http\Request))
#13 C:\Users\hedra\Desktop\Sourcecode\NexusV2\Nexus-backend\vendor\laravel\framework\src\Illuminate\Routing\Middleware\SubstituteBindings.php(52): Illuminate\Pipeline\Pipeline->{closure:Illuminate\Pipeline\Pipeline::prepareDestination():178}(Object(Illuminate\Http\Request))
#14 C:\Users\hedra\Desktop\Sourcecode\NexusV2\Nexus-backend\vendor\laravel\framework\src\Illuminate\Pipeline\Pipeline.php(219): Illuminate\Routing\Middleware\SubstituteBindings->handle(Object(Illuminate\Http\Request), Object(Closure))
#15 C:\Users\hedra\Desktop\Sourcecode\NexusV2\Nexus-backend\vendor\laravel\framework\src\Illuminate\Auth\Middleware\Authenticate.php(63): Illuminate\Pipeline\Pipeline->{closure:{closure:Illuminate\Pipeline\Pipeline::carry():194}:195}(Object(Illuminate\Http\Request))
#16 C:\Users\hedra\Desktop\Sourcecode\NexusV2\Nexus-backend\vendor\laravel\framework\src\Illuminate\Pipeline\Pipeline.php(219): Illuminate\Auth\Middleware\Authenticate->handle(Object(Illuminate\Http\Request), Object(Closure), 'sanctum')
#17 C:\Users\hedra\Desktop\Sourcecode\NexusV2\Nexus-backend\vendor\laravel\framework\src\Illuminate\Pipeline\Pipeline.php(137): Illuminate\Pipeline\Pipeline->{closure:{closure:Illuminate\Pipeline\Pipeline::carry():194}:195}(Object(Illuminate\Http\Request))
#18 C:\Users\hedra\Desktop\Sourcecode\NexusV2\Nexus-backend\vendor\laravel\framework\src\Illuminate\Routing\Router.php(821): Illuminate\Pipeline\Pipeline->then(Object(Closure))
#19 C:\Users\hedra\Desktop\Sourcecode\NexusV2\Nexus-backend\vendor\laravel\framework\src\Illuminate\Routing\Router.php(800): Illuminate\Routing\Router->runRouteWithinStack(Object(Illuminate\Routing\Route), Object(Illuminate\Http\Request))
#20 C:\Users\hedra\Desktop\Sourcecode\NexusV2\Nexus-backend\vendor\laravel\framework\src\Illuminate\Routing\Router.php(764): Illuminate\Routing\Router->runRoute(Object(Illuminate\Http\Request), Object(Illuminate\Routing\Route))
#21 C:\Users\hedra\Desktop\Sourcecode\NexusV2\Nexus-backend\vendor\laravel\framework\src\Illuminate\Routing\Router.php(753): Illuminate\Routing\Router->dispatchToRoute(Object(Illuminate\Http\Request))
#22 C:\Users\hedra\Desktop\Sourcecode\NexusV2\Nexus-backend\vendor\laravel\framework\src\Illuminate\Foundation\Http\Kernel.php(200): Illuminate\Routing\Router->dispatch(Object(Illuminate\Http\Request))
#23 C:\Users\hedra\Desktop\Sourcecode\NexusV2\Nexus-backend\vendor\laravel\framework\src\Illuminate\Pipeline\Pipeline.php(180): Illuminate\Foundation\Http\Kernel->{closure:Illuminate\Foundation\Http\Kernel::dispatchToRouter():197}(Object(Illuminate\Http\Request))
#24 C:\Users\hedra\Desktop\Sourcecode\NexusV2\Nexus-backend\app\Http\Middleware\AutoLoginDevMiddleware.php(29): Illuminate\Pipeline\Pipeline->{closure:Illuminate\Pipeline\Pipeline::prepareDestination():178}(Object(Illuminate\Http\Request))
#25 C:\Users\hedra\Desktop\Sourcecode\NexusV2\Nexus-backend\vendor\laravel\framework\src\Illuminate\Pipeline\Pipeline.php(219): App\Http\Middleware\AutoLoginDevMiddleware->handle(Object(Illuminate\Http\Request), Object(Closure))
#26 C:\Users\hedra\Desktop\Sourcecode\NexusV2\Nexus-backend\vendor\laravel\framework\src\Illuminate\Foundation\Http\Middleware\TransformsRequest.php(21): Illuminate\Pipeline\Pipeline->{closure:{closure:Illuminate\Pipeline\Pipeline::carry():194}:195}(Object(Illuminate\Http\Request))
#27 C:\Users\hedra\Desktop\Sourcecode\NexusV2\Nexus-backend\vendor\laravel\framework\src\Illuminate\Foundation\Http\Middleware\ConvertEmptyStringsToNull.php(31): Illuminate\Foundation\Http\Middleware\TransformsRequest->handle(Object(Illuminate\Http\Request), Object(Closure))
#28 C:\Users\hedra\Desktop\Sourcecode\NexusV2\Nexus-backend\vendor\laravel\framework\src\Illuminate\Pipeline\Pipeline.php(219): Illuminate\Foundation\Http\Middleware\ConvertEmptyStringsToNull->handle(Object(Illuminate\Http\Request), Object(Closure))
#29 C:\Users\hedra\Desktop\Sourcecode\NexusV2\Nexus-backend\vendor\laravel\framework\src\Illuminate\Foundation\Http\Middleware\TransformsRequest.php(21): Illuminate\Pipeline\Pipeline->{closure:{closure:Illuminate\Pipeline\Pipeline::carry():194}:195}(Object(Illuminate\Http\Request))
#30 C:\Users\hedra\Desktop\Sourcecode\NexusV2\Nexus-backend\vendor\laravel\framework\src\Illuminate\Foundation\Http\Middleware\TrimStrings.php(51): Illuminate\Foundation\Http\Middleware\TransformsRequest->handle(Object(Illuminate\Http\Request), Object(Closure))
#31 C:\Users\hedra\Desktop\Sourcecode\NexusV2\Nexus-backend\vendor\laravel\framework\src\Illuminate\Pipeline\Pipeline.php(219): Illuminate\Foundation\Http\Middleware\TrimStrings->handle(Object(Illuminate\Http\Request), Object(Closure))
#32 C:\Users\hedra\Desktop\Sourcecode\NexusV2\Nexus-backend\vendor\laravel\framework\src\Illuminate\Http\Middleware\ValidatePostSize.php(27): Illuminate\Pipeline\Pipeline->{closure:{closure:Illuminate\Pipeline\Pipeline::carry():194}:195}(Object(Illuminate\Http\Request))
#33 C:\Users\hedra\Desktop\Sourcecode\NexusV2\Nexus-backend\vendor\laravel\framework\src\Illuminate\Pipeline\Pipeline.php(219): Illuminate\Http\Middleware\ValidatePostSize->handle(Object(Illuminate\Http\Request), Object(Closure))
#34 C:\Users\hedra\Desktop\Sourcecode\NexusV2\Nexus-backend\vendor\laravel\framework\src\Illuminate\Foundation\Http\Middleware\PreventRequestsDuringMaintenance.php(109): Illuminate\Pipeline\Pipeline->{closure:{closure:Illuminate\Pipeline\Pipeline::carry():194}:195}(Object(Illuminate\Http\Request))
#35 C:\Users\hedra\Desktop\Sourcecode\NexusV2\Nexus-backend\vendor\laravel\framework\src\Illuminate\Pipeline\Pipeline.php(219): Illuminate\Foundation\Http\Middleware\PreventRequestsDuringMaintenance->handle(Object(Illuminate\Http\Request), Object(Closure))
#36 C:\Users\hedra\Desktop\Sourcecode\NexusV2\Nexus-backend\vendor\laravel\framework\src\Illuminate\Http\Middleware\HandleCors.php(74): Illuminate\Pipeline\Pipeline->{closure:{closure:Illuminate\Pipeline\Pipeline::carry():194}:195}(Object(Illuminate\Http\Request))
#37 C:\Users\hedra\Desktop\Sourcecode\NexusV2\Nexus-backend\vendor\laravel\framework\src\Illuminate\Pipeline\Pipeline.php(219): Illuminate\Http\Middleware\HandleCors->handle(Object(Illuminate\Http\Request), Object(Closure))
#38 C:\Users\hedra\Desktop\Sourcecode\NexusV2\Nexus-backend\vendor\laravel\framework\src\Illuminate\Http\Middleware\TrustProxies.php(58): Illuminate\Pipeline\Pipeline->{closure:{closure:Illuminate\Pipeline\Pipeline::carry():194}:195}(Object(Illuminate\Http\Request))
#39 C:\Users\hedra\Desktop\Sourcecode\NexusV2\Nexus-backend\vendor\laravel\framework\src\Illuminate\Pipeline\Pipeline.php(219): Illuminate\Http\Middleware\TrustProxies->handle(Object(Illuminate\Http\Request), Object(Closure))
#40 C:\Users\hedra\Desktop\Sourcecode\NexusV2\Nexus-backend\vendor\laravel\framework\src\Illuminate\Foundation\Http\Middleware\InvokeDeferredCallbacks.php(22): Illuminate\Pipeline\Pipeline->{closure:{closure:Illuminate\Pipeline\Pipeline::carry():194}:195}(Object(Illuminate\Http\Request))
#41 C:\Users\hedra\Desktop\Sourcecode\NexusV2\Nexus-backend\vendor\laravel\framework\src\Illuminate\Pipeline\Pipeline.php(219): Illuminate\Foundation\Http\Middleware\InvokeDeferredCallbacks->handle(Object(Illuminate\Http\Request), Object(Closure))
#42 C:\Users\hedra\Desktop\Sourcecode\NexusV2\Nexus-backend\vendor\laravel\framework\src\Illuminate\Http\Middleware\ValidatePathEncoding.php(28): Illuminate\Pipeline\Pipeline->{closure:{closure:Illuminate\Pipeline\Pipeline::carry():194}:195}(Object(Illuminate\Http\Request))
#43 C:\Users\hedra\Desktop\Sourcecode\NexusV2\Nexus-backend\vendor\laravel\framework\src\Illuminate\Pipeline\Pipeline.php(219): Illuminate\Http\Middleware\ValidatePathEncoding->handle(Object(Illuminate\Http\Request), Object(Closure))
#44 C:\Users\hedra\Desktop\Sourcecode\NexusV2\Nexus-backend\vendor\laravel\framework\src\Illuminate\Pipeline\Pipeline.php(137): Illuminate\Pipeline\Pipeline->{closure:{closure:Illuminate\Pipeline\Pipeline::carry():194}:195}(Object(Illuminate\Http\Request))
#45 C:\Users\hedra\Desktop\Sourcecode\NexusV2\Nexus-backend\vendor\laravel\framework\src\Illuminate\Foundation\Http\Kernel.php(175): Illuminate\Pipeline\Pipeline->then(Object(Closure))
#46 C:\Users\hedra\Desktop\Sourcecode\NexusV2\Nexus-backend\vendor\laravel\framework\src\Illuminate\Foundation\Http\Kernel.php(144): Illuminate\Foundation\Http\Kernel->sendRequestThroughRouter(Object(Illuminate\Http\Request))
#47 C:\Users\hedra\Desktop\Sourcecode\NexusV2\Nexus-backend\vendor\laravel\framework\src\Illuminate\Foundation\Testing\Concerns\MakesHttpRequests.php(607): Illuminate\Foundation\Http\Kernel->handle(Object(Illuminate\Http\Request))
#48 C:\Users\hedra\Desktop\Sourcecode\NexusV2\Nexus-backend\vendor\laravel\framework\src\Illuminate\Foundation\Testing\Concerns\MakesHttpRequests.php(573): Illuminate\Foundation\Testing\TestCase->call('GET', '/api/v1/setting...', Array, Array, Array, Array, '[]')
#49 C:\Users\hedra\Desktop\Sourcecode\NexusV2\Nexus-backend\vendor\laravel\framework\src\Illuminate\Foundation\Testing\Concerns\MakesHttpRequests.php(381): Illuminate\Foundation\Testing\TestCase->json('GET', '/api/v1/setting...', Array, Array, 0)
#50 C:\Users\hedra\Desktop\Sourcecode\NexusV2\Nexus-backend\tests\Feature\Http\Controllers\CredentialValidationEndpointTest.php(55): Illuminate\Foundation\Testing\TestCase->getJson('/api/v1/setting...')
#51 C:\Users\hedra\Desktop\Sourcecode\NexusV2\Nexus-backend\vendor\phpunit\phpunit\src\Framework\TestCase.php(1667): Tests\Feature\Http\Controllers\CredentialValidationEndpointTest->test_validate_all_credentials_endpoint()
#52 C:\Users\hedra\Desktop\Sourcecode\NexusV2\Nexus-backend\vendor\phpunit\phpunit\src\Framework\TestCase.php(519): PHPUnit\Framework\TestCase->runTest()
#53 C:\Users\hedra\Desktop\Sourcecode\NexusV2\Nexus-backend\vendor\phpunit\phpunit\src\Framework\TestRunner\TestRunner.php(87): PHPUnit\Framework\TestCase->runBare()
#54 C:\Users\hedra\Desktop\Sourcecode\NexusV2\Nexus-backend\vendor\phpunit\phpunit\src\Framework\TestCase.php(365): PHPUnit\Framework\TestRunner->run(Object(Tests\Feature\Http\Controllers\CredentialValidationEndpointTest))
#55 C:\Users\hedra\Desktop\Sourcecode\NexusV2\Nexus-backend\vendor\phpunit\phpunit\src\Framework\TestSuite.php(369): PHPUnit\Framework\TestCase->run()
#56 C:\Users\hedra\Desktop\Sourcecode\NexusV2\Nexus-backend\vendor\phpunit\phpunit\src\Framework\TestSuite.php(369): PHPUnit\Framework\TestSuite->run()
#57 C:\Users\hedra\Desktop\Sourcecode\NexusV2\Nexus-backend\vendor\phpunit\phpunit\src\Framework\TestSuite.php(369): PHPUnit\Framework\TestSuite->run()
#58 C:\Users\hedra\Desktop\Sourcecode\NexusV2\Nexus-backend\vendor\phpunit\phpunit\src\TextUI\TestRunner.php(64): PHPUnit\Framework\TestSuite->run()
#59 C:\Users\hedra\Desktop\Sourcecode\NexusV2\Nexus-backend\vendor\phpunit\phpunit\src\TextUI\Application.php(211): PHPUnit\TextUI\TestRunner->run(Object(PHPUnit\TextUI\Configuration\Configuration), Object(PHPUnit\Runner\ResultCache\DefaultResultCache), Object(PHPUnit\Framework\TestSuite))
#60 C:\Users\hedra\Desktop\Sourcecode\NexusV2\Nexus-backend\vendor\phpunit\phpunit\phpunit(104): PHPUnit\TextUI\Application->run(Array)
#61 {main}

----------------------------------------------------------------------------------

App\Policies\SettingPolicy::create(): Return value must be of type bool, null returned

  at tests\Feature\Http\Controllers\CredentialValidationEndpointTest.php:57
     53▕ 
     54▕         $response = $this->actingAs($this->user)
     55▕             ->getJson('/api/v1/settings/credentials/validate');
     56▕ 
  ➜  57▕         $response->assertStatus(200)
     58▕             ->assertJsonStructure([
     59▕                 'success',
     60▕                 'data' => [
     61▕                     'valid_count',

  ────────────────────────────────────────────────────────────────────────────────────────────────────────────────────  
   FAILED  Tests\Feature\Http\Controllers\CredentialValidationEndpointTest > health status endpoint                     
  Expected response status code [200] but received 500.
Failed asserting that 500 is identical to 200.

The following exception occurred during the last request:

TypeError: App\Policies\SettingPolicy::create(): Return value must be of type bool, null returned in C:\Users\hedra\Desktop\Sourcecode\NexusV2\Nexus-backend\app\Policies\SettingPolicy.php:37
Stack trace:
#0 C:\Users\hedra\Desktop\Sourcecode\NexusV2\Nexus-backend\vendor\laravel\framework\src\Illuminate\Auth\Access\Gate.php(844): App\Policies\SettingPolicy->create(Object(App\Models\User))
#1 C:\Users\hedra\Desktop\Sourcecode\NexusV2\Nexus-backend\vendor\laravel\framework\src\Illuminate\Auth\Access\Gate.php(797): Illuminate\Auth\Access\Gate->callPolicyMethod(Object(App\Policies\SettingPolicy), 'create', Object(App\Models\User), Array)
#2 C:\Users\hedra\Desktop\Sourcecode\NexusV2\Nexus-backend\vendor\laravel\framework\src\Illuminate\Auth\Access\Gate.php(553): Illuminate\Auth\Access\Gate->{closure:Illuminate\Auth\Access\Gate::resolvePolicyCallback():780}(Object(App\Models\User), 'App\\Models\\Sett...')
#3 C:\Users\hedra\Desktop\Sourcecode\NexusV2\Nexus-backend\vendor\laravel\framework\src\Illuminate\Auth\Access\Gate.php(448): Illuminate\Auth\Access\Gate->callAuthCallback(Object(App\Models\User), 'create', Array)
#4 C:\Users\hedra\Desktop\Sourcecode\NexusV2\Nexus-backend\vendor\laravel\framework\src\Illuminate\Auth\Access\Gate.php(411): Illuminate\Auth\Access\Gate->raw('create', Array)
#5 C:\Users\hedra\Desktop\Sourcecode\NexusV2\Nexus-backend\vendor\laravel\framework\src\Illuminate\Auth\Access\Gate.php(398): Illuminate\Auth\Access\Gate->inspect('create', 'App\\Models\\Sett...')
#6 C:\Users\hedra\Desktop\Sourcecode\NexusV2\Nexus-backend\vendor\laravel\framework\src\Illuminate\Foundation\Auth\Access\AuthorizesRequests.php(25): Illuminate\Auth\Access\Gate->authorize('create', 'App\\Models\\Sett...')
#7 C:\Users\hedra\Desktop\Sourcecode\NexusV2\Nexus-backend\app\Http\Controllers\SettingController.php(478): App\Http\Controllers\Controller->authorize('create', 'App\\Models\\Sett...')
#8 C:\Users\hedra\Desktop\Sourcecode\NexusV2\Nexus-backend\vendor\laravel\framework\src\Illuminate\Routing\ControllerDispatcher.php(46): App\Http\Controllers\SettingController->healthStatus(Object(Illuminate\Http\Request))
#9 C:\Users\hedra\Desktop\Sourcecode\NexusV2\Nexus-backend\vendor\laravel\framework\src\Illuminate\Routing\Route.php(275): Illuminate\Routing\ControllerDispatcher->dispatch(Object(Illuminate\Routing\Route), Object(App\Http\Controllers\SettingController), 'healthStatus')
#10 C:\Users\hedra\Desktop\Sourcecode\NexusV2\Nexus-backend\vendor\laravel\framework\src\Illuminate\Routing\Route.php(215): Illuminate\Routing\Route->runController()
#11 C:\Users\hedra\Desktop\Sourcecode\NexusV2\Nexus-backend\vendor\laravel\framework\src\Illuminate\Routing\Router.php(822): Illuminate\Routing\Route->run()
#12 C:\Users\hedra\Desktop\Sourcecode\NexusV2\Nexus-backend\vendor\laravel\framework\src\Illuminate\Pipeline\Pipeline.php(180): Illuminate\Routing\Router->{closure:Illuminate\Routing\Router::runRouteWithinStack():821}(Object(Illuminate\Http\Request))
#13 C:\Users\hedra\Desktop\Sourcecode\NexusV2\Nexus-backend\vendor\laravel\framework\src\Illuminate\Routing\Middleware\SubstituteBindings.php(52): Illuminate\Pipeline\Pipeline->{closure:Illuminate\Pipeline\Pipeline::prepareDestination():178}(Object(Illuminate\Http\Request))
#14 C:\Users\hedra\Desktop\Sourcecode\NexusV2\Nexus-backend\vendor\laravel\framework\src\Illuminate\Pipeline\Pipeline.php(219): Illuminate\Routing\Middleware\SubstituteBindings->handle(Object(Illuminate\Http\Request), Object(Closure))
#15 C:\Users\hedra\Desktop\Sourcecode\NexusV2\Nexus-backend\vendor\laravel\framework\src\Illuminate\Auth\Middleware\Authenticate.php(63): Illuminate\Pipeline\Pipeline->{closure:{closure:Illuminate\Pipeline\Pipeline::carry():194}:195}(Object(Illuminate\Http\Request))
#16 C:\Users\hedra\Desktop\Sourcecode\NexusV2\Nexus-backend\vendor\laravel\framework\src\Illuminate\Pipeline\Pipeline.php(219): Illuminate\Auth\Middleware\Authenticate->handle(Object(Illuminate\Http\Request), Object(Closure), 'sanctum')
#17 C:\Users\hedra\Desktop\Sourcecode\NexusV2\Nexus-backend\vendor\laravel\framework\src\Illuminate\Pipeline\Pipeline.php(137): Illuminate\Pipeline\Pipeline->{closure:{closure:Illuminate\Pipeline\Pipeline::carry():194}:195}(Object(Illuminate\Http\Request))
#18 C:\Users\hedra\Desktop\Sourcecode\NexusV2\Nexus-backend\vendor\laravel\framework\src\Illuminate\Routing\Router.php(821): Illuminate\Pipeline\Pipeline->then(Object(Closure))
#19 C:\Users\hedra\Desktop\Sourcecode\NexusV2\Nexus-backend\vendor\laravel\framework\src\Illuminate\Routing\Router.php(800): Illuminate\Routing\Router->runRouteWithinStack(Object(Illuminate\Routing\Route), Object(Illuminate\Http\Request))
#20 C:\Users\hedra\Desktop\Sourcecode\NexusV2\Nexus-backend\vendor\laravel\framework\src\Illuminate\Routing\Router.php(764): Illuminate\Routing\Router->runRoute(Object(Illuminate\Http\Request), Object(Illuminate\Routing\Route))
#21 C:\Users\hedra\Desktop\Sourcecode\NexusV2\Nexus-backend\vendor\laravel\framework\src\Illuminate\Routing\Router.php(753): Illuminate\Routing\Router->dispatchToRoute(Object(Illuminate\Http\Request))
#22 C:\Users\hedra\Desktop\Sourcecode\NexusV2\Nexus-backend\vendor\laravel\framework\src\Illuminate\Foundation\Http\Kernel.php(200): Illuminate\Routing\Router->dispatch(Object(Illuminate\Http\Request))
#23 C:\Users\hedra\Desktop\Sourcecode\NexusV2\Nexus-backend\vendor\laravel\framework\src\Illuminate\Pipeline\Pipeline.php(180): Illuminate\Foundation\Http\Kernel->{closure:Illuminate\Foundation\Http\Kernel::dispatchToRouter():197}(Object(Illuminate\Http\Request))
#24 C:\Users\hedra\Desktop\Sourcecode\NexusV2\Nexus-backend\app\Http\Middleware\AutoLoginDevMiddleware.php(29): Illuminate\Pipeline\Pipeline->{closure:Illuminate\Pipeline\Pipeline::prepareDestination():178}(Object(Illuminate\Http\Request))
#25 C:\Users\hedra\Desktop\Sourcecode\NexusV2\Nexus-backend\vendor\laravel\framework\src\Illuminate\Pipeline\Pipeline.php(219): App\Http\Middleware\AutoLoginDevMiddleware->handle(Object(Illuminate\Http\Request), Object(Closure))
#26 C:\Users\hedra\Desktop\Sourcecode\NexusV2\Nexus-backend\vendor\laravel\framework\src\Illuminate\Foundation\Http\Middleware\TransformsRequest.php(21): Illuminate\Pipeline\Pipeline->{closure:{closure:Illuminate\Pipeline\Pipeline::carry():194}:195}(Object(Illuminate\Http\Request))
#27 C:\Users\hedra\Desktop\Sourcecode\NexusV2\Nexus-backend\vendor\laravel\framework\src\Illuminate\Foundation\Http\Middleware\ConvertEmptyStringsToNull.php(31): Illuminate\Foundation\Http\Middleware\TransformsRequest->handle(Object(Illuminate\Http\Request), Object(Closure))
#28 C:\Users\hedra\Desktop\Sourcecode\NexusV2\Nexus-backend\vendor\laravel\framework\src\Illuminate\Pipeline\Pipeline.php(219): Illuminate\Foundation\Http\Middleware\ConvertEmptyStringsToNull->handle(Object(Illuminate\Http\Request), Object(Closure))
#29 C:\Users\hedra\Desktop\Sourcecode\NexusV2\Nexus-backend\vendor\laravel\framework\src\Illuminate\Foundation\Http\Middleware\TransformsRequest.php(21): Illuminate\Pipeline\Pipeline->{closure:{closure:Illuminate\Pipeline\Pipeline::carry():194}:195}(Object(Illuminate\Http\Request))
#30 C:\Users\hedra\Desktop\Sourcecode\NexusV2\Nexus-backend\vendor\laravel\framework\src\Illuminate\Foundation\Http\Middleware\TrimStrings.php(51): Illuminate\Foundation\Http\Middleware\TransformsRequest->handle(Object(Illuminate\Http\Request), Object(Closure))
#31 C:\Users\hedra\Desktop\Sourcecode\NexusV2\Nexus-backend\vendor\laravel\framework\src\Illuminate\Pipeline\Pipeline.php(219): Illuminate\Foundation\Http\Middleware\TrimStrings->handle(Object(Illuminate\Http\Request), Object(Closure))
#32 C:\Users\hedra\Desktop\Sourcecode\NexusV2\Nexus-backend\vendor\laravel\framework\src\Illuminate\Http\Middleware\ValidatePostSize.php(27): Illuminate\Pipeline\Pipeline->{closure:{closure:Illuminate\Pipeline\Pipeline::carry():194}:195}(Object(Illuminate\Http\Request))
#33 C:\Users\hedra\Desktop\Sourcecode\NexusV2\Nexus-backend\vendor\laravel\framework\src\Illuminate\Pipeline\Pipeline.php(219): Illuminate\Http\Middleware\ValidatePostSize->handle(Object(Illuminate\Http\Request), Object(Closure))
#34 C:\Users\hedra\Desktop\Sourcecode\NexusV2\Nexus-backend\vendor\laravel\framework\src\Illuminate\Foundation\Http\Middleware\PreventRequestsDuringMaintenance.php(109): Illuminate\Pipeline\Pipeline->{closure:{closure:Illuminate\Pipeline\Pipeline::carry():194}:195}(Object(Illuminate\Http\Request))
#35 C:\Users\hedra\Desktop\Sourcecode\NexusV2\Nexus-backend\vendor\laravel\framework\src\Illuminate\Pipeline\Pipeline.php(219): Illuminate\Foundation\Http\Middleware\PreventRequestsDuringMaintenance->handle(Object(Illuminate\Http\Request), Object(Closure))
#36 C:\Users\hedra\Desktop\Sourcecode\NexusV2\Nexus-backend\vendor\laravel\framework\src\Illuminate\Http\Middleware\HandleCors.php(74): Illuminate\Pipeline\Pipeline->{closure:{closure:Illuminate\Pipeline\Pipeline::carry():194}:195}(Object(Illuminate\Http\Request))
#37 C:\Users\hedra\Desktop\Sourcecode\NexusV2\Nexus-backend\vendor\laravel\framework\src\Illuminate\Pipeline\Pipeline.php(219): Illuminate\Http\Middleware\HandleCors->handle(Object(Illuminate\Http\Request), Object(Closure))
#38 C:\Users\hedra\Desktop\Sourcecode\NexusV2\Nexus-backend\vendor\laravel\framework\src\Illuminate\Http\Middleware\TrustProxies.php(58): Illuminate\Pipeline\Pipeline->{closure:{closure:Illuminate\Pipeline\Pipeline::carry():194}:195}(Object(Illuminate\Http\Request))
#39 C:\Users\hedra\Desktop\Sourcecode\NexusV2\Nexus-backend\vendor\laravel\framework\src\Illuminate\Pipeline\Pipeline.php(219): Illuminate\Http\Middleware\TrustProxies->handle(Object(Illuminate\Http\Request), Object(Closure))
#40 C:\Users\hedra\Desktop\Sourcecode\NexusV2\Nexus-backend\vendor\laravel\framework\src\Illuminate\Foundation\Http\Middleware\InvokeDeferredCallbacks.php(22): Illuminate\Pipeline\Pipeline->{closure:{closure:Illuminate\Pipeline\Pipeline::carry():194}:195}(Object(Illuminate\Http\Request))
#41 C:\Users\hedra\Desktop\Sourcecode\NexusV2\Nexus-backend\vendor\laravel\framework\src\Illuminate\Pipeline\Pipeline.php(219): Illuminate\Foundation\Http\Middleware\InvokeDeferredCallbacks->handle(Object(Illuminate\Http\Request), Object(Closure))
#42 C:\Users\hedra\Desktop\Sourcecode\NexusV2\Nexus-backend\vendor\laravel\framework\src\Illuminate\Http\Middleware\ValidatePathEncoding.php(28): Illuminate\Pipeline\Pipeline->{closure:{closure:Illuminate\Pipeline\Pipeline::carry():194}:195}(Object(Illuminate\Http\Request))
#43 C:\Users\hedra\Desktop\Sourcecode\NexusV2\Nexus-backend\vendor\laravel\framework\src\Illuminate\Pipeline\Pipeline.php(219): Illuminate\Http\Middleware\ValidatePathEncoding->handle(Object(Illuminate\Http\Request), Object(Closure))
#44 C:\Users\hedra\Desktop\Sourcecode\NexusV2\Nexus-backend\vendor\laravel\framework\src\Illuminate\Pipeline\Pipeline.php(137): Illuminate\Pipeline\Pipeline->{closure:{closure:Illuminate\Pipeline\Pipeline::carry():194}:195}(Object(Illuminate\Http\Request))
#45 C:\Users\hedra\Desktop\Sourcecode\NexusV2\Nexus-backend\vendor\laravel\framework\src\Illuminate\Foundation\Http\Kernel.php(175): Illuminate\Pipeline\Pipeline->then(Object(Closure))
#46 C:\Users\hedra\Desktop\Sourcecode\NexusV2\Nexus-backend\vendor\laravel\framework\src\Illuminate\Foundation\Http\Kernel.php(144): Illuminate\Foundation\Http\Kernel->sendRequestThroughRouter(Object(Illuminate\Http\Request))
#47 C:\Users\hedra\Desktop\Sourcecode\NexusV2\Nexus-backend\vendor\laravel\framework\src\Illuminate\Foundation\Testing\Concerns\MakesHttpRequests.php(607): Illuminate\Foundation\Http\Kernel->handle(Object(Illuminate\Http\Request))
#48 C:\Users\hedra\Desktop\Sourcecode\NexusV2\Nexus-backend\vendor\laravel\framework\src\Illuminate\Foundation\Testing\Concerns\MakesHttpRequests.php(573): Illuminate\Foundation\Testing\TestCase->call('GET', '/api/v1/setting...', Array, Array, Array, Array, '[]')
#49 C:\Users\hedra\Desktop\Sourcecode\NexusV2\Nexus-backend\vendor\laravel\framework\src\Illuminate\Foundation\Testing\Concerns\MakesHttpRequests.php(381): Illuminate\Foundation\Testing\TestCase->json('GET', '/api/v1/setting...', Array, Array, 0)
#50 C:\Users\hedra\Desktop\Sourcecode\NexusV2\Nexus-backend\tests\Feature\Http\Controllers\CredentialValidationEndpointTest.php(72): Illuminate\Foundation\Testing\TestCase->getJson('/api/v1/setting...')
#51 C:\Users\hedra\Desktop\Sourcecode\NexusV2\Nexus-backend\vendor\phpunit\phpunit\src\Framework\TestCase.php(1667): Tests\Feature\Http\Controllers\CredentialValidationEndpointTest->test_health_status_endpoint()
#52 C:\Users\hedra\Desktop\Sourcecode\NexusV2\Nexus-backend\vendor\phpunit\phpunit\src\Framework\TestCase.php(519): PHPUnit\Framework\TestCase->runTest()
#53 C:\Users\hedra\Desktop\Sourcecode\NexusV2\Nexus-backend\vendor\phpunit\phpunit\src\Framework\TestRunner\TestRunner.php(87): PHPUnit\Framework\TestCase->runBare()
#54 C:\Users\hedra\Desktop\Sourcecode\NexusV2\Nexus-backend\vendor\phpunit\phpunit\src\Framework\TestCase.php(365): PHPUnit\Framework\TestRunner->run(Object(Tests\Feature\Http\Controllers\CredentialValidationEndpointTest))
#55 C:\Users\hedra\Desktop\Sourcecode\NexusV2\Nexus-backend\vendor\phpunit\phpunit\src\Framework\TestSuite.php(369): PHPUnit\Framework\TestCase->run()
#56 C:\Users\hedra\Desktop\Sourcecode\NexusV2\Nexus-backend\vendor\phpunit\phpunit\src\Framework\TestSuite.php(369): PHPUnit\Framework\TestSuite->run()
#57 C:\Users\hedra\Desktop\Sourcecode\NexusV2\Nexus-backend\vendor\phpunit\phpunit\src\Framework\TestSuite.php(369): PHPUnit\Framework\TestSuite->run()
#58 C:\Users\hedra\Desktop\Sourcecode\NexusV2\Nexus-backend\vendor\phpunit\phpunit\src\TextUI\TestRunner.php(64): PHPUnit\Framework\TestSuite->run()
#59 C:\Users\hedra\Desktop\Sourcecode\NexusV2\Nexus-backend\vendor\phpunit\phpunit\src\TextUI\Application.php(211): PHPUnit\TextUI\TestRunner->run(Object(PHPUnit\TextUI\Configuration\Configuration), Object(PHPUnit\Runner\ResultCache\DefaultResultCache), Object(PHPUnit\Framework\TestSuite))
#60 C:\Users\hedra\Desktop\Sourcecode\NexusV2\Nexus-backend\vendor\phpunit\phpunit\phpunit(104): PHPUnit\TextUI\Application->run(Array)
#61 {main}

----------------------------------------------------------------------------------

App\Policies\SettingPolicy::create(): Return value must be of type bool, null returned

  at tests\Feature\Http\Controllers\CredentialValidationEndpointTest.php:74
     70▕     {
     71▕         $response = $this->actingAs($this->user)
     72▕             ->getJson('/api/v1/settings/health');
     73▕ 
  ➜  74▕         $response->assertStatus(200)
     75▕             ->assertJsonStructure([
     76▕                 'success',
     77▕                 'data' => [
     78▕                     'status',

  ────────────────────────────────────────────────────────────────────────────────────────────────────────────────────  
   FAILED  Tests\Feature\Http\Controllers\CredentialValidationEndpointTest > validate credential with inline data       
  Expected response status code [200] but received 500.
Failed asserting that 500 is identical to 200.

The following exception occurred during the last request:

TypeError: App\Policies\SettingPolicy::create(): Return value must be of type bool, null returned in C:\Users\hedra\Desktop\Sourcecode\NexusV2\Nexus-backend\app\Policies\SettingPolicy.php:37
Stack trace:
#0 C:\Users\hedra\Desktop\Sourcecode\NexusV2\Nexus-backend\vendor\laravel\framework\src\Illuminate\Auth\Access\Gate.php(844): App\Policies\SettingPolicy->create(Object(App\Models\User))
#1 C:\Users\hedra\Desktop\Sourcecode\NexusV2\Nexus-backend\vendor\laravel\framework\src\Illuminate\Auth\Access\Gate.php(797): Illuminate\Auth\Access\Gate->callPolicyMethod(Object(App\Policies\SettingPolicy), 'create', Object(App\Models\User), Array)
#2 C:\Users\hedra\Desktop\Sourcecode\NexusV2\Nexus-backend\vendor\laravel\framework\src\Illuminate\Auth\Access\Gate.php(553): Illuminate\Auth\Access\Gate->{closure:Illuminate\Auth\Access\Gate::resolvePolicyCallback():780}(Object(App\Models\User), 'App\\Models\\Sett...')
#3 C:\Users\hedra\Desktop\Sourcecode\NexusV2\Nexus-backend\vendor\laravel\framework\src\Illuminate\Auth\Access\Gate.php(448): Illuminate\Auth\Access\Gate->callAuthCallback(Object(App\Models\User), 'create', Array)
#4 C:\Users\hedra\Desktop\Sourcecode\NexusV2\Nexus-backend\vendor\laravel\framework\src\Illuminate\Auth\Access\Gate.php(411): Illuminate\Auth\Access\Gate->raw('create', Array)
#5 C:\Users\hedra\Desktop\Sourcecode\NexusV2\Nexus-backend\vendor\laravel\framework\src\Illuminate\Auth\Access\Gate.php(398): Illuminate\Auth\Access\Gate->inspect('create', 'App\\Models\\Sett...')
#6 C:\Users\hedra\Desktop\Sourcecode\NexusV2\Nexus-backend\vendor\laravel\framework\src\Illuminate\Foundation\Auth\Access\AuthorizesRequests.php(25): Illuminate\Auth\Access\Gate->authorize('create', 'App\\Models\\Sett...')
#7 C:\Users\hedra\Desktop\Sourcecode\NexusV2\Nexus-backend\app\Http\Controllers\SettingController.php(415): App\Http\Controllers\Controller->authorize('create', 'App\\Models\\Sett...')
#8 C:\Users\hedra\Desktop\Sourcecode\NexusV2\Nexus-backend\vendor\laravel\framework\src\Illuminate\Routing\ControllerDispatcher.php(46): App\Http\Controllers\SettingController->validateCredential(Object(Illuminate\Http\Request))
#9 C:\Users\hedra\Desktop\Sourcecode\NexusV2\Nexus-backend\vendor\laravel\framework\src\Illuminate\Routing\Route.php(275): Illuminate\Routing\ControllerDispatcher->dispatch(Object(Illuminate\Routing\Route), Object(App\Http\Controllers\SettingController), 'validateCredent...')
#10 C:\Users\hedra\Desktop\Sourcecode\NexusV2\Nexus-backend\vendor\laravel\framework\src\Illuminate\Routing\Route.php(215): Illuminate\Routing\Route->runController()
#11 C:\Users\hedra\Desktop\Sourcecode\NexusV2\Nexus-backend\vendor\laravel\framework\src\Illuminate\Routing\Router.php(822): Illuminate\Routing\Route->run()
#12 C:\Users\hedra\Desktop\Sourcecode\NexusV2\Nexus-backend\vendor\laravel\framework\src\Illuminate\Pipeline\Pipeline.php(180): Illuminate\Routing\Router->{closure:Illuminate\Routing\Router::runRouteWithinStack():821}(Object(Illuminate\Http\Request))
#13 C:\Users\hedra\Desktop\Sourcecode\NexusV2\Nexus-backend\vendor\laravel\framework\src\Illuminate\Routing\Middleware\SubstituteBindings.php(52): Illuminate\Pipeline\Pipeline->{closure:Illuminate\Pipeline\Pipeline::prepareDestination():178}(Object(Illuminate\Http\Request))
#14 C:\Users\hedra\Desktop\Sourcecode\NexusV2\Nexus-backend\vendor\laravel\framework\src\Illuminate\Pipeline\Pipeline.php(219): Illuminate\Routing\Middleware\SubstituteBindings->handle(Object(Illuminate\Http\Request), Object(Closure))
#15 C:\Users\hedra\Desktop\Sourcecode\NexusV2\Nexus-backend\vendor\laravel\framework\src\Illuminate\Auth\Middleware\Authenticate.php(63): Illuminate\Pipeline\Pipeline->{closure:{closure:Illuminate\Pipeline\Pipeline::carry():194}:195}(Object(Illuminate\Http\Request))
#16 C:\Users\hedra\Desktop\Sourcecode\NexusV2\Nexus-backend\vendor\laravel\framework\src\Illuminate\Pipeline\Pipeline.php(219): Illuminate\Auth\Middleware\Authenticate->handle(Object(Illuminate\Http\Request), Object(Closure), 'sanctum')
#17 C:\Users\hedra\Desktop\Sourcecode\NexusV2\Nexus-backend\vendor\laravel\framework\src\Illuminate\Pipeline\Pipeline.php(137): Illuminate\Pipeline\Pipeline->{closure:{closure:Illuminate\Pipeline\Pipeline::carry():194}:195}(Object(Illuminate\Http\Request))
#18 C:\Users\hedra\Desktop\Sourcecode\NexusV2\Nexus-backend\vendor\laravel\framework\src\Illuminate\Routing\Router.php(821): Illuminate\Pipeline\Pipeline->then(Object(Closure))
#19 C:\Users\hedra\Desktop\Sourcecode\NexusV2\Nexus-backend\vendor\laravel\framework\src\Illuminate\Routing\Router.php(800): Illuminate\Routing\Router->runRouteWithinStack(Object(Illuminate\Routing\Route), Object(Illuminate\Http\Request))
#20 C:\Users\hedra\Desktop\Sourcecode\NexusV2\Nexus-backend\vendor\laravel\framework\src\Illuminate\Routing\Router.php(764): Illuminate\Routing\Router->runRoute(Object(Illuminate\Http\Request), Object(Illuminate\Routing\Route))
#21 C:\Users\hedra\Desktop\Sourcecode\NexusV2\Nexus-backend\vendor\laravel\framework\src\Illuminate\Routing\Router.php(753): Illuminate\Routing\Router->dispatchToRoute(Object(Illuminate\Http\Request))
#22 C:\Users\hedra\Desktop\Sourcecode\NexusV2\Nexus-backend\vendor\laravel\framework\src\Illuminate\Foundation\Http\Kernel.php(200): Illuminate\Routing\Router->dispatch(Object(Illuminate\Http\Request))
#23 C:\Users\hedra\Desktop\Sourcecode\NexusV2\Nexus-backend\vendor\laravel\framework\src\Illuminate\Pipeline\Pipeline.php(180): Illuminate\Foundation\Http\Kernel->{closure:Illuminate\Foundation\Http\Kernel::dispatchToRouter():197}(Object(Illuminate\Http\Request))
#24 C:\Users\hedra\Desktop\Sourcecode\NexusV2\Nexus-backend\app\Http\Middleware\AutoLoginDevMiddleware.php(29): Illuminate\Pipeline\Pipeline->{closure:Illuminate\Pipeline\Pipeline::prepareDestination():178}(Object(Illuminate\Http\Request))
#25 C:\Users\hedra\Desktop\Sourcecode\NexusV2\Nexus-backend\vendor\laravel\framework\src\Illuminate\Pipeline\Pipeline.php(219): App\Http\Middleware\AutoLoginDevMiddleware->handle(Object(Illuminate\Http\Request), Object(Closure))
#26 C:\Users\hedra\Desktop\Sourcecode\NexusV2\Nexus-backend\vendor\laravel\framework\src\Illuminate\Foundation\Http\Middleware\TransformsRequest.php(21): Illuminate\Pipeline\Pipeline->{closure:{closure:Illuminate\Pipeline\Pipeline::carry():194}:195}(Object(Illuminate\Http\Request))
#27 C:\Users\hedra\Desktop\Sourcecode\NexusV2\Nexus-backend\vendor\laravel\framework\src\Illuminate\Foundation\Http\Middleware\ConvertEmptyStringsToNull.php(31): Illuminate\Foundation\Http\Middleware\TransformsRequest->handle(Object(Illuminate\Http\Request), Object(Closure))
#28 C:\Users\hedra\Desktop\Sourcecode\NexusV2\Nexus-backend\vendor\laravel\framework\src\Illuminate\Pipeline\Pipeline.php(219): Illuminate\Foundation\Http\Middleware\ConvertEmptyStringsToNull->handle(Object(Illuminate\Http\Request), Object(Closure))
#29 C:\Users\hedra\Desktop\Sourcecode\NexusV2\Nexus-backend\vendor\laravel\framework\src\Illuminate\Foundation\Http\Middleware\TransformsRequest.php(21): Illuminate\Pipeline\Pipeline->{closure:{closure:Illuminate\Pipeline\Pipeline::carry():194}:195}(Object(Illuminate\Http\Request))
#30 C:\Users\hedra\Desktop\Sourcecode\NexusV2\Nexus-backend\vendor\laravel\framework\src\Illuminate\Foundation\Http\Middleware\TrimStrings.php(51): Illuminate\Foundation\Http\Middleware\TransformsRequest->handle(Object(Illuminate\Http\Request), Object(Closure))
#31 C:\Users\hedra\Desktop\Sourcecode\NexusV2\Nexus-backend\vendor\laravel\framework\src\Illuminate\Pipeline\Pipeline.php(219): Illuminate\Foundation\Http\Middleware\TrimStrings->handle(Object(Illuminate\Http\Request), Object(Closure))
#32 C:\Users\hedra\Desktop\Sourcecode\NexusV2\Nexus-backend\vendor\laravel\framework\src\Illuminate\Http\Middleware\ValidatePostSize.php(27): Illuminate\Pipeline\Pipeline->{closure:{closure:Illuminate\Pipeline\Pipeline::carry():194}:195}(Object(Illuminate\Http\Request))
#33 C:\Users\hedra\Desktop\Sourcecode\NexusV2\Nexus-backend\vendor\laravel\framework\src\Illuminate\Pipeline\Pipeline.php(219): Illuminate\Http\Middleware\ValidatePostSize->handle(Object(Illuminate\Http\Request), Object(Closure))
#34 C:\Users\hedra\Desktop\Sourcecode\NexusV2\Nexus-backend\vendor\laravel\framework\src\Illuminate\Foundation\Http\Middleware\PreventRequestsDuringMaintenance.php(109): Illuminate\Pipeline\Pipeline->{closure:{closure:Illuminate\Pipeline\Pipeline::carry():194}:195}(Object(Illuminate\Http\Request))
#35 C:\Users\hedra\Desktop\Sourcecode\NexusV2\Nexus-backend\vendor\laravel\framework\src\Illuminate\Pipeline\Pipeline.php(219): Illuminate\Foundation\Http\Middleware\PreventRequestsDuringMaintenance->handle(Object(Illuminate\Http\Request), Object(Closure))
#36 C:\Users\hedra\Desktop\Sourcecode\NexusV2\Nexus-backend\vendor\laravel\framework\src\Illuminate\Http\Middleware\HandleCors.php(74): Illuminate\Pipeline\Pipeline->{closure:{closure:Illuminate\Pipeline\Pipeline::carry():194}:195}(Object(Illuminate\Http\Request))
#37 C:\Users\hedra\Desktop\Sourcecode\NexusV2\Nexus-backend\vendor\laravel\framework\src\Illuminate\Pipeline\Pipeline.php(219): Illuminate\Http\Middleware\HandleCors->handle(Object(Illuminate\Http\Request), Object(Closure))
#38 C:\Users\hedra\Desktop\Sourcecode\NexusV2\Nexus-backend\vendor\laravel\framework\src\Illuminate\Http\Middleware\TrustProxies.php(58): Illuminate\Pipeline\Pipeline->{closure:{closure:Illuminate\Pipeline\Pipeline::carry():194}:195}(Object(Illuminate\Http\Request))
#39 C:\Users\hedra\Desktop\Sourcecode\NexusV2\Nexus-backend\vendor\laravel\framework\src\Illuminate\Pipeline\Pipeline.php(219): Illuminate\Http\Middleware\TrustProxies->handle(Object(Illuminate\Http\Request), Object(Closure))
#40 C:\Users\hedra\Desktop\Sourcecode\NexusV2\Nexus-backend\vendor\laravel\framework\src\Illuminate\Foundation\Http\Middleware\InvokeDeferredCallbacks.php(22): Illuminate\Pipeline\Pipeline->{closure:{closure:Illuminate\Pipeline\Pipeline::carry():194}:195}(Object(Illuminate\Http\Request))
#41 C:\Users\hedra\Desktop\Sourcecode\NexusV2\Nexus-backend\vendor\laravel\framework\src\Illuminate\Pipeline\Pipeline.php(219): Illuminate\Foundation\Http\Middleware\InvokeDeferredCallbacks->handle(Object(Illuminate\Http\Request), Object(Closure))
#42 C:\Users\hedra\Desktop\Sourcecode\NexusV2\Nexus-backend\vendor\laravel\framework\src\Illuminate\Http\Middleware\ValidatePathEncoding.php(28): Illuminate\Pipeline\Pipeline->{closure:{closure:Illuminate\Pipeline\Pipeline::carry():194}:195}(Object(Illuminate\Http\Request))
#43 C:\Users\hedra\Desktop\Sourcecode\NexusV2\Nexus-backend\vendor\laravel\framework\src\Illuminate\Pipeline\Pipeline.php(219): Illuminate\Http\Middleware\ValidatePathEncoding->handle(Object(Illuminate\Http\Request), Object(Closure))
#44 C:\Users\hedra\Desktop\Sourcecode\NexusV2\Nexus-backend\vendor\laravel\framework\src\Illuminate\Pipeline\Pipeline.php(137): Illuminate\Pipeline\Pipeline->{closure:{closure:Illuminate\Pipeline\Pipeline::carry():194}:195}(Object(Illuminate\Http\Request))
#45 C:\Users\hedra\Desktop\Sourcecode\NexusV2\Nexus-backend\vendor\laravel\framework\src\Illuminate\Foundation\Http\Kernel.php(175): Illuminate\Pipeline\Pipeline->then(Object(Closure))
#46 C:\Users\hedra\Desktop\Sourcecode\NexusV2\Nexus-backend\vendor\laravel\framework\src\Illuminate\Foundation\Http\Kernel.php(144): Illuminate\Foundation\Http\Kernel->sendRequestThroughRouter(Object(Illuminate\Http\Request))
#47 C:\Users\hedra\Desktop\Sourcecode\NexusV2\Nexus-backend\vendor\laravel\framework\src\Illuminate\Foundation\Testing\Concerns\MakesHttpRequests.php(607): Illuminate\Foundation\Http\Kernel->handle(Object(Illuminate\Http\Request))
#48 C:\Users\hedra\Desktop\Sourcecode\NexusV2\Nexus-backend\vendor\laravel\framework\src\Illuminate\Foundation\Testing\Concerns\MakesHttpRequests.php(573): Illuminate\Foundation\Testing\TestCase->call('POST', '/api/v1/setting...', Array, Array, Array, Array, '{"provider":"op...')
#49 C:\Users\hedra\Desktop\Sourcecode\NexusV2\Nexus-backend\vendor\laravel\framework\src\Illuminate\Foundation\Testing\Concerns\MakesHttpRequests.php(411): Illuminate\Foundation\Testing\TestCase->json('POST', '/api/v1/setting...', Array, Array, 0)
#50 C:\Users\hedra\Desktop\Sourcecode\NexusV2\Nexus-backend\tests\Feature\Http\Controllers\CredentialValidationEndpointTest.php(91): Illuminate\Foundation\Testing\TestCase->postJson('/api/v1/setting...', Array)
#51 C:\Users\hedra\Desktop\Sourcecode\NexusV2\Nexus-backend\vendor\phpunit\phpunit\src\Framework\TestCase.php(1667): Tests\Feature\Http\Controllers\CredentialValidationEndpointTest->test_validate_credential_with_inline_data()
#52 C:\Users\hedra\Desktop\Sourcecode\NexusV2\Nexus-backend\vendor\phpunit\phpunit\src\Framework\TestCase.php(519): PHPUnit\Framework\TestCase->runTest()
#53 C:\Users\hedra\Desktop\Sourcecode\NexusV2\Nexus-backend\vendor\phpunit\phpunit\src\Framework\TestRunner\TestRunner.php(87): PHPUnit\Framework\TestCase->runBare()
#54 C:\Users\hedra\Desktop\Sourcecode\NexusV2\Nexus-backend\vendor\phpunit\phpunit\src\Framework\TestCase.php(365): PHPUnit\Framework\TestRunner->run(Object(Tests\Feature\Http\Controllers\CredentialValidationEndpointTest))
#55 C:\Users\hedra\Desktop\Sourcecode\NexusV2\Nexus-backend\vendor\phpunit\phpunit\src\Framework\TestSuite.php(369): PHPUnit\Framework\TestCase->run()
#56 C:\Users\hedra\Desktop\Sourcecode\NexusV2\Nexus-backend\vendor\phpunit\phpunit\src\Framework\TestSuite.php(369): PHPUnit\Framework\TestSuite->run()
#57 C:\Users\hedra\Desktop\Sourcecode\NexusV2\Nexus-backend\vendor\phpunit\phpunit\src\Framework\TestSuite.php(369): PHPUnit\Framework\TestSuite->run()
#58 C:\Users\hedra\Desktop\Sourcecode\NexusV2\Nexus-backend\vendor\phpunit\phpunit\src\TextUI\TestRunner.php(64): PHPUnit\Framework\TestSuite->run()
#59 C:\Users\hedra\Desktop\Sourcecode\NexusV2\Nexus-backend\vendor\phpunit\phpunit\src\TextUI\Application.php(211): PHPUnit\TextUI\TestRunner->run(Object(PHPUnit\TextUI\Configuration\Configuration), Object(PHPUnit\Runner\ResultCache\DefaultResultCache), Object(PHPUnit\Framework\TestSuite))
#60 C:\Users\hedra\Desktop\Sourcecode\NexusV2\Nexus-backend\vendor\phpunit\phpunit\phpunit(104): PHPUnit\TextUI\Application->run(Array)
#61 {main}

----------------------------------------------------------------------------------

App\Policies\SettingPolicy::create(): Return value must be of type bool, null returned

  at tests\Feature\Http\Controllers\CredentialValidationEndpointTest.php:96
     92▕                 'provider' => 'openai',
     93▕                 'key' => 'sk-test-inline-key',
     94▕             ]);
     95▕ 
  ➜  96▕         $response->assertStatus(200)
     97▕             ->assertJsonStructure([
     98▕                 'success',
     99▕                 'data',
    100▕             ]);

  ────────────────────────────────────────────────────────────────────────────────────────────────────────────────────  
   FAILED  Tests\Feature\Http\Controllers\CredentialValidationEndpointTest > health check includes reverb status        
  Expected response status code [200] but received 500.
Failed asserting that 500 is identical to 200.

The following exception occurred during the last request:

TypeError: App\Policies\SettingPolicy::create(): Return value must be of type bool, null returned in C:\Users\hedra\Desktop\Sourcecode\NexusV2\Nexus-backend\app\Policies\SettingPolicy.php:37
Stack trace:
#0 C:\Users\hedra\Desktop\Sourcecode\NexusV2\Nexus-backend\vendor\laravel\framework\src\Illuminate\Auth\Access\Gate.php(844): App\Policies\SettingPolicy->create(Object(App\Models\User))
#1 C:\Users\hedra\Desktop\Sourcecode\NexusV2\Nexus-backend\vendor\laravel\framework\src\Illuminate\Auth\Access\Gate.php(797): Illuminate\Auth\Access\Gate->callPolicyMethod(Object(App\Policies\SettingPolicy), 'create', Object(App\Models\User), Array)
#2 C:\Users\hedra\Desktop\Sourcecode\NexusV2\Nexus-backend\vendor\laravel\framework\src\Illuminate\Auth\Access\Gate.php(553): Illuminate\Auth\Access\Gate->{closure:Illuminate\Auth\Access\Gate::resolvePolicyCallback():780}(Object(App\Models\User), 'App\\Models\\Sett...')
#3 C:\Users\hedra\Desktop\Sourcecode\NexusV2\Nexus-backend\vendor\laravel\framework\src\Illuminate\Auth\Access\Gate.php(448): Illuminate\Auth\Access\Gate->callAuthCallback(Object(App\Models\User), 'create', Array)
#4 C:\Users\hedra\Desktop\Sourcecode\NexusV2\Nexus-backend\vendor\laravel\framework\src\Illuminate\Auth\Access\Gate.php(411): Illuminate\Auth\Access\Gate->raw('create', Array)
#5 C:\Users\hedra\Desktop\Sourcecode\NexusV2\Nexus-backend\vendor\laravel\framework\src\Illuminate\Auth\Access\Gate.php(398): Illuminate\Auth\Access\Gate->inspect('create', 'App\\Models\\Sett...')
#6 C:\Users\hedra\Desktop\Sourcecode\NexusV2\Nexus-backend\vendor\laravel\framework\src\Illuminate\Foundation\Auth\Access\AuthorizesRequests.php(25): Illuminate\Auth\Access\Gate->authorize('create', 'App\\Models\\Sett...')
#7 C:\Users\hedra\Desktop\Sourcecode\NexusV2\Nexus-backend\app\Http\Controllers\SettingController.php(478): App\Http\Controllers\Controller->authorize('create', 'App\\Models\\Sett...')
#8 C:\Users\hedra\Desktop\Sourcecode\NexusV2\Nexus-backend\vendor\laravel\framework\src\Illuminate\Routing\ControllerDispatcher.php(46): App\Http\Controllers\SettingController->healthStatus(Object(Illuminate\Http\Request))
#9 C:\Users\hedra\Desktop\Sourcecode\NexusV2\Nexus-backend\vendor\laravel\framework\src\Illuminate\Routing\Route.php(275): Illuminate\Routing\ControllerDispatcher->dispatch(Object(Illuminate\Routing\Route), Object(App\Http\Controllers\SettingController), 'healthStatus')
#10 C:\Users\hedra\Desktop\Sourcecode\NexusV2\Nexus-backend\vendor\laravel\framework\src\Illuminate\Routing\Route.php(215): Illuminate\Routing\Route->runController()
#11 C:\Users\hedra\Desktop\Sourcecode\NexusV2\Nexus-backend\vendor\laravel\framework\src\Illuminate\Routing\Router.php(822): Illuminate\Routing\Route->run()
#12 C:\Users\hedra\Desktop\Sourcecode\NexusV2\Nexus-backend\vendor\laravel\framework\src\Illuminate\Pipeline\Pipeline.php(180): Illuminate\Routing\Router->{closure:Illuminate\Routing\Router::runRouteWithinStack():821}(Object(Illuminate\Http\Request))
#13 C:\Users\hedra\Desktop\Sourcecode\NexusV2\Nexus-backend\vendor\laravel\framework\src\Illuminate\Routing\Middleware\SubstituteBindings.php(52): Illuminate\Pipeline\Pipeline->{closure:Illuminate\Pipeline\Pipeline::prepareDestination():178}(Object(Illuminate\Http\Request))
#14 C:\Users\hedra\Desktop\Sourcecode\NexusV2\Nexus-backend\vendor\laravel\framework\src\Illuminate\Pipeline\Pipeline.php(219): Illuminate\Routing\Middleware\SubstituteBindings->handle(Object(Illuminate\Http\Request), Object(Closure))
#15 C:\Users\hedra\Desktop\Sourcecode\NexusV2\Nexus-backend\vendor\laravel\framework\src\Illuminate\Auth\Middleware\Authenticate.php(63): Illuminate\Pipeline\Pipeline->{closure:{closure:Illuminate\Pipeline\Pipeline::carry():194}:195}(Object(Illuminate\Http\Request))
#16 C:\Users\hedra\Desktop\Sourcecode\NexusV2\Nexus-backend\vendor\laravel\framework\src\Illuminate\Pipeline\Pipeline.php(219): Illuminate\Auth\Middleware\Authenticate->handle(Object(Illuminate\Http\Request), Object(Closure), 'sanctum')
#17 C:\Users\hedra\Desktop\Sourcecode\NexusV2\Nexus-backend\vendor\laravel\framework\src\Illuminate\Pipeline\Pipeline.php(137): Illuminate\Pipeline\Pipeline->{closure:{closure:Illuminate\Pipeline\Pipeline::carry():194}:195}(Object(Illuminate\Http\Request))
#18 C:\Users\hedra\Desktop\Sourcecode\NexusV2\Nexus-backend\vendor\laravel\framework\src\Illuminate\Routing\Router.php(821): Illuminate\Pipeline\Pipeline->then(Object(Closure))
#19 C:\Users\hedra\Desktop\Sourcecode\NexusV2\Nexus-backend\vendor\laravel\framework\src\Illuminate\Routing\Router.php(800): Illuminate\Routing\Router->runRouteWithinStack(Object(Illuminate\Routing\Route), Object(Illuminate\Http\Request))
#20 C:\Users\hedra\Desktop\Sourcecode\NexusV2\Nexus-backend\vendor\laravel\framework\src\Illuminate\Routing\Router.php(764): Illuminate\Routing\Router->runRoute(Object(Illuminate\Http\Request), Object(Illuminate\Routing\Route))
#21 C:\Users\hedra\Desktop\Sourcecode\NexusV2\Nexus-backend\vendor\laravel\framework\src\Illuminate\Routing\Router.php(753): Illuminate\Routing\Router->dispatchToRoute(Object(Illuminate\Http\Request))
#22 C:\Users\hedra\Desktop\Sourcecode\NexusV2\Nexus-backend\vendor\laravel\framework\src\Illuminate\Foundation\Http\Kernel.php(200): Illuminate\Routing\Router->dispatch(Object(Illuminate\Http\Request))
#23 C:\Users\hedra\Desktop\Sourcecode\NexusV2\Nexus-backend\vendor\laravel\framework\src\Illuminate\Pipeline\Pipeline.php(180): Illuminate\Foundation\Http\Kernel->{closure:Illuminate\Foundation\Http\Kernel::dispatchToRouter():197}(Object(Illuminate\Http\Request))
#24 C:\Users\hedra\Desktop\Sourcecode\NexusV2\Nexus-backend\app\Http\Middleware\AutoLoginDevMiddleware.php(29): Illuminate\Pipeline\Pipeline->{closure:Illuminate\Pipeline\Pipeline::prepareDestination():178}(Object(Illuminate\Http\Request))
#25 C:\Users\hedra\Desktop\Sourcecode\NexusV2\Nexus-backend\vendor\laravel\framework\src\Illuminate\Pipeline\Pipeline.php(219): App\Http\Middleware\AutoLoginDevMiddleware->handle(Object(Illuminate\Http\Request), Object(Closure))
#26 C:\Users\hedra\Desktop\Sourcecode\NexusV2\Nexus-backend\vendor\laravel\framework\src\Illuminate\Foundation\Http\Middleware\TransformsRequest.php(21): Illuminate\Pipeline\Pipeline->{closure:{closure:Illuminate\Pipeline\Pipeline::carry():194}:195}(Object(Illuminate\Http\Request))
#27 C:\Users\hedra\Desktop\Sourcecode\NexusV2\Nexus-backend\vendor\laravel\framework\src\Illuminate\Foundation\Http\Middleware\ConvertEmptyStringsToNull.php(31): Illuminate\Foundation\Http\Middleware\TransformsRequest->handle(Object(Illuminate\Http\Request), Object(Closure))
#28 C:\Users\hedra\Desktop\Sourcecode\NexusV2\Nexus-backend\vendor\laravel\framework\src\Illuminate\Pipeline\Pipeline.php(219): Illuminate\Foundation\Http\Middleware\ConvertEmptyStringsToNull->handle(Object(Illuminate\Http\Request), Object(Closure))
#29 C:\Users\hedra\Desktop\Sourcecode\NexusV2\Nexus-backend\vendor\laravel\framework\src\Illuminate\Foundation\Http\Middleware\TransformsRequest.php(21): Illuminate\Pipeline\Pipeline->{closure:{closure:Illuminate\Pipeline\Pipeline::carry():194}:195}(Object(Illuminate\Http\Request))
#30 C:\Users\hedra\Desktop\Sourcecode\NexusV2\Nexus-backend\vendor\laravel\framework\src\Illuminate\Foundation\Http\Middleware\TrimStrings.php(51): Illuminate\Foundation\Http\Middleware\TransformsRequest->handle(Object(Illuminate\Http\Request), Object(Closure))
#31 C:\Users\hedra\Desktop\Sourcecode\NexusV2\Nexus-backend\vendor\laravel\framework\src\Illuminate\Pipeline\Pipeline.php(219): Illuminate\Foundation\Http\Middleware\TrimStrings->handle(Object(Illuminate\Http\Request), Object(Closure))
#32 C:\Users\hedra\Desktop\Sourcecode\NexusV2\Nexus-backend\vendor\laravel\framework\src\Illuminate\Http\Middleware\ValidatePostSize.php(27): Illuminate\Pipeline\Pipeline->{closure:{closure:Illuminate\Pipeline\Pipeline::carry():194}:195}(Object(Illuminate\Http\Request))
#33 C:\Users\hedra\Desktop\Sourcecode\NexusV2\Nexus-backend\vendor\laravel\framework\src\Illuminate\Pipeline\Pipeline.php(219): Illuminate\Http\Middleware\ValidatePostSize->handle(Object(Illuminate\Http\Request), Object(Closure))
#34 C:\Users\hedra\Desktop\Sourcecode\NexusV2\Nexus-backend\vendor\laravel\framework\src\Illuminate\Foundation\Http\Middleware\PreventRequestsDuringMaintenance.php(109): Illuminate\Pipeline\Pipeline->{closure:{closure:Illuminate\Pipeline\Pipeline::carry():194}:195}(Object(Illuminate\Http\Request))
#35 C:\Users\hedra\Desktop\Sourcecode\NexusV2\Nexus-backend\vendor\laravel\framework\src\Illuminate\Pipeline\Pipeline.php(219): Illuminate\Foundation\Http\Middleware\PreventRequestsDuringMaintenance->handle(Object(Illuminate\Http\Request), Object(Closure))
#36 C:\Users\hedra\Desktop\Sourcecode\NexusV2\Nexus-backend\vendor\laravel\framework\src\Illuminate\Http\Middleware\HandleCors.php(74): Illuminate\Pipeline\Pipeline->{closure:{closure:Illuminate\Pipeline\Pipeline::carry():194}:195}(Object(Illuminate\Http\Request))
#37 C:\Users\hedra\Desktop\Sourcecode\NexusV2\Nexus-backend\vendor\laravel\framework\src\Illuminate\Pipeline\Pipeline.php(219): Illuminate\Http\Middleware\HandleCors->handle(Object(Illuminate\Http\Request), Object(Closure))
#38 C:\Users\hedra\Desktop\Sourcecode\NexusV2\Nexus-backend\vendor\laravel\framework\src\Illuminate\Http\Middleware\TrustProxies.php(58): Illuminate\Pipeline\Pipeline->{closure:{closure:Illuminate\Pipeline\Pipeline::carry():194}:195}(Object(Illuminate\Http\Request))
#39 C:\Users\hedra\Desktop\Sourcecode\NexusV2\Nexus-backend\vendor\laravel\framework\src\Illuminate\Pipeline\Pipeline.php(219): Illuminate\Http\Middleware\TrustProxies->handle(Object(Illuminate\Http\Request), Object(Closure))
#40 C:\Users\hedra\Desktop\Sourcecode\NexusV2\Nexus-backend\vendor\laravel\framework\src\Illuminate\Foundation\Http\Middleware\InvokeDeferredCallbacks.php(22): Illuminate\Pipeline\Pipeline->{closure:{closure:Illuminate\Pipeline\Pipeline::carry():194}:195}(Object(Illuminate\Http\Request))
#41 C:\Users\hedra\Desktop\Sourcecode\NexusV2\Nexus-backend\vendor\laravel\framework\src\Illuminate\Pipeline\Pipeline.php(219): Illuminate\Foundation\Http\Middleware\InvokeDeferredCallbacks->handle(Object(Illuminate\Http\Request), Object(Closure))
#42 C:\Users\hedra\Desktop\Sourcecode\NexusV2\Nexus-backend\vendor\laravel\framework\src\Illuminate\Http\Middleware\ValidatePathEncoding.php(28): Illuminate\Pipeline\Pipeline->{closure:{closure:Illuminate\Pipeline\Pipeline::carry():194}:195}(Object(Illuminate\Http\Request))
#43 C:\Users\hedra\Desktop\Sourcecode\NexusV2\Nexus-backend\vendor\laravel\framework\src\Illuminate\Pipeline\Pipeline.php(219): Illuminate\Http\Middleware\ValidatePathEncoding->handle(Object(Illuminate\Http\Request), Object(Closure))
#44 C:\Users\hedra\Desktop\Sourcecode\NexusV2\Nexus-backend\vendor\laravel\framework\src\Illuminate\Pipeline\Pipeline.php(137): Illuminate\Pipeline\Pipeline->{closure:{closure:Illuminate\Pipeline\Pipeline::carry():194}:195}(Object(Illuminate\Http\Request))
#45 C:\Users\hedra\Desktop\Sourcecode\NexusV2\Nexus-backend\vendor\laravel\framework\src\Illuminate\Foundation\Http\Kernel.php(175): Illuminate\Pipeline\Pipeline->then(Object(Closure))
#46 C:\Users\hedra\Desktop\Sourcecode\NexusV2\Nexus-backend\vendor\laravel\framework\src\Illuminate\Foundation\Http\Kernel.php(144): Illuminate\Foundation\Http\Kernel->sendRequestThroughRouter(Object(Illuminate\Http\Request))
#47 C:\Users\hedra\Desktop\Sourcecode\NexusV2\Nexus-backend\vendor\laravel\framework\src\Illuminate\Foundation\Testing\Concerns\MakesHttpRequests.php(607): Illuminate\Foundation\Http\Kernel->handle(Object(Illuminate\Http\Request))
#48 C:\Users\hedra\Desktop\Sourcecode\NexusV2\Nexus-backend\vendor\laravel\framework\src\Illuminate\Foundation\Testing\Concerns\MakesHttpRequests.php(573): Illuminate\Foundation\Testing\TestCase->call('GET', '/api/v1/setting...', Array, Array, Array, Array, '[]')
#49 C:\Users\hedra\Desktop\Sourcecode\NexusV2\Nexus-backend\vendor\laravel\framework\src\Illuminate\Foundation\Testing\Concerns\MakesHttpRequests.php(381): Illuminate\Foundation\Testing\TestCase->json('GET', '/api/v1/setting...', Array, Array, 0)
#50 C:\Users\hedra\Desktop\Sourcecode\NexusV2\Nexus-backend\tests\Feature\Http\Controllers\CredentialValidationEndpointTest.php(115): Illuminate\Foundation\Testing\TestCase->getJson('/api/v1/setting...')
#51 C:\Users\hedra\Desktop\Sourcecode\NexusV2\Nexus-backend\vendor\phpunit\phpunit\src\Framework\TestCase.php(1667): Tests\Feature\Http\Controllers\CredentialValidationEndpointTest->test_health_check_includes_reverb_status()
#52 C:\Users\hedra\Desktop\Sourcecode\NexusV2\Nexus-backend\vendor\phpunit\phpunit\src\Framework\TestCase.php(519): PHPUnit\Framework\TestCase->runTest()
#53 C:\Users\hedra\Desktop\Sourcecode\NexusV2\Nexus-backend\vendor\phpunit\phpunit\src\Framework\TestRunner\TestRunner.php(87): PHPUnit\Framework\TestCase->runBare()
#54 C:\Users\hedra\Desktop\Sourcecode\NexusV2\Nexus-backend\vendor\phpunit\phpunit\src\Framework\TestCase.php(365): PHPUnit\Framework\TestRunner->run(Object(Tests\Feature\Http\Controllers\CredentialValidationEndpointTest))
#55 C:\Users\hedra\Desktop\Sourcecode\NexusV2\Nexus-backend\vendor\phpunit\phpunit\src\Framework\TestSuite.php(369): PHPUnit\Framework\TestCase->run()
#56 C:\Users\hedra\Desktop\Sourcecode\NexusV2\Nexus-backend\vendor\phpunit\phpunit\src\Framework\TestSuite.php(369): PHPUnit\Framework\TestSuite->run()
#57 C:\Users\hedra\Desktop\Sourcecode\NexusV2\Nexus-backend\vendor\phpunit\phpunit\src\Framework\TestSuite.php(369): PHPUnit\Framework\TestSuite->run()
#58 C:\Users\hedra\Desktop\Sourcecode\NexusV2\Nexus-backend\vendor\phpunit\phpunit\src\TextUI\TestRunner.php(64): PHPUnit\Framework\TestSuite->run()
#59 C:\Users\hedra\Desktop\Sourcecode\NexusV2\Nexus-backend\vendor\phpunit\phpunit\src\TextUI\Application.php(211): PHPUnit\TextUI\TestRunner->run(Object(PHPUnit\TextUI\Configuration\Configuration), Object(PHPUnit\Runner\ResultCache\DefaultResultCache), Object(PHPUnit\Framework\TestSuite))
#60 C:\Users\hedra\Desktop\Sourcecode\NexusV2\Nexus-backend\vendor\phpunit\phpunit\phpunit(104): PHPUnit\TextUI\Application->run(Array)
#61 {main}

----------------------------------------------------------------------------------

App\Policies\SettingPolicy::create(): Return value must be of type bool, null returned

  at tests\Feature\Http\Controllers\CredentialValidationEndpointTest.php:117
    113▕     {
    114▕         $response = $this->actingAs($this->user)
    115▕             ->getJson('/api/v1/settings/health');
    116▕ 
  ➜ 117▕         $response->assertStatus(200);
    118▕         $reverb = $response->json('data.checks.reverb');
    119▕         
    120▕         $this->assertIsArray($reverb);
    121▕         $this->assertArrayHasKey('healthy', $reverb);

  ────────────────────────────────────────────────────────────────────────────────────────────────────────────────────  
   FAILED  Tests\Feature\Http\Controllers\CredentialValidationEndpointTest > health check includes credential summar…   
  Expected response status code [200] but received 500.
Failed asserting that 500 is identical to 200.

The following exception occurred during the last request:

TypeError: App\Policies\SettingPolicy::create(): Return value must be of type bool, null returned in C:\Users\hedra\Desktop\Sourcecode\NexusV2\Nexus-backend\app\Policies\SettingPolicy.php:37
Stack trace:
#0 C:\Users\hedra\Desktop\Sourcecode\NexusV2\Nexus-backend\vendor\laravel\framework\src\Illuminate\Auth\Access\Gate.php(844): App\Policies\SettingPolicy->create(Object(App\Models\User))
#1 C:\Users\hedra\Desktop\Sourcecode\NexusV2\Nexus-backend\vendor\laravel\framework\src\Illuminate\Auth\Access\Gate.php(797): Illuminate\Auth\Access\Gate->callPolicyMethod(Object(App\Policies\SettingPolicy), 'create', Object(App\Models\User), Array)
#2 C:\Users\hedra\Desktop\Sourcecode\NexusV2\Nexus-backend\vendor\laravel\framework\src\Illuminate\Auth\Access\Gate.php(553): Illuminate\Auth\Access\Gate->{closure:Illuminate\Auth\Access\Gate::resolvePolicyCallback():780}(Object(App\Models\User), 'App\\Models\\Sett...')
#3 C:\Users\hedra\Desktop\Sourcecode\NexusV2\Nexus-backend\vendor\laravel\framework\src\Illuminate\Auth\Access\Gate.php(448): Illuminate\Auth\Access\Gate->callAuthCallback(Object(App\Models\User), 'create', Array)
#4 C:\Users\hedra\Desktop\Sourcecode\NexusV2\Nexus-backend\vendor\laravel\framework\src\Illuminate\Auth\Access\Gate.php(411): Illuminate\Auth\Access\Gate->raw('create', Array)
#5 C:\Users\hedra\Desktop\Sourcecode\NexusV2\Nexus-backend\vendor\laravel\framework\src\Illuminate\Auth\Access\Gate.php(398): Illuminate\Auth\Access\Gate->inspect('create', 'App\\Models\\Sett...')
#6 C:\Users\hedra\Desktop\Sourcecode\NexusV2\Nexus-backend\vendor\laravel\framework\src\Illuminate\Foundation\Auth\Access\AuthorizesRequests.php(25): Illuminate\Auth\Access\Gate->authorize('create', 'App\\Models\\Sett...')
#7 C:\Users\hedra\Desktop\Sourcecode\NexusV2\Nexus-backend\app\Http\Controllers\SettingController.php(478): App\Http\Controllers\Controller->authorize('create', 'App\\Models\\Sett...')
#8 C:\Users\hedra\Desktop\Sourcecode\NexusV2\Nexus-backend\vendor\laravel\framework\src\Illuminate\Routing\ControllerDispatcher.php(46): App\Http\Controllers\SettingController->healthStatus(Object(Illuminate\Http\Request))
#9 C:\Users\hedra\Desktop\Sourcecode\NexusV2\Nexus-backend\vendor\laravel\framework\src\Illuminate\Routing\Route.php(275): Illuminate\Routing\ControllerDispatcher->dispatch(Object(Illuminate\Routing\Route), Object(App\Http\Controllers\SettingController), 'healthStatus')
#10 C:\Users\hedra\Desktop\Sourcecode\NexusV2\Nexus-backend\vendor\laravel\framework\src\Illuminate\Routing\Route.php(215): Illuminate\Routing\Route->runController()
#11 C:\Users\hedra\Desktop\Sourcecode\NexusV2\Nexus-backend\vendor\laravel\framework\src\Illuminate\Routing\Router.php(822): Illuminate\Routing\Route->run()
#12 C:\Users\hedra\Desktop\Sourcecode\NexusV2\Nexus-backend\vendor\laravel\framework\src\Illuminate\Pipeline\Pipeline.php(180): Illuminate\Routing\Router->{closure:Illuminate\Routing\Router::runRouteWithinStack():821}(Object(Illuminate\Http\Request))
#13 C:\Users\hedra\Desktop\Sourcecode\NexusV2\Nexus-backend\vendor\laravel\framework\src\Illuminate\Routing\Middleware\SubstituteBindings.php(52): Illuminate\Pipeline\Pipeline->{closure:Illuminate\Pipeline\Pipeline::prepareDestination():178}(Object(Illuminate\Http\Request))
#14 C:\Users\hedra\Desktop\Sourcecode\NexusV2\Nexus-backend\vendor\laravel\framework\src\Illuminate\Pipeline\Pipeline.php(219): Illuminate\Routing\Middleware\SubstituteBindings->handle(Object(Illuminate\Http\Request), Object(Closure))
#15 C:\Users\hedra\Desktop\Sourcecode\NexusV2\Nexus-backend\vendor\laravel\framework\src\Illuminate\Auth\Middleware\Authenticate.php(63): Illuminate\Pipeline\Pipeline->{closure:{closure:Illuminate\Pipeline\Pipeline::carry():194}:195}(Object(Illuminate\Http\Request))
#16 C:\Users\hedra\Desktop\Sourcecode\NexusV2\Nexus-backend\vendor\laravel\framework\src\Illuminate\Pipeline\Pipeline.php(219): Illuminate\Auth\Middleware\Authenticate->handle(Object(Illuminate\Http\Request), Object(Closure), 'sanctum')
#17 C:\Users\hedra\Desktop\Sourcecode\NexusV2\Nexus-backend\vendor\laravel\framework\src\Illuminate\Pipeline\Pipeline.php(137): Illuminate\Pipeline\Pipeline->{closure:{closure:Illuminate\Pipeline\Pipeline::carry():194}:195}(Object(Illuminate\Http\Request))
#18 C:\Users\hedra\Desktop\Sourcecode\NexusV2\Nexus-backend\vendor\laravel\framework\src\Illuminate\Routing\Router.php(821): Illuminate\Pipeline\Pipeline->then(Object(Closure))
#19 C:\Users\hedra\Desktop\Sourcecode\NexusV2\Nexus-backend\vendor\laravel\framework\src\Illuminate\Routing\Router.php(800): Illuminate\Routing\Router->runRouteWithinStack(Object(Illuminate\Routing\Route), Object(Illuminate\Http\Request))
#20 C:\Users\hedra\Desktop\Sourcecode\NexusV2\Nexus-backend\vendor\laravel\framework\src\Illuminate\Routing\Router.php(764): Illuminate\Routing\Router->runRoute(Object(Illuminate\Http\Request), Object(Illuminate\Routing\Route))
#21 C:\Users\hedra\Desktop\Sourcecode\NexusV2\Nexus-backend\vendor\laravel\framework\src\Illuminate\Routing\Router.php(753): Illuminate\Routing\Router->dispatchToRoute(Object(Illuminate\Http\Request))
#22 C:\Users\hedra\Desktop\Sourcecode\NexusV2\Nexus-backend\vendor\laravel\framework\src\Illuminate\Foundation\Http\Kernel.php(200): Illuminate\Routing\Router->dispatch(Object(Illuminate\Http\Request))
#23 C:\Users\hedra\Desktop\Sourcecode\NexusV2\Nexus-backend\vendor\laravel\framework\src\Illuminate\Pipeline\Pipeline.php(180): Illuminate\Foundation\Http\Kernel->{closure:Illuminate\Foundation\Http\Kernel::dispatchToRouter():197}(Object(Illuminate\Http\Request))
#24 C:\Users\hedra\Desktop\Sourcecode\NexusV2\Nexus-backend\app\Http\Middleware\AutoLoginDevMiddleware.php(29): Illuminate\Pipeline\Pipeline->{closure:Illuminate\Pipeline\Pipeline::prepareDestination():178}(Object(Illuminate\Http\Request))
#25 C:\Users\hedra\Desktop\Sourcecode\NexusV2\Nexus-backend\vendor\laravel\framework\src\Illuminate\Pipeline\Pipeline.php(219): App\Http\Middleware\AutoLoginDevMiddleware->handle(Object(Illuminate\Http\Request), Object(Closure))
#26 C:\Users\hedra\Desktop\Sourcecode\NexusV2\Nexus-backend\vendor\laravel\framework\src\Illuminate\Foundation\Http\Middleware\TransformsRequest.php(21): Illuminate\Pipeline\Pipeline->{closure:{closure:Illuminate\Pipeline\Pipeline::carry():194}:195}(Object(Illuminate\Http\Request))
#27 C:\Users\hedra\Desktop\Sourcecode\NexusV2\Nexus-backend\vendor\laravel\framework\src\Illuminate\Foundation\Http\Middleware\ConvertEmptyStringsToNull.php(31): Illuminate\Foundation\Http\Middleware\TransformsRequest->handle(Object(Illuminate\Http\Request), Object(Closure))
#28 C:\Users\hedra\Desktop\Sourcecode\NexusV2\Nexus-backend\vendor\laravel\framework\src\Illuminate\Pipeline\Pipeline.php(219): Illuminate\Foundation\Http\Middleware\ConvertEmptyStringsToNull->handle(Object(Illuminate\Http\Request), Object(Closure))
#29 C:\Users\hedra\Desktop\Sourcecode\NexusV2\Nexus-backend\vendor\laravel\framework\src\Illuminate\Foundation\Http\Middleware\TransformsRequest.php(21): Illuminate\Pipeline\Pipeline->{closure:{closure:Illuminate\Pipeline\Pipeline::carry():194}:195}(Object(Illuminate\Http\Request))
#30 C:\Users\hedra\Desktop\Sourcecode\NexusV2\Nexus-backend\vendor\laravel\framework\src\Illuminate\Foundation\Http\Middleware\TrimStrings.php(51): Illuminate\Foundation\Http\Middleware\TransformsRequest->handle(Object(Illuminate\Http\Request), Object(Closure))
#31 C:\Users\hedra\Desktop\Sourcecode\NexusV2\Nexus-backend\vendor\laravel\framework\src\Illuminate\Pipeline\Pipeline.php(219): Illuminate\Foundation\Http\Middleware\TrimStrings->handle(Object(Illuminate\Http\Request), Object(Closure))
#32 C:\Users\hedra\Desktop\Sourcecode\NexusV2\Nexus-backend\vendor\laravel\framework\src\Illuminate\Http\Middleware\ValidatePostSize.php(27): Illuminate\Pipeline\Pipeline->{closure:{closure:Illuminate\Pipeline\Pipeline::carry():194}:195}(Object(Illuminate\Http\Request))
#33 C:\Users\hedra\Desktop\Sourcecode\NexusV2\Nexus-backend\vendor\laravel\framework\src\Illuminate\Pipeline\Pipeline.php(219): Illuminate\Http\Middleware\ValidatePostSize->handle(Object(Illuminate\Http\Request), Object(Closure))
#34 C:\Users\hedra\Desktop\Sourcecode\NexusV2\Nexus-backend\vendor\laravel\framework\src\Illuminate\Foundation\Http\Middleware\PreventRequestsDuringMaintenance.php(109): Illuminate\Pipeline\Pipeline->{closure:{closure:Illuminate\Pipeline\Pipeline::carry():194}:195}(Object(Illuminate\Http\Request))
#35 C:\Users\hedra\Desktop\Sourcecode\NexusV2\Nexus-backend\vendor\laravel\framework\src\Illuminate\Pipeline\Pipeline.php(219): Illuminate\Foundation\Http\Middleware\PreventRequestsDuringMaintenance->handle(Object(Illuminate\Http\Request), Object(Closure))
#36 C:\Users\hedra\Desktop\Sourcecode\NexusV2\Nexus-backend\vendor\laravel\framework\src\Illuminate\Http\Middleware\HandleCors.php(74): Illuminate\Pipeline\Pipeline->{closure:{closure:Illuminate\Pipeline\Pipeline::carry():194}:195}(Object(Illuminate\Http\Request))
#37 C:\Users\hedra\Desktop\Sourcecode\NexusV2\Nexus-backend\vendor\laravel\framework\src\Illuminate\Pipeline\Pipeline.php(219): Illuminate\Http\Middleware\HandleCors->handle(Object(Illuminate\Http\Request), Object(Closure))
#38 C:\Users\hedra\Desktop\Sourcecode\NexusV2\Nexus-backend\vendor\laravel\framework\src\Illuminate\Http\Middleware\TrustProxies.php(58): Illuminate\Pipeline\Pipeline->{closure:{closure:Illuminate\Pipeline\Pipeline::carry():194}:195}(Object(Illuminate\Http\Request))
#39 C:\Users\hedra\Desktop\Sourcecode\NexusV2\Nexus-backend\vendor\laravel\framework\src\Illuminate\Pipeline\Pipeline.php(219): Illuminate\Http\Middleware\TrustProxies->handle(Object(Illuminate\Http\Request), Object(Closure))
#40 C:\Users\hedra\Desktop\Sourcecode\NexusV2\Nexus-backend\vendor\laravel\framework\src\Illuminate\Foundation\Http\Middleware\InvokeDeferredCallbacks.php(22): Illuminate\Pipeline\Pipeline->{closure:{closure:Illuminate\Pipeline\Pipeline::carry():194}:195}(Object(Illuminate\Http\Request))
#41 C:\Users\hedra\Desktop\Sourcecode\NexusV2\Nexus-backend\vendor\laravel\framework\src\Illuminate\Pipeline\Pipeline.php(219): Illuminate\Foundation\Http\Middleware\InvokeDeferredCallbacks->handle(Object(Illuminate\Http\Request), Object(Closure))
#42 C:\Users\hedra\Desktop\Sourcecode\NexusV2\Nexus-backend\vendor\laravel\framework\src\Illuminate\Http\Middleware\ValidatePathEncoding.php(28): Illuminate\Pipeline\Pipeline->{closure:{closure:Illuminate\Pipeline\Pipeline::carry():194}:195}(Object(Illuminate\Http\Request))
#43 C:\Users\hedra\Desktop\Sourcecode\NexusV2\Nexus-backend\vendor\laravel\framework\src\Illuminate\Pipeline\Pipeline.php(219): Illuminate\Http\Middleware\ValidatePathEncoding->handle(Object(Illuminate\Http\Request), Object(Closure))
#44 C:\Users\hedra\Desktop\Sourcecode\NexusV2\Nexus-backend\vendor\laravel\framework\src\Illuminate\Pipeline\Pipeline.php(137): Illuminate\Pipeline\Pipeline->{closure:{closure:Illuminate\Pipeline\Pipeline::carry():194}:195}(Object(Illuminate\Http\Request))
#45 C:\Users\hedra\Desktop\Sourcecode\NexusV2\Nexus-backend\vendor\laravel\framework\src\Illuminate\Foundation\Http\Kernel.php(175): Illuminate\Pipeline\Pipeline->then(Object(Closure))
#46 C:\Users\hedra\Desktop\Sourcecode\NexusV2\Nexus-backend\vendor\laravel\framework\src\Illuminate\Foundation\Http\Kernel.php(144): Illuminate\Foundation\Http\Kernel->sendRequestThroughRouter(Object(Illuminate\Http\Request))
#47 C:\Users\hedra\Desktop\Sourcecode\NexusV2\Nexus-backend\vendor\laravel\framework\src\Illuminate\Foundation\Testing\Concerns\MakesHttpRequests.php(607): Illuminate\Foundation\Http\Kernel->handle(Object(Illuminate\Http\Request))
#48 C:\Users\hedra\Desktop\Sourcecode\NexusV2\Nexus-backend\vendor\laravel\framework\src\Illuminate\Foundation\Testing\Concerns\MakesHttpRequests.php(573): Illuminate\Foundation\Testing\TestCase->call('GET', '/api/v1/setting...', Array, Array, Array, Array, '[]')
#49 C:\Users\hedra\Desktop\Sourcecode\NexusV2\Nexus-backend\vendor\laravel\framework\src\Illuminate\Foundation\Testing\Concerns\MakesHttpRequests.php(381): Illuminate\Foundation\Testing\TestCase->json('GET', '/api/v1/setting...', Array, Array, 0)
#50 C:\Users\hedra\Desktop\Sourcecode\NexusV2\Nexus-backend\tests\Feature\Http\Controllers\CredentialValidationEndpointTest.php(130): Illuminate\Foundation\Testing\TestCase->getJson('/api/v1/setting...')
#51 C:\Users\hedra\Desktop\Sourcecode\NexusV2\Nexus-backend\vendor\phpunit\phpunit\src\Framework\TestCase.php(1667): Tests\Feature\Http\Controllers\CredentialValidationEndpointTest->test_health_check_includes_credential_summary()
#52 C:\Users\hedra\Desktop\Sourcecode\NexusV2\Nexus-backend\vendor\phpunit\phpunit\src\Framework\TestCase.php(519): PHPUnit\Framework\TestCase->runTest()
#53 C:\Users\hedra\Desktop\Sourcecode\NexusV2\Nexus-backend\vendor\phpunit\phpunit\src\Framework\TestRunner\TestRunner.php(87): PHPUnit\Framework\TestCase->runBare()
#54 C:\Users\hedra\Desktop\Sourcecode\NexusV2\Nexus-backend\vendor\phpunit\phpunit\src\Framework\TestCase.php(365): PHPUnit\Framework\TestRunner->run(Object(Tests\Feature\Http\Controllers\CredentialValidationEndpointTest))
#55 C:\Users\hedra\Desktop\Sourcecode\NexusV2\Nexus-backend\vendor\phpunit\phpunit\src\Framework\TestSuite.php(369): PHPUnit\Framework\TestCase->run()
#56 C:\Users\hedra\Desktop\Sourcecode\NexusV2\Nexus-backend\vendor\phpunit\phpunit\src\Framework\TestSuite.php(369): PHPUnit\Framework\TestSuite->run()
#57 C:\Users\hedra\Desktop\Sourcecode\NexusV2\Nexus-backend\vendor\phpunit\phpunit\src\Framework\TestSuite.php(369): PHPUnit\Framework\TestSuite->run()
#58 C:\Users\hedra\Desktop\Sourcecode\NexusV2\Nexus-backend\vendor\phpunit\phpunit\src\TextUI\TestRunner.php(64): PHPUnit\Framework\TestSuite->run()
#59 C:\Users\hedra\Desktop\Sourcecode\NexusV2\Nexus-backend\vendor\phpunit\phpunit\src\TextUI\Application.php(211): PHPUnit\TextUI\TestRunner->run(Object(PHPUnit\TextUI\Configuration\Configuration), Object(PHPUnit\Runner\ResultCache\DefaultResultCache), Object(PHPUnit\Framework\TestSuite))
#60 C:\Users\hedra\Desktop\Sourcecode\NexusV2\Nexus-backend\vendor\phpunit\phpunit\phpunit(104): PHPUnit\TextUI\Application->run(Array)
#61 {main}

----------------------------------------------------------------------------------

App\Policies\SettingPolicy::create(): Return value must be of type bool, null returned

  at tests\Feature\Http\Controllers\CredentialValidationEndpointTest.php:132
    128▕ 
    129▕         $response = $this->actingAs($this->user)
    130▕             ->getJson('/api/v1/settings/health');
    131▕ 
  ➜ 132▕         $response->assertStatus(200);
    133▕         $credentials = $response->json('data.checks.credentials');
    134▕         
    135▕         $this->assertIsArray($credentials);
    136▕         $this->assertArrayHasKey('valid_count', $credentials);

  ────────────────────────────────────────────────────────────────────────────────────────────────────────────────────  
   FAILED  Tests\Feature\Http\Controllers\SettingsHubAdminControllerTest > dashboard overview return…  QueryException   
  SQLSTATE[HY000]: General error: 1 table users has no column named role (Connection: sqlite, Database: :memory:, SQL: insert into "users" ("name", "email", "email_verified_at", "password", "remember_token", "role", "updated_at", "created_at") values (Maximus Blanda Sr., sabina94@example.com, 2026-06-24 16:22:25, $2y$04$gvnmiNvun2Gu9ghK4clyceMjtWHsK/sG4i/OeSTBAkUkHPEHWlTVa, XvGURxVGMo, super_admin, 2026-06-24 16:22:25, 2026-06-24 16:22:25))

  at vendor\laravel\framework\src\Illuminate\Database\Connection.php:857
    853▕             $exceptionType = ($isUniqueConstraintError = $this->isUniqueConstraintError($e))
    854▕                 ? UniqueConstraintViolationException::class
    855▕                 : QueryException::class;
    856▕ 
  ➜ 857▕             $exception = new $exceptionType(
    858▕                 $this->getNameWithReadWriteType(),
    859▕                 $query,
    860▕                 $this->prepareBindings($bindings),
    861▕                 $e,

  1   vendor\laravel\framework\src\Illuminate\Database\Connection.php:857

  2   vendor\laravel\framework\src\Illuminate\Database\Connection.php:595
      NunoMaduro\Collision\Exceptions\TestException::("SQLSTATE[HY000]: General error: 1 table users has no column named role")

  ────────────────────────────────────────────────────────────────────────────────────────────────────────────────────  
   FAILED  Tests\Feature\Http\Controllers\SettingsHubAdminControllerTest > dashboard overview requir…  QueryException   
  SQLSTATE[HY000]: General error: 1 table users has no column named role (Connection: sqlite, Database: :memory:, SQL: insert into "users" ("name", "email", "email_verified_at", "password", "remember_token", "role", "updated_at", "created_at") values (Prof. Kurt Frami DDS, mhand@example.com, 2026-06-24 16:22:25, $2y$04$gvnmiNvun2Gu9ghK4clyceMjtWHsK/sG4i/OeSTBAkUkHPEHWlTVa, 0lzp4CoJFU, super_admin, 2026-06-24 16:22:25, 2026-06-24 16:22:25))

  at vendor\laravel\framework\src\Illuminate\Database\Connection.php:857
    853▕             $exceptionType = ($isUniqueConstraintError = $this->isUniqueConstraintError($e))
    854▕                 ? UniqueConstraintViolationException::class
    855▕                 : QueryException::class;
    856▕ 
  ➜ 857▕             $exception = new $exceptionType(
    858▕                 $this->getNameWithReadWriteType(),
    859▕                 $query,
    860▕                 $this->prepareBindings($bindings),
    861▕                 $e,

  1   vendor\laravel\framework\src\Illuminate\Database\Connection.php:857

  2   vendor\laravel\framework\src\Illuminate\Database\Connection.php:595
      NunoMaduro\Collision\Exceptions\TestException::("SQLSTATE[HY000]: General error: 1 table users has no column named role")

  ────────────────────────────────────────────────────────────────────────────────────────────────────────────────────  
   FAILED  Tests\Feature\Http\Controllers\SettingsHubAdminControllerTest > audit trail returns logs    QueryException   
  SQLSTATE[HY000]: General error: 1 table users has no column named role (Connection: sqlite, Database: :memory:, SQL: insert into "users" ("name", "email", "email_verified_at", "password", "remember_token", "role", "updated_at", "created_at") values (Taylor Denesik, anna.block@example.org, 2026-06-24 16:22:25, $2y$04$gvnmiNvun2Gu9ghK4clyceMjtWHsK/sG4i/OeSTBAkUkHPEHWlTVa, dAycvdvl8w, super_admin, 2026-06-24 16:22:25, 2026-06-24 16:22:25))

  at vendor\laravel\framework\src\Illuminate\Database\Connection.php:857
    853▕             $exceptionType = ($isUniqueConstraintError = $this->isUniqueConstraintError($e))
    854▕                 ? UniqueConstraintViolationException::class
    855▕                 : QueryException::class;
    856▕ 
  ➜ 857▕             $exception = new $exceptionType(
    858▕                 $this->getNameWithReadWriteType(),
    859▕                 $query,
    860▕                 $this->prepareBindings($bindings),
    861▕                 $e,

  1   vendor\laravel\framework\src\Illuminate\Database\Connection.php:857

  2   vendor\laravel\framework\src\Illuminate\Database\Connection.php:595
      NunoMaduro\Collision\Exceptions\TestException::("SQLSTATE[HY000]: General error: 1 table users has no column named role")

  ────────────────────────────────────────────────────────────────────────────────────────────────────────────────────  
   FAILED  Tests\Feature\Http\Controllers\SettingsHubAdminControllerTest > audit trail filters by ty…  QueryException   
  SQLSTATE[HY000]: General error: 1 table users has no column named role (Connection: sqlite, Database: :memory:, SQL: insert into "users" ("name", "email", "email_verified_at", "password", "remember_token", "role", "updated_at", "created_at") values (Helga Hermiston, vandervort.madie@example.com, 2026-06-24 16:22:25, $2y$04$gvnmiNvun2Gu9ghK4clyceMjtWHsK/sG4i/OeSTBAkUkHPEHWlTVa, qF0xSL7WFF, super_admin, 2026-06-24 16:22:25, 2026-06-24 16:22:25))

  at vendor\laravel\framework\src\Illuminate\Database\Connection.php:857
    853▕             $exceptionType = ($isUniqueConstraintError = $this->isUniqueConstraintError($e))
    854▕                 ? UniqueConstraintViolationException::class
    855▕                 : QueryException::class;
    856▕ 
  ➜ 857▕             $exception = new $exceptionType(
    858▕                 $this->getNameWithReadWriteType(),
    859▕                 $query,
    860▕                 $this->prepareBindings($bindings),
    861▕                 $e,

  1   vendor\laravel\framework\src\Illuminate\Database\Connection.php:857

  2   vendor\laravel\framework\src\Illuminate\Database\Connection.php:595
      NunoMaduro\Collision\Exceptions\TestException::("SQLSTATE[HY000]: General error: 1 table users has no column named role")

  ────────────────────────────────────────────────────────────────────────────────────────────────────────────────────  
   FAILED  Tests\Feature\Http\Controllers\SettingsHubAdminControllerTest > compliance status checks…   QueryException   
  SQLSTATE[HY000]: General error: 1 table users has no column named role (Connection: sqlite, Database: :memory:, SQL: insert into "users" ("name", "email", "email_verified_at", "password", "remember_token", "role", "updated_at", "created_at") values (Willa Paucek MD, madge71@example.com, 2026-06-24 16:22:25, $2y$04$gvnmiNvun2Gu9ghK4clyceMjtWHsK/sG4i/OeSTBAkUkHPEHWlTVa, ZtwhkY1sxm, super_admin, 2026-06-24 16:22:25, 2026-06-24 16:22:25))

  at vendor\laravel\framework\src\Illuminate\Database\Connection.php:857
    853▕             $exceptionType = ($isUniqueConstraintError = $this->isUniqueConstraintError($e))
    854▕                 ? UniqueConstraintViolationException::class
    855▕                 : QueryException::class;
    856▕ 
  ➜ 857▕             $exception = new $exceptionType(
    858▕                 $this->getNameWithReadWriteType(),
    859▕                 $query,
    860▕                 $this->prepareBindings($bindings),
    861▕                 $e,

  1   vendor\laravel\framework\src\Illuminate\Database\Connection.php:857

  2   vendor\laravel\framework\src\Illuminate\Database\Connection.php:595
      NunoMaduro\Collision\Exceptions\TestException::("SQLSTATE[HY000]: General error: 1 table users has no column named role")

  ────────────────────────────────────────────────────────────────────────────────────────────────────────────────────  
   FAILED  Tests\Feature\Http\Controllers\SettingsHubAdminControllerTest > multi tenancy status show…  QueryException   
  SQLSTATE[HY000]: General error: 1 table users has no column named role (Connection: sqlite, Database: :memory:, SQL: insert into "users" ("name", "email", "email_verified_at", "password", "remember_token", "role", "updated_at", "created_at") values (Toni Gutkowski DDS, dulce35@example.org, 2026-06-24 16:22:26, $2y$04$gvnmiNvun2Gu9ghK4clyceMjtWHsK/sG4i/OeSTBAkUkHPEHWlTVa, MwUxwXb0sB, super_admin, 2026-06-24 16:22:26, 2026-06-24 16:22:26))

  at vendor\laravel\framework\src\Illuminate\Database\Connection.php:857
    853▕             $exceptionType = ($isUniqueConstraintError = $this->isUniqueConstraintError($e))
    854▕                 ? UniqueConstraintViolationException::class
    855▕                 : QueryException::class;
    856▕ 
  ➜ 857▕             $exception = new $exceptionType(
    858▕                 $this->getNameWithReadWriteType(),
    859▕                 $query,
    860▕                 $this->prepareBindings($bindings),
    861▕                 $e,

  1   vendor\laravel\framework\src\Illuminate\Database\Connection.php:857

  2   vendor\laravel\framework\src\Illuminate\Database\Connection.php:595
      NunoMaduro\Collision\Exceptions\TestException::("SQLSTATE[HY000]: General error: 1 table users has no column named role")

  ────────────────────────────────────────────────────────────────────────────────────────────────────────────────────  
   FAILED  Tests\Feature\Http\Controllers\SettingsHubAdminControllerTest > performance metrics retur…  QueryException   
  SQLSTATE[HY000]: General error: 1 table users has no column named role (Connection: sqlite, Database: :memory:, SQL: insert into "users" ("name", "email", "email_verified_at", "password", "remember_token", "role", "updated_at", "created_at") values (Clarabelle Bins PhD, marcelle18@example.com, 2026-06-24 16:22:26, $2y$04$gvnmiNvun2Gu9ghK4clyceMjtWHsK/sG4i/OeSTBAkUkHPEHWlTVa, sQ9dC3ROF0, super_admin, 2026-06-24 16:22:26, 2026-06-24 16:22:26))

  at vendor\laravel\framework\src\Illuminate\Database\Connection.php:857
    853▕             $exceptionType = ($isUniqueConstraintError = $this->isUniqueConstraintError($e))
    854▕                 ? UniqueConstraintViolationException::class
    855▕                 : QueryException::class;
    856▕ 
  ➜ 857▕             $exception = new $exceptionType(
    858▕                 $this->getNameWithReadWriteType(),
    859▕                 $query,
    860▕                 $this->prepareBindings($bindings),
    861▕                 $e,

  1   vendor\laravel\framework\src\Illuminate\Database\Connection.php:857

  2   vendor\laravel\framework\src\Illuminate\Database\Connection.php:595
      NunoMaduro\Collision\Exceptions\TestException::("SQLSTATE[HY000]: General error: 1 table users has no column named role")

  ────────────────────────────────────────────────────────────────────────────────────────────────────────────────────  
   FAILED  Tests\Feature\Http\Controllers\SettingsHubAdminControllerTest > export settings as json     QueryException   
  SQLSTATE[HY000]: General error: 1 table users has no column named role (Connection: sqlite, Database: :memory:, SQL: insert into "users" ("name", "email", "email_verified_at", "password", "remember_token", "role", "updated_at", "created_at") values (Ms. Liana Pfannerstill II, katlyn63@example.net, 2026-06-24 16:22:26, $2y$04$gvnmiNvun2Gu9ghK4clyceMjtWHsK/sG4i/OeSTBAkUkHPEHWlTVa, rYj1M8ZOyp, super_admin, 2026-06-24 16:22:26, 2026-06-24 16:22:26))

  at vendor\laravel\framework\src\Illuminate\Database\Connection.php:857
    853▕             $exceptionType = ($isUniqueConstraintError = $this->isUniqueConstraintError($e))
    854▕                 ? UniqueConstraintViolationException::class
    855▕                 : QueryException::class;
    856▕ 
  ➜ 857▕             $exception = new $exceptionType(
    858▕                 $this->getNameWithReadWriteType(),
    859▕                 $query,
    860▕                 $this->prepareBindings($bindings),
    861▕                 $e,

  1   vendor\laravel\framework\src\Illuminate\Database\Connection.php:857

  2   vendor\laravel\framework\src\Illuminate\Database\Connection.php:595
      NunoMaduro\Collision\Exceptions\TestException::("SQLSTATE[HY000]: General error: 1 table users has no column named role")

  ────────────────────────────────────────────────────────────────────────────────────────────────────────────────────  
   FAILED  Tests\Feature\Http\Controllers\SettingsHubAdminControllerTest > export settings as csv      QueryException   
  SQLSTATE[HY000]: General error: 1 table users has no column named role (Connection: sqlite, Database: :memory:, SQL: insert into "users" ("name", "email", "email_verified_at", "password", "remember_token", "role", "updated_at", "created_at") values (Prof. Kennith Zemlak, kabernathy@example.net, 2026-06-24 16:22:26, $2y$04$gvnmiNvun2Gu9ghK4clyceMjtWHsK/sG4i/OeSTBAkUkHPEHWlTVa, xPTzjP2YBt, super_admin, 2026-06-24 16:22:26, 2026-06-24 16:22:26))

  at vendor\laravel\framework\src\Illuminate\Database\Connection.php:857
    853▕             $exceptionType = ($isUniqueConstraintError = $this->isUniqueConstraintError($e))
    854▕                 ? UniqueConstraintViolationException::class
    855▕                 : QueryException::class;
    856▕ 
  ➜ 857▕             $exception = new $exceptionType(
    858▕                 $this->getNameWithReadWriteType(),
    859▕                 $query,
    860▕                 $this->prepareBindings($bindings),
    861▕                 $e,

  1   vendor\laravel\framework\src\Illuminate\Database\Connection.php:857

  2   vendor\laravel\framework\src\Illuminate\Database\Connection.php:595
      NunoMaduro\Collision\Exceptions\TestException::("SQLSTATE[HY000]: General error: 1 table users has no column named role")

  ────────────────────────────────────────────────────────────────────────────────────────────────────────────────────  
   FAILED  Tests\Feature\Http\Controllers\SettingsHubAdminControllerTest > export settings by scope    QueryException   
  SQLSTATE[HY000]: General error: 1 table users has no column named role (Connection: sqlite, Database: :memory:, SQL: insert into "users" ("name", "email", "email_verified_at", "password", "remember_token", "role", "updated_at", "created_at") values (Payton Bahringer Jr., yundt.marcelino@example.com, 2026-06-24 16:22:26, $2y$04$gvnmiNvun2Gu9ghK4clyceMjtWHsK/sG4i/OeSTBAkUkHPEHWlTVa, Zz0LDaZ3x0, super_admin, 2026-06-24 16:22:26, 2026-06-24 16:22:26))

  at vendor\laravel\framework\src\Illuminate\Database\Connection.php:857
    853▕             $exceptionType = ($isUniqueConstraintError = $this->isUniqueConstraintError($e))
    854▕                 ? UniqueConstraintViolationException::class
    855▕                 : QueryException::class;
    856▕ 
  ➜ 857▕             $exception = new $exceptionType(
    858▕                 $this->getNameWithReadWriteType(),
    859▕                 $query,
    860▕                 $this->prepareBindings($bindings),
    861▕                 $e,

  1   vendor\laravel\framework\src\Illuminate\Database\Connection.php:857

  2   vendor\laravel\framework\src\Illuminate\Database\Connection.php:595
      NunoMaduro\Collision\Exceptions\TestException::("SQLSTATE[HY000]: General error: 1 table users has no column named role")

  ────────────────────────────────────────────────────────────────────────────────────────────────────────────────────  
   FAILED  Tests\Feature\Http\Controllers\SettingsHubAdminControllerTest > export settings masks enc…  QueryException   
  SQLSTATE[HY000]: General error: 1 table users has no column named role (Connection: sqlite, Database: :memory:, SQL: insert into "users" ("name", "email", "email_verified_at", "password", "remember_token", "role", "updated_at", "created_at") values (Kristopher Hilpert, imurray@example.com, 2026-06-24 16:22:26, $2y$04$gvnmiNvun2Gu9ghK4clyceMjtWHsK/sG4i/OeSTBAkUkHPEHWlTVa, Izc15oHQ2d, super_admin, 2026-06-24 16:22:26, 2026-06-24 16:22:26))

  at vendor\laravel\framework\src\Illuminate\Database\Connection.php:857
    853▕             $exceptionType = ($isUniqueConstraintError = $this->isUniqueConstraintError($e))
    854▕                 ? UniqueConstraintViolationException::class
    855▕                 : QueryException::class;
    856▕ 
  ➜ 857▕             $exception = new $exceptionType(
    858▕                 $this->getNameWithReadWriteType(),
    859▕                 $query,
    860▕                 $this->prepareBindings($bindings),
    861▕                 $e,

  1   vendor\laravel\framework\src\Illuminate\Database\Connection.php:857

  2   vendor\laravel\framework\src\Illuminate\Database\Connection.php:595
      NunoMaduro\Collision\Exceptions\TestException::("SQLSTATE[HY000]: General error: 1 table users has no column named role")

  ────────────────────────────────────────────────────────────────────────────────────────────────────────────────────  
   FAILED  Tests\Feature\Http\Controllers\SettingsHubAdminControllerTest > export settings includes…   QueryException   
  SQLSTATE[HY000]: General error: 1 table users has no column named role (Connection: sqlite, Database: :memory:, SQL: insert into "users" ("name", "email", "email_verified_at", "password", "remember_token", "role", "updated_at", "created_at") values (Beatrice Gulgowski, leif.collins@example.net, 2026-06-24 16:22:26, $2y$04$gvnmiNvun2Gu9ghK4clyceMjtWHsK/sG4i/OeSTBAkUkHPEHWlTVa, gEeetLZT5Q, super_admin, 2026-06-24 16:22:26, 2026-06-24 16:22:26))

  at vendor\laravel\framework\src\Illuminate\Database\Connection.php:857
    853▕             $exceptionType = ($isUniqueConstraintError = $this->isUniqueConstraintError($e))
    854▕                 ? UniqueConstraintViolationException::class
    855▕                 : QueryException::class;
    856▕ 
  ➜ 857▕             $exception = new $exceptionType(
    858▕                 $this->getNameWithReadWriteType(),
    859▕                 $query,
    860▕                 $this->prepareBindings($bindings),
    861▕                 $e,

  1   vendor\laravel\framework\src\Illuminate\Database\Connection.php:857

  2   vendor\laravel\framework\src\Illuminate\Database\Connection.php:595
      NunoMaduro\Collision\Exceptions\TestException::("SQLSTATE[HY000]: General error: 1 table users has no column named role")

  ────────────────────────────────────────────────────────────────────────────────────────────────────────────────────  
   FAILED  Tests\Feature\Http\Controllers\SettingsHubAdminControllerTest > all admin routes require…   QueryException   
  SQLSTATE[HY000]: General error: 1 table users has no column named role (Connection: sqlite, Database: :memory:, SQL: insert into "users" ("name", "email", "email_verified_at", "password", "remember_token", "role", "updated_at", "created_at") values (Dr. Wallace Wunsch, runolfsdottir.davon@example.org, 2026-06-24 16:22:26, $2y$04$gvnmiNvun2Gu9ghK4clyceMjtWHsK/sG4i/OeSTBAkUkHPEHWlTVa, vZChu3gnKi, super_admin, 2026-06-24 16:22:26, 2026-06-24 16:22:26))

  at vendor\laravel\framework\src\Illuminate\Database\Connection.php:857
    853▕             $exceptionType = ($isUniqueConstraintError = $this->isUniqueConstraintError($e))
    854▕                 ? UniqueConstraintViolationException::class
    855▕                 : QueryException::class;
    856▕ 
  ➜ 857▕             $exception = new $exceptionType(
    858▕                 $this->getNameWithReadWriteType(),
    859▕                 $query,
    860▕                 $this->prepareBindings($bindings),
    861▕                 $e,

  1   vendor\laravel\framework\src\Illuminate\Database\Connection.php:857

  2   vendor\laravel\framework\src\Illuminate\Database\Connection.php:595
      NunoMaduro\Collision\Exceptions\TestException::("SQLSTATE[HY000]: General error: 1 table users has no column named role")

  ────────────────────────────────────────────────────────────────────────────────────────────────────────────────────  
   FAILED  Tests\Feature\IntegrationTest > waha webhook receives and stores message                                     
  Expected response status code [200] but received 422.
Failed asserting that 422 is identical to 200.

The following errors occurred during the last request:

{
    "message": "The session field is required. (and 2 more errors)",
    "errors": {
        "session": [
            "The session field is required."
        ],
        "payload": [
            "The payload field is required."
        ],
        "payload.id": [
            "The payload.id field is required when event is message."
        ]
    }
}

  at tests\Feature\IntegrationTest.php:29
     25▕                 'timestamp' => now()->toISOString(),
     26▕             ],
     27▕         ]);
     28▕ 
  ➜  29▕         $response->assertStatus(200)
     30▕             ->assertJsonPath('status', 'received');
     31▕     }
     32▕ 
     33▕     public function test_waha_webhook_creates_contact_if_not_exists(): void

  ────────────────────────────────────────────────────────────────────────────────────────────────────────────────────  
   FAILED  Tests\Feature\IntegrationTest > waha webhook creates contact if not exists                                   
  Failed asserting that a row in the table [contacts] matches the attributes {
    "name": "New Contact"
}.

The table is empty.

  at tests\Feature\IntegrationTest.php:44
     40▕                 'from' => 'New Contact',
     41▕             ],
     42▕         ]);
     43▕ 
  ➜  44▕         $this->assertDatabaseHas('contacts', ['name' => 'New Contact']);
     45▕     }
     46▕ 
     47▕     // ─── Pinecone Integration ────────────────────────────────────────────
     48▕

  ────────────────────────────────────────────────────────────────────────────────────────────────────────────────────  
   FAILED  Tests\Feature\IntegrationTest > semantic memory stores embeddings                                            
  Expected response status code [201] but received 401.
Failed asserting that 401 is identical to 201.

  at tests\Feature\IntegrationTest.php:59
     55▕             'contactId' => $contact->id,
     56▕             'content' => 'Test semantic memory content',
     57▕         ]);
     58▕ 
  ➜  59▕         $response->assertStatus(201);
     60▕     }
     61▕ 
     62▕     // ─── AI Provider Integration ─────────────────────────────────────────
     63▕

  ────────────────────────────────────────────────────────────────────────────────────────────────────────────────────  
   FAILED  Tests\Feature\IntegrationTest > ai model execute with openai provider                       QueryException   
  SQLSTATE[HY000]: General error: 1 table ai_models has no column named provider (Connection: sqlite, Database: :memory:, SQL: insert into "ai_models" ("name", "provider_id", "context_window", "input_cost_per_m", "output_cost_per_m", "last_synced_at", "provider", "model", "api_key", "id", "updated_at", "created_at") values (recusandae Model, ?, 6595, 0.043295, 0.027732, ?, openai, gpt-4, test-key, 357c965b-10a5-46b6-a15c-c99e9f9012b5, 2026-06-24 16:22:27, 2026-06-24 16:22:27))

  at vendor\laravel\framework\src\Illuminate\Database\Connection.php:857
    853▕             $exceptionType = ($isUniqueConstraintError = $this->isUniqueConstraintError($e))
    854▕                 ? UniqueConstraintViolationException::class
    855▕                 : QueryException::class;
    856▕ 
  ➜ 857▕             $exception = new $exceptionType(
    858▕                 $this->getNameWithReadWriteType(),
    859▕                 $query,
    860▕                 $this->prepareBindings($bindings),
    861▕                 $e,

  1   vendor\laravel\framework\src\Illuminate\Database\Connection.php:857

  2   vendor\laravel\framework\src\Illuminate\Database\Connection.php:595
      NunoMaduro\Collision\Exceptions\TestException::("SQLSTATE[HY000]: General error: 1 table ai_models has no column named provider")

  ────────────────────────────────────────────────────────────────────────────────────────────────────────────────────  
   FAILED  Tests\Feature\IntegrationTest > ai model execute with gemini provider                       QueryException   
  SQLSTATE[HY000]: General error: 1 table ai_models has no column named provider (Connection: sqlite, Database: :memory:, SQL: insert into "ai_models" ("name", "provider_id", "context_window", "input_cost_per_m", "output_cost_per_m", "last_synced_at", "provider", "model", "api_key", "id", "updated_at", "created_at") values (dolore Model, ?, ?, 0.04038, ?, ?, google, gemini-pro, test-key, d9069fd4-624d-4bd9-8404-f4edc4199f1e, 2026-06-24 16:22:27, 2026-06-24 16:22:27))

  at vendor\laravel\framework\src\Illuminate\Database\Connection.php:857
    853▕             $exceptionType = ($isUniqueConstraintError = $this->isUniqueConstraintError($e))
    854▕                 ? UniqueConstraintViolationException::class
    855▕                 : QueryException::class;
    856▕ 
  ➜ 857▕             $exception = new $exceptionType(
    858▕                 $this->getNameWithReadWriteType(),
    859▕                 $query,
    860▕                 $this->prepareBindings($bindings),
    861▕                 $e,

  1   vendor\laravel\framework\src\Illuminate\Database\Connection.php:857

  2   vendor\laravel\framework\src\Illuminate\Database\Connection.php:595
      NunoMaduro\Collision\Exceptions\TestException::("SQLSTATE[HY000]: General error: 1 table ai_models has no column named provider")

  ────────────────────────────────────────────────────────────────────────────────────────────────────────────────────  
   FAILED  Tests\Feature\IntegrationTest > full conversation flow from webhook to response                              
  Expected response status code [200] but received 422.
Failed asserting that 422 is identical to 200.

The following errors occurred during the last request:

{
    "message": "The session field is required. (and 2 more errors)",
    "errors": {
        "session": [
            "The session field is required."
        ],
        "payload": [
            "The payload field is required."
        ],
        "payload.id": [
            "The payload.id field is required when event is message."
        ]
    }
}

  at tests\Feature\IntegrationTest.php:111
    107▕                 'from' => $contact->name,
    108▕             ],
    109▕         ]);
    110▕ 
  ➜ 111▕         $webhookResponse->assertStatus(200);
    112▕ 
    113▕         $this->assertDatabaseHas('messages', [
    114▕             'content' => 'Hello, how are you?',
    115▕         ]);

  ────────────────────────────────────────────────────────────────────────────────────────────────────────────────────  
   FAILED  Tests\Feature\IntegrationTest > memory sync job syncs to external stores                             Error   
  Class "Tests\Feature\Memory" not found

  at tests\Feature\IntegrationTest.php:123
    119▕ 
    120▕     public function test_memory_sync_job_syncs_to_external_stores(): void
    121▕     {
    122▕         $contact = Contact::factory()->create();
  ➜ 123▕         $memory = Memory::factory()->create([
    124▕             'contact_id' => $contact->id,
    125▕             'type' => 'episodic',
    126▕             'content' => 'Sync test content',
    127▕         ]);

  1   tests\Feature\IntegrationTest.php:123

  ────────────────────────────────────────────────────────────────────────────────────────────────────────────────────  
   FAILED  Tests\Feature\LogControllerTest > clear removes old logs                                                     
  Failed asserting that a row in the table [logs] does not match the attributes {
    "id": 1
}.

Found similar results: [
    {
        "id": 1
    }
].

  at tests\Feature\LogControllerTest.php:161
    157▕         $response = $this->actingAs($this->user, 'sanctum')
    158▕             ->postJson('/api/v1/logs/clear', ['older_than_days' => 7]);
    159▕ 
    160▕         $response->assertOk();
  ➜ 161▕         $this->assertDatabaseMissing('logs', ['id' => $oldLog->id]);
    162▕         $this->assertDatabaseHas('logs', ['id' => $recentLog->id]);
    163▕     }
    164▕ 
    165▕     public function test_clear_without_days_parameter_clears_all(): void

  ────────────────────────────────────────────────────────────────────────────────────────────────────────────────────  
   FAILED  Tests\Feature\MemorySchemaTest > structured memories has confidence column with default 080                  
  structured_memories table should exist
Failed asserting that false is true.

  at tests\Feature\MemorySchemaTest.php:33
     29▕      */
     30▕     public function test_structured_memories_has_confidence_column_with_default_080()
     31▕     {
     32▕         // Verify the structured_memories table exists
  ➜  33▕         $this->assertTrue(Schema::hasTable('structured_memories'), 'structured_memories table should exist');
     34▕ 
     35▕         // Verify confidence column exists
     36▕         $this->assertTrue(
     37▕             Schema::hasColumn('structured_memories', 'confidence'),

  1   tests\Feature\MemorySchemaTest.php:33

  ────────────────────────────────────────────────────────────────────────────────────────────────────────────────────  
   FAILED  Tests\Feature\MemorySchemaTest > contact memory versions table exists with all required columns              
  contact_memory_versions table should exist for version history tracking (Req 10.1)
Failed asserting that false is true.

  at tests\Feature\MemorySchemaTest.php:79
     75▕      */
     76▕     public function test_contact_memory_versions_table_exists_with_all_required_columns()
     77▕     {
     78▕         // Verify the contact_memory_versions table exists
  ➜  79▕         $this->assertTrue(
     80▕             Schema::hasTable('contact_memory_versions'),
     81▕             'contact_memory_versions table should exist for version history tracking (Req 10.1)'
     82▕         );
     83▕

  1   tests\Feature\MemorySchemaTest.php:79

  ────────────────────────────────────────────────────────────────────────────────────────────────────────────────────  
   FAILED  Tests\Feature\MemorySchemaTest > memories table has extraction fields                                        
  memories table should exist
Failed asserting that false is true.

  at tests\Feature\MemorySchemaTest.php:191
    187▕      */
    188▕     public function test_memories_table_has_extraction_fields()
    189▕     {
    190▕         // Verify the memories table exists
  ➜ 191▕         $this->assertTrue(Schema::hasTable('memories'), 'memories table should exist');
    192▕ 
    193▕         // Verify source_type column exists - distinguishes manual from extracted memories
    194▕         $this->assertTrue(
    195▕             Schema::hasColumn('memories', 'source_type'),

  1   tests\Feature\MemorySchemaTest.php:191

  ────────────────────────────────────────────────────────────────────────────────────────────────────────────────────  
   FAILED  Tests\Feature\MemorySchemaTest > structured memories has required indexes                                    
  structured_memories table should exist
Failed asserting that false is true.

  at tests\Feature\MemorySchemaTest.php:221
    217▕     public function test_structured_memories_has_required_indexes()
    218▕     {
    219▕         // Note: Exact index names vary by database driver
    220▕         // We verify existence by checking that table has indexes (not just primary key)
  ➜ 221▕         $this->assertTrue(
    222▕             Schema::hasTable('structured_memories'),
    223▕             'structured_memories table should exist'
    224▕         );
    225▕

  1   tests\Feature\MemorySchemaTest.php:221

  ────────────────────────────────────────────────────────────────────────────────────────────────────────────────────  
   FAILED  Tests\Feature\MemorySchemaTest > contact memory versions has required indexes                                
  contact_memory_versions table should exist
Failed asserting that false is true.

  at tests\Feature\MemorySchemaTest.php:256
    252▕      * - Index on (contact_id, created_at) enables audit trail queries and cleanup operations
    253▕      */
    254▕     public function test_contact_memory_versions_has_required_indexes()
    255▕     {
  ➜ 256▕         $this->assertTrue(
    257▕             Schema::hasTable('contact_memory_versions'),
    258▕             'contact_memory_versions table should exist'
    259▕         );
    260▕

  1   tests\Feature\MemorySchemaTest.php:256

  ────────────────────────────────────────────────────────────────────────────────────────────────────────────────────  
   FAILED  Tests\Feature\MemorySchemaTest > memories table has extraction indexes                                       
  memories table should exist
Failed asserting that false is true.

  at tests\Feature\MemorySchemaTest.php:290
    286▕      * - Composite index on (contact_id, is_extracted) optimizes deduplication gate queries
    287▕      */
    288▕     public function test_memories_table_has_extraction_indexes()
    289▕     {
  ➜ 290▕         $this->assertTrue(
    291▕             Schema::hasTable('memories'),
    292▕             'memories table should exist'
    293▕         );
    294▕

  1   tests\Feature\MemorySchemaTest.php:290

  ────────────────────────────────────────────────────────────────────────────────────────────────────────────────────  
   FAILED  Tests\Feature\MemorySchemaTest > all memory migrations applied successfully                                  
  memories table should exist
Failed asserting that false is true.

  at tests\Feature\MemorySchemaTest.php:316
    312▕      */
    313▕     public function test_all_memory_migrations_applied_successfully()
    314▕     {
    315▕         // All three tables should exist
  ➜ 316▕         $this->assertTrue(Schema::hasTable('memories'), 'memories table should exist');
    317▕         $this->assertTrue(Schema::hasTable('structured_memories'), 'structured_memories table should exist');
    318▕         $this->assertTrue(Schema::hasTable('contact_memory_versions'), 'contact_memory_versions table should exist');
    319▕ 
    320▕         // Verify no errors were reported in the schema

  1   tests\Feature\MemorySchemaTest.php:316

  ────────────────────────────────────────────────────────────────────────────────────────────────────────────────────  
   FAILED  Tests\Feature\MonitoringHealthTest > monitoring health endpoint reports healthy when checks pass             
  Failed asserting that two strings are identical.
--- Expected
+++ Actual
@@ @@
-'healthy'
+'critical'

  at tests\Feature\MonitoringHealthTest.php:34
     30▕ 
     31▕         $response = $this->getJson('/api/v1/monitoring/health');
     32▕ 
     33▕         $response->assertOk();
  ➜  34▕         $response->assertJsonPath('status', 'healthy');
     35▕         $response->assertJsonPath('checks.redis.ok', true);
     36▕         $response->assertJsonPath('checks.reverb.ok', true);
     37▕         $response->assertJsonPath('checks.queue.ok', true);
     38▕     }

  ────────────────────────────────────────────────────────────────────────────────────────────────────────────────────  
   FAILED  Tests\Feature\PeopleConnect\PropertyBased\DedupSessionPropertyTest > idempotency property for dedu…  Error   
  Call to undefined method App\Services\PeopleConnect\WahaWebhookIngestionService::ingestMessage()

  at tests\Feature\PeopleConnect\PropertyBased\DedupSessionPropertyTest.php:35
     31▕         $service = app(WahaWebhookIngestionService::class);
     32▕ 
     33▕         // Fuzz loop: Simulate 10 duplicate concurrent-like arrivals
     34▕         for ($i = 0; $i < 10; $i++) {
  ➜  35▕             $service->ingestMessage($payload);
     36▕         }
     37▕ 
     38▕         // Assert only 1 conversation was created
     39▕         $this->assertDatabaseCount('peopleconnect_conversations', 1);

  1   tests\Feature\PeopleConnect\PropertyBased\DedupSessionPropertyTest.php:35

  ────────────────────────────────────────────────────────────────────────────────────────────────────────────────────  
   FAILED  Tests\Feature\PeopleConnect\PropertyBased\ReplyModeSafetyPropertyTest > safety blocks on rate limit          
  Failed asserting that two strings are equal.
--- Expected
+++ Actual
@@ @@
-'Rate limit exceeded'
+'Mode is not autopilot'

  at tests\Feature\PeopleConnect\PropertyBased\ReplyModeSafetyPropertyTest.php:91
     87▕         $service = app(PeopleConnectReplyModeService::class);
     88▕         $result = $service->checkAutopilotSafety($contact->id, $message);
     89▕         
     90▕         $this->assertTrue($result['blocked']);
  ➜  91▕         $this->assertEquals('Rate limit exceeded', $result['reason']);
     92▕     }
     93▕ }
     94▕

  1   tests\Feature\PeopleConnect\PropertyBased\ReplyModeSafetyPropertyTest.php:91

  ────────────────────────────────────────────────────────────────────────────────────────────────────────────────────  
   FAILED  Tests\Feature\PerformanceTest > agent index response time under 200ms                                        
  Expected response status code [200] but received 401.
Failed asserting that 401 is identical to 200.

  at tests\Feature\PerformanceTest.php:25
     21▕         $start = microtime(true);
     22▕         $response = $this->getJson('/api/v1/agents');
     23▕         $duration = (microtime(true) - $start) * 1000;
     24▕ 
  ➜  25▕         $response->assertStatus(200);
     26▕         $this->assertLessThan(200, $duration, "Agent index took {$duration}ms");
     27▕     }
     28▕ 
     29▕     public function test_contact_index_response_time_under_200ms(): void

  ────────────────────────────────────────────────────────────────────────────────────────────────────────────────────  
   FAILED  Tests\Feature\PerformanceTest > contact index response time under 200ms                                      
  Expected response status code [200] but received 401.
Failed asserting that 401 is identical to 200.

  at tests\Feature\PerformanceTest.php:37
     33▕         $start = microtime(true);
     34▕         $response = $this->getJson('/api/v1/contacts');
     35▕         $duration = (microtime(true) - $start) * 1000;
     36▕ 
  ➜  37▕         $response->assertStatus(200);
     38▕         $this->assertLessThan(200, $duration, "Contact index took {$duration}ms");
     39▕     }
     40▕ 
     41▕     public function test_workflow_index_response_time_under_200ms(): void

  ────────────────────────────────────────────────────────────────────────────────────────────────────────────────────  
   FAILED  Tests\Feature\PerformanceTest > workflow index response time under 200ms                                     
  Expected response status code [200] but received 401.
Failed asserting that 401 is identical to 200.

  at tests\Feature\PerformanceTest.php:49
     45▕         $start = microtime(true);
     46▕         $response = $this->getJson('/api/v1/workflows');
     47▕         $duration = (microtime(true) - $start) * 1000;
     48▕ 
  ➜  49▕         $response->assertStatus(200);
     50▕         $this->assertLessThan(200, $duration, "Workflow index took {$duration}ms");
     51▕     }
     52▕ 
     53▕     // ─── Database Query Performance ──────────────────────────────────────

  ────────────────────────────────────────────────────────────────────────────────────────────────────────────────────  
   FAILED  Tests\Feature\PerformanceTest > database queries use eager loading                                           
  Expected response status code [200] but received 401.
Failed asserting that 401 is identical to 200.

  at tests\Feature\PerformanceTest.php:63
     59▕         \App\Models\AgentSkill::factory()->count(3)->create(['agent_id' => $agent->id]);
     60▕ 
     61▕         $response = $this->getJson("/api/v1/agents/{$agent->id}");
     62▕ 
  ➜  63▕         $response->assertStatus(200)
     64▕             ->assertJsonStructure(['data' => ['tools', 'skills']]);
     65▕     }
     66▕ 
     67▕     // ─── Pagination Performance ──────────────────────────────────────────

  ────────────────────────────────────────────────────────────────────────────────────────────────────────────────────  
   FAILED  Tests\Feature\PerformanceTest > pagination limits results per page                                           
  Expected response status code [200] but received 401.
Failed asserting that 401 is identical to 200.

  at tests\Feature\PerformanceTest.php:75
     71▕         Agent::factory()->count(100)->create();
     72▕ 
     73▕         $response = $this->getJson('/api/v1/agents?per_page=10');
     74▕ 
  ➜  75▕         $response->assertStatus(200)
     76▕             ->assertJsonCount(10, 'data');
     77▕     }
     78▕ 
     79▕     // ─── Memory Usage ────────────────────────────────────────────────────

  ────────────────────────────────────────────────────────────────────────────────────────────────────────────────────  
   FAILED  Tests\Feature\QueueTest > sync memory job is dispatched on memory create                                     
  The expected [App\Jobs\SyncMemoryJob] job was not pushed.
Failed asserting that false is true.

  at vendor\laravel\framework\src\Illuminate\Support\Testing\Fakes\QueueFake.php:124
    120▕         if (is_numeric($callback)) {
    121▕             return $this->assertPushedTimes($job, $callback);
    122▕         }
    123▕ 
  ➜ 124▕         PHPUnit::assertTrue(
    125▕             $this->pushed($job, $callback)->count() > 0,
    126▕             "The expected [{$job}] job was not pushed."
    127▕         );
    128▕     }

  1   vendor\laravel\framework\src\Illuminate\Support\Testing\Fakes\QueueFake.php:124
  2   vendor\laravel\framework\src\Illuminate\Support\Facades\Facade.php:363

  ────────────────────────────────────────────────────────────────────────────────────────────────────────────────────  
   FAILED  Tests\Feature\QueueTest > sync memory job handles failure gracefully                             TypeError   
  App\Jobs\SyncMemoryJob::__construct(): Argument #1 ($contactId) must be of type int, App\Models\Memory given, called in C:\Users\hedra\Desktop\Sourcecode\NexusV2\Nexus-backend\tests\Feature\QueueTest.php on line 39

  at app\Jobs\SyncMemoryJob.php:28
     24▕ 
     25▕     /**
     26▕      * Create a new job instance.
     27▕      */
  ➜  28▕     public function __construct(
     29▕         int $contactId,
     30▕         string $memoryType = 'all',
     31▕         LogService $logService
     32▕     ) {

  1   app\Jobs\SyncMemoryJob.php:28
  2   tests\Feature\QueueTest.php:39

  ────────────────────────────────────────────────────────────────────────────────────────────────────────────────────  
   FAILED  Tests\Feature\QueueTest > job can be pushed to queue                                             TypeError   
  App\Jobs\SyncMemoryJob::__construct(): Argument #1 ($contactId) must be of type int, App\Models\Memory given, called in C:\Users\hedra\Desktop\Sourcecode\NexusV2\Nexus-backend\vendor\laravel\framework\src\Illuminate\Foundation\Bus\Dispatchable.php on line 19

  at app\Jobs\SyncMemoryJob.php:28
     24▕ 
     25▕     /**
     26▕      * Create a new job instance.
     27▕      */
  ➜  28▕     public function __construct(
     29▕         int $contactId,
     30▕         string $memoryType = 'all',
     31▕         LogService $logService
     32▕     ) {

  1   app\Jobs\SyncMemoryJob.php:28
  2   vendor\laravel\framework\src\Illuminate\Foundation\Bus\Dispatchable.php:19

  ────────────────────────────────────────────────────────────────────────────────────────────────────────────────────  
   FAILED  Tests\Feature\ScheduleTest > reverb monitoring command is scheduled             BindingResolutionException   
  Target class [App\Console\Kernel] does not exist.

  at vendor\laravel\framework\src\Illuminate\Container\Container.php:1127
    1123▕ 
    1124▕         try {
    1125▕             $reflector = new ReflectionClass($concrete);
    1126▕         } catch (ReflectionException $e) {
  ➜ 1127▕             throw new BindingResolutionException("Target class [$concrete] does not exist.", 0, $e);
    1128▕         }
    1129▕ 
    1130▕         // If the type is not instantiable, the developer is attempting to resolve
    1131▕         // an abstract type such as an Interface or Abstract Class and there is

  1   vendor\laravel\framework\src\Illuminate\Container\Container.php:1127

  2   vendor\laravel\framework\src\Illuminate\Container\Container.php:1125
      NunoMaduro\Collision\Exceptions\TestException::("Class "App\Console\Kernel" does not exist")

  ────────────────────────────────────────────────────────────────────────────────────────────────────────────────────  
   FAILED  Tests\Feature\UserFlowTest > workflow execution flow                                                         
  Expected response status code [200] but received 422.
Failed asserting that 422 is identical to 200.

The following errors occurred during the last request:

{
    "message": "Workflow must have at least one step.",
    "errors": {
        "steps": [
            "Workflow must have at least one step."
        ]
    }
}

  at tests\Feature\UserFlowTest.php:68
     64▕             ],
     65▕         ]);
     66▕ 
     67▕         $executeResponse = $this->postJson("/api/v1/workflows/{$workflow->id}/execute");
  ➜  68▕         $executeResponse->assertStatus(200);
     69▕ 
     70▕         $progressResponse = $this->getJson("/api/v1/workflows/{$workflow->id}/progress");
     71▕         $progressResponse->assertStatus(200)
     72▕             ->assertJsonStructure(['data' => ['progress', 'total_steps', 'completed_steps']]);

  ────────────────────────────────────────────────────────────────────────────────────────────────────────────────────  
   FAILED  Tests\Feature\UserFlowTest > memory management flow                                                          
  Failed asserting that 0 is identical to 1.

  at tests\Feature\UserFlowTest.php:124
    120▕         $memoryId = $storeResponse->json('id');
    121▕ 
    122▕         $searchResponse = $this->getJson("/api/v1/memories/search?query=test&contactId={$contact->id}");
    123▕         $searchResponse->assertStatus(200)
  ➜ 124▕             ->assertJsonPath('totalResults', 1)
    125▕             ->assertJsonFragment(['content' => 'Test memory content']);
    126▕ 
    127▕         $this->postJson("/api/v1/memories/{$memoryId}", [
    128▕             'type' => 'episodic',

  ────────────────────────────────────────────────────────────────────────────────────────────────────────────────────  
   FAILED  Tests\Feature\UserFlowTest > settings management flow                                                        
  Expected response status code [201] but received 500.
Failed asserting that 500 is identical to 201.

The following exception occurred during the last request:

TypeError: App\Policies\SettingPolicy::create(): Return value must be of type bool, null returned in C:\Users\hedra\Desktop\Sourcecode\NexusV2\Nexus-backend\app\Policies\SettingPolicy.php:37
Stack trace:
#0 C:\Users\hedra\Desktop\Sourcecode\NexusV2\Nexus-backend\vendor\laravel\framework\src\Illuminate\Auth\Access\Gate.php(844): App\Policies\SettingPolicy->create(Object(App\Models\User))
#1 C:\Users\hedra\Desktop\Sourcecode\NexusV2\Nexus-backend\vendor\laravel\framework\src\Illuminate\Auth\Access\Gate.php(797): Illuminate\Auth\Access\Gate->callPolicyMethod(Object(App\Policies\SettingPolicy), 'create', Object(App\Models\User), Array)
#2 C:\Users\hedra\Desktop\Sourcecode\NexusV2\Nexus-backend\vendor\laravel\framework\src\Illuminate\Auth\Access\Gate.php(553): Illuminate\Auth\Access\Gate->{closure:Illuminate\Auth\Access\Gate::resolvePolicyCallback():780}(Object(App\Models\User), 'App\\Models\\Sett...')
#3 C:\Users\hedra\Desktop\Sourcecode\NexusV2\Nexus-backend\vendor\laravel\framework\src\Illuminate\Auth\Access\Gate.php(448): Illuminate\Auth\Access\Gate->callAuthCallback(Object(App\Models\User), 'create', Array)
#4 C:\Users\hedra\Desktop\Sourcecode\NexusV2\Nexus-backend\vendor\laravel\framework\src\Illuminate\Auth\Access\Gate.php(411): Illuminate\Auth\Access\Gate->raw('create', Array)
#5 C:\Users\hedra\Desktop\Sourcecode\NexusV2\Nexus-backend\vendor\laravel\framework\src\Illuminate\Auth\Access\Gate.php(398): Illuminate\Auth\Access\Gate->inspect('create', 'App\\Models\\Sett...')
#6 C:\Users\hedra\Desktop\Sourcecode\NexusV2\Nexus-backend\vendor\laravel\framework\src\Illuminate\Foundation\Auth\Access\AuthorizesRequests.php(25): Illuminate\Auth\Access\Gate->authorize('create', 'App\\Models\\Sett...')
#7 C:\Users\hedra\Desktop\Sourcecode\NexusV2\Nexus-backend\app\Http\Controllers\SettingController.php(150): App\Http\Controllers\Controller->authorize('create', 'App\\Models\\Sett...')
#8 C:\Users\hedra\Desktop\Sourcecode\NexusV2\Nexus-backend\vendor\laravel\framework\src\Illuminate\Routing\ControllerDispatcher.php(46): App\Http\Controllers\SettingController->store(Object(Illuminate\Http\Request))
#9 C:\Users\hedra\Desktop\Sourcecode\NexusV2\Nexus-backend\vendor\laravel\framework\src\Illuminate\Routing\Route.php(275): Illuminate\Routing\ControllerDispatcher->dispatch(Object(Illuminate\Routing\Route), Object(App\Http\Controllers\SettingController), 'store')
#10 C:\Users\hedra\Desktop\Sourcecode\NexusV2\Nexus-backend\vendor\laravel\framework\src\Illuminate\Routing\Route.php(215): Illuminate\Routing\Route->runController()
#11 C:\Users\hedra\Desktop\Sourcecode\NexusV2\Nexus-backend\vendor\laravel\framework\src\Illuminate\Routing\Router.php(822): Illuminate\Routing\Route->run()
#12 C:\Users\hedra\Desktop\Sourcecode\NexusV2\Nexus-backend\vendor\laravel\framework\src\Illuminate\Pipeline\Pipeline.php(180): Illuminate\Routing\Router->{closure:Illuminate\Routing\Router::runRouteWithinStack():821}(Object(Illuminate\Http\Request))
#13 C:\Users\hedra\Desktop\Sourcecode\NexusV2\Nexus-backend\vendor\laravel\framework\src\Illuminate\Routing\Middleware\SubstituteBindings.php(52): Illuminate\Pipeline\Pipeline->{closure:Illuminate\Pipeline\Pipeline::prepareDestination():178}(Object(Illuminate\Http\Request))
#14 C:\Users\hedra\Desktop\Sourcecode\NexusV2\Nexus-backend\vendor\laravel\framework\src\Illuminate\Pipeline\Pipeline.php(219): Illuminate\Routing\Middleware\SubstituteBindings->handle(Object(Illuminate\Http\Request), Object(Closure))
#15 C:\Users\hedra\Desktop\Sourcecode\NexusV2\Nexus-backend\vendor\laravel\framework\src\Illuminate\Auth\Middleware\Authenticate.php(63): Illuminate\Pipeline\Pipeline->{closure:{closure:Illuminate\Pipeline\Pipeline::carry():194}:195}(Object(Illuminate\Http\Request))
#16 C:\Users\hedra\Desktop\Sourcecode\NexusV2\Nexus-backend\vendor\laravel\framework\src\Illuminate\Pipeline\Pipeline.php(219): Illuminate\Auth\Middleware\Authenticate->handle(Object(Illuminate\Http\Request), Object(Closure), 'sanctum')
#17 C:\Users\hedra\Desktop\Sourcecode\NexusV2\Nexus-backend\vendor\laravel\framework\src\Illuminate\Pipeline\Pipeline.php(137): Illuminate\Pipeline\Pipeline->{closure:{closure:Illuminate\Pipeline\Pipeline::carry():194}:195}(Object(Illuminate\Http\Request))
#18 C:\Users\hedra\Desktop\Sourcecode\NexusV2\Nexus-backend\vendor\laravel\framework\src\Illuminate\Routing\Router.php(821): Illuminate\Pipeline\Pipeline->then(Object(Closure))
#19 C:\Users\hedra\Desktop\Sourcecode\NexusV2\Nexus-backend\vendor\laravel\framework\src\Illuminate\Routing\Router.php(800): Illuminate\Routing\Router->runRouteWithinStack(Object(Illuminate\Routing\Route), Object(Illuminate\Http\Request))
#20 C:\Users\hedra\Desktop\Sourcecode\NexusV2\Nexus-backend\vendor\laravel\framework\src\Illuminate\Routing\Router.php(764): Illuminate\Routing\Router->runRoute(Object(Illuminate\Http\Request), Object(Illuminate\Routing\Route))
#21 C:\Users\hedra\Desktop\Sourcecode\NexusV2\Nexus-backend\vendor\laravel\framework\src\Illuminate\Routing\Router.php(753): Illuminate\Routing\Router->dispatchToRoute(Object(Illuminate\Http\Request))
#22 C:\Users\hedra\Desktop\Sourcecode\NexusV2\Nexus-backend\vendor\laravel\framework\src\Illuminate\Foundation\Http\Kernel.php(200): Illuminate\Routing\Router->dispatch(Object(Illuminate\Http\Request))
#23 C:\Users\hedra\Desktop\Sourcecode\NexusV2\Nexus-backend\vendor\laravel\framework\src\Illuminate\Pipeline\Pipeline.php(180): Illuminate\Foundation\Http\Kernel->{closure:Illuminate\Foundation\Http\Kernel::dispatchToRouter():197}(Object(Illuminate\Http\Request))
#24 C:\Users\hedra\Desktop\Sourcecode\NexusV2\Nexus-backend\app\Http\Middleware\AutoLoginDevMiddleware.php(29): Illuminate\Pipeline\Pipeline->{closure:Illuminate\Pipeline\Pipeline::prepareDestination():178}(Object(Illuminate\Http\Request))
#25 C:\Users\hedra\Desktop\Sourcecode\NexusV2\Nexus-backend\vendor\laravel\framework\src\Illuminate\Pipeline\Pipeline.php(219): App\Http\Middleware\AutoLoginDevMiddleware->handle(Object(Illuminate\Http\Request), Object(Closure))
#26 C:\Users\hedra\Desktop\Sourcecode\NexusV2\Nexus-backend\vendor\laravel\framework\src\Illuminate\Foundation\Http\Middleware\TransformsRequest.php(21): Illuminate\Pipeline\Pipeline->{closure:{closure:Illuminate\Pipeline\Pipeline::carry():194}:195}(Object(Illuminate\Http\Request))
#27 C:\Users\hedra\Desktop\Sourcecode\NexusV2\Nexus-backend\vendor\laravel\framework\src\Illuminate\Foundation\Http\Middleware\ConvertEmptyStringsToNull.php(31): Illuminate\Foundation\Http\Middleware\TransformsRequest->handle(Object(Illuminate\Http\Request), Object(Closure))
#28 C:\Users\hedra\Desktop\Sourcecode\NexusV2\Nexus-backend\vendor\laravel\framework\src\Illuminate\Pipeline\Pipeline.php(219): Illuminate\Foundation\Http\Middleware\ConvertEmptyStringsToNull->handle(Object(Illuminate\Http\Request), Object(Closure))
#29 C:\Users\hedra\Desktop\Sourcecode\NexusV2\Nexus-backend\vendor\laravel\framework\src\Illuminate\Foundation\Http\Middleware\TransformsRequest.php(21): Illuminate\Pipeline\Pipeline->{closure:{closure:Illuminate\Pipeline\Pipeline::carry():194}:195}(Object(Illuminate\Http\Request))
#30 C:\Users\hedra\Desktop\Sourcecode\NexusV2\Nexus-backend\vendor\laravel\framework\src\Illuminate\Foundation\Http\Middleware\TrimStrings.php(51): Illuminate\Foundation\Http\Middleware\TransformsRequest->handle(Object(Illuminate\Http\Request), Object(Closure))
#31 C:\Users\hedra\Desktop\Sourcecode\NexusV2\Nexus-backend\vendor\laravel\framework\src\Illuminate\Pipeline\Pipeline.php(219): Illuminate\Foundation\Http\Middleware\TrimStrings->handle(Object(Illuminate\Http\Request), Object(Closure))
#32 C:\Users\hedra\Desktop\Sourcecode\NexusV2\Nexus-backend\vendor\laravel\framework\src\Illuminate\Http\Middleware\ValidatePostSize.php(27): Illuminate\Pipeline\Pipeline->{closure:{closure:Illuminate\Pipeline\Pipeline::carry():194}:195}(Object(Illuminate\Http\Request))
#33 C:\Users\hedra\Desktop\Sourcecode\NexusV2\Nexus-backend\vendor\laravel\framework\src\Illuminate\Pipeline\Pipeline.php(219): Illuminate\Http\Middleware\ValidatePostSize->handle(Object(Illuminate\Http\Request), Object(Closure))
#34 C:\Users\hedra\Desktop\Sourcecode\NexusV2\Nexus-backend\vendor\laravel\framework\src\Illuminate\Foundation\Http\Middleware\PreventRequestsDuringMaintenance.php(109): Illuminate\Pipeline\Pipeline->{closure:{closure:Illuminate\Pipeline\Pipeline::carry():194}:195}(Object(Illuminate\Http\Request))
#35 C:\Users\hedra\Desktop\Sourcecode\NexusV2\Nexus-backend\vendor\laravel\framework\src\Illuminate\Pipeline\Pipeline.php(219): Illuminate\Foundation\Http\Middleware\PreventRequestsDuringMaintenance->handle(Object(Illuminate\Http\Request), Object(Closure))
#36 C:\Users\hedra\Desktop\Sourcecode\NexusV2\Nexus-backend\vendor\laravel\framework\src\Illuminate\Http\Middleware\HandleCors.php(74): Illuminate\Pipeline\Pipeline->{closure:{closure:Illuminate\Pipeline\Pipeline::carry():194}:195}(Object(Illuminate\Http\Request))
#37 C:\Users\hedra\Desktop\Sourcecode\NexusV2\Nexus-backend\vendor\laravel\framework\src\Illuminate\Pipeline\Pipeline.php(219): Illuminate\Http\Middleware\HandleCors->handle(Object(Illuminate\Http\Request), Object(Closure))
#38 C:\Users\hedra\Desktop\Sourcecode\NexusV2\Nexus-backend\vendor\laravel\framework\src\Illuminate\Http\Middleware\TrustProxies.php(58): Illuminate\Pipeline\Pipeline->{closure:{closure:Illuminate\Pipeline\Pipeline::carry():194}:195}(Object(Illuminate\Http\Request))
#39 C:\Users\hedra\Desktop\Sourcecode\NexusV2\Nexus-backend\vendor\laravel\framework\src\Illuminate\Pipeline\Pipeline.php(219): Illuminate\Http\Middleware\TrustProxies->handle(Object(Illuminate\Http\Request), Object(Closure))
#40 C:\Users\hedra\Desktop\Sourcecode\NexusV2\Nexus-backend\vendor\laravel\framework\src\Illuminate\Foundation\Http\Middleware\InvokeDeferredCallbacks.php(22): Illuminate\Pipeline\Pipeline->{closure:{closure:Illuminate\Pipeline\Pipeline::carry():194}:195}(Object(Illuminate\Http\Request))
#41 C:\Users\hedra\Desktop\Sourcecode\NexusV2\Nexus-backend\vendor\laravel\framework\src\Illuminate\Pipeline\Pipeline.php(219): Illuminate\Foundation\Http\Middleware\InvokeDeferredCallbacks->handle(Object(Illuminate\Http\Request), Object(Closure))
#42 C:\Users\hedra\Desktop\Sourcecode\NexusV2\Nexus-backend\vendor\laravel\framework\src\Illuminate\Http\Middleware\ValidatePathEncoding.php(28): Illuminate\Pipeline\Pipeline->{closure:{closure:Illuminate\Pipeline\Pipeline::carry():194}:195}(Object(Illuminate\Http\Request))
#43 C:\Users\hedra\Desktop\Sourcecode\NexusV2\Nexus-backend\vendor\laravel\framework\src\Illuminate\Pipeline\Pipeline.php(219): Illuminate\Http\Middleware\ValidatePathEncoding->handle(Object(Illuminate\Http\Request), Object(Closure))
#44 C:\Users\hedra\Desktop\Sourcecode\NexusV2\Nexus-backend\vendor\laravel\framework\src\Illuminate\Pipeline\Pipeline.php(137): Illuminate\Pipeline\Pipeline->{closure:{closure:Illuminate\Pipeline\Pipeline::carry():194}:195}(Object(Illuminate\Http\Request))
#45 C:\Users\hedra\Desktop\Sourcecode\NexusV2\Nexus-backend\vendor\laravel\framework\src\Illuminate\Foundation\Http\Kernel.php(175): Illuminate\Pipeline\Pipeline->then(Object(Closure))
#46 C:\Users\hedra\Desktop\Sourcecode\NexusV2\Nexus-backend\vendor\laravel\framework\src\Illuminate\Foundation\Http\Kernel.php(144): Illuminate\Foundation\Http\Kernel->sendRequestThroughRouter(Object(Illuminate\Http\Request))
#47 C:\Users\hedra\Desktop\Sourcecode\NexusV2\Nexus-backend\vendor\laravel\framework\src\Illuminate\Foundation\Testing\Concerns\MakesHttpRequests.php(607): Illuminate\Foundation\Http\Kernel->handle(Object(Illuminate\Http\Request))
#48 C:\Users\hedra\Desktop\Sourcecode\NexusV2\Nexus-backend\vendor\laravel\framework\src\Illuminate\Foundation\Testing\Concerns\MakesHttpRequests.php(573): Illuminate\Foundation\Testing\TestCase->call('POST', '/api/v1/setting...', Array, Array, Array, Array, '{"key":"test_fe...')
#49 C:\Users\hedra\Desktop\Sourcecode\NexusV2\Nexus-backend\vendor\laravel\framework\src\Illuminate\Foundation\Testing\Concerns\MakesHttpRequests.php(411): Illuminate\Foundation\Testing\TestCase->json('POST', '/api/v1/setting...', Array, Array, 0)
#50 C:\Users\hedra\Desktop\Sourcecode\NexusV2\Nexus-backend\tests\Feature\UserFlowTest.php(144): Illuminate\Foundation\Testing\TestCase->postJson('/api/v1/setting...', Array)
#51 C:\Users\hedra\Desktop\Sourcecode\NexusV2\Nexus-backend\vendor\phpunit\phpunit\src\Framework\TestCase.php(1667): Tests\Feature\UserFlowTest->test_settings_management_flow()
#52 C:\Users\hedra\Desktop\Sourcecode\NexusV2\Nexus-backend\vendor\phpunit\phpunit\src\Framework\TestCase.php(519): PHPUnit\Framework\TestCase->runTest()
#53 C:\Users\hedra\Desktop\Sourcecode\NexusV2\Nexus-backend\vendor\phpunit\phpunit\src\Framework\TestRunner\TestRunner.php(87): PHPUnit\Framework\TestCase->runBare()
#54 C:\Users\hedra\Desktop\Sourcecode\NexusV2\Nexus-backend\vendor\phpunit\phpunit\src\Framework\TestCase.php(365): PHPUnit\Framework\TestRunner->run(Object(Tests\Feature\UserFlowTest))
#55 C:\Users\hedra\Desktop\Sourcecode\NexusV2\Nexus-backend\vendor\phpunit\phpunit\src\Framework\TestSuite.php(369): PHPUnit\Framework\TestCase->run()
#56 C:\Users\hedra\Desktop\Sourcecode\NexusV2\Nexus-backend\vendor\phpunit\phpunit\src\Framework\TestSuite.php(369): PHPUnit\Framework\TestSuite->run()
#57 C:\Users\hedra\Desktop\Sourcecode\NexusV2\Nexus-backend\vendor\phpunit\phpunit\src\Framework\TestSuite.php(369): PHPUnit\Framework\TestSuite->run()
#58 C:\Users\hedra\Desktop\Sourcecode\NexusV2\Nexus-backend\vendor\phpunit\phpunit\src\TextUI\TestRunner.php(64): PHPUnit\Framework\TestSuite->run()
#59 C:\Users\hedra\Desktop\Sourcecode\NexusV2\Nexus-backend\vendor\phpunit\phpunit\src\TextUI\Application.php(211): PHPUnit\TextUI\TestRunner->run(Object(PHPUnit\TextUI\Configuration\Configuration), Object(PHPUnit\Runner\ResultCache\DefaultResultCache), Object(PHPUnit\Framework\TestSuite))
#60 C:\Users\hedra\Desktop\Sourcecode\NexusV2\Nexus-backend\vendor\phpunit\phpunit\phpunit(104): PHPUnit\TextUI\Application->run(Array)
#61 {main}

----------------------------------------------------------------------------------

App\Policies\SettingPolicy::create(): Return value must be of type bool, null returned

  at tests\Feature\UserFlowTest.php:151
    147▕             'type' => 'boolean',
    148▕             'group' => 'general',
    149▕         ]);
    150▕ 
  ➜ 151▕         $createResponse->assertStatus(201);
    152▕ 
    153▕         $groupedResponse = $this->getJson('/api/v1/settings/grouped');
    154▕         $groupedResponse->assertStatus(200);
    155▕


  Tests:    192 failed, 2 risky, 425 passed (1561 assertions)
  Duration: 83.27s

