
> C:\Users\hedra\.gemini\antigravity\brain\6c23d2b7-4c57-4765-9a24-a56fe056dfb6\.system_generated\tasks\task-7.log:1671
:TypeError: App\Policies\SettingPolicy::create(): Return value must be of type bool, null returned in 
C:\Users\hedra\Desktop\Sourcecode\NexusV2\Nexus-backend\app\Policies\SettingPolicy.php:37
  C:\Users\hedra\.gemini\antigravity\brain\6c23d2b7-4c57-4765-9a24-a56fe056dfb6\.system_generated\tasks\task-7.log:1672
:Stack trace:
  C:\Users\hedra\.gemini\antigravity\brain\6c23d2b7-4c57-4765-9a24-a56fe056dfb6\.system_generated\tasks\task-7.log:1673
:#0 C:\Users\hedra\Desktop\Sourcecode\NexusV2\Nexus-backend\vendor\laravel\framework\src\Illuminate\Auth\Access\Gate.ph
p(844): App\Policies\SettingPolicy->create(Object(App\Models\User))
> C:\Users\hedra\.gemini\antigravity\brain\6c23d2b7-4c57-4765-9a24-a56fe056dfb6\.system_generated\tasks\task-7.log:1738
:App\Policies\SettingPolicy::create(): Return value must be of type bool, null returned
  
C:\Users\hedra\.gemini\antigravity\brain\6c23d2b7-4c57-4765-9a24-a56fe056dfb6\.system_generated\tasks\task-7.log:1739:
  
C:\Users\hedra\.gemini\antigravity\brain\6c23d2b7-4c57-4765-9a24-a56fe056dfb6\.system_generated\tasks\task-7.log:1740: 
 at tests\Feature\ControllerTest.php:128
> C:\Users\hedra\.gemini\antigravity\brain\6c23d2b7-4c57-4765-9a24-a56fe056dfb6\.system_generated\tasks\task-7.log:3691
:TypeError: App\Policies\SettingPolicy::create(): Return value must be of type bool, null returned in 
C:\Users\hedra\Desktop\Sourcecode\NexusV2\Nexus-backend\app\Policies\SettingPolicy.php:37
  C:\Users\hedra\.gemini\antigravity\brain\6c23d2b7-4c57-4765-9a24-a56fe056dfb6\.system_generated\tasks\task-7.log:3692
:Stack trace:
  C:\Users\hedra\.gemini\antigravity\brain\6c23d2b7-4c57-4765-9a24-a56fe056dfb6\.system_generated\tasks\task-7.log:3693
:#0 C:\Users\hedra\Desktop\Sourcecode\NexusV2\Nexus-backend\vendor\laravel\framework\src\Illuminate\Auth\Access\Gate.ph
p(844): App\Policies\SettingPolicy->create(Object(App\Models\User))
> C:\Users\hedra\.gemini\antigravity\brain\6c23d2b7-4c57-4765-9a24-a56fe056dfb6\.system_generated\tasks\task-7.log:3758
:App\Policies\SettingPolicy::create(): Return value must be of type bool, null returned
  
C:\Users\hedra\.gemini\antigravity\brain\6c23d2b7-4c57-4765-9a24-a56fe056dfb6\.system_generated\tasks\task-7.log:3759:
  
C:\Users\hedra\.gemini\antigravity\brain\6c23d2b7-4c57-4765-9a24-a56fe056dfb6\.system_generated\tasks\task-7.log:3760: 
 at tests\Feature\Http\Controllers\CredentialValidationEndpointTest.php:36
> C:\Users\hedra\.gemini\antigravity\brain\6c23d2b7-4c57-4765-9a24-a56fe056dfb6\.system_generated\tasks\task-7.log:3778
:TypeError: App\Policies\SettingPolicy::create(): Return value must be of type bool, null returned in 
C:\Users\hedra\Desktop\Sourcecode\NexusV2\Nexus-backend\app\Policies\SettingPolicy.php:37
  C:\Users\hedra\.gemini\antigravity\brain\6c23d2b7-4c57-4765-9a24-a56fe056dfb6\.system_generated\tasks\task-7.log:3779
:Stack trace:
  C:\Users\hedra\.gemini\antigravity\brain\6c23d2b7-4c57-4765-9a24-a56fe056dfb6\.system_generated\tasks\task-7.log:3780
:#0 C:\Users\hedra\Desktop\Sourcecode\NexusV2\Nexus-backend\vendor\laravel\framework\src\Illuminate\Auth\Access\Gate.ph
p(844): App\Policies\SettingPolicy->create(Object(App\Models\User))
> C:\Users\hedra\.gemini\antigravity\brain\6c23d2b7-4c57-4765-9a24-a56fe056dfb6\.system_generated\tasks\task-7.log:3845
:App\Policies\SettingPolicy::create(): Return value must be of type bool, null returned
  
C:\Users\hedra\.gemini\antigravity\brain\6c23d2b7-4c57-4765-9a24-a56fe056dfb6\.system_generated\tasks\task-7.log:3846:
  
C:\Users\hedra\.gemini\antigravity\brain\6c23d2b7-4c57-4765-9a24-a56fe056dfb6\.system_generated\tasks\task-7.log:3847: 
 at tests\Feature\Http\Controllers\CredentialValidationEndpointTest.php:57
> C:\Users\hedra\.gemini\antigravity\brain\6c23d2b7-4c57-4765-9a24-a56fe056dfb6\.system_generated\tasks\task-7.log:3865
:TypeError: App\Policies\SettingPolicy::create(): Return value must be of type bool, null returned in 
C:\Users\hedra\Desktop\Sourcecode\NexusV2\Nexus-backend\app\Policies\SettingPolicy.php:37
  C:\Users\hedra\.gemini\antigravity\brain\6c23d2b7-4c57-4765-9a24-a56fe056dfb6\.system_generated\tasks\task-7.log:3866
:Stack trace:
  C:\Users\hedra\.gemini\antigravity\brain\6c23d2b7-4c57-4765-9a24-a56fe056dfb6\.system_generated\tasks\task-7.log:3867
:#0 C:\Users\hedra\Desktop\Sourcecode\NexusV2\Nexus-backend\vendor\laravel\framework\src\Illuminate\Auth\Access\Gate.ph
p(844): App\Policies\SettingPolicy->create(Object(App\Models\User))
> C:\Users\hedra\.gemini\antigravity\brain\6c23d2b7-4c57-4765-9a24-a56fe056dfb6\.system_generated\tasks\task-7.log:3932
:App\Policies\SettingPolicy::create(): Return value must be of type bool, null returned
  
C:\Users\hedra\.gemini\antigravity\brain\6c23d2b7-4c57-4765-9a24-a56fe056dfb6\.system_generated\tasks\task-7.log:3933:
  
C:\Users\hedra\.gemini\antigravity\brain\6c23d2b7-4c57-4765-9a24-a56fe056dfb6\.system_generated\tasks\task-7.log:3934: 
 at tests\Feature\Http\Controllers\CredentialValidationEndpointTest.php:74
> C:\Users\hedra\.gemini\antigravity\brain\6c23d2b7-4c57-4765-9a24-a56fe056dfb6\.system_generated\tasks\task-7.log:3952
:TypeError: App\Policies\SettingPolicy::create(): Return value must be of type bool, null returned in 
C:\Users\hedra\Desktop\Sourcecode\NexusV2\Nexus-backend\app\Policies\SettingPolicy.php:37
  C:\Users\hedra\.gemini\antigravity\brain\6c23d2b7-4c57-4765-9a24-a56fe056dfb6\.system_generated\tasks\task-7.log:3953
:Stack trace:
  C:\Users\hedra\.gemini\antigravity\brain\6c23d2b7-4c57-4765-9a24-a56fe056dfb6\.system_generated\tasks\task-7.log:3954
:#0 C:\Users\hedra\Desktop\Sourcecode\NexusV2\Nexus-backend\vendor\laravel\framework\src\Illuminate\Auth\Access\Gate.ph
p(844): App\Policies\SettingPolicy->create(Object(App\Models\User))
> C:\Users\hedra\.gemini\antigravity\brain\6c23d2b7-4c57-4765-9a24-a56fe056dfb6\.system_generated\tasks\task-7.log:4019
:App\Policies\SettingPolicy::create(): Return value must be of type bool, null returned
  
C:\Users\hedra\.gemini\antigravity\brain\6c23d2b7-4c57-4765-9a24-a56fe056dfb6\.system_generated\tasks\task-7.log:4020:
  
C:\Users\hedra\.gemini\antigravity\brain\6c23d2b7-4c57-4765-9a24-a56fe056dfb6\.system_generated\tasks\task-7.log:4021: 
 at tests\Feature\Http\Controllers\CredentialValidationEndpointTest.php:96
> C:\Users\hedra\.gemini\antigravity\brain\6c23d2b7-4c57-4765-9a24-a56fe056dfb6\.system_generated\tasks\task-7.log:4039
:TypeError: App\Policies\SettingPolicy::create(): Return value must be of type bool, null returned in 
C:\Users\hedra\Desktop\Sourcecode\NexusV2\Nexus-backend\app\Policies\SettingPolicy.php:37
  C:\Users\hedra\.gemini\antigravity\brain\6c23d2b7-4c57-4765-9a24-a56fe056dfb6\.system_generated\tasks\task-7.log:4040
:Stack trace:
  C:\Users\hedra\.gemini\antigravity\brain\6c23d2b7-4c57-4765-9a24-a56fe056dfb6\.system_generated\tasks\task-7.log:4041
:#0 C:\Users\hedra\Desktop\Sourcecode\NexusV2\Nexus-backend\vendor\laravel\framework\src\Illuminate\Auth\Access\Gate.ph
p(844): App\Policies\SettingPolicy->create(Object(App\Models\User))
> C:\Users\hedra\.gemini\antigravity\brain\6c23d2b7-4c57-4765-9a24-a56fe056dfb6\.system_generated\tasks\task-7.log:4106
:App\Policies\SettingPolicy::create(): Return value must be of type bool, null returned
  
C:\Users\hedra\.gemini\antigravity\brain\6c23d2b7-4c57-4765-9a24-a56fe056dfb6\.system_generated\tasks\task-7.log:4107:
  
C:\Users\hedra\.gemini\antigravity\brain\6c23d2b7-4c57-4765-9a24-a56fe056dfb6\.system_generated\tasks\task-7.log:4108: 
 at tests\Feature\Http\Controllers\CredentialValidationEndpointTest.php:117
> C:\Users\hedra\.gemini\antigravity\brain\6c23d2b7-4c57-4765-9a24-a56fe056dfb6\.system_generated\tasks\task-7.log:4126
:TypeError: App\Policies\SettingPolicy::create(): Return value must be of type bool, null returned in 
C:\Users\hedra\Desktop\Sourcecode\NexusV2\Nexus-backend\app\Policies\SettingPolicy.php:37
  C:\Users\hedra\.gemini\antigravity\brain\6c23d2b7-4c57-4765-9a24-a56fe056dfb6\.system_generated\tasks\task-7.log:4127
:Stack trace:
  C:\Users\hedra\.gemini\antigravity\brain\6c23d2b7-4c57-4765-9a24-a56fe056dfb6\.system_generated\tasks\task-7.log:4128
:#0 C:\Users\hedra\Desktop\Sourcecode\NexusV2\Nexus-backend\vendor\laravel\framework\src\Illuminate\Auth\Access\Gate.ph
p(844): App\Policies\SettingPolicy->create(Object(App\Models\User))
> C:\Users\hedra\.gemini\antigravity\brain\6c23d2b7-4c57-4765-9a24-a56fe056dfb6\.system_generated\tasks\task-7.log:4193
:App\Policies\SettingPolicy::create(): Return value must be of type bool, null returned
  
C:\Users\hedra\.gemini\antigravity\brain\6c23d2b7-4c57-4765-9a24-a56fe056dfb6\.system_generated\tasks\task-7.log:4194:
  
C:\Users\hedra\.gemini\antigravity\brain\6c23d2b7-4c57-4765-9a24-a56fe056dfb6\.system_generated\tasks\task-7.log:4195: 
 at tests\Feature\Http\Controllers\CredentialValidationEndpointTest.php:132
> C:\Users\hedra\.gemini\antigravity\brain\6c23d2b7-4c57-4765-9a24-a56fe056dfb6\.system_generated\tasks\task-7.log:5035
:TypeError: App\Policies\SettingPolicy::create(): Return value must be of type bool, null returned in 
C:\Users\hedra\Desktop\Sourcecode\NexusV2\Nexus-backend\app\Policies\SettingPolicy.php:37
  C:\Users\hedra\.gemini\antigravity\brain\6c23d2b7-4c57-4765-9a24-a56fe056dfb6\.system_generated\tasks\task-7.log:5036
:Stack trace:
  C:\Users\hedra\.gemini\antigravity\brain\6c23d2b7-4c57-4765-9a24-a56fe056dfb6\.system_generated\tasks\task-7.log:5037
:#0 C:\Users\hedra\Desktop\Sourcecode\NexusV2\Nexus-backend\vendor\laravel\framework\src\Illuminate\Auth\Access\Gate.ph
p(844): App\Policies\SettingPolicy->create(Object(App\Models\User))
> C:\Users\hedra\.gemini\antigravity\brain\6c23d2b7-4c57-4765-9a24-a56fe056dfb6\.system_generated\tasks\task-7.log:5102
:App\Policies\SettingPolicy::create(): Return value must be of type bool, null returned
  
C:\Users\hedra\.gemini\antigravity\brain\6c23d2b7-4c57-4765-9a24-a56fe056dfb6\.system_generated\tasks\task-7.log:5103:
  
C:\Users\hedra\.gemini\antigravity\brain\6c23d2b7-4c57-4765-9a24-a56fe056dfb6\.system_generated\tasks\task-7.log:5104: 
 at tests\Feature\UserFlowTest.php:151


